{"Time":"2026-09-29T15:44:08.252666944+08:00","Action":"start","Package":"go.etcd.io/raft/v3"}
{"Time":"2026-09-29T15:44:08.26950983+08:00","Action":"run","Package":"go.etcd.io/raft/v3","Test":"TestAssuranceStaleAppendCompletion"}
{"Time":"2026-09-29T15:44:08.269543473+08:00","Action":"output","Package":"go.etcd.io/raft/v3","Test":"TestAssuranceStaleAppendCompletion","Output":"=== RUN   TestAssuranceStaleAppendCompletion\n"}
{"Time":"2026-09-29T15:44:08.269587373+08:00","Action":"output","Package":"go.etcd.io/raft/v3","Test":"TestAssuranceStaleAppendCompletion","Output":"raft2026/09/29 15:44:08 INFO: 1 switched to configuration voters=(1 2 3)\n"}
{"Time":"2026-09-29T15:44:08.269594761+08:00","Action":"output","Package":"go.etcd.io/raft/v3","Test":"TestAssuranceStaleAppendCompletion","Output":"raft2026/09/29 15:44:08 INFO: 1 became follower at term 1\n"}
{"Time":"2026-09-29T15:44:08.2696009+08:00","Action":"output","Package":"go.etcd.io/raft/v3","Test":"TestAssuranceStaleAppendCompletion","Output":"raft2026/09/29 15:44:08 INFO: newRaft 1 [peers: [1,2,3], term: 1, commit: 1, applied: 1, lastindex: 1, lastterm: 1]\n"}
{"Time":"2026-09-29T15:44:08.269607855+08:00","Action":"output","Package":"go.etcd.io/raft/v3","Test":"TestAssuranceStaleAppendCompletion","Output":"raft2026/09/29 15:44:08 INFO: 2 switched to configuration voters=(1 2 3)\n"}
{"Time":"2026-09-29T15:44:08.269612267+08:00","Action":"output","Package":"go.etcd.io/raft/v3","Test":"TestAssuranceStaleAppendCompletion","Output":"raft2026/09/29 15:44:08 INFO: 2 became follower at term 1\n"}
{"Time":"2026-09-29T15:44:08.269616077+08:00","Action":"output","Package":"go.etcd.io/raft/v3","Test":"TestAssuranceStaleAppendCompletion","Output":"raft2026/09/29 15:44:08 INFO: newRaft 2 [peers: [1,2,3], term: 1, commit: 1, applied: 1, lastindex: 1, lastterm: 1]\n"}
{"Time":"2026-09-29T15:44:08.269620286+08:00","Action":"output","Package":"go.etcd.io/raft/v3","Test":"TestAssuranceStaleAppendCompletion","Output":"raft2026/09/29 15:44:08 INFO: 3 switched to configuration voters=(1 2 3)\n"}
{"Time":"2026-09-29T15:44:08.269624105+08:00","Action":"output","Package":"go.etcd.io/raft/v3","Test":"TestAssuranceStaleAppendCompletion","Output":"raft2026/09/29 15:44:08 INFO: 3 became follower at term 1\n"}
{"Time":"2026-09-29T15:44:08.269627903+08:00","Action":"output","Package":"go.etcd.io/raft/v3","Test":"TestAssuranceStaleAppendCompletion","Output":"raft2026/09/29 15:44:08 INFO: newRaft 3 [peers: [1,2,3], term: 1, commit: 1, applied: 1, lastindex: 1, lastterm: 1]\n"}
{"Time":"2026-09-29T15:44:08.269631872+08:00","Action":"output","Package":"go.etcd.io/raft/v3","Test":"TestAssuranceStaleAppendCompletion","Output":"raft2026/09/29 15:44:08 INFO: 1 is starting a new election at term 1\n"}
{"Time":"2026-09-29T15:44:08.269635625+08:00","Action":"output","Package":"go.etcd.io/raft/v3","Test":"TestAssuranceStaleAppendCompletion","Output":"raft2026/09/29 15:44:08 INFO: 1 became candidate at term 2\n"}
{"Time":"2026-09-29T15:44:08.269639712+08:00","Action":"output","Package":"go.etcd.io/raft/v3","Test":"TestAssuranceStaleAppendCompletion","Output":"raft2026/09/29 15:44:08 INFO: 1 [logterm: 1, index: 1] sent MsgVote request to 2 at term 2\n"}
{"Time":"2026-09-29T15:44:08.269644121+08:00","Action":"output","Package":"go.etcd.io/raft/v3","Test":"TestAssuranceStaleAppendCompletion","Output":"raft2026/09/29 15:44:08 INFO: 1 [logterm: 1, index: 1] sent MsgVote request to 3 at term 2\n"}
{"Time":"2026-09-29T15:44:08.26964788+08:00","Action":"output","Package":"go.etcd.io/raft/v3","Test":"TestAssuranceStaleAppendCompletion","Output":"raft2026/09/29 15:44:08 INFO: 2 [term: 1] received a MsgVote message with higher term from 1 [term: 2]\n"}
{"Time":"2026-09-29T15:44:08.26965174+08:00","Action":"output","Package":"go.etcd.io/raft/v3","Test":"TestAssuranceStaleAppendCompletion","Output":"raft2026/09/29 15:44:08 INFO: 2 became follower at term 2\n"}
{"Time":"2026-09-29T15:44:08.269655602+08:00","Action":"output","Package":"go.etcd.io/raft/v3","Test":"TestAssuranceStaleAppendCompletion","Output":"raft2026/09/29 15:44:08 INFO: 2 [logterm: 1, index: 1, vote: 0] cast MsgVote for 1 [logterm: 1, index: 1] at term 2\n"}
{"Time":"2026-09-29T15:44:08.269661377+08:00","Action":"output","Package":"go.etcd.io/raft/v3","Test":"TestAssuranceStaleAppendCompletion","Output":"raft2026/09/29 15:44:08 INFO: 3 [term: 1] received a MsgVote message with higher term from 1 [term: 2]\n"}
{"Time":"2026-09-29T15:44:08.26966551+08:00","Action":"output","Package":"go.etcd.io/raft/v3","Test":"TestAssuranceStaleAppendCompletion","Output":"raft2026/09/29 15:44:08 INFO: 3 became follower at term 2\n"}
{"Time":"2026-09-29T15:44:08.269669281+08:00","Action":"output","Package":"go.etcd.io/raft/v3","Test":"TestAssuranceStaleAppendCompletion","Output":"raft2026/09/29 15:44:08 INFO: 3 [logterm: 1, index: 1, vote: 0] cast MsgVote for 1 [logterm: 1, index: 1] at term 2\n"}
{"Time":"2026-09-29T15:44:08.269673039+08:00","Action":"output","Package":"go.etcd.io/raft/v3","Test":"TestAssuranceStaleAppendCompletion","Output":"raft2026/09/29 15:44:08 INFO: 1 received MsgVoteResp from 1 at term 2\n"}
{"Time":"2026-09-29T15:44:08.269676969+08:00","Action":"output","Package":"go.etcd.io/raft/v3","Test":"TestAssuranceStaleAppendCompletion","Output":"raft2026/09/29 15:44:08 INFO: 1 has received 1 MsgVoteResp votes and 0 vote rejections\n"}
{"Time":"2026-09-29T15:44:08.269680844+08:00","Action":"output","Package":"go.etcd.io/raft/v3","Test":"TestAssuranceStaleAppendCompletion","Output":"raft2026/09/29 15:44:08 INFO: 1 received MsgVoteResp from 2 at term 2\n"}
{"Time":"2026-09-29T15:44:08.269684521+08:00","Action":"output","Package":"go.etcd.io/raft/v3","Test":"TestAssuranceStaleAppendCompletion","Output":"raft2026/09/29 15:44:08 INFO: 1 has received 2 MsgVoteResp votes and 0 vote rejections\n"}
{"Time":"2026-09-29T15:44:08.269688337+08:00","Action":"output","Package":"go.etcd.io/raft/v3","Test":"TestAssuranceStaleAppendCompletion","Output":"raft2026/09/29 15:44:08 INFO: 1 became leader at term 2\n"}
{"Time":"2026-09-29T15:44:08.269695073+08:00","Action":"output","Package":"go.etcd.io/raft/v3","Test":"TestAssuranceStaleAppendCompletion","Output":"CA_EVENT {\"applied\":2,\"commit\":2,\"event\":\"initial_leader\",\"last_index\":2,\"leader\":1,\"node\":3,\"term\":2,\"unstable_offset\":3}\n"}
{"Time":"2026-09-29T15:44:08.269702748+08:00","Action":"output","Package":"go.etcd.io/raft/v3","Test":"TestAssuranceStaleAppendCompletion","Output":"CA_EVENT {\"append_entries\":1,\"applied\":2,\"commit\":2,\"event\":\"produced\",\"last_index\":3,\"marker_id\":0,\"node\":3,\"response_index\":3,\"response_log_term\":2,\"response_term\":2,\"snapshot_free\":true,\"storage_completed\":true,\"term\":2,\"unstable_offset\":3}\n"}
{"Time":"2026-09-29T15:44:08.269709704+08:00","Action":"output","Package":"go.etcd.io/raft/v3","Test":"TestAssuranceStaleAppendCompletion","Output":"CA_EVENT {\"append_entries\":0,\"applied\":2,\"commit\":3,\"event\":\"produced\",\"last_index\":3,\"marker_id\":1,\"node\":3,\"response_index\":3,\"response_log_term\":2,\"response_term\":2,\"snapshot_free\":true,\"storage_completed\":true,\"term\":2,\"unstable_offset\":3}\n"}
{"Time":"2026-09-29T15:44:08.269715155+08:00","Action":"output","Package":"go.etcd.io/raft/v3","Test":"TestAssuranceStaleAppendCompletion","Output":"CA_EVENT {\"applied\":2,\"commit\":3,\"event\":\"old_term_drained_except_completions\",\"held\":2,\"last_index\":3,\"node\":3,\"term\":2,\"unstable_offset\":3}\n"}
{"Time":"2026-09-29T15:44:08.26971992+08:00","Action":"output","Package":"go.etcd.io/raft/v3","Test":"TestAssuranceStaleAppendCompletion","Output":"raft2026/09/29 15:44:08 INFO: 2 is starting a new election at term 2\n"}
{"Time":"2026-09-29T15:44:08.269723983+08:00","Action":"output","Package":"go.etcd.io/raft/v3","Test":"TestAssuranceStaleAppendCompletion","Output":"raft2026/09/29 15:44:08 INFO: 2 became candidate at term 3\n"}
{"Time":"2026-09-29T15:44:08.269727861+08:00","Action":"output","Package":"go.etcd.io/raft/v3","Test":"TestAssuranceStaleAppendCompletion","Output":"raft2026/09/29 15:44:08 INFO: 2 [logterm: 2, index: 3] sent MsgVote request to 1 at term 3\n"}
{"Time":"2026-09-29T15:44:08.269734668+08:00","Action":"output","Package":"go.etcd.io/raft/v3","Test":"TestAssuranceStaleAppendCompletion","Output":"raft2026/09/29 15:44:08 INFO: 2 [logterm: 2, index: 3] sent MsgVote request to 3 at term 3\n"}
{"Time":"2026-09-29T15:44:08.269741489+08:00","Action":"output","Package":"go.etcd.io/raft/v3","Test":"TestAssuranceStaleAppendCompletion","Output":"raft2026/09/29 15:44:08 INFO: 1 [term: 2] received a MsgVote message with higher term from 2 [term: 3]\n"}
{"Time":"2026-09-29T15:44:08.269745681+08:00","Action":"output","Package":"go.etcd.io/raft/v3","Test":"TestAssuranceStaleAppendCompletion","Output":"raft2026/09/29 15:44:08 INFO: 1 became follower at term 3\n"}
{"Time":"2026-09-29T15:44:08.269749771+08:00","Action":"output","Package":"go.etcd.io/raft/v3","Test":"TestAssuranceStaleAppendCompletion","Output":"raft2026/09/29 15:44:08 INFO: 1 [logterm: 2, index: 3, vote: 0] cast MsgVote for 2 [logterm: 2, index: 3] at term 3\n"}
{"Time":"2026-09-29T15:44:08.269753767+08:00","Action":"output","Package":"go.etcd.io/raft/v3","Test":"TestAssuranceStaleAppendCompletion","Output":"raft2026/09/29 15:44:08 INFO: 3 [term: 2] received a MsgVote message with higher term from 2 [term: 3]\n"}
{"Time":"2026-09-29T15:44:08.269757626+08:00","Action":"output","Package":"go.etcd.io/raft/v3","Test":"TestAssuranceStaleAppendCompletion","Output":"raft2026/09/29 15:44:08 INFO: 3 became follower at term 3\n"}
{"Time":"2026-09-29T15:44:08.269761423+08:00","Action":"output","Package":"go.etcd.io/raft/v3","Test":"TestAssuranceStaleAppendCompletion","Output":"raft2026/09/29 15:44:08 INFO: 3 [logterm: 2, index: 3, vote: 0] cast MsgVote for 2 [logterm: 2, index: 3] at term 3\n"}
{"Time":"2026-09-29T15:44:08.269765554+08:00","Action":"output","Package":"go.etcd.io/raft/v3","Test":"TestAssuranceStaleAppendCompletion","Output":"CA_EVENT {\"append_entries\":0,\"applied\":2,\"commit\":3,\"event\":\"produced\",\"last_index\":3,\"marker_id\":2,\"node\":3,\"response_index\":3,\"response_log_term\":2,\"response_term\":3,\"snapshot_free\":true,\"storage_completed\":true,\"term\":3,\"unstable_offset\":3}\n"}
{"Time":"2026-09-29T15:44:08.269770547+08:00","Action":"output","Package":"go.etcd.io/raft/v3","Test":"TestAssuranceStaleAppendCompletion","Output":"raft2026/09/29 15:44:08 INFO: 2 received MsgVoteResp from 2 at term 3\n"}
{"Time":"2026-09-29T15:44:08.269774462+08:00","Action":"output","Package":"go.etcd.io/raft/v3","Test":"TestAssuranceStaleAppendCompletion","Output":"raft2026/09/29 15:44:08 INFO: 2 has received 1 MsgVoteResp votes and 0 vote rejections\n"}
{"Time":"2026-09-29T15:44:08.269778828+08:00","Action":"output","Package":"go.etcd.io/raft/v3","Test":"TestAssuranceStaleAppendCompletion","Output":"raft2026/09/29 15:44:08 INFO: 2 received MsgVoteResp from 1 at term 3\n"}
{"Time":"2026-09-29T15:44:08.269782745+08:00","Action":"output","Package":"go.etcd.io/raft/v3","Test":"TestAssuranceStaleAppendCompletion","Output":"raft2026/09/29 15:44:08 INFO: 2 has received 2 MsgVoteResp votes and 0 vote rejections\n"}
{"Time":"2026-09-29T15:44:08.269786488+08:00","Action":"output","Package":"go.etcd.io/raft/v3","Test":"TestAssuranceStaleAppendCompletion","Output":"raft2026/09/29 15:44:08 INFO: 2 became leader at term 3\n"}
{"Time":"2026-09-29T15:44:08.269790743+08:00","Action":"output","Package":"go.etcd.io/raft/v3","Test":"TestAssuranceStaleAppendCompletion","Output":"CA_EVENT {\"append_entries\":1,\"applied\":2,\"commit\":3,\"event\":\"produced\",\"last_index\":4,\"marker_id\":3,\"node\":3,\"response_index\":4,\"response_log_term\":3,\"response_term\":3,\"snapshot_free\":true,\"storage_completed\":true,\"term\":3,\"unstable_offset\":3}\n"}
{"Time":"2026-09-29T15:44:08.269795824+08:00","Action":"output","Package":"go.etcd.io/raft/v3","Test":"TestAssuranceStaleAppendCompletion","Output":"CA_EVENT {\"append_entries\":0,\"applied\":2,\"commit\":4,\"event\":\"produced\",\"last_index\":4,\"marker_id\":4,\"node\":3,\"response_index\":4,\"response_log_term\":3,\"response_term\":3,\"snapshot_free\":true,\"storage_completed\":true,\"term\":3,\"unstable_offset\":3}\n"}
{"Time":"2026-09-29T15:44:08.26980257+08:00","Action":"output","Package":"go.etcd.io/raft/v3","Test":"TestAssuranceStaleAppendCompletion","Output":"CA_EVENT {\"applied\":2,\"commit\":4,\"event\":\"new_term_drained_except_completions\",\"held\":5,\"last_index\":4,\"node\":3,\"old_term\":2,\"term\":3,\"unstable_offset\":3}\n"}
{"Time":"2026-09-29T15:44:08.269809487+08:00","Action":"output","Package":"go.etcd.io/raft/v3","Test":"TestAssuranceStaleAppendCompletion","Output":"CA_EVENT {\"applied\":2,\"commit\":4,\"entry_matches\":true,\"event\":\"admitted\",\"last_index\":4,\"marker_id\":0,\"node\":3,\"response_index\":3,\"response_log_term\":2,\"response_term\":2,\"snapshot_free\":true,\"stale\":true,\"term\":3,\"unstable_offset\":3}\n"}
{"Time":"2026-09-29T15:44:08.269817384+08:00","Action":"output","Package":"go.etcd.io/raft/v3","Test":"TestAssuranceStaleAppendCompletion","Output":"raft2026/09/29 15:44:08 INFO: 3 [term: 3] ignored entry appends from a MsgStorageAppendResp message with lower term [term: 2]\n"}
{"Time":"2026-09-29T15:44:08.269821628+08:00","Action":"output","Package":"go.etcd.io/raft/v3","Test":"TestAssuranceStaleAppendCompletion","Output":"CA_EVENT {\"applied\":2,\"commit\":4,\"entry_matches\":true,\"event\":\"completed\",\"last_index\":4,\"marker_id\":0,\"node\":3,\"offset_before\":3,\"response_index\":3,\"response_log_term\":2,\"response_term\":2,\"stale\":true,\"term\":3,\"unstable_offset\":3}\n"}
{"Time":"2026-09-29T15:44:08.269826725+08:00","Action":"output","Package":"go.etcd.io/raft/v3","Test":"TestAssuranceStaleAppendCompletion","Output":"CA_EVENT {\"applied\":2,\"commit\":4,\"entry_matches\":true,\"event\":\"admitted\",\"last_index\":4,\"marker_id\":1,\"node\":3,\"response_index\":3,\"response_log_term\":2,\"response_term\":2,\"snapshot_free\":true,\"stale\":true,\"term\":3,\"unstable_offset\":3}\n"}
{"Time":"2026-09-29T15:44:08.269831815+08:00","Action":"output","Package":"go.etcd.io/raft/v3","Test":"TestAssuranceStaleAppendCompletion","Output":"raft2026/09/29 15:44:08 INFO: 3 [term: 3] ignored entry appends from a MsgStorageAppendResp message with lower term [term: 2]\n"}
{"Time":"2026-09-29T15:44:08.26983611+08:00","Action":"output","Package":"go.etcd.io/raft/v3","Test":"TestAssuranceStaleAppendCompletion","Output":"CA_EVENT {\"applied\":2,\"commit\":4,\"entry_matches\":true,\"event\":\"completed\",\"last_index\":4,\"marker_id\":1,\"node\":3,\"offset_before\":3,\"response_index\":3,\"response_log_term\":2,\"response_term\":2,\"stale\":true,\"term\":3,\"unstable_offset\":3}\n"}
{"Time":"2026-09-29T15:44:08.269840774+08:00","Action":"output","Package":"go.etcd.io/raft/v3","Test":"TestAssuranceStaleAppendCompletion","Output":"CA_EVENT {\"applied\":2,\"commit\":4,\"entry_matches\":true,\"event\":\"admitted\",\"last_index\":4,\"marker_id\":2,\"node\":3,\"response_index\":3,\"response_log_term\":2,\"response_term\":3,\"snapshot_free\":true,\"stale\":false,\"term\":3,\"unstable_offset\":3}\n"}
{"Time":"2026-09-29T15:44:08.269846096+08:00","Action":"output","Package":"go.etcd.io/raft/v3","Test":"TestAssuranceStaleAppendCompletion","Output":"CA_EVENT {\"applied\":2,\"commit\":4,\"entry_matches\":true,\"event\":\"completed\",\"last_index\":4,\"marker_id\":2,\"node\":3,\"offset_before\":3,\"response_index\":3,\"response_log_term\":2,\"response_term\":3,\"stale\":false,\"term\":3,\"unstable_offset\":4}\n"}
{"Time":"2026-09-29T15:44:08.269850996+08:00","Action":"output","Package":"go.etcd.io/raft/v3","Test":"TestAssuranceStaleAppendCompletion","Output":"CA_EVENT {\"applied\":2,\"commit\":4,\"entry_matches\":true,\"event\":\"admitted\",\"last_index\":4,\"marker_id\":3,\"node\":3,\"response_index\":4,\"response_log_term\":3,\"response_term\":3,\"snapshot_free\":true,\"stale\":false,\"term\":3,\"unstable_offset\":4}\n"}
{"Time":"2026-09-29T15:44:08.269858038+08:00","Action":"output","Package":"go.etcd.io/raft/v3","Test":"TestAssuranceStaleAppendCompletion","Output":"CA_EVENT {\"applied\":2,\"commit\":4,\"entry_matches\":true,\"event\":\"completed\",\"last_index\":4,\"marker_id\":3,\"node\":3,\"offset_before\":4,\"response_index\":4,\"response_log_term\":3,\"response_term\":3,\"stale\":false,\"term\":3,\"unstable_offset\":5}\n"}
{"Time":"2026-09-29T15:44:08.269862848+08:00","Action":"output","Package":"go.etcd.io/raft/v3","Test":"TestAssuranceStaleAppendCompletion","Output":"CA_EVENT {\"applied\":2,\"commit\":4,\"entry_matches\":true,\"event\":\"admitted\",\"last_index\":4,\"marker_id\":4,\"node\":3,\"response_index\":4,\"response_log_term\":3,\"response_term\":3,\"snapshot_free\":true,\"stale\":false,\"term\":3,\"unstable_offset\":5}\n"}
{"Time":"2026-09-29T15:44:08.269867361+08:00","Action":"output","Package":"go.etcd.io/raft/v3","Test":"TestAssuranceStaleAppendCompletion","Output":"raft2026/09/29 15:44:08 INFO: entry at index 4 missing from unstable log; ignoring\n"}
{"Time":"2026-09-29T15:44:08.269871421+08:00","Action":"output","Package":"go.etcd.io/raft/v3","Test":"TestAssuranceStaleAppendCompletion","Output":"CA_EVENT {\"applied\":2,\"commit\":4,\"entry_matches\":true,\"event\":\"completed\",\"last_index\":4,\"marker_id\":4,\"node\":3,\"offset_before\":5,\"response_index\":4,\"response_log_term\":3,\"response_term\":3,\"stale\":false,\"term\":3,\"unstable_offset\":5}\n"}
{"Time":"2026-09-29T15:44:08.269875974+08:00","Action":"output","Package":"go.etcd.io/raft/v3","Test":"TestAssuranceStaleAppendCompletion","Output":"CA_EVENT {\"applied\":4,\"commit\":4,\"event\":\"final\",\"last_index\":4,\"leader\":2,\"node\":3,\"remaining_held\":0,\"term\":3,\"unstable_offset\":5}\n"}
{"Time":"2026-09-29T15:44:08.269885727+08:00","Action":"output","Package":"go.etcd.io/raft/v3","Test":"TestAssuranceStaleAppendCompletion","Output":"--- PASS: TestAssuranceStaleAppendCompletion (0.00s)\n"}
{"Time":"2026-09-29T15:44:08.269890931+08:00","Action":"pass","Package":"go.etcd.io/raft/v3","Test":"TestAssuranceStaleAppendCompletion","Elapsed":0}
{"Time":"2026-09-29T15:44:08.269900161+08:00","Action":"output","Package":"go.etcd.io/raft/v3","Output":"PASS\n"}
{"Time":"2026-09-29T15:44:08.271331111+08:00","Action":"output","Package":"go.etcd.io/raft/v3","Output":"ok  \tgo.etcd.io/raft/v3\t0.018s\n"}
{"Time":"2026-09-29T15:44:08.271468931+08:00","Action":"pass","Package":"go.etcd.io/raft/v3","Elapsed":0.019}
