{"Time":"2026-09-21T13:57:01.176387643+08:00","Action":"start","Package":"github.com/imdea-software/swiftpaxos"}
{"Time":"2026-09-21T13:57:01.176465218+08:00","Action":"output","Package":"github.com/imdea-software/swiftpaxos","Output":"?   \tgithub.com/imdea-software/swiftpaxos\t[no test files]\n"}
{"Time":"2026-09-21T13:57:01.176490012+08:00","Action":"skip","Package":"github.com/imdea-software/swiftpaxos","Elapsed":0}
{"Time":"2026-09-21T13:57:01.176506661+08:00","Action":"start","Package":"github.com/imdea-software/swiftpaxos/client"}
{"Time":"2026-09-21T13:57:01.176511754+08:00","Action":"output","Package":"github.com/imdea-software/swiftpaxos/client","Output":"?   \tgithub.com/imdea-software/swiftpaxos/client\t[no test files]\n"}
{"Time":"2026-09-21T13:57:01.176516893+08:00","Action":"skip","Package":"github.com/imdea-software/swiftpaxos/client","Elapsed":0}
{"Time":"2026-09-21T13:57:01.176531059+08:00","Action":"start","Package":"github.com/imdea-software/swiftpaxos/config"}
{"Time":"2026-09-21T13:57:01.176559897+08:00","Action":"output","Package":"github.com/imdea-software/swiftpaxos/config","Output":"?   \tgithub.com/imdea-software/swiftpaxos/config\t[no test files]\n"}
{"Time":"2026-09-21T13:57:01.176567849+08:00","Action":"skip","Package":"github.com/imdea-software/swiftpaxos/config","Elapsed":0}
{"Time":"2026-09-21T13:57:01.176583024+08:00","Action":"start","Package":"github.com/imdea-software/swiftpaxos/curp"}
{"Time":"2026-09-21T13:57:01.176587374+08:00","Action":"output","Package":"github.com/imdea-software/swiftpaxos/curp","Output":"?   \tgithub.com/imdea-software/swiftpaxos/curp\t[no test files]\n"}
{"Time":"2026-09-21T13:57:01.176590654+08:00","Action":"skip","Package":"github.com/imdea-software/swiftpaxos/curp","Elapsed":0}
{"Time":"2026-09-21T13:57:01.17659847+08:00","Action":"start","Package":"github.com/imdea-software/swiftpaxos/dlog"}
{"Time":"2026-09-21T13:57:01.176602533+08:00","Action":"output","Package":"github.com/imdea-software/swiftpaxos/dlog","Output":"?   \tgithub.com/imdea-software/swiftpaxos/dlog\t[no test files]\n"}
{"Time":"2026-09-21T13:57:01.17660508+08:00","Action":"skip","Package":"github.com/imdea-software/swiftpaxos/dlog","Elapsed":0}
{"Time":"2026-09-21T13:57:01.176610491+08:00","Action":"start","Package":"github.com/imdea-software/swiftpaxos/epaxos"}
{"Time":"2026-09-21T13:57:01.176620406+08:00","Action":"output","Package":"github.com/imdea-software/swiftpaxos/epaxos","Output":"?   \tgithub.com/imdea-software/swiftpaxos/epaxos\t[no test files]\n"}
{"Time":"2026-09-21T13:57:01.176623986+08:00","Action":"skip","Package":"github.com/imdea-software/swiftpaxos/epaxos","Elapsed":0}
{"Time":"2026-09-21T13:57:01.176629635+08:00","Action":"start","Package":"github.com/imdea-software/swiftpaxos/fastpaxos"}
{"Time":"2026-09-21T13:57:01.176632909+08:00","Action":"output","Package":"github.com/imdea-software/swiftpaxos/fastpaxos","Output":"?   \tgithub.com/imdea-software/swiftpaxos/fastpaxos\t[no test files]\n"}
{"Time":"2026-09-21T13:57:01.176635782+08:00","Action":"skip","Package":"github.com/imdea-software/swiftpaxos/fastpaxos","Elapsed":0}
{"Time":"2026-09-21T13:57:01.176641528+08:00","Action":"start","Package":"github.com/imdea-software/swiftpaxos/hook"}
{"Time":"2026-09-21T13:57:01.176645501+08:00","Action":"output","Package":"github.com/imdea-software/swiftpaxos/hook","Output":"?   \tgithub.com/imdea-software/swiftpaxos/hook\t[no test files]\n"}
{"Time":"2026-09-21T13:57:01.176648209+08:00","Action":"skip","Package":"github.com/imdea-software/swiftpaxos/hook","Elapsed":0}
{"Time":"2026-09-21T13:57:01.176653431+08:00","Action":"start","Package":"github.com/imdea-software/swiftpaxos/master"}
{"Time":"2026-09-21T13:57:01.176657478+08:00","Action":"output","Package":"github.com/imdea-software/swiftpaxos/master","Output":"?   \tgithub.com/imdea-software/swiftpaxos/master\t[no test files]\n"}
{"Time":"2026-09-21T13:57:01.176660281+08:00","Action":"skip","Package":"github.com/imdea-software/swiftpaxos/master","Elapsed":0}
{"Time":"2026-09-21T13:57:01.176665697+08:00","Action":"start","Package":"github.com/imdea-software/swiftpaxos/n2paxos"}
{"Time":"2026-09-21T13:57:01.176671978+08:00","Action":"output","Package":"github.com/imdea-software/swiftpaxos/n2paxos","Output":"?   \tgithub.com/imdea-software/swiftpaxos/n2paxos\t[no test files]\n"}
{"Time":"2026-09-21T13:57:01.176676207+08:00","Action":"skip","Package":"github.com/imdea-software/swiftpaxos/n2paxos","Elapsed":0}
{"Time":"2026-09-21T13:57:01.17668234+08:00","Action":"start","Package":"github.com/imdea-software/swiftpaxos/paxos"}
{"Time":"2026-09-21T13:57:01.176686203+08:00","Action":"output","Package":"github.com/imdea-software/swiftpaxos/paxos","Output":"?   \tgithub.com/imdea-software/swiftpaxos/paxos\t[no test files]\n"}
{"Time":"2026-09-21T13:57:01.176688812+08:00","Action":"skip","Package":"github.com/imdea-software/swiftpaxos/paxos","Elapsed":0}
{"Time":"2026-09-21T13:57:01.176693598+08:00","Action":"start","Package":"github.com/imdea-software/swiftpaxos/replica"}
{"Time":"2026-09-21T13:57:01.176696462+08:00","Action":"output","Package":"github.com/imdea-software/swiftpaxos/replica","Output":"?   \tgithub.com/imdea-software/swiftpaxos/replica\t[no test files]\n"}
{"Time":"2026-09-21T13:57:01.176699156+08:00","Action":"skip","Package":"github.com/imdea-software/swiftpaxos/replica","Elapsed":0}
{"Time":"2026-09-21T13:57:01.176704192+08:00","Action":"start","Package":"github.com/imdea-software/swiftpaxos/replica/defs"}
{"Time":"2026-09-21T13:57:01.176711239+08:00","Action":"output","Package":"github.com/imdea-software/swiftpaxos/replica/defs","Output":"?   \tgithub.com/imdea-software/swiftpaxos/replica/defs\t[no test files]\n"}
{"Time":"2026-09-21T13:57:01.176715323+08:00","Action":"skip","Package":"github.com/imdea-software/swiftpaxos/replica/defs","Elapsed":0}
{"Time":"2026-09-21T13:57:01.176719914+08:00","Action":"start","Package":"github.com/imdea-software/swiftpaxos/rpc"}
{"Time":"2026-09-21T13:57:01.176722841+08:00","Action":"output","Package":"github.com/imdea-software/swiftpaxos/rpc","Output":"?   \tgithub.com/imdea-software/swiftpaxos/rpc\t[no test files]\n"}
{"Time":"2026-09-21T13:57:01.176725461+08:00","Action":"skip","Package":"github.com/imdea-software/swiftpaxos/rpc","Elapsed":0}
{"Time":"2026-09-21T13:57:01.176730442+08:00","Action":"start","Package":"github.com/imdea-software/swiftpaxos/state"}
{"Time":"2026-09-21T13:57:01.176733317+08:00","Action":"output","Package":"github.com/imdea-software/swiftpaxos/state","Output":"?   \tgithub.com/imdea-software/swiftpaxos/state\t[no test files]\n"}
{"Time":"2026-09-21T13:57:01.176735895+08:00","Action":"skip","Package":"github.com/imdea-software/swiftpaxos/state","Elapsed":0}
{"Time":"2026-09-21T13:57:01.176740577+08:00","Action":"start","Package":"github.com/imdea-software/swiftpaxos/swift"}
{"Time":"2026-09-21T13:57:01.176743417+08:00","Action":"output","Package":"github.com/imdea-software/swiftpaxos/swift","Output":"?   \tgithub.com/imdea-software/swiftpaxos/swift\t[no test files]\n"}
{"Time":"2026-09-21T13:57:01.176747293+08:00","Action":"skip","Package":"github.com/imdea-software/swiftpaxos/swift","Elapsed":0}
