{"Time":"2026-10-10T13:43:10.92033249+08:00","Action":"start","Package":"github.com/lni/dragonboat/v3/internal/raft"}
{"Time":"2026-10-10T13:43:10.926147179+08:00","Action":"run","Package":"github.com/lni/dragonboat/v3/internal/raft","Test":"TestAssuranceForwardedReadBatchIdentity"}
{"Time":"2026-10-10T13:43:10.926172442+08:00","Action":"output","Package":"github.com/lni/dragonboat/v3/internal/raft","Test":"TestAssuranceForwardedReadBatchIdentity","Output":"=== RUN   TestAssuranceForwardedReadBatchIdentity\n"}
{"Time":"2026-10-10T13:43:10.926272273+08:00","Action":"output","Package":"github.com/lni/dragonboat/v3/internal/raft","Test":"TestAssuranceForwardedReadBatchIdentity","Output":"2026-10-10 13:43:10.926113 I | raft: [00001:00001] created, initial: true, new: true\n"}
{"Time":"2026-10-10T13:43:10.926277361+08:00","Action":"output","Package":"github.com/lni/dragonboat/v3/internal/raft","Test":"TestAssuranceForwardedReadBatchIdentity","Output":"2026-10-10 13:43:10.926275 I | raft: [00001:00001] raft log rate limit enabled: false, 0\n"}
{"Time":"2026-10-10T13:43:10.926289106+08:00","Action":"output","Package":"github.com/lni/dragonboat/v3/internal/raft","Test":"TestAssuranceForwardedReadBatchIdentity","Output":"2026-10-10 13:43:10.926281 I | raft: [f:1,l:0,t:0,c:0,a:0] [00001:00001] t0 became follower\n"}
{"Time":"2026-10-10T13:43:10.926294254+08:00","Action":"output","Package":"github.com/lni/dragonboat/v3/internal/raft","Test":"TestAssuranceForwardedReadBatchIdentity","Output":"2026-10-10 13:43:10.926287 I | raft: [f:1,l:0,t:0,c:0,a:0] [00001:00001] t1 became follower\n"}
{"Time":"2026-10-10T13:43:10.92629571+08:00","Action":"output","Package":"github.com/lni/dragonboat/v3/internal/raft","Test":"TestAssuranceForwardedReadBatchIdentity","Output":"2026-10-10 13:43:10.926292 I | raft: [f:1,l:0,t:0,c:0,a:0] [00001:00001] t1 added bootstrap ConfigChangeAddNode, 1, n1\n"}
{"Time":"2026-10-10T13:43:10.926302025+08:00","Action":"output","Package":"github.com/lni/dragonboat/v3/internal/raft","Test":"TestAssuranceForwardedReadBatchIdentity","Output":"2026-10-10 13:43:10.926294 I | raft: [f:1,l:0,t:0,c:0,a:0] [00001:00001] t1 added bootstrap ConfigChangeAddNode, 2, n2\n"}
{"Time":"2026-10-10T13:43:10.926303668+08:00","Action":"output","Package":"github.com/lni/dragonboat/v3/internal/raft","Test":"TestAssuranceForwardedReadBatchIdentity","Output":"2026-10-10 13:43:10.926296 I | raft: [f:1,l:0,t:0,c:0,a:0] [00001:00001] t1 added bootstrap ConfigChangeAddNode, 3, n3\n"}
{"Time":"2026-10-10T13:43:10.926306497+08:00","Action":"output","Package":"github.com/lni/dragonboat/v3/internal/raft","Test":"TestAssuranceForwardedReadBatchIdentity","Output":"2026-10-10 13:43:10.926301 I | raft: [00001:00002] created, initial: true, new: true\n"}
{"Time":"2026-10-10T13:43:10.926307865+08:00","Action":"output","Package":"github.com/lni/dragonboat/v3/internal/raft","Test":"TestAssuranceForwardedReadBatchIdentity","Output":"2026-10-10 13:43:10.926303 I | raft: [00001:00002] raft log rate limit enabled: false, 0\n"}
{"Time":"2026-10-10T13:43:10.926309076+08:00","Action":"output","Package":"github.com/lni/dragonboat/v3/internal/raft","Test":"TestAssuranceForwardedReadBatchIdentity","Output":"2026-10-10 13:43:10.926304 I | raft: [f:1,l:0,t:0,c:0,a:0] [00001:00002] t0 became follower\n"}
{"Time":"2026-10-10T13:43:10.926310979+08:00","Action":"output","Package":"github.com/lni/dragonboat/v3/internal/raft","Test":"TestAssuranceForwardedReadBatchIdentity","Output":"2026-10-10 13:43:10.926306 I | raft: [f:1,l:0,t:0,c:0,a:0] [00001:00002] t1 became follower\n"}
{"Time":"2026-10-10T13:43:10.926312223+08:00","Action":"output","Package":"github.com/lni/dragonboat/v3/internal/raft","Test":"TestAssuranceForwardedReadBatchIdentity","Output":"2026-10-10 13:43:10.926308 I | raft: [f:1,l:0,t:0,c:0,a:0] [00001:00002] t1 added bootstrap ConfigChangeAddNode, 1, n1\n"}
{"Time":"2026-10-10T13:43:10.926313508+08:00","Action":"output","Package":"github.com/lni/dragonboat/v3/internal/raft","Test":"TestAssuranceForwardedReadBatchIdentity","Output":"2026-10-10 13:43:10.926309 I | raft: [f:1,l:0,t:0,c:0,a:0] [00001:00002] t1 added bootstrap ConfigChangeAddNode, 2, n2\n"}
{"Time":"2026-10-10T13:43:10.926317034+08:00","Action":"output","Package":"github.com/lni/dragonboat/v3/internal/raft","Test":"TestAssuranceForwardedReadBatchIdentity","Output":"2026-10-10 13:43:10.926311 I | raft: [f:1,l:0,t:0,c:0,a:0] [00001:00002] t1 added bootstrap ConfigChangeAddNode, 3, n3\n"}
{"Time":"2026-10-10T13:43:10.926319771+08:00","Action":"output","Package":"github.com/lni/dragonboat/v3/internal/raft","Test":"TestAssuranceForwardedReadBatchIdentity","Output":"2026-10-10 13:43:10.926313 I | raft: [00001:00003] created, initial: true, new: true\n"}
{"Time":"2026-10-10T13:43:10.926321188+08:00","Action":"output","Package":"github.com/lni/dragonboat/v3/internal/raft","Test":"TestAssuranceForwardedReadBatchIdentity","Output":"2026-10-10 13:43:10.926314 I | raft: [00001:00003] raft log rate limit enabled: false, 0\n"}
{"Time":"2026-10-10T13:43:10.92632473+08:00","Action":"output","Package":"github.com/lni/dragonboat/v3/internal/raft","Test":"TestAssuranceForwardedReadBatchIdentity","Output":"2026-10-10 13:43:10.926317 I | raft: [f:1,l:0,t:0,c:0,a:0] [00001:00003] t0 became follower\n"}
{"Time":"2026-10-10T13:43:10.926524396+08:00","Action":"output","Package":"github.com/lni/dragonboat/v3/internal/raft","Test":"TestAssuranceForwardedReadBatchIdentity","Output":"2026-10-10 13:43:10.926355 I | raft: [f:1,l:0,t:0,c:0,a:0] [00001:00003] t1 became follower\n"}
{"Time":"2026-10-10T13:43:10.926530513+08:00","Action":"output","Package":"github.com/lni/dragonboat/v3/internal/raft","Test":"TestAssuranceForwardedReadBatchIdentity","Output":"2026-10-10 13:43:10.926493 I | raft: [f:1,l:0,t:0,c:0,a:0] [00001:00003] t1 added bootstrap ConfigChangeAddNode, 1, n1\n"}
{"Time":"2026-10-10T13:43:10.926532082+08:00","Action":"output","Package":"github.com/lni/dragonboat/v3/internal/raft","Test":"TestAssuranceForwardedReadBatchIdentity","Output":"2026-10-10 13:43:10.926496 I | raft: [f:1,l:0,t:0,c:0,a:0] [00001:00003] t1 added bootstrap ConfigChangeAddNode, 2, n2\n"}
{"Time":"2026-10-10T13:43:10.926533293+08:00","Action":"output","Package":"github.com/lni/dragonboat/v3/internal/raft","Test":"TestAssuranceForwardedReadBatchIdentity","Output":"2026-10-10 13:43:10.926497 I | raft: [f:1,l:0,t:0,c:0,a:0] [00001:00003] t1 added bootstrap ConfigChangeAddNode, 3, n3\n"}
{"Time":"2026-10-10T13:43:10.926534573+08:00","Action":"output","Package":"github.com/lni/dragonboat/v3/internal/raft","Test":"TestAssuranceForwardedReadBatchIdentity","Output":"2026-10-10 13:43:10.926516 W | raft: [f:1,l:3,t:1,c:3,a:3] [00001:00001] t2 became candidate\n"}
{"Time":"2026-10-10T13:43:10.926535823+08:00","Action":"output","Package":"github.com/lni/dragonboat/v3/internal/raft","Test":"TestAssuranceForwardedReadBatchIdentity","Output":"2026-10-10 13:43:10.926518 W | raft: [f:1,l:3,t:1,c:3,a:3] [00001:00001] t2 received RequestVoteResp from n00001\n"}
{"Time":"2026-10-10T13:43:10.926540668+08:00","Action":"output","Package":"github.com/lni/dragonboat/v3/internal/raft","Test":"TestAssuranceForwardedReadBatchIdentity","Output":"2026-10-10 13:43:10.926522 W | raft: [f:1,l:3,t:1,c:3,a:3] [00001:00001] t2 sent RequestVote to n00002\n"}
{"Time":"2026-10-10T13:43:10.926542006+08:00","Action":"output","Package":"github.com/lni/dragonboat/v3/internal/raft","Test":"TestAssuranceForwardedReadBatchIdentity","Output":"2026-10-10 13:43:10.926524 W | raft: [f:1,l:3,t:1,c:3,a:3] [00001:00001] t2 sent RequestVote to n00003\n"}
{"Time":"2026-10-10T13:43:10.926543291+08:00","Action":"output","Package":"github.com/lni/dragonboat/v3/internal/raft","Test":"TestAssuranceForwardedReadBatchIdentity","Output":"2026-10-10 13:43:10.926534 W | raft: [f:1,l:3,t:1,c:3,a:3] [00001:00002] t1 received RequestVote with higher term (2) from n00001\n"}
{"Time":"2026-10-10T13:43:10.926544553+08:00","Action":"output","Package":"github.com/lni/dragonboat/v3/internal/raft","Test":"TestAssuranceForwardedReadBatchIdentity","Output":"2026-10-10 13:43:10.926536 W | raft: [f:1,l:3,t:1,c:3,a:3] [00001:00002] t1 become followerKE after receiving higher term from n00001\n"}
{"Time":"2026-10-10T13:43:10.926546446+08:00","Action":"output","Package":"github.com/lni/dragonboat/v3/internal/raft","Test":"TestAssuranceForwardedReadBatchIdentity","Output":"2026-10-10 13:43:10.926540 I | raft: [f:1,l:3,t:1,c:3,a:3] [00001:00002] t2 became follower\n"}
{"Time":"2026-10-10T13:43:10.926547679+08:00","Action":"output","Package":"github.com/lni/dragonboat/v3/internal/raft","Test":"TestAssuranceForwardedReadBatchIdentity","Output":"2026-10-10 13:43:10.926542 W | raft: [f:1,l:3,t:1,c:3,a:3] [00001:00002] t2 cast vote from n00001 index 3 term 2, log term: 1\n"}
{"Time":"2026-10-10T13:43:10.926549746+08:00","Action":"output","Package":"github.com/lni/dragonboat/v3/internal/raft","Test":"TestAssuranceForwardedReadBatchIdentity","Output":"2026-10-10 13:43:10.926546 W | raft: [f:1,l:3,t:1,c:3,a:3] [00001:00003] t1 received RequestVote with higher term (2) from n00001\n"}
{"Time":"2026-10-10T13:43:10.926550983+08:00","Action":"output","Package":"github.com/lni/dragonboat/v3/internal/raft","Test":"TestAssuranceForwardedReadBatchIdentity","Output":"2026-10-10 13:43:10.926548 W | raft: [f:1,l:3,t:1,c:3,a:3] [00001:00003] t1 become followerKE after receiving higher term from n00001\n"}
{"Time":"2026-10-10T13:43:10.926554419+08:00","Action":"output","Package":"github.com/lni/dragonboat/v3/internal/raft","Test":"TestAssuranceForwardedReadBatchIdentity","Output":"2026-10-10 13:43:10.926549 I | raft: [f:1,l:3,t:1,c:3,a:3] [00001:00003] t2 became follower\n"}
{"Time":"2026-10-10T13:43:10.926555685+08:00","Action":"output","Package":"github.com/lni/dragonboat/v3/internal/raft","Test":"TestAssuranceForwardedReadBatchIdentity","Output":"2026-10-10 13:43:10.926551 W | raft: [f:1,l:3,t:1,c:3,a:3] [00001:00003] t2 cast vote from n00001 index 3 term 2, log term: 1\n"}
{"Time":"2026-10-10T13:43:10.926559518+08:00","Action":"output","Package":"github.com/lni/dragonboat/v3/internal/raft","Test":"TestAssuranceForwardedReadBatchIdentity","Output":"2026-10-10 13:43:10.926553 W | raft: [f:1,l:3,t:1,c:3,a:3] [00001:00001] t2 received RequestVoteResp from n00002\n"}
{"Time":"2026-10-10T13:43:10.92656079+08:00","Action":"output","Package":"github.com/lni/dragonboat/v3/internal/raft","Test":"TestAssuranceForwardedReadBatchIdentity","Output":"2026-10-10 13:43:10.926555 W | raft: [f:1,l:3,t:1,c:3,a:3] [00001:00001] t2 received 2 votes and 0 rejections, quorum is 2\n"}
{"Time":"2026-10-10T13:43:10.926861751+08:00","Action":"output","Package":"github.com/lni/dragonboat/v3/internal/raft","Test":"TestAssuranceForwardedReadBatchIdentity","Output":"2026-10-10 13:43:10.926583 I | raft: [f:1,l:4,t:2,c:3,a:3] [00001:00001] t2 became leader\n"}
{"Time":"2026-10-10T13:43:10.926874841+08:00","Action":"output","Package":"github.com/lni/dragonboat/v3/internal/raft","Test":"TestAssuranceForwardedReadBatchIdentity","Output":"CA_EVENT {\"applied1\":4,\"applied2\":4,\"applied3\":4,\"commit\":4,\"event\":\"prefix\",\"leader_ready\":true,\"scenario\":\"forwarded_batch\",\"term\":2}\n"}
{"Time":"2026-10-10T13:43:10.926880603+08:00","Action":"output","Package":"github.com/lni/dragonboat/v3/internal/raft","Test":"TestAssuranceForwardedReadBatchIdentity","Output":"CA_EVENT {\"event\":\"invoke\",\"high\":30,\"low\":101,\"operation\":\"first\",\"origin\":2,\"scenario\":\"forwarded_batch\"}\n"}
{"Time":"2026-10-10T13:43:10.926882949+08:00","Action":"output","Package":"github.com/lni/dragonboat/v3/internal/raft","Test":"TestAssuranceForwardedReadBatchIdentity","Output":"CA_EVENT {\"event\":\"delivered\",\"from\":2,\"high\":30,\"index\":0,\"low\":101,\"scenario\":\"forwarded_batch\",\"term\":0,\"to\":1,\"type\":\"ReadIndex\"}\n"}
{"Time":"2026-10-10T13:43:10.926885025+08:00","Action":"output","Package":"github.com/lni/dragonboat/v3/internal/raft","Test":"TestAssuranceForwardedReadBatchIdentity","Output":"CA_EVENT {\"ctx\":\"101/30\",\"event\":\"admitted\",\"index\":4,\"leader\":1,\"origin\":2,\"scenario\":\"forwarded_batch\"}\n"}
{"Time":"2026-10-10T13:43:10.926886745+08:00","Action":"output","Package":"github.com/lni/dragonboat/v3/internal/raft","Test":"TestAssuranceForwardedReadBatchIdentity","Output":"CA_EVENT {\"event\":\"dropped_heartbeat\",\"from\":1,\"high\":30,\"low\":101,\"scenario\":\"forwarded_batch\",\"to\":2}\n"}
{"Time":"2026-10-10T13:43:10.92688835+08:00","Action":"output","Package":"github.com/lni/dragonboat/v3/internal/raft","Test":"TestAssuranceForwardedReadBatchIdentity","Output":"CA_EVENT {\"event\":\"dropped_heartbeat\",\"from\":1,\"high\":30,\"low\":101,\"scenario\":\"forwarded_batch\",\"to\":3}\n"}
{"Time":"2026-10-10T13:43:10.926890076+08:00","Action":"output","Package":"github.com/lni/dragonboat/v3/internal/raft","Test":"TestAssuranceForwardedReadBatchIdentity","Output":"CA_EVENT {\"event\":\"first_pending\",\"high\":30,\"index\":4,\"low\":101,\"origin\":2,\"scenario\":\"forwarded_batch\"}\n"}
{"Time":"2026-10-10T13:43:10.926891915+08:00","Action":"output","Package":"github.com/lni/dragonboat/v3/internal/raft","Test":"TestAssuranceForwardedReadBatchIdentity","Output":"CA_EVENT {\"event\":\"invoke\",\"high\":30,\"low\":202,\"operation\":\"second\",\"origin\":3,\"scenario\":\"forwarded_batch\"}\n"}
{"Time":"2026-10-10T13:43:10.926893723+08:00","Action":"output","Package":"github.com/lni/dragonboat/v3/internal/raft","Test":"TestAssuranceForwardedReadBatchIdentity","Output":"CA_EVENT {\"event\":\"delivered\",\"from\":3,\"high\":30,\"index\":0,\"low\":202,\"scenario\":\"forwarded_batch\",\"term\":0,\"to\":1,\"type\":\"ReadIndex\"}\n"}
{"Time":"2026-10-10T13:43:10.926895496+08:00","Action":"output","Package":"github.com/lni/dragonboat/v3/internal/raft","Test":"TestAssuranceForwardedReadBatchIdentity","Output":"CA_EVENT {\"ctx\":\"202/30\",\"event\":\"admitted\",\"index\":4,\"leader\":1,\"origin\":3,\"scenario\":\"forwarded_batch\"}\n"}
{"Time":"2026-10-10T13:43:10.926897088+08:00","Action":"output","Package":"github.com/lni/dragonboat/v3/internal/raft","Test":"TestAssuranceForwardedReadBatchIdentity","Output":"CA_EVENT {\"event\":\"delivered\",\"from\":2,\"high\":30,\"index\":0,\"low\":202,\"scenario\":\"forwarded_batch\",\"term\":2,\"to\":1,\"type\":\"HeartbeatResp\"}\n"}
{"Time":"2026-10-10T13:43:10.926909349+08:00","Action":"output","Package":"github.com/lni/dragonboat/v3/internal/raft","Test":"TestAssuranceForwardedReadBatchIdentity","Output":"CA_EVENT {\"event\":\"delivered\",\"from\":3,\"high\":30,\"index\":0,\"low\":202,\"scenario\":\"forwarded_batch\",\"term\":2,\"to\":1,\"type\":\"HeartbeatResp\"}\n"}
{"Time":"2026-10-10T13:43:10.926934703+08:00","Action":"output","Package":"github.com/lni/dragonboat/v3/internal/raft","Test":"TestAssuranceForwardedReadBatchIdentity","Output":"CA_EVENT {\"event\":\"delivered\",\"from\":1,\"high\":30,\"index\":4,\"low\":202,\"scenario\":\"forwarded_batch\",\"term\":2,\"to\":2,\"type\":\"ReadIndexResp\"}\n"}
{"Time":"2026-10-10T13:43:10.926953094+08:00","Action":"output","Package":"github.com/lni/dragonboat/v3/internal/raft","Test":"TestAssuranceForwardedReadBatchIdentity","Output":"CA_EVENT {\"ctx\":\"202/30\",\"event\":\"ready_result\",\"index\":4,\"origin\":2,\"scenario\":\"forwarded_batch\"}\n"}
{"Time":"2026-10-10T13:43:10.926960923+08:00","Action":"output","Package":"github.com/lni/dragonboat/v3/internal/raft","Test":"TestAssuranceForwardedReadBatchIdentity","Output":"CA_EVENT {\"event\":\"delivered\",\"from\":1,\"high\":30,\"index\":4,\"low\":202,\"scenario\":\"forwarded_batch\",\"term\":2,\"to\":3,\"type\":\"ReadIndexResp\"}\n"}
{"Time":"2026-10-10T13:43:10.926963903+08:00","Action":"output","Package":"github.com/lni/dragonboat/v3/internal/raft","Test":"TestAssuranceForwardedReadBatchIdentity","Output":"CA_EVENT {\"ctx\":\"202/30\",\"event\":\"ready_result\",\"index\":4,\"origin\":3,\"scenario\":\"forwarded_batch\"}\n"}
{"Time":"2026-10-10T13:43:10.926967674+08:00","Action":"output","Package":"github.com/lni/dragonboat/v3/internal/raft","Test":"TestAssuranceForwardedReadBatchIdentity","Output":"CA_EVENT {\"applied\":4,\"event\":\"endpoint\",\"leader\":1,\"node\":1,\"pending\":0,\"ready\":null,\"scenario\":\"forwarded_batch\",\"term\":2}\n"}
{"Time":"2026-10-10T13:43:10.926969661+08:00","Action":"output","Package":"github.com/lni/dragonboat/v3/internal/raft","Test":"TestAssuranceForwardedReadBatchIdentity","Output":"CA_EVENT {\"applied\":4,\"event\":\"endpoint\",\"leader\":1,\"node\":2,\"pending\":0,\"ready\":[{\"Index\":4,\"SystemCtx\":{\"Low\":202,\"High\":30}}],\"scenario\":\"forwarded_batch\",\"term\":2}\n"}
{"Time":"2026-10-10T13:43:10.926972222+08:00","Action":"output","Package":"github.com/lni/dragonboat/v3/internal/raft","Test":"TestAssuranceForwardedReadBatchIdentity","Output":"CA_EVENT {\"applied\":4,\"event\":\"endpoint\",\"leader\":1,\"node\":3,\"pending\":0,\"ready\":[{\"Index\":4,\"SystemCtx\":{\"Low\":202,\"High\":30}}],\"scenario\":\"forwarded_batch\",\"term\":2}\n"}
{"Time":"2026-10-10T13:43:10.926979775+08:00","Action":"output","Package":"github.com/lni/dragonboat/v3/internal/raft","Test":"TestAssuranceForwardedReadBatchIdentity","Output":"--- PASS: TestAssuranceForwardedReadBatchIdentity (0.00s)\n"}
{"Time":"2026-10-10T13:43:10.926983723+08:00","Action":"pass","Package":"github.com/lni/dragonboat/v3/internal/raft","Test":"TestAssuranceForwardedReadBatchIdentity","Elapsed":0}
{"Time":"2026-10-10T13:43:10.927852746+08:00","Action":"output","Package":"github.com/lni/dragonboat/v3/internal/raft","Output":"PASS\n"}
{"Time":"2026-10-10T13:43:10.927926812+08:00","Action":"output","Package":"github.com/lni/dragonboat/v3/internal/raft","Output":"ok  \tgithub.com/lni/dragonboat/v3/internal/raft\t0.007s\n"}
{"Time":"2026-10-10T13:43:10.927944979+08:00","Action":"pass","Package":"github.com/lni/dragonboat/v3/internal/raft","Elapsed":0.008}
