{
  "candidate_action": "continue",
  "candidate_id": null,
  "obligation": null,
  "bindings": [],
  "dependencies": [],
  "context_claims": [],
  "audit_question": {
    "disposition": null,
    "preferred_check": "source_review",
    "requests": [
      {
        "file": "commitment.go",
        "start_line": 1,
        "end_line": 104,
        "reason": "Inspect configuration replacement, retained match values, and the exact calculation establishing F_commit_threshold."
      },
      {
        "file": "raft.go",
        "start_line": 1100,
        "end_line": 1243,
        "reason": "Locate configuration-entry processing and commitment configuration selection, including activation ordering and proposal guards."
      },
      {
        "file": "raft.go",
        "start_line": 667,
        "end_line": 900,
        "reason": "Inspect commitment consumption and configuration-change admission in the leader loop, retaining guards that constrain consecutive changes."
      },
      {
        "file": "membership.md",
        "start_line": 1,
        "end_line": 83,
        "reason": "Determine whether the repository states an applicable membership-transition expectation; distinguish that expectation from implementation behavior."
      }
    ],
    "question": "When configuration replacement establishes F_commit_threshold by recalculating retained voter matches, which configuration is entitled to govern that advancement, and do activation ordering and configuration-change guards satisfy the repository's applicable membership-transition contract?",
    "importance": "The selected voter set determines which replication reports can advance commitment. A mismatch between configuration activation and the applicable transition contract could let entries become committed without the required participant support. This investigation first resolves the local configuration-selection relation; it does not yet establish a reachable unsafe history or divergent application effects.",
    "source_ids": [],
    "participants": [
      "Main Raft leader actor",
      "Replication actors reporting matches",
      "Voters selected by the commitment configuration"
    ],
    "objects": [
      "Leader-local commitment object",
      "Voter match map",
      "Latest and committed configurations",
      "Configuration log entry"
    ],
    "contexts": [
      "Configuration replacement within one leader-local commitment generation",
      "Configuration-entry admission and commitment"
    ],
    "event_paths": [
      "Configuration selection -> commitment.setConfiguration -> recalculation -> leader commit notification consumption"
    ],
    "activity_classes": [
      "A1",
      "A4"
    ],
    "behavior_ids": [
      "B_commit_configuration",
      "B_commit_match",
      "B_commit_consume"
    ],
    "fact_ids": [
      "F_commit_threshold"
    ],
    "obligation_relation_kind": "establishment",
    "counterevidence": [
      "The inventory identifies mutex serialization, voter filtering, monotonic commitment, and a leader-start threshold; exact source must be reattached before assessing their applicability.",
      "The inventory distinguishes latest and committed configurations. Their activation and proposal guards may explain the selected configuration without requiring an additional mechanism."
    ],
    "unknowns": [
      "The applicable membership-transition contract and its configuration-selection rule.",
      "The callers and ordering of commitment.setConfiguration relative to configuration-entry storage and commitment.",
      "Whether admission guards prevent overlapping configuration changes relevant to this calculation.",
      "Whether retained match values carry sufficient meaning for the newly selected voter set.",
      "Legal-history reachability and broader consequences remain separate from the local configuration-selection relation."
    ],
    "priority": 1,
    "trigger_rationale": "The accepted inventory identifies configuration replacement as a second producer of F_commit_threshold while leaving activation history unresolved. This provides a concrete discriminator: source may establish that the selected voter set follows the applicable transition rule, reveal a locally checkable mismatch, or leave the contract unresolved. No defect is inferred from configuration replacement alone."
  },
  "selection_rationale": "Select F_commit_threshold establishment at the configuration-replacement boundary. It directly concerns A1 decision formation and has identifiable producer, consumer, and contract reads. The peer-identity and heartbeat-lease candidates already have scoped explanations; their archived check IDs provide no additional evidence. The predecessor-retention candidate is already escalated and has no supplied current result to continue. Configuration activation offers a distinct unresolved discriminator without repeating those investigations. No implementation judgment or obligation is derived from inventory provenance alone.",
  "reading_requests": [
    {
      "file": "commitment.go",
      "start_line": 1,
      "end_line": 104,
      "reason": "Inspect the exact configuration-dependent establishment of F_commit_threshold."
    },
    {
      "file": "raft.go",
      "start_line": 1100,
      "end_line": 1243,
      "reason": "Resolve configuration processing, activation ordering, and commitment configuration selection."
    },
    {
      "file": "raft.go",
      "start_line": 667,
      "end_line": 900,
      "reason": "Inspect leader-side configuration admission and commitment consumption protections."
    },
    {
      "file": "membership.md",
      "start_line": 1,
      "end_line": 83,
      "reason": "Acquire any applicable membership-transition expectation before deriving a normative requirement."
    }
  ],
  "frontier_entry_point": null,
  "descriptive_issues": [],
  "fork_from_candidate_id": null,
  "fork_reason": "",
  "resume_conditions": []
}
