{
  "candidate_action": "continue",
  "candidate_id": "6a51d31a7a1942f38264ad5b15fdf366",
  "obligation": null,
  "bindings": [],
  "dependencies": [],
  "context_claims": [],
  "audit_question": {
    "disposition": null,
    "preferred_check": "source_review",
    "requests": [
      {
        "file": "configuration.go",
        "start_line": 1,
        "end_line": 140,
        "reason": "Recover the declared meaning of Server.Suffrage, Voter, Nonvoter, and configuration validity. The decisive local discriminator is whether support from a replication worker excluded from the voter count may satisfy leadership verification's voter-derived threshold."
      },
      {
        "file": "api.go",
        "start_line": 950,
        "end_line": 1040,
        "reason": "Recover AddNonvoter and related membership API contracts to establish whether a mixed voter/nonvoter configuration is a supported applicable case and what participation restrictions the library promises."
      }
    ],
    "question": "When append-response processing notifies leadership-verification work, does VerifyLeader's voter-derived quorum threshold count support only from eligible participants, and what protection remains against delayed support or pending authority loss?",
    "importance": "If a participant excluded from the authority quorum can supply the decisive verification vote, VerifyLeader may report success without the voter support its leadership assurance requires. This could undermine its documented stale-data protection. A local eligibility mismatch would not by itself establish a reachable leadership-loss history or a stale client read.",
    "source_ids": [
      "api.go:850:950",
      "future.go:181:314",
      "raft.go:455:666",
      "raft.go:667:826",
      "raft.go:827:1100",
      "raft.go:1440:1584",
      "replication.go:1:202",
      "replication.go:299:665"
    ],
    "participants": [
      "Per-follower replication worker",
      "Heartbeat worker",
      "Main leader loop",
      "Leadership-verification caller"
    ],
    "objects": [
      "AppendEntries request and response",
      "Verification future",
      "Follower replication notification state",
      "Latest configuration and participant suffrage",
      "Leader-state episode"
    ],
    "contexts": [
      "Stable mixed-suffrage configuration, subject to membership-contract review",
      "Successful append responses, including empty requests",
      "Delayed responses during an outstanding verification",
      "Authority-loss notification pending main-loop processing",
      "Alternative heartbeat support notifications"
    ],
    "event_paths": [
      "Latest configuration -> startStopReplication worker creation -> verifyLeader registration -> notifyAll -> verifyFuture.vote -> leaderLoop verification completion",
      "Voter count -> quorumSize -> verification threshold",
      "Heartbeat response -> notifyAll(resp.Success) -> shared verification aggregation",
      "Higher-term pipeline response -> negative verification notification and step-down request -> main-loop processing"
    ],
    "activity_classes": [
      "A1",
      "A2",
      "A4",
      "A7"
    ],
    "behavior_ids": [
      "B2",
      "B3",
      "B8",
      "B9"
    ],
    "fact_ids": [
      "F2"
    ],
    "obligation_relation_kind": "consumption",
    "counterevidence": [
      "pipelineDecode checks response term before successful-response processing; higher terms invoke handleStaleTerm, which sends negative verification notifications and requests step-down.",
      "notifyAll detaches and clears the worker's notification map under its mutex, preventing repeated voting from that detached registration.",
      "verifyFuture.vote serializes votes under voteLock and disables further votes after its first completion notification. A negative vote arriving before threshold completion triggers notification without increasing votes; a later negative vote is ignored after notifyCh becomes nil.",
      "verifyLeader registers each future before requesting immediate heartbeats, supplying a fresh-response path without visibly excluding outstanding older responses.",
      "The main loop rejects a notified verification with insufficient votes and transitions to Follower. Completed verification removes its worker registrations.",
      "Leader cleanup responds to pending verification futures with ErrLeadershipLost, and each leader episode creates fresh replication and pending-verification maps.",
      "The inspected appendEntries handler rejects requests older than its current term with Success=false. Thus the heartbeat path's absent explicit response-term check does not alone show acceptance of a higher-term rejection as positive support.",
      "checkLeaderLease separately filters participants by Voter and can cause step-down when recent voter contact is insufficient. Whether it intervenes before a particular verification completion remains a scheduling question."
    ],
    "unknowns": [
      "The membership contract defining nonvoter participation and supported mixed-suffrage configurations is not yet attached.",
      "startStopReplication creates workers for every nonlocal server without a suffrage filter; verifyLeader registers with every worker, while quorumSize counts only Voter entries. Whether this violates an applicable participant-eligibility requirement needs the membership contract.",
      "The VerifyLeader API does not explicitly specify its linearization point or required response freshness.",
      "notifyAll receives no request identity and votes for registrations present when its map is detached. Other mechanisms excluding pre-registration responses remain unestablished.",
      "A quorum notification disables later negative votes; whether a legal history can make the resulting success unjustified remains unresolved.",
      "Main-loop selection does not visibly prioritize pending step-down over verification completion. Its significance depends on support validity and legal event ordering.",
      "Configuration changes during verification, including worker retirement and suffrage changes, remain unreviewed; the immediate discriminator can first use an unchanged configuration.",
      "Legal delayed-response histories, authority loss during verification, deployment exposure, and broader client consequences remain unestablished."
    ],
    "priority": 1,
    "trigger_rationale": "The newly attached aggregator and worker-management source resolves previously missing mechanics and exposes a concrete participant-selection mismatch: the threshold counts voters, but registration includes all replication workers and votes carry no participant identity. Membership declarations and API contracts can establish or defeat the normative basis for a bounded eligibility check. This is stronger than relying on the heartbeat term-check asymmetry, for which the follower rejection path supplies relevant counterevidence."
  },
  "selection_rationale": "Continue the same F2 consumption candidate. The decisive next step is membership-contract review for the support-to-verification boundary, not another global selection. If nonvoter support is excluded by the applicable contract, a local check can independently compare qualifying voter support with verification completion under a fixed configuration; legal authority-loss histories and stale reads would remain separate. If that exclusion is unsupported, preserve the applicability gap. The prior response-validity and retained-history checks report bounded violations with explicit exclusions; neither establishes this candidate's verification semantics or broader consequences.",
  "reading_requests": [
    {
      "file": "configuration.go",
      "start_line": 1,
      "end_line": 140,
      "reason": "Establish suffrage semantics and configuration validity before attributing an eligibility obligation to the observed all-worker verification registration."
    },
    {
      "file": "api.go",
      "start_line": 950,
      "end_line": 1040,
      "reason": "Establish the public membership contract and applicability of nonvoter participants to the selected local discriminator."
    }
  ],
  "descriptive_issues": [],
  "fork_from_candidate_id": null,
  "fork_reason": "",
  "resume_conditions": []
}
