{"Time":"2026-10-07T21:14:31.925162191+08:00","Action":"start","Package":"github.com/lni/dragonboat/v3/internal/raft"}
{"Time":"2026-10-07T21:14:31.939563108+08:00","Action":"run","Package":"github.com/lni/dragonboat/v3/internal/raft","Test":"TestAssuranceWitnessRecoveryExploration"}
{"Time":"2026-10-07T21:14:31.939622139+08:00","Action":"output","Package":"github.com/lni/dragonboat/v3/internal/raft","Test":"TestAssuranceWitnessRecoveryExploration","Output":"=== RUN   TestAssuranceWitnessRecoveryExploration\n"}
{"Time":"2026-10-07T21:14:31.939804283+08:00","Action":"output","Package":"github.com/lni/dragonboat/v3/internal/raft","Test":"TestAssuranceWitnessRecoveryExploration","Output":"2026-10-07 21:14:31.939479 I | raft: [00001:00001] created, initial: true, new: true\n"}
{"Time":"2026-10-07T21:14:31.939839128+08:00","Action":"output","Package":"github.com/lni/dragonboat/v3/internal/raft","Test":"TestAssuranceWitnessRecoveryExploration","Output":"2026-10-07 21:14:31.939814 I | raft: [00001:00001] raft log rate limit enabled: false, 0\n"}
{"Time":"2026-10-07T21:14:31.939865692+08:00","Action":"output","Package":"github.com/lni/dragonboat/v3/internal/raft","Test":"TestAssuranceWitnessRecoveryExploration","Output":"2026-10-07 21:14:31.939836 I | raft: [f:1,l:0,t:0,c:0,a:0] [00001:00001] t0 became follower\n"}
{"Time":"2026-10-07T21:14:31.939892347+08:00","Action":"output","Package":"github.com/lni/dragonboat/v3/internal/raft","Test":"TestAssuranceWitnessRecoveryExploration","Output":"2026-10-07 21:14:31.939858 I | raft: [f:1,l:0,t:0,c:0,a:0] [00001:00001] t1 became follower\n"}
{"Time":"2026-10-07T21:14:31.939907402+08:00","Action":"output","Package":"github.com/lni/dragonboat/v3/internal/raft","Test":"TestAssuranceWitnessRecoveryExploration","Output":"2026-10-07 21:14:31.939870 I | raft: [f:1,l:0,t:0,c:0,a:0] [00001:00001] t1 added bootstrap ConfigChangeAddNode, 1, n1:1234\n"}
{"Time":"2026-10-07T21:14:31.939925252+08:00","Action":"output","Package":"github.com/lni/dragonboat/v3/internal/raft","Test":"TestAssuranceWitnessRecoveryExploration","Output":"2026-10-07 21:14:31.939878 I | raft: [f:1,l:0,t:0,c:0,a:0] [00001:00001] t1 added bootstrap ConfigChangeAddNode, 2, n2:1234\n"}
{"Time":"2026-10-07T21:14:31.939949798+08:00","Action":"output","Package":"github.com/lni/dragonboat/v3/internal/raft","Test":"TestAssuranceWitnessRecoveryExploration","Output":"2026-10-07 21:14:31.939894 I | raft: [00001:00002] created, initial: true, new: true\n"}
{"Time":"2026-10-07T21:14:31.93996653+08:00","Action":"output","Package":"github.com/lni/dragonboat/v3/internal/raft","Test":"TestAssuranceWitnessRecoveryExploration","Output":"2026-10-07 21:14:31.939901 I | raft: [00001:00002] raft log rate limit enabled: false, 0\n"}
{"Time":"2026-10-07T21:14:31.939976888+08:00","Action":"output","Package":"github.com/lni/dragonboat/v3/internal/raft","Test":"TestAssuranceWitnessRecoveryExploration","Output":"2026-10-07 21:14:31.939908 I | raft: [f:1,l:0,t:0,c:0,a:0] [00001:00002] t0 became follower\n"}
{"Time":"2026-10-07T21:14:31.939989507+08:00","Action":"output","Package":"github.com/lni/dragonboat/v3/internal/raft","Test":"TestAssuranceWitnessRecoveryExploration","Output":"2026-10-07 21:14:31.939919 I | raft: [f:1,l:0,t:0,c:0,a:0] [00001:00002] t1 became follower\n"}
{"Time":"2026-10-07T21:14:31.939999761+08:00","Action":"output","Package":"github.com/lni/dragonboat/v3/internal/raft","Test":"TestAssuranceWitnessRecoveryExploration","Output":"2026-10-07 21:14:31.939926 I | raft: [f:1,l:0,t:0,c:0,a:0] [00001:00002] t1 added bootstrap ConfigChangeAddNode, 1, n1:1234\n"}
{"Time":"2026-10-07T21:14:31.940009544+08:00","Action":"output","Package":"github.com/lni/dragonboat/v3/internal/raft","Test":"TestAssuranceWitnessRecoveryExploration","Output":"2026-10-07 21:14:31.939932 I | raft: [f:1,l:0,t:0,c:0,a:0] [00001:00002] t1 added bootstrap ConfigChangeAddNode, 2, n2:1234\n"}
{"Time":"2026-10-07T21:14:31.940028382+08:00","Action":"output","Package":"github.com/lni/dragonboat/v3/internal/raft","Test":"TestAssuranceWitnessRecoveryExploration","Output":"2026-10-07 21:14:31.939943 I | raft: [00001:00003] created, initial: false, new: true\n"}
{"Time":"2026-10-07T21:14:31.940038304+08:00","Action":"output","Package":"github.com/lni/dragonboat/v3/internal/raft","Test":"TestAssuranceWitnessRecoveryExploration","Output":"2026-10-07 21:14:31.939950 I | raft: [00001:00003] raft log rate limit enabled: false, 0\n"}
{"Time":"2026-10-07T21:14:31.94005465+08:00","Action":"output","Package":"github.com/lni/dragonboat/v3/internal/raft","Test":"TestAssuranceWitnessRecoveryExploration","Output":"2026-10-07 21:14:31.939962 I | raft: [f:1,l:0,t:0,c:0,a:0] [00001:00003] t0 became witness\n"}
{"Time":"2026-10-07T21:14:31.940070719+08:00","Action":"output","Package":"github.com/lni/dragonboat/v3/internal/raft","Test":"TestAssuranceWitnessRecoveryExploration","Output":"2026-10-07 21:14:31.940038 W | raft: [f:1,l:2,t:1,c:2,a:2] [00001:00001] t2 became candidate\n"}
{"Time":"2026-10-07T21:14:31.940093134+08:00","Action":"output","Package":"github.com/lni/dragonboat/v3/internal/raft","Test":"TestAssuranceWitnessRecoveryExploration","Output":"2026-10-07 21:14:31.940047 W | raft: [f:1,l:2,t:1,c:2,a:2] [00001:00001] t2 received RequestVoteResp from n00001\n"}
{"Time":"2026-10-07T21:14:31.940108542+08:00","Action":"output","Package":"github.com/lni/dragonboat/v3/internal/raft","Test":"TestAssuranceWitnessRecoveryExploration","Output":"2026-10-07 21:14:31.940058 W | raft: [f:1,l:2,t:1,c:2,a:2] [00001:00001] t2 sent RequestVote to n00002\n"}
{"Time":"2026-10-07T21:14:31.940123295+08:00","Action":"output","Package":"github.com/lni/dragonboat/v3/internal/raft","Test":"TestAssuranceWitnessRecoveryExploration","Output":"2026-10-07 21:14:31.940113 W | raft: [f:1,l:2,t:1,c:2,a:2] [00001:00002] t1 received RequestVote with higher term (2) from n00001\n"}
{"Time":"2026-10-07T21:14:31.94013829+08:00","Action":"output","Package":"github.com/lni/dragonboat/v3/internal/raft","Test":"TestAssuranceWitnessRecoveryExploration","Output":"2026-10-07 21:14:31.940122 W | raft: [f:1,l:2,t:1,c:2,a:2] [00001:00002] t1 become followerKE after receiving higher term from n00001\n"}
{"Time":"2026-10-07T21:14:31.940148144+08:00","Action":"output","Package":"github.com/lni/dragonboat/v3/internal/raft","Test":"TestAssuranceWitnessRecoveryExploration","Output":"2026-10-07 21:14:31.940130 I | raft: [f:1,l:2,t:1,c:2,a:2] [00001:00002] t2 became follower\n"}
{"Time":"2026-10-07T21:14:31.940163135+08:00","Action":"output","Package":"github.com/lni/dragonboat/v3/internal/raft","Test":"TestAssuranceWitnessRecoveryExploration","Output":"2026-10-07 21:14:31.940138 W | raft: [f:1,l:2,t:1,c:2,a:2] [00001:00002] t2 cast vote from n00001 index 2 term 2, log term: 1\n"}
{"Time":"2026-10-07T21:14:31.940172697+08:00","Action":"output","Package":"github.com/lni/dragonboat/v3/internal/raft","Test":"TestAssuranceWitnessRecoveryExploration","Output":"2026-10-07 21:14:31.940149 W | raft: [f:1,l:2,t:1,c:2,a:2] [00001:00001] t2 received RequestVoteResp from n00002\n"}
{"Time":"2026-10-07T21:14:31.940191202+08:00","Action":"output","Package":"github.com/lni/dragonboat/v3/internal/raft","Test":"TestAssuranceWitnessRecoveryExploration","Output":"2026-10-07 21:14:31.940157 W | raft: [f:1,l:2,t:1,c:2,a:2] [00001:00001] t2 received 2 votes and 0 rejections, quorum is 2\n"}
{"Time":"2026-10-07T21:14:31.940201027+08:00","Action":"output","Package":"github.com/lni/dragonboat/v3/internal/raft","Test":"TestAssuranceWitnessRecoveryExploration","Output":"2026-10-07 21:14:31.940172 I | raft: [f:1,l:3,t:2,c:2,a:2] [00001:00001] t2 became leader\n"}
{"Time":"2026-10-07T21:14:31.940383694+08:00","Action":"output","Package":"github.com/lni/dragonboat/v3/internal/raft","Test":"TestAssuranceWitnessRecoveryExploration","Output":"2026-10-07 21:14:31.940260 W | raft: [f:1,l:0,t:0,c:0,a:0] [00001:00003] t0 received Heartbeat with higher term (2) from n00001\n"}
{"Time":"2026-10-07T21:14:31.940464251+08:00","Action":"output","Package":"github.com/lni/dragonboat/v3/internal/raft","Test":"TestAssuranceWitnessRecoveryExploration","Output":"2026-10-07 21:14:31.940275 I | raft: [f:1,l:0,t:0,c:0,a:0] [00001:00003] t2 became witness\n"}
{"Time":"2026-10-07T21:14:31.940776463+08:00","Action":"output","Package":"github.com/lni/dragonboat/v3/internal/raft","Test":"TestAssuranceWitnessRecoveryExploration","Output":"CA_EVENT {\"event\":\"committed\",\"full2_last\":4,\"index\":5,\"run\":\"witness-recovery\",\"term\":2,\"witness_payload_bytes\":0,\"witness_type\":\"MetadataEntry\"}\n"}
{"Time":"2026-10-07T21:14:31.940812255+08:00","Action":"output","Package":"github.com/lni/dragonboat/v3/internal/raft","Test":"TestAssuranceWitnessRecoveryExploration","Output":"2026-10-07 21:14:31.940623 W | raft: [f:1,l:4,t:2,c:4,a:4] [00001:00002] t3 became candidate\n"}
{"Time":"2026-10-07T21:14:31.940825137+08:00","Action":"output","Package":"github.com/lni/dragonboat/v3/internal/raft","Test":"TestAssuranceWitnessRecoveryExploration","Output":"2026-10-07 21:14:31.940639 W | raft: [f:1,l:4,t:2,c:4,a:4] [00001:00002] t3 received RequestVoteResp from n00002\n"}
{"Time":"2026-10-07T21:14:31.940836561+08:00","Action":"output","Package":"github.com/lni/dragonboat/v3/internal/raft","Test":"TestAssuranceWitnessRecoveryExploration","Output":"2026-10-07 21:14:31.940649 W | raft: [f:1,l:4,t:2,c:4,a:4] [00001:00002] t3 sent RequestVote to n00001\n"}
{"Time":"2026-10-07T21:14:31.940847032+08:00","Action":"output","Package":"github.com/lni/dragonboat/v3/internal/raft","Test":"TestAssuranceWitnessRecoveryExploration","Output":"2026-10-07 21:14:31.940656 W | raft: [f:1,l:4,t:2,c:4,a:4] [00001:00002] t3 sent RequestVote to n00003\n"}
{"Time":"2026-10-07T21:14:31.940859019+08:00","Action":"output","Package":"github.com/lni/dragonboat/v3/internal/raft","Test":"TestAssuranceWitnessRecoveryExploration","Output":"2026-10-07 21:14:31.940671 W | raft: [f:1,l:5,t:2,c:5,a:5] [00001:00003] t2 received RequestVote with higher term (3) from n00002\n"}
{"Time":"2026-10-07T21:14:31.940871129+08:00","Action":"output","Package":"github.com/lni/dragonboat/v3/internal/raft","Test":"TestAssuranceWitnessRecoveryExploration","Output":"2026-10-07 21:14:31.940680 I | raft: [f:1,l:5,t:2,c:5,a:5] [00001:00003] t3 became witness\n"}
{"Time":"2026-10-07T21:14:31.940884723+08:00","Action":"output","Package":"github.com/lni/dragonboat/v3/internal/raft","Test":"TestAssuranceWitnessRecoveryExploration","Output":"2026-10-07 21:14:31.940688 W | raft: [f:1,l:5,t:2,c:5,a:5] [00001:00003] t3 rejected vote n00002 index4 term3,logterm2,granttrue,utdfalse\n"}
{"Time":"2026-10-07T21:14:31.940898829+08:00","Action":"output","Package":"github.com/lni/dragonboat/v3/internal/raft","Test":"TestAssuranceWitnessRecoveryExploration","Output":"2026-10-07 21:14:31.940698 W | raft: [f:1,l:4,t:2,c:4,a:4] [00001:00002] t3 received RequestVoteResp rejection from n00003\n"}
{"Time":"2026-10-07T21:14:31.940911376+08:00","Action":"output","Package":"github.com/lni/dragonboat/v3/internal/raft","Test":"TestAssuranceWitnessRecoveryExploration","Output":"2026-10-07 21:14:31.940705 W | raft: [f:1,l:4,t:2,c:4,a:4] [00001:00002] t3 received 1 votes and 1 rejections, quorum is 2\n"}
{"Time":"2026-10-07T21:14:31.940922932+08:00","Action":"output","Package":"github.com/lni/dragonboat/v3/internal/raft","Test":"TestAssuranceWitnessRecoveryExploration","Output":"2026-10-07 21:14:31.940735 W | raft: [f:1,l:4,t:2,c:4,a:4] [00001:00002] t4 became candidate\n"}
{"Time":"2026-10-07T21:14:31.940934777+08:00","Action":"output","Package":"github.com/lni/dragonboat/v3/internal/raft","Test":"TestAssuranceWitnessRecoveryExploration","Output":"2026-10-07 21:14:31.940741 W | raft: [f:1,l:4,t:2,c:4,a:4] [00001:00002] t4 received RequestVoteResp from n00002\n"}
{"Time":"2026-10-07T21:14:31.940947524+08:00","Action":"output","Package":"github.com/lni/dragonboat/v3/internal/raft","Test":"TestAssuranceWitnessRecoveryExploration","Output":"2026-10-07 21:14:31.940749 W | raft: [f:1,l:4,t:2,c:4,a:4] [00001:00002] t4 sent RequestVote to n00001\n"}
{"Time":"2026-10-07T21:14:31.940959261+08:00","Action":"output","Package":"github.com/lni/dragonboat/v3/internal/raft","Test":"TestAssuranceWitnessRecoveryExploration","Output":"2026-10-07 21:14:31.940755 W | raft: [f:1,l:4,t:2,c:4,a:4] [00001:00002] t4 sent RequestVote to n00003\n"}
{"Time":"2026-10-07T21:14:31.940983113+08:00","Action":"output","Package":"github.com/lni/dragonboat/v3/internal/raft","Test":"TestAssuranceWitnessRecoveryExploration","Output":"2026-10-07 21:14:31.940764 W | raft: [f:1,l:5,t:2,c:5,a:5] [00001:00003] t3 received RequestVote with higher term (4) from n00002\n"}
{"Time":"2026-10-07T21:14:31.940996477+08:00","Action":"output","Package":"github.com/lni/dragonboat/v3/internal/raft","Test":"TestAssuranceWitnessRecoveryExploration","Output":"2026-10-07 21:14:31.940771 I | raft: [f:1,l:5,t:2,c:5,a:5] [00001:00003] t4 became witness\n"}
{"Time":"2026-10-07T21:14:31.941006807+08:00","Action":"output","Package":"github.com/lni/dragonboat/v3/internal/raft","Test":"TestAssuranceWitnessRecoveryExploration","Output":"2026-10-07 21:14:31.940789 W | raft: [f:1,l:5,t:2,c:5,a:5] [00001:00003] t4 rejected vote n00002 index4 term4,logterm2,granttrue,utdfalse\n"}
{"Time":"2026-10-07T21:14:31.941016541+08:00","Action":"output","Package":"github.com/lni/dragonboat/v3/internal/raft","Test":"TestAssuranceWitnessRecoveryExploration","Output":"2026-10-07 21:14:31.940797 W | raft: [f:1,l:4,t:2,c:4,a:4] [00001:00002] t4 received RequestVoteResp rejection from n00003\n"}
{"Time":"2026-10-07T21:14:31.941025924+08:00","Action":"output","Package":"github.com/lni/dragonboat/v3/internal/raft","Test":"TestAssuranceWitnessRecoveryExploration","Output":"2026-10-07 21:14:31.940803 W | raft: [f:1,l:4,t:2,c:4,a:4] [00001:00002] t4 received 1 votes and 1 rejections, quorum is 2\n"}
{"Time":"2026-10-07T21:14:31.941035326+08:00","Action":"output","Package":"github.com/lni/dragonboat/v3/internal/raft","Test":"TestAssuranceWitnessRecoveryExploration","Output":"2026-10-07 21:14:31.940829 W | raft: [f:1,l:4,t:2,c:4,a:4] [00001:00002] t5 became candidate\n"}
{"Time":"2026-10-07T21:14:31.941044418+08:00","Action":"output","Package":"github.com/lni/dragonboat/v3/internal/raft","Test":"TestAssuranceWitnessRecoveryExploration","Output":"2026-10-07 21:14:31.940835 W | raft: [f:1,l:4,t:2,c:4,a:4] [00001:00002] t5 received RequestVoteResp from n00002\n"}
{"Time":"2026-10-07T21:14:31.94105342+08:00","Action":"output","Package":"github.com/lni/dragonboat/v3/internal/raft","Test":"TestAssuranceWitnessRecoveryExploration","Output":"2026-10-07 21:14:31.940842 W | raft: [f:1,l:4,t:2,c:4,a:4] [00001:00002] t5 sent RequestVote to n00001\n"}
{"Time":"2026-10-07T21:14:31.941067648+08:00","Action":"output","Package":"github.com/lni/dragonboat/v3/internal/raft","Test":"TestAssuranceWitnessRecoveryExploration","Output":"2026-10-07 21:14:31.940848 W | raft: [f:1,l:4,t:2,c:4,a:4] [00001:00002] t5 sent RequestVote to n00003\n"}
{"Time":"2026-10-07T21:14:31.941077418+08:00","Action":"output","Package":"github.com/lni/dragonboat/v3/internal/raft","Test":"TestAssuranceWitnessRecoveryExploration","Output":"2026-10-07 21:14:31.940860 W | raft: [f:1,l:5,t:2,c:5,a:5] [00001:00003] t4 received RequestVote with higher term (5) from n00002\n"}
{"Time":"2026-10-07T21:14:31.941086871+08:00","Action":"output","Package":"github.com/lni/dragonboat/v3/internal/raft","Test":"TestAssuranceWitnessRecoveryExploration","Output":"2026-10-07 21:14:31.940874 I | raft: [f:1,l:5,t:2,c:5,a:5] [00001:00003] t5 became witness\n"}
{"Time":"2026-10-07T21:14:31.941096262+08:00","Action":"output","Package":"github.com/lni/dragonboat/v3/internal/raft","Test":"TestAssuranceWitnessRecoveryExploration","Output":"2026-10-07 21:14:31.940881 W | raft: [f:1,l:5,t:2,c:5,a:5] [00001:00003] t5 rejected vote n00002 index4 term5,logterm2,granttrue,utdfalse\n"}
{"Time":"2026-10-07T21:14:31.941105744+08:00","Action":"output","Package":"github.com/lni/dragonboat/v3/internal/raft","Test":"TestAssuranceWitnessRecoveryExploration","Output":"2026-10-07 21:14:31.940889 W | raft: [f:1,l:4,t:2,c:4,a:4] [00001:00002] t5 received RequestVoteResp rejection from n00003\n"}
{"Time":"2026-10-07T21:14:31.941120437+08:00","Action":"output","Package":"github.com/lni/dragonboat/v3/internal/raft","Test":"TestAssuranceWitnessRecoveryExploration","Output":"2026-10-07 21:14:31.940895 W | raft: [f:1,l:4,t:2,c:4,a:4] [00001:00002] t5 received 1 votes and 1 rejections, quorum is 2\n"}
{"Time":"2026-10-07T21:14:31.941130467+08:00","Action":"output","Package":"github.com/lni/dragonboat/v3/internal/raft","Test":"TestAssuranceWitnessRecoveryExploration","Output":"2026-10-07 21:14:31.940920 W | raft: [f:1,l:4,t:2,c:4,a:4] [00001:00002] t6 became candidate\n"}
{"Time":"2026-10-07T21:14:31.941140111+08:00","Action":"output","Package":"github.com/lni/dragonboat/v3/internal/raft","Test":"TestAssuranceWitnessRecoveryExploration","Output":"2026-10-07 21:14:31.940927 W | raft: [f:1,l:4,t:2,c:4,a:4] [00001:00002] t6 received RequestVoteResp from n00002\n"}
{"Time":"2026-10-07T21:14:31.941152405+08:00","Action":"output","Package":"github.com/lni/dragonboat/v3/internal/raft","Test":"TestAssuranceWitnessRecoveryExploration","Output":"2026-10-07 21:14:31.940934 W | raft: [f:1,l:4,t:2,c:4,a:4] [00001:00002] t6 sent RequestVote to n00001\n"}
{"Time":"2026-10-07T21:14:31.941161975+08:00","Action":"output","Package":"github.com/lni/dragonboat/v3/internal/raft","Test":"TestAssuranceWitnessRecoveryExploration","Output":"2026-10-07 21:14:31.940951 W | raft: [f:1,l:4,t:2,c:4,a:4] [00001:00002] t6 sent RequestVote to n00003\n"}
{"Time":"2026-10-07T21:14:31.94117109+08:00","Action":"output","Package":"github.com/lni/dragonboat/v3/internal/raft","Test":"TestAssuranceWitnessRecoveryExploration","Output":"2026-10-07 21:14:31.940958 W | raft: [f:1,l:5,t:2,c:5,a:5] [00001:00003] t5 received RequestVote with higher term (6) from n00002\n"}
{"Time":"2026-10-07T21:14:31.94118102+08:00","Action":"output","Package":"github.com/lni/dragonboat/v3/internal/raft","Test":"TestAssuranceWitnessRecoveryExploration","Output":"2026-10-07 21:14:31.940965 I | raft: [f:1,l:5,t:2,c:5,a:5] [00001:00003] t6 became witness\n"}
{"Time":"2026-10-07T21:14:31.941190489+08:00","Action":"output","Package":"github.com/lni/dragonboat/v3/internal/raft","Test":"TestAssuranceWitnessRecoveryExploration","Output":"2026-10-07 21:14:31.940972 W | raft: [f:1,l:5,t:2,c:5,a:5] [00001:00003] t6 rejected vote n00002 index4 term6,logterm2,granttrue,utdfalse\n"}
{"Time":"2026-10-07T21:14:31.941213492+08:00","Action":"output","Package":"github.com/lni/dragonboat/v3/internal/raft","Test":"TestAssuranceWitnessRecoveryExploration","Output":"2026-10-07 21:14:31.940990 W | raft: [f:1,l:4,t:2,c:4,a:4] [00001:00002] t6 received RequestVoteResp rejection from n00003\n"}
{"Time":"2026-10-07T21:14:31.941224035+08:00","Action":"output","Package":"github.com/lni/dragonboat/v3/internal/raft","Test":"TestAssuranceWitnessRecoveryExploration","Output":"2026-10-07 21:14:31.940997 W | raft: [f:1,l:4,t:2,c:4,a:4] [00001:00002] t6 received 1 votes and 1 rejections, quorum is 2\n"}
{"Time":"2026-10-07T21:14:31.941233336+08:00","Action":"output","Package":"github.com/lni/dragonboat/v3/internal/raft","Test":"TestAssuranceWitnessRecoveryExploration","Output":"2026-10-07 21:14:31.941025 W | raft: [f:1,l:4,t:2,c:4,a:4] [00001:00002] t7 became candidate\n"}
{"Time":"2026-10-07T21:14:31.941242391+08:00","Action":"output","Package":"github.com/lni/dragonboat/v3/internal/raft","Test":"TestAssuranceWitnessRecoveryExploration","Output":"2026-10-07 21:14:31.941032 W | raft: [f:1,l:4,t:2,c:4,a:4] [00001:00002] t7 received RequestVoteResp from n00002\n"}
{"Time":"2026-10-07T21:14:31.941251524+08:00","Action":"output","Package":"github.com/lni/dragonboat/v3/internal/raft","Test":"TestAssuranceWitnessRecoveryExploration","Output":"2026-10-07 21:14:31.941039 W | raft: [f:1,l:4,t:2,c:4,a:4] [00001:00002] t7 sent RequestVote to n00001\n"}
{"Time":"2026-10-07T21:14:31.941263215+08:00","Action":"output","Package":"github.com/lni/dragonboat/v3/internal/raft","Test":"TestAssuranceWitnessRecoveryExploration","Output":"2026-10-07 21:14:31.941045 W | raft: [f:1,l:4,t:2,c:4,a:4] [00001:00002] t7 sent RequestVote to n00003\n"}
{"Time":"2026-10-07T21:14:31.9412733+08:00","Action":"output","Package":"github.com/lni/dragonboat/v3/internal/raft","Test":"TestAssuranceWitnessRecoveryExploration","Output":"2026-10-07 21:14:31.941053 W | raft: [f:1,l:5,t:2,c:5,a:5] [00001:00003] t6 received RequestVote with higher term (7) from n00002\n"}
{"Time":"2026-10-07T21:14:31.941282896+08:00","Action":"output","Package":"github.com/lni/dragonboat/v3/internal/raft","Test":"TestAssuranceWitnessRecoveryExploration","Output":"2026-10-07 21:14:31.941060 I | raft: [f:1,l:5,t:2,c:5,a:5] [00001:00003] t7 became witness\n"}
{"Time":"2026-10-07T21:14:31.941292746+08:00","Action":"output","Package":"github.com/lni/dragonboat/v3/internal/raft","Test":"TestAssuranceWitnessRecoveryExploration","Output":"2026-10-07 21:14:31.941090 W | raft: [f:1,l:5,t:2,c:5,a:5] [00001:00003] t7 rejected vote n00002 index4 term7,logterm2,granttrue,utdfalse\n"}
{"Time":"2026-10-07T21:14:31.94130262+08:00","Action":"output","Package":"github.com/lni/dragonboat/v3/internal/raft","Test":"TestAssuranceWitnessRecoveryExploration","Output":"2026-10-07 21:14:31.941100 W | raft: [f:1,l:4,t:2,c:4,a:4] [00001:00002] t7 received RequestVoteResp rejection from n00003\n"}
{"Time":"2026-10-07T21:14:31.941312496+08:00","Action":"output","Package":"github.com/lni/dragonboat/v3/internal/raft","Test":"TestAssuranceWitnessRecoveryExploration","Output":"2026-10-07 21:14:31.941106 W | raft: [f:1,l:4,t:2,c:4,a:4] [00001:00002] t7 received 1 votes and 1 rejections, quorum is 2\n"}
{"Time":"2026-10-07T21:14:31.941321878+08:00","Action":"output","Package":"github.com/lni/dragonboat/v3/internal/raft","Test":"TestAssuranceWitnessRecoveryExploration","Output":"2026-10-07 21:14:31.941137 W | raft: [f:1,l:4,t:2,c:4,a:4] [00001:00002] t8 became candidate\n"}
{"Time":"2026-10-07T21:14:31.94133115+08:00","Action":"output","Package":"github.com/lni/dragonboat/v3/internal/raft","Test":"TestAssuranceWitnessRecoveryExploration","Output":"2026-10-07 21:14:31.941143 W | raft: [f:1,l:4,t:2,c:4,a:4] [00001:00002] t8 received RequestVoteResp from n00002\n"}
{"Time":"2026-10-07T21:14:31.941340923+08:00","Action":"output","Package":"github.com/lni/dragonboat/v3/internal/raft","Test":"TestAssuranceWitnessRecoveryExploration","Output":"2026-10-07 21:14:31.941151 W | raft: [f:1,l:4,t:2,c:4,a:4] [00001:00002] t8 sent RequestVote to n00001\n"}
{"Time":"2026-10-07T21:14:31.941350325+08:00","Action":"output","Package":"github.com/lni/dragonboat/v3/internal/raft","Test":"TestAssuranceWitnessRecoveryExploration","Output":"2026-10-07 21:14:31.941158 W | raft: [f:1,l:4,t:2,c:4,a:4] [00001:00002] t8 sent RequestVote to n00003\n"}
{"Time":"2026-10-07T21:14:31.941360213+08:00","Action":"output","Package":"github.com/lni/dragonboat/v3/internal/raft","Test":"TestAssuranceWitnessRecoveryExploration","Output":"2026-10-07 21:14:31.941175 W | raft: [f:1,l:5,t:2,c:5,a:5] [00001:00003] t7 received RequestVote with higher term (8) from n00002\n"}
{"Time":"2026-10-07T21:14:31.941369392+08:00","Action":"output","Package":"github.com/lni/dragonboat/v3/internal/raft","Test":"TestAssuranceWitnessRecoveryExploration","Output":"2026-10-07 21:14:31.941183 I | raft: [f:1,l:5,t:2,c:5,a:5] [00001:00003] t8 became witness\n"}
{"Time":"2026-10-07T21:14:31.94137889+08:00","Action":"output","Package":"github.com/lni/dragonboat/v3/internal/raft","Test":"TestAssuranceWitnessRecoveryExploration","Output":"2026-10-07 21:14:31.941189 W | raft: [f:1,l:5,t:2,c:5,a:5] [00001:00003] t8 rejected vote n00002 index4 term8,logterm2,granttrue,utdfalse\n"}
{"Time":"2026-10-07T21:14:31.94139071+08:00","Action":"output","Package":"github.com/lni/dragonboat/v3/internal/raft","Test":"TestAssuranceWitnessRecoveryExploration","Output":"2026-10-07 21:14:31.941196 W | raft: [f:1,l:4,t:2,c:4,a:4] [00001:00002] t8 received RequestVoteResp rejection from n00003\n"}
{"Time":"2026-10-07T21:14:31.941401375+08:00","Action":"output","Package":"github.com/lni/dragonboat/v3/internal/raft","Test":"TestAssuranceWitnessRecoveryExploration","Output":"2026-10-07 21:14:31.941202 W | raft: [f:1,l:4,t:2,c:4,a:4] [00001:00002] t8 received 1 votes and 1 rejections, quorum is 2\n"}
{"Time":"2026-10-07T21:14:31.941453238+08:00","Action":"output","Package":"github.com/lni/dragonboat/v3/internal/raft","Test":"TestAssuranceWitnessRecoveryExploration","Output":"CA_EVENT {\"dropped\":8,\"event\":\"bounded_suffix\",\"full2_last\":4,\"full2_state\":\"Candidate\",\"full2_term\":8,\"run\":\"witness-recovery\",\"ticks_each\":100,\"vote_rejections\":6,\"witness_last\":5,\"witness_state\":\"Witness\",\"witness_term\":8}\n"}
{"Time":"2026-10-07T21:14:31.941497679+08:00","Action":"output","Package":"github.com/lni/dragonboat/v3/internal/raft","Test":"TestAssuranceWitnessRecoveryExploration","Output":"--- PASS: TestAssuranceWitnessRecoveryExploration (0.00s)\n"}
{"Time":"2026-10-07T21:14:31.941511392+08:00","Action":"pass","Package":"github.com/lni/dragonboat/v3/internal/raft","Test":"TestAssuranceWitnessRecoveryExploration","Elapsed":0}
{"Time":"2026-10-07T21:14:31.94153473+08:00","Action":"output","Package":"github.com/lni/dragonboat/v3/internal/raft","Output":"PASS\n"}
{"Time":"2026-10-07T21:14:31.943566278+08:00","Action":"output","Package":"github.com/lni/dragonboat/v3/internal/raft","Output":"ok  \tgithub.com/lni/dragonboat/v3/internal/raft\t0.018s\n"}
{"Time":"2026-10-07T21:14:31.943612765+08:00","Action":"pass","Package":"github.com/lni/dragonboat/v3/internal/raft","Elapsed":0.018}
