{"Time":"2026-10-04T10:47:01.099391225+08:00","Action":"start","Package":"go.etcd.io/raft/v3"}
{"Time":"2026-10-04T10:47:01.109989803+08:00","Action":"run","Package":"go.etcd.io/raft/v3","Test":"TestAssuranceJointExitExploration"}
{"Time":"2026-10-04T10:47:01.110040483+08:00","Action":"output","Package":"go.etcd.io/raft/v3","Test":"TestAssuranceJointExitExploration","Output":"=== RUN   TestAssuranceJointExitExploration\n"}
{"Time":"2026-10-04T10:47:01.110110326+08:00","Action":"run","Package":"go.etcd.io/raft/v3","Test":"TestAssuranceJointExitExploration/control"}
{"Time":"2026-10-04T10:47:01.110118598+08:00","Action":"output","Package":"go.etcd.io/raft/v3","Test":"TestAssuranceJointExitExploration/control","Output":"=== RUN   TestAssuranceJointExitExploration/control\n"}
{"Time":"2026-10-04T10:47:01.110127598+08:00","Action":"output","Package":"go.etcd.io/raft/v3","Test":"TestAssuranceJointExitExploration/control","Output":"raft2026/10/04 10:47:01 INFO: 1 switched to configuration voters=()\n"}
{"Time":"2026-10-04T10:47:01.11013564+08:00","Action":"output","Package":"go.etcd.io/raft/v3","Test":"TestAssuranceJointExitExploration/control","Output":"raft2026/10/04 10:47:01 INFO: 1 became follower at term 0\n"}
{"Time":"2026-10-04T10:47:01.11014247+08:00","Action":"output","Package":"go.etcd.io/raft/v3","Test":"TestAssuranceJointExitExploration/control","Output":"raft2026/10/04 10:47:01 INFO: newRaft 1 [peers: [], term: 0, commit: 0, applied: 0, lastindex: 0, lastterm: 0]\n"}
{"Time":"2026-10-04T10:47:01.110149308+08:00","Action":"output","Package":"go.etcd.io/raft/v3","Test":"TestAssuranceJointExitExploration/control","Output":"raft2026/10/04 10:47:01 INFO: 1 became follower at term 1\n"}
{"Time":"2026-10-04T10:47:01.110162979+08:00","Action":"output","Package":"go.etcd.io/raft/v3","Test":"TestAssuranceJointExitExploration/control","Output":"raft2026/10/04 10:47:01 INFO: 1 switched to configuration voters=(1)\n"}
{"Time":"2026-10-04T10:47:01.110169965+08:00","Action":"output","Package":"go.etcd.io/raft/v3","Test":"TestAssuranceJointExitExploration/control","Output":"raft2026/10/04 10:47:01 INFO: 1 switched to configuration voters=(1 2)\n"}
{"Time":"2026-10-04T10:47:01.110176098+08:00","Action":"output","Package":"go.etcd.io/raft/v3","Test":"TestAssuranceJointExitExploration/control","Output":"raft2026/10/04 10:47:01 INFO: 1 switched to configuration voters=(1 2 3)\n"}
{"Time":"2026-10-04T10:47:01.110187068+08:00","Action":"output","Package":"go.etcd.io/raft/v3","Test":"TestAssuranceJointExitExploration/control","Output":"raft2026/10/04 10:47:01 INFO: 2 switched to configuration voters=()\n"}
{"Time":"2026-10-04T10:47:01.11019351+08:00","Action":"output","Package":"go.etcd.io/raft/v3","Test":"TestAssuranceJointExitExploration/control","Output":"raft2026/10/04 10:47:01 INFO: 2 became follower at term 0\n"}
{"Time":"2026-10-04T10:47:01.110199474+08:00","Action":"output","Package":"go.etcd.io/raft/v3","Test":"TestAssuranceJointExitExploration/control","Output":"raft2026/10/04 10:47:01 INFO: newRaft 2 [peers: [], term: 0, commit: 0, applied: 0, lastindex: 0, lastterm: 0]\n"}
{"Time":"2026-10-04T10:47:01.110205469+08:00","Action":"output","Package":"go.etcd.io/raft/v3","Test":"TestAssuranceJointExitExploration/control","Output":"raft2026/10/04 10:47:01 INFO: 2 became follower at term 1\n"}
{"Time":"2026-10-04T10:47:01.110216451+08:00","Action":"output","Package":"go.etcd.io/raft/v3","Test":"TestAssuranceJointExitExploration/control","Output":"raft2026/10/04 10:47:01 INFO: 2 switched to configuration voters=(1)\n"}
{"Time":"2026-10-04T10:47:01.110222572+08:00","Action":"output","Package":"go.etcd.io/raft/v3","Test":"TestAssuranceJointExitExploration/control","Output":"raft2026/10/04 10:47:01 INFO: 2 switched to configuration voters=(1 2)\n"}
{"Time":"2026-10-04T10:47:01.11022879+08:00","Action":"output","Package":"go.etcd.io/raft/v3","Test":"TestAssuranceJointExitExploration/control","Output":"raft2026/10/04 10:47:01 INFO: 2 switched to configuration voters=(1 2 3)\n"}
{"Time":"2026-10-04T10:47:01.110234632+08:00","Action":"output","Package":"go.etcd.io/raft/v3","Test":"TestAssuranceJointExitExploration/control","Output":"raft2026/10/04 10:47:01 INFO: 3 switched to configuration voters=()\n"}
{"Time":"2026-10-04T10:47:01.11024769+08:00","Action":"output","Package":"go.etcd.io/raft/v3","Test":"TestAssuranceJointExitExploration/control","Output":"raft2026/10/04 10:47:01 INFO: 3 became follower at term 0\n"}
{"Time":"2026-10-04T10:47:01.110258108+08:00","Action":"output","Package":"go.etcd.io/raft/v3","Test":"TestAssuranceJointExitExploration/control","Output":"raft2026/10/04 10:47:01 INFO: newRaft 3 [peers: [], term: 0, commit: 0, applied: 0, lastindex: 0, lastterm: 0]\n"}
{"Time":"2026-10-04T10:47:01.110265133+08:00","Action":"output","Package":"go.etcd.io/raft/v3","Test":"TestAssuranceJointExitExploration/control","Output":"raft2026/10/04 10:47:01 INFO: 3 became follower at term 1\n"}
{"Time":"2026-10-04T10:47:01.110274746+08:00","Action":"output","Package":"go.etcd.io/raft/v3","Test":"TestAssuranceJointExitExploration/control","Output":"raft2026/10/04 10:47:01 INFO: 3 switched to configuration voters=(1)\n"}
{"Time":"2026-10-04T10:47:01.110305008+08:00","Action":"output","Package":"go.etcd.io/raft/v3","Test":"TestAssuranceJointExitExploration/control","Output":"raft2026/10/04 10:47:01 INFO: 3 switched to configuration voters=(1 2)\n"}
{"Time":"2026-10-04T10:47:01.110311857+08:00","Action":"output","Package":"go.etcd.io/raft/v3","Test":"TestAssuranceJointExitExploration/control","Output":"raft2026/10/04 10:47:01 INFO: 3 switched to configuration voters=(1 2 3)\n"}
{"Time":"2026-10-04T10:47:01.110320914+08:00","Action":"output","Package":"go.etcd.io/raft/v3","Test":"TestAssuranceJointExitExploration/control","Output":"raft2026/10/04 10:47:01 INFO: 1 switched to configuration voters=(1 2 3)\n"}
{"Time":"2026-10-04T10:47:01.110329884+08:00","Action":"output","Package":"go.etcd.io/raft/v3","Test":"TestAssuranceJointExitExploration/control","Output":"raft2026/10/04 10:47:01 INFO: 1 switched to configuration voters=(1 2 3)\n"}
{"Time":"2026-10-04T10:47:01.110338771+08:00","Action":"output","Package":"go.etcd.io/raft/v3","Test":"TestAssuranceJointExitExploration/control","Output":"raft2026/10/04 10:47:01 INFO: 1 switched to configuration voters=(1 2 3)\n"}
{"Time":"2026-10-04T10:47:01.110351734+08:00","Action":"output","Package":"go.etcd.io/raft/v3","Test":"TestAssuranceJointExitExploration/control","Output":"raft2026/10/04 10:47:01 INFO: 2 switched to configuration voters=(1 2 3)\n"}
{"Time":"2026-10-04T10:47:01.110360815+08:00","Action":"output","Package":"go.etcd.io/raft/v3","Test":"TestAssuranceJointExitExploration/control","Output":"raft2026/10/04 10:47:01 INFO: 2 switched to configuration voters=(1 2 3)\n"}
{"Time":"2026-10-04T10:47:01.110369491+08:00","Action":"output","Package":"go.etcd.io/raft/v3","Test":"TestAssuranceJointExitExploration/control","Output":"raft2026/10/04 10:47:01 INFO: 2 switched to configuration voters=(1 2 3)\n"}
{"Time":"2026-10-04T10:47:01.110378645+08:00","Action":"output","Package":"go.etcd.io/raft/v3","Test":"TestAssuranceJointExitExploration/control","Output":"raft2026/10/04 10:47:01 INFO: 3 switched to configuration voters=(1 2 3)\n"}
{"Time":"2026-10-04T10:47:01.110384687+08:00","Action":"output","Package":"go.etcd.io/raft/v3","Test":"TestAssuranceJointExitExploration/control","Output":"raft2026/10/04 10:47:01 INFO: 3 switched to configuration voters=(1 2 3)\n"}
{"Time":"2026-10-04T10:47:01.110394139+08:00","Action":"output","Package":"go.etcd.io/raft/v3","Test":"TestAssuranceJointExitExploration/control","Output":"raft2026/10/04 10:47:01 INFO: 3 switched to configuration voters=(1 2 3)\n"}
{"Time":"2026-10-04T10:47:01.110400611+08:00","Action":"output","Package":"go.etcd.io/raft/v3","Test":"TestAssuranceJointExitExploration/control","Output":"raft2026/10/04 10:47:01 INFO: 1 is starting a new election at term 1\n"}
{"Time":"2026-10-04T10:47:01.110409554+08:00","Action":"output","Package":"go.etcd.io/raft/v3","Test":"TestAssuranceJointExitExploration/control","Output":"raft2026/10/04 10:47:01 INFO: 1 became candidate at term 2\n"}
{"Time":"2026-10-04T10:47:01.110482809+08:00","Action":"output","Package":"go.etcd.io/raft/v3","Test":"TestAssuranceJointExitExploration/control","Output":"raft2026/10/04 10:47:01 INFO: 1 [logterm: 1, index: 3] sent MsgVote request to 2 at term 2\n"}
{"Time":"2026-10-04T10:47:01.11049307+08:00","Action":"output","Package":"go.etcd.io/raft/v3","Test":"TestAssuranceJointExitExploration/control","Output":"raft2026/10/04 10:47:01 INFO: 1 [logterm: 1, index: 3] sent MsgVote request to 3 at term 2\n"}
{"Time":"2026-10-04T10:47:01.110499336+08:00","Action":"output","Package":"go.etcd.io/raft/v3","Test":"TestAssuranceJointExitExploration/control","Output":"raft2026/10/04 10:47:01 INFO: 1 received MsgVoteResp from 1 at term 2\n"}
{"Time":"2026-10-04T10:47:01.110510819+08:00","Action":"output","Package":"go.etcd.io/raft/v3","Test":"TestAssuranceJointExitExploration/control","Output":"raft2026/10/04 10:47:01 INFO: 1 has received 1 MsgVoteResp votes and 0 vote rejections\n"}
{"Time":"2026-10-04T10:47:01.110517799+08:00","Action":"output","Package":"go.etcd.io/raft/v3","Test":"TestAssuranceJointExitExploration/control","Output":"raft2026/10/04 10:47:01 INFO: 2 [term: 1] received a MsgVote message with higher term from 1 [term: 2]\n"}
{"Time":"2026-10-04T10:47:01.11052457+08:00","Action":"output","Package":"go.etcd.io/raft/v3","Test":"TestAssuranceJointExitExploration/control","Output":"raft2026/10/04 10:47:01 INFO: 2 became follower at term 2\n"}
{"Time":"2026-10-04T10:47:01.110531211+08:00","Action":"output","Package":"go.etcd.io/raft/v3","Test":"TestAssuranceJointExitExploration/control","Output":"raft2026/10/04 10:47:01 INFO: 2 [logterm: 1, index: 3, vote: 0] cast MsgVote for 1 [logterm: 1, index: 3] at term 2\n"}
{"Time":"2026-10-04T10:47:01.110537258+08:00","Action":"output","Package":"go.etcd.io/raft/v3","Test":"TestAssuranceJointExitExploration/control","Output":"raft2026/10/04 10:47:01 INFO: 3 [term: 1] received a MsgVote message with higher term from 1 [term: 2]\n"}
{"Time":"2026-10-04T10:47:01.110543372+08:00","Action":"output","Package":"go.etcd.io/raft/v3","Test":"TestAssuranceJointExitExploration/control","Output":"raft2026/10/04 10:47:01 INFO: 3 became follower at term 2\n"}
{"Time":"2026-10-04T10:47:01.110549559+08:00","Action":"output","Package":"go.etcd.io/raft/v3","Test":"TestAssuranceJointExitExploration/control","Output":"raft2026/10/04 10:47:01 INFO: 3 [logterm: 1, index: 3, vote: 0] cast MsgVote for 1 [logterm: 1, index: 3] at term 2\n"}
{"Time":"2026-10-04T10:47:01.110558843+08:00","Action":"output","Package":"go.etcd.io/raft/v3","Test":"TestAssuranceJointExitExploration/control","Output":"raft2026/10/04 10:47:01 INFO: 1 received MsgVoteResp from 2 at term 2\n"}
{"Time":"2026-10-04T10:47:01.110604766+08:00","Action":"output","Package":"go.etcd.io/raft/v3","Test":"TestAssuranceJointExitExploration/control","Output":"raft2026/10/04 10:47:01 INFO: 1 has received 2 MsgVoteResp votes and 0 vote rejections\n"}
{"Time":"2026-10-04T10:47:01.110612012+08:00","Action":"output","Package":"go.etcd.io/raft/v3","Test":"TestAssuranceJointExitExploration/control","Output":"raft2026/10/04 10:47:01 INFO: 1 became leader at term 2\n"}
{"Time":"2026-10-04T10:47:01.110622197+08:00","Action":"output","Package":"go.etcd.io/raft/v3","Test":"TestAssuranceJointExitExploration/control","Output":"CA_EVENT {\"after_append\":0,\"application_bytes\":0,\"applied\":4,\"applying\":4,\"auto_leave\":false,\"case\":\"control\",\"commit\":4,\"conf_index\":0,\"dropped\":0,\"election_elapsed\":0,\"event\":\"observation\",\"has_ready\":false,\"heartbeat_elapsed\":0,\"last_index\":4,\"leader\":1,\"messages\":0,\"outgoing_count\":0,\"pending_conf_index\":3,\"phase\":\"elected\",\"queue\":0,\"role\":\"StateLeader\",\"snapshot_pending\":false,\"steps_on_advance\":0,\"stored_last\":4,\"term\":2,\"transferee\":0,\"unstable_entries\":0}\n"}
{"Time":"2026-10-04T10:47:01.110647208+08:00","Action":"output","Package":"go.etcd.io/raft/v3","Test":"TestAssuranceJointExitExploration/control","Output":"raft2026/10/04 10:47:01 INFO: 1 switched to configuration voters=(1 2)\u0026\u0026(1 2 3) autoleave\n"}
{"Time":"2026-10-04T10:47:01.110669181+08:00","Action":"output","Package":"go.etcd.io/raft/v3","Test":"TestAssuranceJointExitExploration/control","Output":"CA_EVENT {\"auto_leave\":true,\"case\":\"control\",\"commit\":5,\"event\":\"joint_applied\",\"index\":5,\"node\":1,\"outgoing\":[1,2,3],\"term\":2}\n"}
{"Time":"2026-10-04T10:47:01.11068809+08:00","Action":"output","Package":"go.etcd.io/raft/v3","Test":"TestAssuranceJointExitExploration/control","Output":"raft2026/10/04 10:47:01 INFO: initiating automatic transition out of joint configuration voters=(1 2)\u0026\u0026(1 2 3) autoleave\n"}
{"Time":"2026-10-04T10:47:01.11072952+08:00","Action":"output","Package":"go.etcd.io/raft/v3","Test":"TestAssuranceJointExitExploration/control","Output":"raft2026/10/04 10:47:01 INFO: 2 switched to configuration voters=(1 2)\u0026\u0026(1 2 3) autoleave\n"}
{"Time":"2026-10-04T10:47:01.110740581+08:00","Action":"output","Package":"go.etcd.io/raft/v3","Test":"TestAssuranceJointExitExploration/control","Output":"raft2026/10/04 10:47:01 INFO: 3 switched to configuration voters=(1 2)\u0026\u0026(1 2 3) autoleave\n"}
{"Time":"2026-10-04T10:47:01.110746589+08:00","Action":"output","Package":"go.etcd.io/raft/v3","Test":"TestAssuranceJointExitExploration/control","Output":"raft2026/10/04 10:47:01 INFO: 1 switched to configuration voters=(1 2)\n"}
{"Time":"2026-10-04T10:47:01.110752229+08:00","Action":"output","Package":"go.etcd.io/raft/v3","Test":"TestAssuranceJointExitExploration/control","Output":"raft2026/10/04 10:47:01 INFO: 2 switched to configuration voters=(1 2)\n"}
{"Time":"2026-10-04T10:47:01.110757692+08:00","Action":"output","Package":"go.etcd.io/raft/v3","Test":"TestAssuranceJointExitExploration/control","Output":"raft2026/10/04 10:47:01 INFO: 3 switched to configuration voters=(1 2)\n"}
{"Time":"2026-10-04T10:47:01.110767132+08:00","Action":"output","Package":"go.etcd.io/raft/v3","Test":"TestAssuranceJointExitExploration/control","Output":"CA_EVENT {\"after_append\":0,\"application_bytes\":0,\"applied\":6,\"applying\":6,\"auto_leave\":false,\"case\":\"control\",\"commit\":6,\"conf_index\":5,\"dropped\":0,\"election_elapsed\":0,\"event\":\"observation\",\"has_ready\":false,\"heartbeat_elapsed\":0,\"last_index\":6,\"leader\":1,\"messages\":0,\"outgoing_count\":0,\"pending_conf_index\":6,\"phase\":\"after_application\",\"queue\":0,\"role\":\"StateLeader\",\"snapshot_pending\":false,\"steps_on_advance\":0,\"stored_last\":6,\"term\":2,\"transferee\":0,\"unstable_entries\":0}\n"}
{"Time":"2026-10-04T10:47:01.111260195+08:00","Action":"output","Package":"go.etcd.io/raft/v3","Test":"TestAssuranceJointExitExploration/control","Output":"CA_EVENT {\"after_append\":0,\"application_bytes\":0,\"applied\":6,\"applying\":6,\"auto_leave\":false,\"case\":\"control\",\"commit\":6,\"conf_index\":5,\"dropped\":0,\"election_elapsed\":0,\"event\":\"observation\",\"has_ready\":false,\"heartbeat_elapsed\":0,\"last_index\":6,\"leader\":1,\"messages\":0,\"outgoing_count\":0,\"pending_conf_index\":6,\"phase\":\"after_timeout\",\"queue\":0,\"role\":\"StateLeader\",\"snapshot_pending\":false,\"steps_on_advance\":0,\"stored_last\":6,\"term\":2,\"transferee\":0,\"unstable_entries\":0}\n"}
{"Time":"2026-10-04T10:47:01.111449861+08:00","Action":"output","Package":"go.etcd.io/raft/v3","Test":"TestAssuranceJointExitExploration/control","Output":"CA_EVENT {\"after_append\":0,\"application_bytes\":0,\"applied\":6,\"applying\":6,\"auto_leave\":false,\"case\":\"control\",\"commit\":6,\"conf_index\":5,\"dropped\":0,\"election_elapsed\":0,\"event\":\"observation\",\"has_ready\":false,\"heartbeat_elapsed\":0,\"last_index\":6,\"leader\":1,\"messages\":0,\"outgoing_count\":0,\"pending_conf_index\":6,\"phase\":\"after_reliable_suffix\",\"queue\":0,\"role\":\"StateLeader\",\"snapshot_pending\":false,\"steps_on_advance\":0,\"stored_last\":6,\"term\":2,\"transferee\":0,\"unstable_entries\":0}\n"}
{"Time":"2026-10-04T10:47:01.111580877+08:00","Action":"output","Package":"go.etcd.io/raft/v3","Test":"TestAssuranceJointExitExploration/control","Output":"CA_EVENT {\"after_append\":0,\"application_bytes\":0,\"applied\":7,\"applying\":7,\"auto_leave\":false,\"case\":\"control\",\"commit\":7,\"conf_index\":5,\"dropped\":0,\"election_elapsed\":0,\"event\":\"observation\",\"has_ready\":false,\"heartbeat_elapsed\":0,\"last_index\":7,\"leader\":1,\"messages\":0,\"outgoing_count\":0,\"pending_conf_index\":6,\"phase\":\"after_rescue\",\"queue\":0,\"role\":\"StateLeader\",\"snapshot_pending\":false,\"steps_on_advance\":0,\"stored_last\":7,\"term\":2,\"transferee\":0,\"unstable_entries\":0}\n"}
{"Time":"2026-10-04T10:47:01.111632365+08:00","Action":"output","Package":"go.etcd.io/raft/v3","Test":"TestAssuranceJointExitExploration/control","Output":"--- PASS: TestAssuranceJointExitExploration/control (0.00s)\n"}
{"Time":"2026-10-04T10:47:01.111653029+08:00","Action":"pass","Package":"go.etcd.io/raft/v3","Test":"TestAssuranceJointExitExploration/control","Elapsed":0}
{"Time":"2026-10-04T10:47:01.111763422+08:00","Action":"run","Package":"go.etcd.io/raft/v3","Test":"TestAssuranceJointExitExploration/transfer_overlap"}
{"Time":"2026-10-04T10:47:01.111781853+08:00","Action":"output","Package":"go.etcd.io/raft/v3","Test":"TestAssuranceJointExitExploration/transfer_overlap","Output":"=== RUN   TestAssuranceJointExitExploration/transfer_overlap\n"}
{"Time":"2026-10-04T10:47:01.111800151+08:00","Action":"output","Package":"go.etcd.io/raft/v3","Test":"TestAssuranceJointExitExploration/transfer_overlap","Output":"raft2026/10/04 10:47:01 INFO: 1 switched to configuration voters=()\n"}
{"Time":"2026-10-04T10:47:01.111879189+08:00","Action":"output","Package":"go.etcd.io/raft/v3","Test":"TestAssuranceJointExitExploration/transfer_overlap","Output":"raft2026/10/04 10:47:01 INFO: 1 became follower at term 0\n"}
{"Time":"2026-10-04T10:47:01.111901757+08:00","Action":"output","Package":"go.etcd.io/raft/v3","Test":"TestAssuranceJointExitExploration/transfer_overlap","Output":"raft2026/10/04 10:47:01 INFO: newRaft 1 [peers: [], term: 0, commit: 0, applied: 0, lastindex: 0, lastterm: 0]\n"}
{"Time":"2026-10-04T10:47:01.111918116+08:00","Action":"output","Package":"go.etcd.io/raft/v3","Test":"TestAssuranceJointExitExploration/transfer_overlap","Output":"raft2026/10/04 10:47:01 INFO: 1 became follower at term 1\n"}
{"Time":"2026-10-04T10:47:01.112016173+08:00","Action":"output","Package":"go.etcd.io/raft/v3","Test":"TestAssuranceJointExitExploration/transfer_overlap","Output":"raft2026/10/04 10:47:01 INFO: 1 switched to configuration voters=(1)\n"}
{"Time":"2026-10-04T10:47:01.112041877+08:00","Action":"output","Package":"go.etcd.io/raft/v3","Test":"TestAssuranceJointExitExploration/transfer_overlap","Output":"raft2026/10/04 10:47:01 INFO: 1 switched to configuration voters=(1 2)\n"}
{"Time":"2026-10-04T10:47:01.112199614+08:00","Action":"output","Package":"go.etcd.io/raft/v3","Test":"TestAssuranceJointExitExploration/transfer_overlap","Output":"raft2026/10/04 10:47:01 INFO: 1 switched to configuration voters=(1 2 3)\n"}
{"Time":"2026-10-04T10:47:01.112219106+08:00","Action":"output","Package":"go.etcd.io/raft/v3","Test":"TestAssuranceJointExitExploration/transfer_overlap","Output":"raft2026/10/04 10:47:01 INFO: 2 switched to configuration voters=()\n"}
{"Time":"2026-10-04T10:47:01.112250458+08:00","Action":"output","Package":"go.etcd.io/raft/v3","Test":"TestAssuranceJointExitExploration/transfer_overlap","Output":"raft2026/10/04 10:47:01 INFO: 2 became follower at term 0\n"}
{"Time":"2026-10-04T10:47:01.112295104+08:00","Action":"output","Package":"go.etcd.io/raft/v3","Test":"TestAssuranceJointExitExploration/transfer_overlap","Output":"raft2026/10/04 10:47:01 INFO: newRaft 2 [peers: [], term: 0, commit: 0, applied: 0, lastindex: 0, lastterm: 0]\n"}
{"Time":"2026-10-04T10:47:01.112329909+08:00","Action":"output","Package":"go.etcd.io/raft/v3","Test":"TestAssuranceJointExitExploration/transfer_overlap","Output":"raft2026/10/04 10:47:01 INFO: 2 became follower at term 1\n"}
{"Time":"2026-10-04T10:47:01.112345989+08:00","Action":"output","Package":"go.etcd.io/raft/v3","Test":"TestAssuranceJointExitExploration/transfer_overlap","Output":"raft2026/10/04 10:47:01 INFO: 2 switched to configuration voters=(1)\n"}
{"Time":"2026-10-04T10:47:01.112359517+08:00","Action":"output","Package":"go.etcd.io/raft/v3","Test":"TestAssuranceJointExitExploration/transfer_overlap","Output":"raft2026/10/04 10:47:01 INFO: 2 switched to configuration voters=(1 2)\n"}
{"Time":"2026-10-04T10:47:01.112373398+08:00","Action":"output","Package":"go.etcd.io/raft/v3","Test":"TestAssuranceJointExitExploration/transfer_overlap","Output":"raft2026/10/04 10:47:01 INFO: 2 switched to configuration voters=(1 2 3)\n"}
{"Time":"2026-10-04T10:47:01.11238675+08:00","Action":"output","Package":"go.etcd.io/raft/v3","Test":"TestAssuranceJointExitExploration/transfer_overlap","Output":"raft2026/10/04 10:47:01 INFO: 3 switched to configuration voters=()\n"}
{"Time":"2026-10-04T10:47:01.112400546+08:00","Action":"output","Package":"go.etcd.io/raft/v3","Test":"TestAssuranceJointExitExploration/transfer_overlap","Output":"raft2026/10/04 10:47:01 INFO: 3 became follower at term 0\n"}
{"Time":"2026-10-04T10:47:01.1124143+08:00","Action":"output","Package":"go.etcd.io/raft/v3","Test":"TestAssuranceJointExitExploration/transfer_overlap","Output":"raft2026/10/04 10:47:01 INFO: newRaft 3 [peers: [], term: 0, commit: 0, applied: 0, lastindex: 0, lastterm: 0]\n"}
{"Time":"2026-10-04T10:47:01.112428959+08:00","Action":"output","Package":"go.etcd.io/raft/v3","Test":"TestAssuranceJointExitExploration/transfer_overlap","Output":"raft2026/10/04 10:47:01 INFO: 3 became follower at term 1\n"}
{"Time":"2026-10-04T10:47:01.112442717+08:00","Action":"output","Package":"go.etcd.io/raft/v3","Test":"TestAssuranceJointExitExploration/transfer_overlap","Output":"raft2026/10/04 10:47:01 INFO: 3 switched to configuration voters=(1)\n"}
{"Time":"2026-10-04T10:47:01.112455825+08:00","Action":"output","Package":"go.etcd.io/raft/v3","Test":"TestAssuranceJointExitExploration/transfer_overlap","Output":"raft2026/10/04 10:47:01 INFO: 3 switched to configuration voters=(1 2)\n"}
{"Time":"2026-10-04T10:47:01.112468615+08:00","Action":"output","Package":"go.etcd.io/raft/v3","Test":"TestAssuranceJointExitExploration/transfer_overlap","Output":"raft2026/10/04 10:47:01 INFO: 3 switched to configuration voters=(1 2 3)\n"}
{"Time":"2026-10-04T10:47:01.112481859+08:00","Action":"output","Package":"go.etcd.io/raft/v3","Test":"TestAssuranceJointExitExploration/transfer_overlap","Output":"raft2026/10/04 10:47:01 INFO: 1 switched to configuration voters=(1 2 3)\n"}
{"Time":"2026-10-04T10:47:01.112495221+08:00","Action":"output","Package":"go.etcd.io/raft/v3","Test":"TestAssuranceJointExitExploration/transfer_overlap","Output":"raft2026/10/04 10:47:01 INFO: 1 switched to configuration voters=(1 2 3)\n"}
{"Time":"2026-10-04T10:47:01.112508566+08:00","Action":"output","Package":"go.etcd.io/raft/v3","Test":"TestAssuranceJointExitExploration/transfer_overlap","Output":"raft2026/10/04 10:47:01 INFO: 1 switched to configuration voters=(1 2 3)\n"}
{"Time":"2026-10-04T10:47:01.112525788+08:00","Action":"output","Package":"go.etcd.io/raft/v3","Test":"TestAssuranceJointExitExploration/transfer_overlap","Output":"raft2026/10/04 10:47:01 INFO: 2 switched to configuration voters=(1 2 3)\n"}
{"Time":"2026-10-04T10:47:01.112539597+08:00","Action":"output","Package":"go.etcd.io/raft/v3","Test":"TestAssuranceJointExitExploration/transfer_overlap","Output":"raft2026/10/04 10:47:01 INFO: 2 switched to configuration voters=(1 2 3)\n"}
{"Time":"2026-10-04T10:47:01.112557814+08:00","Action":"output","Package":"go.etcd.io/raft/v3","Test":"TestAssuranceJointExitExploration/transfer_overlap","Output":"raft2026/10/04 10:47:01 INFO: 2 switched to configuration voters=(1 2 3)\n"}
{"Time":"2026-10-04T10:47:01.112572424+08:00","Action":"output","Package":"go.etcd.io/raft/v3","Test":"TestAssuranceJointExitExploration/transfer_overlap","Output":"raft2026/10/04 10:47:01 INFO: 3 switched to configuration voters=(1 2 3)\n"}
{"Time":"2026-10-04T10:47:01.112585773+08:00","Action":"output","Package":"go.etcd.io/raft/v3","Test":"TestAssuranceJointExitExploration/transfer_overlap","Output":"raft2026/10/04 10:47:01 INFO: 3 switched to configuration voters=(1 2 3)\n"}
{"Time":"2026-10-04T10:47:01.112599182+08:00","Action":"output","Package":"go.etcd.io/raft/v3","Test":"TestAssuranceJointExitExploration/transfer_overlap","Output":"raft2026/10/04 10:47:01 INFO: 3 switched to configuration voters=(1 2 3)\n"}
{"Time":"2026-10-04T10:47:01.112612739+08:00","Action":"output","Package":"go.etcd.io/raft/v3","Test":"TestAssuranceJointExitExploration/transfer_overlap","Output":"raft2026/10/04 10:47:01 INFO: 1 is starting a new election at term 1\n"}
{"Time":"2026-10-04T10:47:01.112762551+08:00","Action":"output","Package":"go.etcd.io/raft/v3","Test":"TestAssuranceJointExitExploration/transfer_overlap","Output":"raft2026/10/04 10:47:01 INFO: 1 became candidate at term 2\n"}
{"Time":"2026-10-04T10:47:01.112783933+08:00","Action":"output","Package":"go.etcd.io/raft/v3","Test":"TestAssuranceJointExitExploration/transfer_overlap","Output":"raft2026/10/04 10:47:01 INFO: 1 [logterm: 1, index: 3] sent MsgVote request to 2 at term 2\n"}
{"Time":"2026-10-04T10:47:01.11281115+08:00","Action":"output","Package":"go.etcd.io/raft/v3","Test":"TestAssuranceJointExitExploration/transfer_overlap","Output":"raft2026/10/04 10:47:01 INFO: 1 [logterm: 1, index: 3] sent MsgVote request to 3 at term 2\n"}
{"Time":"2026-10-04T10:47:01.11282895+08:00","Action":"output","Package":"go.etcd.io/raft/v3","Test":"TestAssuranceJointExitExploration/transfer_overlap","Output":"raft2026/10/04 10:47:01 INFO: 1 received MsgVoteResp from 1 at term 2\n"}
{"Time":"2026-10-04T10:47:01.112896466+08:00","Action":"output","Package":"go.etcd.io/raft/v3","Test":"TestAssuranceJointExitExploration/transfer_overlap","Output":"raft2026/10/04 10:47:01 INFO: 1 has received 1 MsgVoteResp votes and 0 vote rejections\n"}
{"Time":"2026-10-04T10:47:01.112914306+08:00","Action":"output","Package":"go.etcd.io/raft/v3","Test":"TestAssuranceJointExitExploration/transfer_overlap","Output":"raft2026/10/04 10:47:01 INFO: 2 [term: 1] received a MsgVote message with higher term from 1 [term: 2]\n"}
{"Time":"2026-10-04T10:47:01.112929451+08:00","Action":"output","Package":"go.etcd.io/raft/v3","Test":"TestAssuranceJointExitExploration/transfer_overlap","Output":"raft2026/10/04 10:47:01 INFO: 2 became follower at term 2\n"}
{"Time":"2026-10-04T10:47:01.112943813+08:00","Action":"output","Package":"go.etcd.io/raft/v3","Test":"TestAssuranceJointExitExploration/transfer_overlap","Output":"raft2026/10/04 10:47:01 INFO: 2 [logterm: 1, index: 3, vote: 0] cast MsgVote for 1 [logterm: 1, index: 3] at term 2\n"}
{"Time":"2026-10-04T10:47:01.113020957+08:00","Action":"output","Package":"go.etcd.io/raft/v3","Test":"TestAssuranceJointExitExploration/transfer_overlap","Output":"raft2026/10/04 10:47:01 INFO: 3 [term: 1] received a MsgVote message with higher term from 1 [term: 2]\n"}
{"Time":"2026-10-04T10:47:01.113036761+08:00","Action":"output","Package":"go.etcd.io/raft/v3","Test":"TestAssuranceJointExitExploration/transfer_overlap","Output":"raft2026/10/04 10:47:01 INFO: 3 became follower at term 2\n"}
{"Time":"2026-10-04T10:47:01.113050553+08:00","Action":"output","Package":"go.etcd.io/raft/v3","Test":"TestAssuranceJointExitExploration/transfer_overlap","Output":"raft2026/10/04 10:47:01 INFO: 3 [logterm: 1, index: 3, vote: 0] cast MsgVote for 1 [logterm: 1, index: 3] at term 2\n"}
{"Time":"2026-10-04T10:47:01.113064955+08:00","Action":"output","Package":"go.etcd.io/raft/v3","Test":"TestAssuranceJointExitExploration/transfer_overlap","Output":"raft2026/10/04 10:47:01 INFO: 1 received MsgVoteResp from 2 at term 2\n"}
{"Time":"2026-10-04T10:47:01.1130792+08:00","Action":"output","Package":"go.etcd.io/raft/v3","Test":"TestAssuranceJointExitExploration/transfer_overlap","Output":"raft2026/10/04 10:47:01 INFO: 1 has received 2 MsgVoteResp votes and 0 vote rejections\n"}
{"Time":"2026-10-04T10:47:01.113093811+08:00","Action":"output","Package":"go.etcd.io/raft/v3","Test":"TestAssuranceJointExitExploration/transfer_overlap","Output":"raft2026/10/04 10:47:01 INFO: 1 became leader at term 2\n"}
{"Time":"2026-10-04T10:47:01.113121781+08:00","Action":"output","Package":"go.etcd.io/raft/v3","Test":"TestAssuranceJointExitExploration/transfer_overlap","Output":"CA_EVENT {\"after_append\":0,\"application_bytes\":0,\"applied\":4,\"applying\":4,\"auto_leave\":false,\"case\":\"transfer_overlap\",\"commit\":4,\"conf_index\":0,\"dropped\":0,\"election_elapsed\":0,\"event\":\"observation\",\"has_ready\":false,\"heartbeat_elapsed\":0,\"last_index\":4,\"leader\":1,\"messages\":0,\"outgoing_count\":0,\"pending_conf_index\":3,\"phase\":\"elected\",\"queue\":0,\"role\":\"StateLeader\",\"snapshot_pending\":false,\"steps_on_advance\":0,\"stored_last\":4,\"term\":2,\"transferee\":0,\"unstable_entries\":0}\n"}
{"Time":"2026-10-04T10:47:01.113150168+08:00","Action":"output","Package":"go.etcd.io/raft/v3","Test":"TestAssuranceJointExitExploration/transfer_overlap","Output":"raft2026/10/04 10:47:01 INFO: 1 switched to configuration voters=(1 2)\u0026\u0026(1 2 3) autoleave\n"}
{"Time":"2026-10-04T10:47:01.113167513+08:00","Action":"output","Package":"go.etcd.io/raft/v3","Test":"TestAssuranceJointExitExploration/transfer_overlap","Output":"CA_EVENT {\"auto_leave\":true,\"case\":\"transfer_overlap\",\"commit\":5,\"event\":\"joint_applied\",\"index\":5,\"node\":1,\"outgoing\":[1,2,3],\"term\":2}\n"}
{"Time":"2026-10-04T10:47:01.113600171+08:00","Action":"output","Package":"go.etcd.io/raft/v3","Test":"TestAssuranceJointExitExploration/transfer_overlap","Output":"raft2026/10/04 10:47:01 INFO: 1 [term 2] starts to transfer leadership to 2\n"}
{"Time":"2026-10-04T10:47:01.113632948+08:00","Action":"output","Package":"go.etcd.io/raft/v3","Test":"TestAssuranceJointExitExploration/transfer_overlap","Output":"raft2026/10/04 10:47:01 INFO: 1 sends MsgTimeoutNow to 2 immediately as 2 already has up-to-date log\n"}
{"Time":"2026-10-04T10:47:01.113651127+08:00","Action":"output","Package":"go.etcd.io/raft/v3","Test":"TestAssuranceJointExitExploration/transfer_overlap","Output":"CA_EVENT {\"case\":\"transfer_overlap\",\"event\":\"transfer_started\",\"index\":5,\"transferee\":2}\n"}
{"Time":"2026-10-04T10:47:01.113668516+08:00","Action":"output","Package":"go.etcd.io/raft/v3","Test":"TestAssuranceJointExitExploration/transfer_overlap","Output":"raft2026/10/04 10:47:01 INFO: 2 switched to configuration voters=(1 2)\u0026\u0026(1 2 3) autoleave\n"}
{"Time":"2026-10-04T10:47:01.113684655+08:00","Action":"output","Package":"go.etcd.io/raft/v3","Test":"TestAssuranceJointExitExploration/transfer_overlap","Output":"raft2026/10/04 10:47:01 INFO: 3 switched to configuration voters=(1 2)\u0026\u0026(1 2 3) autoleave\n"}
{"Time":"2026-10-04T10:47:01.113699656+08:00","Action":"output","Package":"go.etcd.io/raft/v3","Test":"TestAssuranceJointExitExploration/transfer_overlap","Output":"CA_EVENT {\"case\":\"transfer_overlap\",\"event\":\"network_drop\",\"from\":1,\"term\":2,\"to\":2,\"type\":\"MsgTimeoutNow\"}\n"}
{"Time":"2026-10-04T10:47:01.113722872+08:00","Action":"output","Package":"go.etcd.io/raft/v3","Test":"TestAssuranceJointExitExploration/transfer_overlap","Output":"CA_EVENT {\"after_append\":0,\"application_bytes\":0,\"applied\":5,\"applying\":5,\"auto_leave\":false,\"case\":\"transfer_overlap\",\"commit\":5,\"conf_index\":5,\"dropped\":1,\"election_elapsed\":0,\"event\":\"observation\",\"has_ready\":false,\"heartbeat_elapsed\":0,\"last_index\":5,\"leader\":1,\"messages\":0,\"outgoing_count\":3,\"pending_conf_index\":5,\"phase\":\"after_application\",\"queue\":0,\"role\":\"StateLeader\",\"snapshot_pending\":false,\"steps_on_advance\":0,\"stored_last\":5,\"term\":2,\"transferee\":2,\"unstable_entries\":0}\n"}
{"Time":"2026-10-04T10:47:01.113748696+08:00","Action":"output","Package":"go.etcd.io/raft/v3","Test":"TestAssuranceJointExitExploration/transfer_overlap","Output":"CA_EVENT {\"after_append\":0,\"application_bytes\":0,\"applied\":5,\"applying\":5,\"auto_leave\":false,\"case\":\"transfer_overlap\",\"commit\":5,\"conf_index\":5,\"dropped\":1,\"election_elapsed\":0,\"event\":\"observation\",\"has_ready\":false,\"heartbeat_elapsed\":0,\"last_index\":5,\"leader\":1,\"messages\":0,\"outgoing_count\":3,\"pending_conf_index\":5,\"phase\":\"after_timeout\",\"queue\":0,\"role\":\"StateLeader\",\"snapshot_pending\":false,\"steps_on_advance\":0,\"stored_last\":5,\"term\":2,\"transferee\":0,\"unstable_entries\":0}\n"}
{"Time":"2026-10-04T10:47:01.113772823+08:00","Action":"output","Package":"go.etcd.io/raft/v3","Test":"TestAssuranceJointExitExploration/transfer_overlap","Output":"CA_EVENT {\"after_append\":0,\"application_bytes\":0,\"applied\":5,\"applying\":5,\"auto_leave\":false,\"case\":\"transfer_overlap\",\"commit\":5,\"conf_index\":5,\"dropped\":1,\"election_elapsed\":0,\"event\":\"observation\",\"has_ready\":false,\"heartbeat_elapsed\":0,\"last_index\":5,\"leader\":1,\"messages\":0,\"outgoing_count\":3,\"pending_conf_index\":5,\"phase\":\"after_reliable_suffix\",\"queue\":0,\"role\":\"StateLeader\",\"snapshot_pending\":false,\"steps_on_advance\":0,\"stored_last\":5,\"term\":2,\"transferee\":0,\"unstable_entries\":0}\n"}
{"Time":"2026-10-04T10:47:01.113798219+08:00","Action":"output","Package":"go.etcd.io/raft/v3","Test":"TestAssuranceJointExitExploration/transfer_overlap","Output":"raft2026/10/04 10:47:01 INFO: initiating automatic transition out of joint configuration voters=(1 2)\u0026\u0026(1 2 3) autoleave\n"}
{"Time":"2026-10-04T10:47:01.113815717+08:00","Action":"output","Package":"go.etcd.io/raft/v3","Test":"TestAssuranceJointExitExploration/transfer_overlap","Output":"raft2026/10/04 10:47:01 INFO: 1 switched to configuration voters=(1 2)\n"}
{"Time":"2026-10-04T10:47:01.113831733+08:00","Action":"output","Package":"go.etcd.io/raft/v3","Test":"TestAssuranceJointExitExploration/transfer_overlap","Output":"raft2026/10/04 10:47:01 INFO: 2 switched to configuration voters=(1 2)\n"}
{"Time":"2026-10-04T10:47:01.114356908+08:00","Action":"output","Package":"go.etcd.io/raft/v3","Test":"TestAssuranceJointExitExploration/transfer_overlap","Output":"raft2026/10/04 10:47:01 INFO: 3 switched to configuration voters=(1 2)\n"}
{"Time":"2026-10-04T10:47:01.114445067+08:00","Action":"output","Package":"go.etcd.io/raft/v3","Test":"TestAssuranceJointExitExploration/transfer_overlap","Output":"CA_EVENT {\"after_append\":0,\"application_bytes\":0,\"applied\":7,\"applying\":7,\"auto_leave\":false,\"case\":\"transfer_overlap\",\"commit\":7,\"conf_index\":5,\"dropped\":1,\"election_elapsed\":0,\"event\":\"observation\",\"has_ready\":false,\"heartbeat_elapsed\":0,\"last_index\":7,\"leader\":1,\"messages\":0,\"outgoing_count\":0,\"pending_conf_index\":7,\"phase\":\"after_rescue\",\"queue\":0,\"role\":\"StateLeader\",\"snapshot_pending\":false,\"steps_on_advance\":0,\"stored_last\":7,\"term\":2,\"transferee\":0,\"unstable_entries\":0}\n"}
{"Time":"2026-10-04T10:47:01.114505163+08:00","Action":"output","Package":"go.etcd.io/raft/v3","Test":"TestAssuranceJointExitExploration/transfer_overlap","Output":"--- PASS: TestAssuranceJointExitExploration/transfer_overlap (0.00s)\n"}
{"Time":"2026-10-04T10:47:01.114537547+08:00","Action":"pass","Package":"go.etcd.io/raft/v3","Test":"TestAssuranceJointExitExploration/transfer_overlap","Elapsed":0}
{"Time":"2026-10-04T10:47:01.114572393+08:00","Action":"output","Package":"go.etcd.io/raft/v3","Test":"TestAssuranceJointExitExploration","Output":"--- PASS: TestAssuranceJointExitExploration (0.00s)\n"}
{"Time":"2026-10-04T10:47:01.114602256+08:00","Action":"pass","Package":"go.etcd.io/raft/v3","Test":"TestAssuranceJointExitExploration","Elapsed":0}
{"Time":"2026-10-04T10:47:01.114633346+08:00","Action":"output","Package":"go.etcd.io/raft/v3","Output":"PASS\n"}
{"Time":"2026-10-04T10:47:01.114759975+08:00","Action":"output","Package":"go.etcd.io/raft/v3","Output":"ok  \tgo.etcd.io/raft/v3\t0.015s\n"}
{"Time":"2026-10-04T10:47:01.114802151+08:00","Action":"pass","Package":"go.etcd.io/raft/v3","Elapsed":0.015}
