{
  "requests": [
    {
      "file": "api.go",
      "start_line": 800,
      "end_line": 896,
      "reason": "A7: Recover Apply, Barrier and VerifyLeader admission and completion contracts, timeout boundaries and channel handoffs. Distinguish documented caller guarantees from observed enqueue behavior."
    },
    {
      "file": "commitment.go",
      "start_line": 1,
      "end_line": 104,
      "reason": "A1: Inspect how participant support, configuration changes and start-index constraints produce a commit index. Identify facts whose replication-side producers require subsequent reading."
    },
    {
      "file": "raft.go",
      "start_line": 285,
      "end_line": 441,
      "reason": "A2: Recover candidate-loop authority transitions, election and pre-election result consumption, timeout handling and interruption by incoming work. Establish actual context checks without assuming textbook election behavior."
    },
    {
      "file": "configuration.go",
      "start_line": 129,
      "end_line": 288,
      "reason": "A4: Inspect configuration request identity, latest versus committed representations, participant eligibility and change validation. This bounded range may leave nextConfiguration incomplete; retain that boundary explicitly."
    },
    {
      "file": "fsm.go",
      "start_line": 81,
      "end_line": 240,
      "reason": "A5 and A7: Follow application scheduling, individual and batch filtering, response association and restore handling against the cached FSM interface statements. Identify unfinished event-loop paths rather than inferring them."
    },
    {
      "file": "api.go",
      "start_line": 631,
      "end_line": 708,
      "reason": "A3: Inspect startup snapshot selection, restore attempts and failure handling to determine which recovery representation becomes usable and which state is reconstructed."
    },
    {
      "file": "snapshot.go",
      "start_line": 125,
      "end_line": 278,
      "reason": "A6 with A3 and A5 handoffs: Recover snapshot capture, persistence completion, publication and log reclamation ordering, including error exits and monotonic-store handling."
    },
    {
      "file": "file_snapshot.go",
      "start_line": 386,
      "end_line": 500,
      "reason": "A6 concrete adapter: Inspect snapshot sink Close, Cancel and finalization behavior, including publication and persistence failures. Caller injection does not establish that this built-in adapter satisfies the lifecycle expected by snapshot orchestration."
    }
  ],
  "rationale": "Prioritize caller-visible consequences, decision formation and authority, then configuration, application, recovery and durable evidence. These eight nonoverlapping ranges total 1025 uncached lines and avoid all supplied cached intervals. A provisional estimate of 46000 unique characters fits the 52933-character breadth allowance; exact normalized character costs require framework preflight, with shortening or deferral if necessary. The reads support responsibility discovery and candidate questions, not correctness conclusions or predetermined obligations.",
  "related_ids": [],
  "gap": "Only introductory materials and interface excerpts are currently available. Responsibility applicability and behavior remain partially understood. Exact requested-range character sizes are unavailable. Deferred dependencies include Config options and defaults, replication response producers, follower append handling, configuration activation consumers, the remaining FSM loop, snapshot-store contracts, snapshot adapter creation/open/list paths, stable/log storage contracts, startup log replay, snapshot installation and transport fault behavior. No test expectations have been inspected. The referenced guide.md, activity-classes.md and behavior-facts.md contents were not supplied. These gaps prevent a complete fault/configuration scope, lifecycle reconstruction or supported correctness judgment."
}
