{"Time":"2026-10-02T23:08:07.171045965+08:00","Action":"start","Package":"go.etcd.io/raft/v3"}
{"Time":"2026-10-02T23:08:07.182637386+08:00","Action":"run","Package":"go.etcd.io/raft/v3","Test":"TestAssuranceEarlyAdvanceAdmission"}
{"Time":"2026-10-02T23:08:07.182677332+08:00","Action":"output","Package":"go.etcd.io/raft/v3","Test":"TestAssuranceEarlyAdvanceAdmission","Output":"=== RUN   TestAssuranceEarlyAdvanceAdmission\n"}
{"Time":"2026-10-02T23:08:07.182740839+08:00","Action":"run","Package":"go.etcd.io/raft/v3","Test":"TestAssuranceEarlyAdvanceAdmission/hold_advance"}
{"Time":"2026-10-02T23:08:07.18275557+08:00","Action":"output","Package":"go.etcd.io/raft/v3","Test":"TestAssuranceEarlyAdvanceAdmission/hold_advance","Output":"=== RUN   TestAssuranceEarlyAdvanceAdmission/hold_advance\n"}
{"Time":"2026-10-02T23:08:07.182962467+08:00","Action":"output","Package":"go.etcd.io/raft/v3","Test":"TestAssuranceEarlyAdvanceAdmission/hold_advance","Output":"raft2026/10/02 23:08:07 INFO: 1 switched to configuration voters=(1)\n"}
{"Time":"2026-10-02T23:08:07.183009688+08:00","Action":"output","Package":"go.etcd.io/raft/v3","Test":"TestAssuranceEarlyAdvanceAdmission/hold_advance","Output":"raft2026/10/02 23:08:07 INFO: 1 became follower at term 1\n"}
{"Time":"2026-10-02T23:08:07.183044878+08:00","Action":"output","Package":"go.etcd.io/raft/v3","Test":"TestAssuranceEarlyAdvanceAdmission/hold_advance","Output":"raft2026/10/02 23:08:07 INFO: newRaft 1 [peers: [1], term: 1, commit: 1, applied: 1, lastindex: 1, lastterm: 1]\n"}
{"Time":"2026-10-02T23:08:07.183079144+08:00","Action":"output","Package":"go.etcd.io/raft/v3","Test":"TestAssuranceEarlyAdvanceAdmission/hold_advance","Output":"raft2026/10/02 23:08:07 INFO: 1 is starting a new election at term 1\n"}
{"Time":"2026-10-02T23:08:07.183104343+08:00","Action":"output","Package":"go.etcd.io/raft/v3","Test":"TestAssuranceEarlyAdvanceAdmission/hold_advance","Output":"raft2026/10/02 23:08:07 INFO: 1 became candidate at term 2\n"}
{"Time":"2026-10-02T23:08:07.183135367+08:00","Action":"output","Package":"go.etcd.io/raft/v3","Test":"TestAssuranceEarlyAdvanceAdmission/hold_advance","Output":"raft2026/10/02 23:08:07 INFO: 1 received MsgVoteResp from 1 at term 2\n"}
{"Time":"2026-10-02T23:08:07.183160467+08:00","Action":"output","Package":"go.etcd.io/raft/v3","Test":"TestAssuranceEarlyAdvanceAdmission/hold_advance","Output":"raft2026/10/02 23:08:07 INFO: 1 has received 1 MsgVoteResp votes and 0 vote rejections\n"}
{"Time":"2026-10-02T23:08:07.183186118+08:00","Action":"output","Package":"go.etcd.io/raft/v3","Test":"TestAssuranceEarlyAdvanceAdmission/hold_advance","Output":"raft2026/10/02 23:08:07 INFO: 1 became leader at term 2\n"}
{"Time":"2026-10-02T23:08:07.183261348+08:00","Action":"output","Package":"go.etcd.io/raft/v3","Test":"TestAssuranceEarlyAdvanceAdmission/hold_advance","Output":"raft2026/10/02 23:08:07 INFO: raft.node: 1 elected leader 1 at term 2\n"}
{"Time":"2026-10-02T23:08:07.183628336+08:00","Action":"output","Package":"go.etcd.io/raft/v3","Test":"TestAssuranceEarlyAdvanceAdmission/hold_advance","Output":"CA_EVENT {\"commit\":3,\"event\":\"before_second\",\"first_index\":3,\"learners\":0,\"prior_applied_at_proposal\":false,\"reported_applied\":2,\"scenario\":\"hold_advance\",\"user_applied\":2}\n"}
{"Time":"2026-10-02T23:08:07.183894418+08:00","Action":"output","Package":"go.etcd.io/raft/v3","Test":"TestAssuranceEarlyAdvanceAdmission/hold_advance","Output":"raft2026/10/02 23:08:07 INFO: 1 ignoring conf change {ConfChangeAddLearnerNode 3 [] 0} at config voters=(1): possible unapplied conf change at index 3 (applied to 2)\n"}
{"Time":"2026-10-02T23:08:07.18398667+08:00","Action":"output","Package":"go.etcd.io/raft/v3","Test":"TestAssuranceEarlyAdvanceAdmission/hold_advance","Output":"raft2026/10/02 23:08:07 INFO: 1 switched to configuration voters=(1) learners=(2)\n"}
{"Time":"2026-10-02T23:08:07.184008609+08:00","Action":"output","Package":"go.etcd.io/raft/v3","Test":"TestAssuranceEarlyAdvanceAdmission/hold_advance","Output":"CA_EVENT {\"event\":\"second_appended\",\"first_index\":3,\"learners\":1,\"prior_applied_at_proposal\":false,\"reported_applied\":3,\"scenario\":\"hold_advance\",\"second_index\":4,\"second_type\":\"EntryNormal\",\"user_applied\":3}\n"}
{"Time":"2026-10-02T23:08:07.184066641+08:00","Action":"output","Package":"go.etcd.io/raft/v3","Test":"TestAssuranceEarlyAdvanceAdmission/hold_advance","Output":"CA_EVENT {\"event\":\"completed\",\"learners\":1,\"scenario\":\"hold_advance\",\"user_applied\":4}\n"}
{"Time":"2026-10-02T23:08:07.184113186+08:00","Action":"output","Package":"go.etcd.io/raft/v3","Test":"TestAssuranceEarlyAdvanceAdmission/hold_advance","Output":"--- PASS: TestAssuranceEarlyAdvanceAdmission/hold_advance (0.00s)\n"}
{"Time":"2026-10-02T23:08:07.184127447+08:00","Action":"pass","Package":"go.etcd.io/raft/v3","Test":"TestAssuranceEarlyAdvanceAdmission/hold_advance","Elapsed":0}
{"Time":"2026-10-02T23:08:07.184142829+08:00","Action":"run","Package":"go.etcd.io/raft/v3","Test":"TestAssuranceEarlyAdvanceAdmission/early_advance"}
{"Time":"2026-10-02T23:08:07.184150479+08:00","Action":"output","Package":"go.etcd.io/raft/v3","Test":"TestAssuranceEarlyAdvanceAdmission/early_advance","Output":"=== RUN   TestAssuranceEarlyAdvanceAdmission/early_advance\n"}
{"Time":"2026-10-02T23:08:07.184200745+08:00","Action":"output","Package":"go.etcd.io/raft/v3","Test":"TestAssuranceEarlyAdvanceAdmission/early_advance","Output":"raft2026/10/02 23:08:07 INFO: 1 switched to configuration voters=(1)\n"}
{"Time":"2026-10-02T23:08:07.184270737+08:00","Action":"output","Package":"go.etcd.io/raft/v3","Test":"TestAssuranceEarlyAdvanceAdmission/early_advance","Output":"raft2026/10/02 23:08:07 INFO: 1 became follower at term 1\n"}
{"Time":"2026-10-02T23:08:07.184283348+08:00","Action":"output","Package":"go.etcd.io/raft/v3","Test":"TestAssuranceEarlyAdvanceAdmission/early_advance","Output":"raft2026/10/02 23:08:07 INFO: newRaft 1 [peers: [1], term: 1, commit: 1, applied: 1, lastindex: 1, lastterm: 1]\n"}
{"Time":"2026-10-02T23:08:07.184289262+08:00","Action":"output","Package":"go.etcd.io/raft/v3","Test":"TestAssuranceEarlyAdvanceAdmission/early_advance","Output":"raft2026/10/02 23:08:07 INFO: 1 is starting a new election at term 1\n"}
{"Time":"2026-10-02T23:08:07.18429418+08:00","Action":"output","Package":"go.etcd.io/raft/v3","Test":"TestAssuranceEarlyAdvanceAdmission/early_advance","Output":"raft2026/10/02 23:08:07 INFO: 1 became candidate at term 2\n"}
{"Time":"2026-10-02T23:08:07.184582294+08:00","Action":"output","Package":"go.etcd.io/raft/v3","Test":"TestAssuranceEarlyAdvanceAdmission/early_advance","Output":"raft2026/10/02 23:08:07 INFO: 1 received MsgVoteResp from 1 at term 2\n"}
{"Time":"2026-10-02T23:08:07.184601118+08:00","Action":"output","Package":"go.etcd.io/raft/v3","Test":"TestAssuranceEarlyAdvanceAdmission/early_advance","Output":"raft2026/10/02 23:08:07 INFO: 1 has received 1 MsgVoteResp votes and 0 vote rejections\n"}
{"Time":"2026-10-02T23:08:07.184616241+08:00","Action":"output","Package":"go.etcd.io/raft/v3","Test":"TestAssuranceEarlyAdvanceAdmission/early_advance","Output":"raft2026/10/02 23:08:07 INFO: 1 became leader at term 2\n"}
{"Time":"2026-10-02T23:08:07.184625857+08:00","Action":"output","Package":"go.etcd.io/raft/v3","Test":"TestAssuranceEarlyAdvanceAdmission/early_advance","Output":"raft2026/10/02 23:08:07 INFO: raft.node: 1 elected leader 1 at term 2\n"}
{"Time":"2026-10-02T23:08:07.18486785+08:00","Action":"output","Package":"go.etcd.io/raft/v3","Test":"TestAssuranceEarlyAdvanceAdmission/early_advance","Output":"CA_EVENT {\"commit\":3,\"event\":\"before_second\",\"first_index\":3,\"learners\":0,\"prior_applied_at_proposal\":false,\"reported_applied\":3,\"scenario\":\"early_advance\",\"user_applied\":2}\n"}
{"Time":"2026-10-02T23:08:07.184965074+08:00","Action":"output","Package":"go.etcd.io/raft/v3","Test":"TestAssuranceEarlyAdvanceAdmission/early_advance","Output":"CA_EVENT {\"event\":\"second_appended\",\"first_index\":3,\"learners\":0,\"prior_applied_at_proposal\":false,\"reported_applied\":3,\"scenario\":\"early_advance\",\"second_index\":4,\"second_type\":\"EntryConfChange\",\"user_applied\":2}\n"}
{"Time":"2026-10-02T23:08:07.184980148+08:00","Action":"output","Package":"go.etcd.io/raft/v3","Test":"TestAssuranceEarlyAdvanceAdmission/early_advance","Output":"raft2026/10/02 23:08:07 INFO: 1 switched to configuration voters=(1) learners=(2)\n"}
{"Time":"2026-10-02T23:08:07.185024287+08:00","Action":"output","Package":"go.etcd.io/raft/v3","Test":"TestAssuranceEarlyAdvanceAdmission/early_advance","Output":"raft2026/10/02 23:08:07 INFO: 1 switched to configuration voters=(1) learners=(2 3)\n"}
{"Time":"2026-10-02T23:08:07.185078024+08:00","Action":"output","Package":"go.etcd.io/raft/v3","Test":"TestAssuranceEarlyAdvanceAdmission/early_advance","Output":"CA_EVENT {\"event\":\"completed\",\"learners\":2,\"scenario\":\"early_advance\",\"user_applied\":4}\n"}
{"Time":"2026-10-02T23:08:07.185093038+08:00","Action":"output","Package":"go.etcd.io/raft/v3","Test":"TestAssuranceEarlyAdvanceAdmission/early_advance","Output":"--- PASS: TestAssuranceEarlyAdvanceAdmission/early_advance (0.00s)\n"}
{"Time":"2026-10-02T23:08:07.185100297+08:00","Action":"pass","Package":"go.etcd.io/raft/v3","Test":"TestAssuranceEarlyAdvanceAdmission/early_advance","Elapsed":0}
{"Time":"2026-10-02T23:08:07.185148504+08:00","Action":"run","Package":"go.etcd.io/raft/v3","Test":"TestAssuranceEarlyAdvanceAdmission/apply_then_advance"}
{"Time":"2026-10-02T23:08:07.185174889+08:00","Action":"output","Package":"go.etcd.io/raft/v3","Test":"TestAssuranceEarlyAdvanceAdmission/apply_then_advance","Output":"=== RUN   TestAssuranceEarlyAdvanceAdmission/apply_then_advance\n"}
{"Time":"2026-10-02T23:08:07.185401182+08:00","Action":"output","Package":"go.etcd.io/raft/v3","Test":"TestAssuranceEarlyAdvanceAdmission/apply_then_advance","Output":"raft2026/10/02 23:08:07 INFO: 1 switched to configuration voters=(1)\n"}
{"Time":"2026-10-02T23:08:07.185419954+08:00","Action":"output","Package":"go.etcd.io/raft/v3","Test":"TestAssuranceEarlyAdvanceAdmission/apply_then_advance","Output":"raft2026/10/02 23:08:07 INFO: 1 became follower at term 1\n"}
{"Time":"2026-10-02T23:08:07.185426254+08:00","Action":"output","Package":"go.etcd.io/raft/v3","Test":"TestAssuranceEarlyAdvanceAdmission/apply_then_advance","Output":"raft2026/10/02 23:08:07 INFO: newRaft 1 [peers: [1], term: 1, commit: 1, applied: 1, lastindex: 1, lastterm: 1]\n"}
{"Time":"2026-10-02T23:08:07.185435527+08:00","Action":"output","Package":"go.etcd.io/raft/v3","Test":"TestAssuranceEarlyAdvanceAdmission/apply_then_advance","Output":"raft2026/10/02 23:08:07 INFO: 1 is starting a new election at term 1\n"}
{"Time":"2026-10-02T23:08:07.185440756+08:00","Action":"output","Package":"go.etcd.io/raft/v3","Test":"TestAssuranceEarlyAdvanceAdmission/apply_then_advance","Output":"raft2026/10/02 23:08:07 INFO: 1 became candidate at term 2\n"}
{"Time":"2026-10-02T23:08:07.185446107+08:00","Action":"output","Package":"go.etcd.io/raft/v3","Test":"TestAssuranceEarlyAdvanceAdmission/apply_then_advance","Output":"raft2026/10/02 23:08:07 INFO: 1 received MsgVoteResp from 1 at term 2\n"}
{"Time":"2026-10-02T23:08:07.185451365+08:00","Action":"output","Package":"go.etcd.io/raft/v3","Test":"TestAssuranceEarlyAdvanceAdmission/apply_then_advance","Output":"raft2026/10/02 23:08:07 INFO: 1 has received 1 MsgVoteResp votes and 0 vote rejections\n"}
{"Time":"2026-10-02T23:08:07.185458789+08:00","Action":"output","Package":"go.etcd.io/raft/v3","Test":"TestAssuranceEarlyAdvanceAdmission/apply_then_advance","Output":"raft2026/10/02 23:08:07 INFO: 1 became leader at term 2\n"}
{"Time":"2026-10-02T23:08:07.185464173+08:00","Action":"output","Package":"go.etcd.io/raft/v3","Test":"TestAssuranceEarlyAdvanceAdmission/apply_then_advance","Output":"raft2026/10/02 23:08:07 INFO: raft.node: 1 elected leader 1 at term 2\n"}
{"Time":"2026-10-02T23:08:07.185702488+08:00","Action":"output","Package":"go.etcd.io/raft/v3","Test":"TestAssuranceEarlyAdvanceAdmission/apply_then_advance","Output":"raft2026/10/02 23:08:07 INFO: 1 switched to configuration voters=(1) learners=(2)\n"}
{"Time":"2026-10-02T23:08:07.185732699+08:00","Action":"output","Package":"go.etcd.io/raft/v3","Test":"TestAssuranceEarlyAdvanceAdmission/apply_then_advance","Output":"CA_EVENT {\"commit\":3,\"event\":\"before_second\",\"first_index\":3,\"learners\":1,\"prior_applied_at_proposal\":true,\"reported_applied\":3,\"scenario\":\"apply_then_advance\",\"user_applied\":3}\n"}
{"Time":"2026-10-02T23:08:07.185748384+08:00","Action":"output","Package":"go.etcd.io/raft/v3","Test":"TestAssuranceEarlyAdvanceAdmission/apply_then_advance","Output":"CA_EVENT {\"event\":\"second_appended\",\"first_index\":3,\"learners\":1,\"prior_applied_at_proposal\":true,\"reported_applied\":3,\"scenario\":\"apply_then_advance\",\"second_index\":4,\"second_type\":\"EntryConfChange\",\"user_applied\":3}\n"}
{"Time":"2026-10-02T23:08:07.18576796+08:00","Action":"output","Package":"go.etcd.io/raft/v3","Test":"TestAssuranceEarlyAdvanceAdmission/apply_then_advance","Output":"raft2026/10/02 23:08:07 INFO: 1 switched to configuration voters=(1) learners=(2 3)\n"}
{"Time":"2026-10-02T23:08:07.185786363+08:00","Action":"output","Package":"go.etcd.io/raft/v3","Test":"TestAssuranceEarlyAdvanceAdmission/apply_then_advance","Output":"CA_EVENT {\"event\":\"completed\",\"learners\":2,\"scenario\":\"apply_then_advance\",\"user_applied\":4}\n"}
{"Time":"2026-10-02T23:08:07.185815475+08:00","Action":"output","Package":"go.etcd.io/raft/v3","Test":"TestAssuranceEarlyAdvanceAdmission/apply_then_advance","Output":"--- PASS: TestAssuranceEarlyAdvanceAdmission/apply_then_advance (0.00s)\n"}
{"Time":"2026-10-02T23:08:07.185825308+08:00","Action":"pass","Package":"go.etcd.io/raft/v3","Test":"TestAssuranceEarlyAdvanceAdmission/apply_then_advance","Elapsed":0}
{"Time":"2026-10-02T23:08:07.185835729+08:00","Action":"output","Package":"go.etcd.io/raft/v3","Test":"TestAssuranceEarlyAdvanceAdmission","Output":"--- PASS: TestAssuranceEarlyAdvanceAdmission (0.00s)\n"}
{"Time":"2026-10-02T23:08:07.185842724+08:00","Action":"pass","Package":"go.etcd.io/raft/v3","Test":"TestAssuranceEarlyAdvanceAdmission","Elapsed":0}
{"Time":"2026-10-02T23:08:07.186098253+08:00","Action":"output","Package":"go.etcd.io/raft/v3","Output":"PASS\n"}
{"Time":"2026-10-02T23:08:07.187282945+08:00","Action":"output","Package":"go.etcd.io/raft/v3","Output":"ok  \tgo.etcd.io/raft/v3\t0.016s\n"}
{"Time":"2026-10-02T23:08:07.187355221+08:00","Action":"pass","Package":"go.etcd.io/raft/v3","Elapsed":0.016}
