{
  "candidate_id": null,
  "obligation": null,
  "bindings": [],
  "dependencies": [],
  "context_claims": [],
  "audit_question": {
    "disposition": "needs_specific_evidence",
    "preferred_check": "source_review",
    "requests": [],
    "question": "When handleAcceptReply consumes an equal-ballot AcceptReply, what establishes that the counted response represents acceptance of this instance's candidate commands by a distinct participant in the current attempt, rather than only a report of the recipient's current ballot?",
    "importance": "If ballot reports are interpreted as stronger acceptance support than their producers establish, the local commitment threshold could be reached without the required support for the candidate commands. The immediate investigation concerns reply interpretation and counting; divergent decisions and client-visible effects remain unestablished.",
    "source_ids": [],
    "participants": [
      "Replica issuing Accept",
      "Replica handling Accept",
      "Replica handling AcceptReply"
    ],
    "objects": [
      "Accept and AcceptReply messages",
      "Per-instance commands, bal, vbal, and status",
      "Leader bookkeeping lastTriedBallot and acceptOKs",
      "WriteQuorumSize"
    ],
    "contexts": [
      "One instance and its current acceptance attempt",
      "Accept handling with existing accepted or committed state",
      "Equal-ballot reply consumption",
      "Reply identity and repeated delivery semantics remain unresolved"
    ],
    "event_paths": [
      "Candidate command installation -> Accept emission -> recipient guards and state transition -> AcceptReply construction -> reply correlation and counting -> local commitment threshold"
    ],
    "activity_classes": [
      "A1"
    ],
    "behavior_ids": [
      "B_accept",
      "B_accept_reply"
    ],
    "fact_ids": [
      "F_accept_reply_metadata"
    ],
    "obligation_relation_kind": "consumption",
    "counterevidence": [
      "The inventory describes an equal-ballot condition before reply counting; its exact relationship to the current attempt requires source inspection.",
      "The inventory describes rejection of lower-ballot Accept requests and retention of committed records. These guards may constrain problematic histories and must remain part of the analysis.",
      "Transport ownership, serialization, or sender-side restrictions may establish response identity or prevent repeated counting without an explicit identity field; these mechanisms have not been inspected in this packet."
    ],
    "unknowns": [
      "The exact conditions under which a reported ballot implies installation of the request's commands.",
      "Whether an existing committed record can produce a matching-ballot response without accepting the current candidate commands, and whether such a history is legally reachable.",
      "How response identity is preserved and whether each participant can contribute at most once per attempt.",
      "How counters and attempt context are initialized, reset, and invalidated.",
      "Which transport and fault assumptions apply to repeated replies.",
      "The applicable acceptance-support contract and an independent checking oracle."
    ],
    "priority": 1,
    "trigger_rationale": "The accepted inventory distinguishes a producer that reports current ballot metadata across several outcomes from a consumer that increments a commitment counter for equal-ballot replies. This is a concrete producer/consumer discriminator, but the current packet contains no exact implementation source and therefore supports neither a defect judgment nor an obligation."
  },
  "selection_rationale": "Select consumption of F_accept_reply_metadata because the inventory identifies both its producer's weaker assertion and its actual commitment-counting consumer. Reading their guards and bookkeeping can determine whether the apparent gap is closed locally or requires transport dependencies. The short-commit command-correspondence question is already preserved in a paused parent with an escalated wire-format child; selecting it here would overlap that existing investigation. The master's local leader mark is another supported weak fact, but determining its authority consequences requires additional leadership-RPC and client-consumer understanding. This selection leaves those candidates and the existing wire obligation unchanged.",
  "reading_requests": [
    {
      "file": "paxos/paxos.go",
      "start_line": 24,
      "end_line": 160,
      "reason": "Acquire instance and leader-bookkeeping declarations, constructor initialization, and available message-registration context needed to interpret attempt identity and reply counting."
    },
    {
      "file": "paxos/paxos.go",
      "start_line": 398,
      "end_line": 666,
      "reason": "Inspect exact Accept producer branches and AcceptReply consumption, including adjacent prepare transitions that establish candidate commands and attempt bookkeeping. Determine whether matching ballot metadata establishes the acceptance support the counter consumes before requesting further causal dependencies."
    }
  ],
  "descriptive_issues": [],
  "fork_from_candidate_id": null,
  "fork_reason": ""
}
