{
  "reading_purpose": "dependency",
  "encoding_revision": null,
  "plan": null,
  "gap": "The new material resolves getRPCHeader, setLeader, durable term initialization, and Raft's embedded raftState. It does not supply Raft.config, its conf.Store initialization, setLastContact, complete request/response declarations, or the remaining fixture fields. The requested symbol lookups instead returned anchor ranges. Log and LogNoop text from the earlier construction is also absent from this packet. A complete executable harness still requires these dependencies; no measured outcome is available.",
  "partial_design": "Preserve O_append_predecessor_retention and bindings BIND_append_predecessor_retention and BIND_last_entry_retention. Build a TestAssurance-prefixed test in package raft using actual InmemStore and actual Raft.appendEntries. Seed logs (1,1) and (2,2), matching cached metadata, follower state, current term 3, and zero commit and snapshot boundaries. Wrap the store to delegate and observe successful DeleteRange, then return an injected StoreLogs error without writing. Invoke the first request with predecessor (1,1) and replacement (2,3), and capture its completed RPC response. Invoke the same receiver again with term 3, predecessor (2,2), no entries, and zero leader commitment. Independently inspect GetLog and snapshot metadata before and after that invocation. When predecessor absence and lack of snapshot representation are established, compare the actual second response's Success against false. Success must never select applicability. Correlate events using independent fixture and operation identities, with explicit causal references linking deletion, storage failure, first completion, and second admitted input. Result events remain independent of prerequisites. Unexpected lookup errors or missing prerequisites/completion leave the comparison unknown. Include a separate retained-predecessor control and observe completion without strengthening this safety implication into an eventual-success requirement. Synchronous handler calls and buffered RPC channels control local invocation order and expose actual responses; they establish neither actor dispatch nor sender or transport reachability. Disclose manual initialization, the injected storage error, and any address-codec substitute. Production storage semantics, intervening actor behavior, legal sender history, and broader consensus consequences remain unresolved. These reads complete fixture dependencies within the existing unit; no additional checked producer or binding is proposed.",
  "requests": [
    {
      "file": "api.go",
      "start_line": 81,
      "end_line": 250,
      "reason": "Reattach the remaining acquired Raft declaration to verify fields needed for manual fixture initialization. From the conf field and config() reference, perform focused symbol lookup for Raft.config and a production conf.Store initialization site; return their actual defining ranges, not only this anchor."
    },
    {
      "file": "raft.go",
      "start_line": 1574,
      "end_line": 1580,
      "reason": "Use the setLastContact call as a focused dependency lookup anchor and return the actual Raft.setLastContact definition and any required initialization dependencies. The supplied raft.go:2100:2241 range does not define this helper."
    },
    {
      "file": "transport.go",
      "start_line": 14,
      "end_line": 46,
      "reason": "Use the RPC and AppendEntries interface references to locate and acquire complete RPCHeader, AppendEntriesRequest, and AppendEntriesResponse declarations at their actual paths and ranges. Repeating this interface range alone does not resolve their fields or embedding."
    },
    {
      "file": "log.go",
      "start_line": 1,
      "end_line": 111,
      "reason": "Reattach the previously acquired Log, LogNoop, and error declarations needed for typed fixture construction and independent lookup classification. If ErrLogNotFound is not defined here, perform focused lookup from InmemStore.GetLog and return its actual declaration."
    }
  ],
  "fallback": "none"
}
