{
  "candidate_action": "continue",
  "candidate_id": "6a7d7da5ec7e4e418212f9c9113755c0",
  "obligation": null,
  "bindings": [],
  "dependencies": [],
  "context_claims": [],
  "audit_question": {
    "disposition": null,
    "preferred_check": "source_review",
    "requests": [
      {
        "file": "raft.go",
        "start_line": 1100,
        "end_line": 1243,
        "reason": "Reattach the configuration append caller and locate configurationChangeChIfStable. Determine whether the caller activates a configuration after dispatchLogs returns from a storage error, and inspect the actual admission conditions. The previously requested 901–1100 range does not contain the helper."
      },
      {
        "file": "raft.go",
        "start_line": 667,
        "end_line": 900,
        "reason": "Inspect leader-loop role checks, configuration admission, and commit notification consumption to determine whether dispatchLogs setting Follower prevents subsequent consumption of a recalculated commitment index."
      },
      {
        "file": "commitment.go",
        "start_line": 1,
        "end_line": 104,
        "reason": "Reattach configuration replacement and recalculation to assess the exact local effect of activation after failed storage, including retained matches, monotonicity, and the startIndex threshold."
      },
      {
        "file": "membership.md",
        "start_line": 1,
        "end_line": 83,
        "reason": "Reattach the proposed membership-transition expectation and its qualifications. Distinguish append-time activation intent from an applicable requirement concerning unsuccessful storage."
      }
    ],
    "question": "When configuration replacement establishes F_commit_threshold by recalculating retained voter matches, which configuration is entitled to govern that advancement, and do activation ordering and configuration-change guards satisfy the repository's applicable membership-transition contract?",
    "importance": "Configuration selection determines which participant reports can advance commitment. Activating an inapplicable configuration could permit commitment without the required participant support. The immediate discriminator is whether unsuccessful configuration-entry storage can still activate a voter map and whether that local transition violates an applicable contract. Legal-history reachability and divergent application effects remain separate.",
    "source_ids": [
      "raft.go:1244:1291",
      "raft.go:901:1100"
    ],
    "participants": [
      "Main Raft leader actor",
      "Replication actors reporting matches",
      "Voters selected by the commitment configuration"
    ],
    "objects": [
      "Leader-local commitment object",
      "Voter match map",
      "Latest and committed configurations",
      "Configuration log entry"
    ],
    "contexts": [
      "Configuration replacement within one leader-local commitment generation",
      "Configuration-entry admission and commitment",
      "Configuration-entry storage success or failure"
    ],
    "event_paths": [
      "configurationChangeChIfStable -> appendConfigurationEntry -> dispatchLogs -> setLatestConfiguration -> commitment.setConfiguration -> recalculation -> leader commit notification consumption"
    ],
    "activity_classes": [
      "A1",
      "A4"
    ],
    "behavior_ids": [
      "B_commit_configuration",
      "B_commit_match",
      "B_commit_consume"
    ],
    "fact_ids": [
      "F_commit_threshold"
    ],
    "obligation_relation_kind": "establishment",
    "counterevidence": [
      "Attached dispatchLogs calls commitment.match for the local server only after StoreLogs succeeds. On storage error it responds to the supplied futures, sets the role to Follower, and returns before updating last-log metadata or notifying replicators.",
      "Attached leader admission rejects ordinary apply requests while its stepDown flag is set and rejects requests during leadership transfer. These guards do not by themselves resolve the configuration caller's behavior after dispatchLogs returns.",
      "Retain the prior proposal-based counterargument that configuration activation occurs at append time, with at most one uncommitted configuration; its exact text and current applicability require the requested reattachment.",
      "Retain the prior observations of main-thread configuration activation, mutex-protected voter-map replacement, zero initialization for new voters, monotonic commitment, the leader-start threshold, and synchronized commit-index consumption. Their exact source is requested before relying on them for a disposition."
    ],
    "unknowns": [
      "Whether the proposed membership-transition rules remain applicable, including supported compatibility variants and the meaning of appended after a storage error.",
      "The exact admission conditions enforced by configurationChangeChIfStable; the completed receipt supplied the requested range, but that range did not contain this declaration.",
      "Whether appendConfigurationEntry continues into configuration activation after dispatchLogs fails; dispatchLogs has no returned status, but the caller must be inspected before concluding that activation occurs.",
      "Whether the Follower transition prevents commitment consumption and what happens to any changed latest configuration after leader-loop exit.",
      "Whether retained match values remain sufficient for the newly selected voter set across applicable membership histories.",
      "Legal-history reachability and broader consequences remain separate from the local configuration-selection relation."
    ],
    "priority": 1,
    "trigger_rationale": "The storage discriminator is partly resolved: dispatchLogs suppresses local match reporting and requests a role transition on StoreLogs error, but returns no error to its caller. This identifies a concrete caller-continuation boundary without establishing a defect. Reattaching the caller, admission helper, accumulator, consumer, and proposed contract can distinguish protected failure handling from a separately checkable local mismatch."
  },
  "selection_rationale": "Continue the same Fact establishment question. The attached storage branch supplies a meaningful new distinction between successful local persistence and caller continuation after failure. The admission-helper request missed its declaration, so receipt completion does not resolve that semantic gap. The requested cached ranges are needed to assess both the potential mismatch and the Follower-transition protection. No obligation is yet justified because the configuration caller and applicable expectation are not attached. Other candidates provide no current result or evidence that changes this discriminator.",
  "reading_requests": [
    {
      "file": "raft.go",
      "start_line": 1100,
      "end_line": 1243,
      "reason": "Inspect configuration append continuation and locate the admission helper missing from the previous range."
    },
    {
      "file": "raft.go",
      "start_line": 667,
      "end_line": 900,
      "reason": "Resolve role-transition protection, configuration admission, and commitment consumption."
    },
    {
      "file": "commitment.go",
      "start_line": 1,
      "end_line": 104,
      "reason": "Resolve the exact effect and protections of voter-map replacement and recalculation."
    },
    {
      "file": "membership.md",
      "start_line": 1,
      "end_line": 83,
      "reason": "Assess the proposed activation expectation and its applicability to unsuccessful configuration-entry storage."
    }
  ],
  "frontier_entry_point": null,
  "descriptive_issues": [],
  "fork_from_candidate_id": null,
  "fork_reason": "",
  "resume_conditions": []
}
