{"Time":"2026-10-03T19:26:19.656285354+08:00","Action":"start","Package":"go.etcd.io/raft/v3"}
{"Time":"2026-10-03T19:26:19.671258605+08:00","Action":"run","Package":"go.etcd.io/raft/v3","Test":"TestAssuranceAutoLeaveExploration"}
{"Time":"2026-10-03T19:26:19.671300127+08:00","Action":"output","Package":"go.etcd.io/raft/v3","Test":"TestAssuranceAutoLeaveExploration","Output":"=== RUN   TestAssuranceAutoLeaveExploration\n"}
{"Time":"2026-10-03T19:26:19.671377408+08:00","Action":"run","Package":"go.etcd.io/raft/v3","Test":"TestAssuranceAutoLeaveExploration/without_transfer"}
{"Time":"2026-10-03T19:26:19.671384742+08:00","Action":"output","Package":"go.etcd.io/raft/v3","Test":"TestAssuranceAutoLeaveExploration/without_transfer","Output":"=== RUN   TestAssuranceAutoLeaveExploration/without_transfer\n"}
{"Time":"2026-10-03T19:26:19.671398911+08:00","Action":"output","Package":"go.etcd.io/raft/v3","Test":"TestAssuranceAutoLeaveExploration/without_transfer","Output":"raft2026/10/03 19:26:19 INFO: 1 switched to configuration voters=()\n"}
{"Time":"2026-10-03T19:26:19.671405038+08:00","Action":"output","Package":"go.etcd.io/raft/v3","Test":"TestAssuranceAutoLeaveExploration/without_transfer","Output":"raft2026/10/03 19:26:19 INFO: 1 became follower at term 0\n"}
{"Time":"2026-10-03T19:26:19.671410267+08:00","Action":"output","Package":"go.etcd.io/raft/v3","Test":"TestAssuranceAutoLeaveExploration/without_transfer","Output":"raft2026/10/03 19:26:19 INFO: newRaft 1 [peers: [], term: 0, commit: 0, applied: 0, lastindex: 0, lastterm: 0]\n"}
{"Time":"2026-10-03T19:26:19.671417068+08:00","Action":"output","Package":"go.etcd.io/raft/v3","Test":"TestAssuranceAutoLeaveExploration/without_transfer","Output":"raft2026/10/03 19:26:19 INFO: 1 became follower at term 1\n"}
{"Time":"2026-10-03T19:26:19.671433384+08:00","Action":"output","Package":"go.etcd.io/raft/v3","Test":"TestAssuranceAutoLeaveExploration/without_transfer","Output":"raft2026/10/03 19:26:19 INFO: 1 switched to configuration voters=(1)\n"}
{"Time":"2026-10-03T19:26:19.671439085+08:00","Action":"output","Package":"go.etcd.io/raft/v3","Test":"TestAssuranceAutoLeaveExploration/without_transfer","Output":"raft2026/10/03 19:26:19 INFO: 1 switched to configuration voters=(1 2)\n"}
{"Time":"2026-10-03T19:26:19.671448175+08:00","Action":"output","Package":"go.etcd.io/raft/v3","Test":"TestAssuranceAutoLeaveExploration/without_transfer","Output":"raft2026/10/03 19:26:19 INFO: 1 switched to configuration voters=(1 2 3)\n"}
{"Time":"2026-10-03T19:26:19.671456652+08:00","Action":"output","Package":"go.etcd.io/raft/v3","Test":"TestAssuranceAutoLeaveExploration/without_transfer","Output":"raft2026/10/03 19:26:19 INFO: 2 switched to configuration voters=()\n"}
{"Time":"2026-10-03T19:26:19.671461626+08:00","Action":"output","Package":"go.etcd.io/raft/v3","Test":"TestAssuranceAutoLeaveExploration/without_transfer","Output":"raft2026/10/03 19:26:19 INFO: 2 became follower at term 0\n"}
{"Time":"2026-10-03T19:26:19.671468884+08:00","Action":"output","Package":"go.etcd.io/raft/v3","Test":"TestAssuranceAutoLeaveExploration/without_transfer","Output":"raft2026/10/03 19:26:19 INFO: newRaft 2 [peers: [], term: 0, commit: 0, applied: 0, lastindex: 0, lastterm: 0]\n"}
{"Time":"2026-10-03T19:26:19.671473778+08:00","Action":"output","Package":"go.etcd.io/raft/v3","Test":"TestAssuranceAutoLeaveExploration/without_transfer","Output":"raft2026/10/03 19:26:19 INFO: 2 became follower at term 1\n"}
{"Time":"2026-10-03T19:26:19.671482709+08:00","Action":"output","Package":"go.etcd.io/raft/v3","Test":"TestAssuranceAutoLeaveExploration/without_transfer","Output":"raft2026/10/03 19:26:19 INFO: 2 switched to configuration voters=(1)\n"}
{"Time":"2026-10-03T19:26:19.67148786+08:00","Action":"output","Package":"go.etcd.io/raft/v3","Test":"TestAssuranceAutoLeaveExploration/without_transfer","Output":"raft2026/10/03 19:26:19 INFO: 2 switched to configuration voters=(1 2)\n"}
{"Time":"2026-10-03T19:26:19.671495647+08:00","Action":"output","Package":"go.etcd.io/raft/v3","Test":"TestAssuranceAutoLeaveExploration/without_transfer","Output":"raft2026/10/03 19:26:19 INFO: 2 switched to configuration voters=(1 2 3)\n"}
{"Time":"2026-10-03T19:26:19.671500833+08:00","Action":"output","Package":"go.etcd.io/raft/v3","Test":"TestAssuranceAutoLeaveExploration/without_transfer","Output":"raft2026/10/03 19:26:19 INFO: 3 switched to configuration voters=()\n"}
{"Time":"2026-10-03T19:26:19.671511114+08:00","Action":"output","Package":"go.etcd.io/raft/v3","Test":"TestAssuranceAutoLeaveExploration/without_transfer","Output":"raft2026/10/03 19:26:19 INFO: 3 became follower at term 0\n"}
{"Time":"2026-10-03T19:26:19.67151698+08:00","Action":"output","Package":"go.etcd.io/raft/v3","Test":"TestAssuranceAutoLeaveExploration/without_transfer","Output":"raft2026/10/03 19:26:19 INFO: newRaft 3 [peers: [], term: 0, commit: 0, applied: 0, lastindex: 0, lastterm: 0]\n"}
{"Time":"2026-10-03T19:26:19.671524876+08:00","Action":"output","Package":"go.etcd.io/raft/v3","Test":"TestAssuranceAutoLeaveExploration/without_transfer","Output":"raft2026/10/03 19:26:19 INFO: 3 became follower at term 1\n"}
{"Time":"2026-10-03T19:26:19.671777962+08:00","Action":"output","Package":"go.etcd.io/raft/v3","Test":"TestAssuranceAutoLeaveExploration/without_transfer","Output":"raft2026/10/03 19:26:19 INFO: 3 switched to configuration voters=(1)\n"}
{"Time":"2026-10-03T19:26:19.672104064+08:00","Action":"output","Package":"go.etcd.io/raft/v3","Test":"TestAssuranceAutoLeaveExploration/without_transfer","Output":"raft2026/10/03 19:26:19 INFO: 3 switched to configuration voters=(1 2)\n"}
{"Time":"2026-10-03T19:26:19.672164131+08:00","Action":"output","Package":"go.etcd.io/raft/v3","Test":"TestAssuranceAutoLeaveExploration/without_transfer","Output":"raft2026/10/03 19:26:19 INFO: 3 switched to configuration voters=(1 2 3)\n"}
{"Time":"2026-10-03T19:26:19.672176671+08:00","Action":"output","Package":"go.etcd.io/raft/v3","Test":"TestAssuranceAutoLeaveExploration/without_transfer","Output":"raft2026/10/03 19:26:19 INFO: 1 switched to configuration voters=(1 2 3)\n"}
{"Time":"2026-10-03T19:26:19.672189106+08:00","Action":"output","Package":"go.etcd.io/raft/v3","Test":"TestAssuranceAutoLeaveExploration/without_transfer","Output":"raft2026/10/03 19:26:19 INFO: 1 switched to configuration voters=(1 2 3)\n"}
{"Time":"2026-10-03T19:26:19.672197024+08:00","Action":"output","Package":"go.etcd.io/raft/v3","Test":"TestAssuranceAutoLeaveExploration/without_transfer","Output":"raft2026/10/03 19:26:19 INFO: 1 switched to configuration voters=(1 2 3)\n"}
{"Time":"2026-10-03T19:26:19.672234907+08:00","Action":"output","Package":"go.etcd.io/raft/v3","Test":"TestAssuranceAutoLeaveExploration/without_transfer","Output":"raft2026/10/03 19:26:19 INFO: 2 switched to configuration voters=(1 2 3)\n"}
{"Time":"2026-10-03T19:26:19.672246294+08:00","Action":"output","Package":"go.etcd.io/raft/v3","Test":"TestAssuranceAutoLeaveExploration/without_transfer","Output":"raft2026/10/03 19:26:19 INFO: 2 switched to configuration voters=(1 2 3)\n"}
{"Time":"2026-10-03T19:26:19.672260766+08:00","Action":"output","Package":"go.etcd.io/raft/v3","Test":"TestAssuranceAutoLeaveExploration/without_transfer","Output":"raft2026/10/03 19:26:19 INFO: 2 switched to configuration voters=(1 2 3)\n"}
{"Time":"2026-10-03T19:26:19.672269721+08:00","Action":"output","Package":"go.etcd.io/raft/v3","Test":"TestAssuranceAutoLeaveExploration/without_transfer","Output":"raft2026/10/03 19:26:19 INFO: 3 switched to configuration voters=(1 2 3)\n"}
{"Time":"2026-10-03T19:26:19.672278541+08:00","Action":"output","Package":"go.etcd.io/raft/v3","Test":"TestAssuranceAutoLeaveExploration/without_transfer","Output":"raft2026/10/03 19:26:19 INFO: 3 switched to configuration voters=(1 2 3)\n"}
{"Time":"2026-10-03T19:26:19.672287408+08:00","Action":"output","Package":"go.etcd.io/raft/v3","Test":"TestAssuranceAutoLeaveExploration/without_transfer","Output":"raft2026/10/03 19:26:19 INFO: 3 switched to configuration voters=(1 2 3)\n"}
{"Time":"2026-10-03T19:26:19.672300275+08:00","Action":"output","Package":"go.etcd.io/raft/v3","Test":"TestAssuranceAutoLeaveExploration/without_transfer","Output":"raft2026/10/03 19:26:19 INFO: 1 is starting a new election at term 1\n"}
{"Time":"2026-10-03T19:26:19.672309212+08:00","Action":"output","Package":"go.etcd.io/raft/v3","Test":"TestAssuranceAutoLeaveExploration/without_transfer","Output":"raft2026/10/03 19:26:19 INFO: 1 became candidate at term 2\n"}
{"Time":"2026-10-03T19:26:19.672322501+08:00","Action":"output","Package":"go.etcd.io/raft/v3","Test":"TestAssuranceAutoLeaveExploration/without_transfer","Output":"raft2026/10/03 19:26:19 INFO: 1 [logterm: 1, index: 3] sent MsgVote request to 2 at term 2\n"}
{"Time":"2026-10-03T19:26:19.672337064+08:00","Action":"output","Package":"go.etcd.io/raft/v3","Test":"TestAssuranceAutoLeaveExploration/without_transfer","Output":"raft2026/10/03 19:26:19 INFO: 1 [logterm: 1, index: 3] sent MsgVote request to 3 at term 2\n"}
{"Time":"2026-10-03T19:26:19.672398234+08:00","Action":"output","Package":"go.etcd.io/raft/v3","Test":"TestAssuranceAutoLeaveExploration/without_transfer","Output":"raft2026/10/03 19:26:19 INFO: 1 received MsgVoteResp from 1 at term 2\n"}
{"Time":"2026-10-03T19:26:19.672413927+08:00","Action":"output","Package":"go.etcd.io/raft/v3","Test":"TestAssuranceAutoLeaveExploration/without_transfer","Output":"raft2026/10/03 19:26:19 INFO: 1 has received 1 MsgVoteResp votes and 0 vote rejections\n"}
{"Time":"2026-10-03T19:26:19.672423834+08:00","Action":"output","Package":"go.etcd.io/raft/v3","Test":"TestAssuranceAutoLeaveExploration/without_transfer","Output":"raft2026/10/03 19:26:19 INFO: 2 [term: 1] received a MsgVote message with higher term from 1 [term: 2]\n"}
{"Time":"2026-10-03T19:26:19.672432544+08:00","Action":"output","Package":"go.etcd.io/raft/v3","Test":"TestAssuranceAutoLeaveExploration/without_transfer","Output":"raft2026/10/03 19:26:19 INFO: 2 became follower at term 2\n"}
{"Time":"2026-10-03T19:26:19.672441084+08:00","Action":"output","Package":"go.etcd.io/raft/v3","Test":"TestAssuranceAutoLeaveExploration/without_transfer","Output":"raft2026/10/03 19:26:19 INFO: 2 [logterm: 1, index: 3, vote: 0] cast MsgVote for 1 [logterm: 1, index: 3] at term 2\n"}
{"Time":"2026-10-03T19:26:19.672450156+08:00","Action":"output","Package":"go.etcd.io/raft/v3","Test":"TestAssuranceAutoLeaveExploration/without_transfer","Output":"raft2026/10/03 19:26:19 INFO: 3 [term: 1] received a MsgVote message with higher term from 1 [term: 2]\n"}
{"Time":"2026-10-03T19:26:19.672464249+08:00","Action":"output","Package":"go.etcd.io/raft/v3","Test":"TestAssuranceAutoLeaveExploration/without_transfer","Output":"raft2026/10/03 19:26:19 INFO: 3 became follower at term 2\n"}
{"Time":"2026-10-03T19:26:19.672473252+08:00","Action":"output","Package":"go.etcd.io/raft/v3","Test":"TestAssuranceAutoLeaveExploration/without_transfer","Output":"raft2026/10/03 19:26:19 INFO: 3 [logterm: 1, index: 3, vote: 0] cast MsgVote for 1 [logterm: 1, index: 3] at term 2\n"}
{"Time":"2026-10-03T19:26:19.672482179+08:00","Action":"output","Package":"go.etcd.io/raft/v3","Test":"TestAssuranceAutoLeaveExploration/without_transfer","Output":"raft2026/10/03 19:26:19 INFO: 1 received MsgVoteResp from 2 at term 2\n"}
{"Time":"2026-10-03T19:26:19.67249093+08:00","Action":"output","Package":"go.etcd.io/raft/v3","Test":"TestAssuranceAutoLeaveExploration/without_transfer","Output":"raft2026/10/03 19:26:19 INFO: 1 has received 2 MsgVoteResp votes and 0 vote rejections\n"}
{"Time":"2026-10-03T19:26:19.672500045+08:00","Action":"output","Package":"go.etcd.io/raft/v3","Test":"TestAssuranceAutoLeaveExploration/without_transfer","Output":"raft2026/10/03 19:26:19 INFO: 1 became leader at term 2\n"}
{"Time":"2026-10-03T19:26:19.672867474+08:00","Action":"output","Package":"go.etcd.io/raft/v3","Test":"TestAssuranceAutoLeaveExploration/without_transfer","Output":"CA_EVENT {\"applied\":4,\"case\":\"without_transfer\",\"commit\":4,\"config\":{\"voters\":[1,2,3],\"auto_leave\":false},\"dropped_timeout_now\":0,\"last\":4,\"lead\":1,\"leave_entries\":0,\"pending_conf\":3,\"phase\":\"elected\",\"queue\":0,\"role\":\"StateLeader\",\"term\":2,\"ticks\":0,\"transfer\":0}\n"}
{"Time":"2026-10-03T19:26:19.672932234+08:00","Action":"output","Package":"go.etcd.io/raft/v3","Test":"TestAssuranceAutoLeaveExploration/without_transfer","Output":"raft2026/10/03 19:26:19 INFO: 1 switched to configuration voters=(1 2)\u0026\u0026(1 2 3) autoleave\n"}
{"Time":"2026-10-03T19:26:19.672949191+08:00","Action":"output","Package":"go.etcd.io/raft/v3","Test":"TestAssuranceAutoLeaveExploration/without_transfer","Output":"CA_EVENT {\"applied\":4,\"case\":\"without_transfer\",\"commit\":5,\"config\":{\"voters\":[1,2],\"voters_outgoing\":[1,2,3],\"auto_leave\":true},\"dropped_timeout_now\":0,\"last\":5,\"lead\":1,\"leave_entries\":0,\"pending_conf\":5,\"phase\":\"joint_applied_before_advance\",\"queue\":3,\"role\":\"StateLeader\",\"term\":2,\"ticks\":0,\"transfer\":0}\n"}
{"Time":"2026-10-03T19:26:19.672975115+08:00","Action":"output","Package":"go.etcd.io/raft/v3","Test":"TestAssuranceAutoLeaveExploration/without_transfer","Output":"raft2026/10/03 19:26:19 INFO: initiating automatic transition out of joint configuration voters=(1 2)\u0026\u0026(1 2 3) autoleave\n"}
{"Time":"2026-10-03T19:26:19.673004356+08:00","Action":"output","Package":"go.etcd.io/raft/v3","Test":"TestAssuranceAutoLeaveExploration/without_transfer","Output":"raft2026/10/03 19:26:19 INFO: 2 switched to configuration voters=(1 2)\u0026\u0026(1 2 3) autoleave\n"}
{"Time":"2026-10-03T19:26:19.673014209+08:00","Action":"output","Package":"go.etcd.io/raft/v3","Test":"TestAssuranceAutoLeaveExploration/without_transfer","Output":"raft2026/10/03 19:26:19 INFO: 3 switched to configuration voters=(1 2)\u0026\u0026(1 2 3) autoleave\n"}
{"Time":"2026-10-03T19:26:19.673022915+08:00","Action":"output","Package":"go.etcd.io/raft/v3","Test":"TestAssuranceAutoLeaveExploration/without_transfer","Output":"raft2026/10/03 19:26:19 INFO: 1 switched to configuration voters=(1 2)\n"}
{"Time":"2026-10-03T19:26:19.673032826+08:00","Action":"output","Package":"go.etcd.io/raft/v3","Test":"TestAssuranceAutoLeaveExploration/without_transfer","Output":"raft2026/10/03 19:26:19 INFO: 2 switched to configuration voters=(1 2)\n"}
{"Time":"2026-10-03T19:26:19.673041822+08:00","Action":"output","Package":"go.etcd.io/raft/v3","Test":"TestAssuranceAutoLeaveExploration/without_transfer","Output":"raft2026/10/03 19:26:19 INFO: 3 switched to configuration voters=(1 2)\n"}
{"Time":"2026-10-03T19:26:19.673052619+08:00","Action":"output","Package":"go.etcd.io/raft/v3","Test":"TestAssuranceAutoLeaveExploration/without_transfer","Output":"CA_EVENT {\"applied\":6,\"case\":\"without_transfer\",\"commit\":6,\"config\":{\"voters\":[1,2],\"auto_leave\":false},\"dropped_timeout_now\":0,\"last\":6,\"lead\":1,\"leave_entries\":1,\"pending_conf\":6,\"phase\":\"initial_drain\",\"queue\":0,\"role\":\"StateLeader\",\"term\":2,\"ticks\":0,\"transfer\":0}\n"}
{"Time":"2026-10-03T19:26:19.673068759+08:00","Action":"output","Package":"go.etcd.io/raft/v3","Test":"TestAssuranceAutoLeaveExploration/without_transfer","Output":"CA_EVENT {\"applied\":6,\"case\":\"without_transfer\",\"commit\":6,\"config\":{\"voters\":[1,2],\"auto_leave\":false},\"dropped_timeout_now\":0,\"last\":6,\"lead\":1,\"leave_entries\":1,\"pending_conf\":6,\"phase\":\"tick_boundary\",\"queue\":0,\"role\":\"StateLeader\",\"term\":2,\"ticks\":10,\"transfer\":0}\n"}
{"Time":"2026-10-03T19:26:19.673088994+08:00","Action":"output","Package":"go.etcd.io/raft/v3","Test":"TestAssuranceAutoLeaveExploration/without_transfer","Output":"CA_EVENT {\"applied\":6,\"case\":\"without_transfer\",\"commit\":6,\"config\":{\"voters\":[1,2],\"auto_leave\":false},\"dropped_timeout_now\":0,\"last\":6,\"lead\":1,\"leave_entries\":1,\"pending_conf\":6,\"phase\":\"tick_boundary\",\"queue\":0,\"role\":\"StateLeader\",\"term\":2,\"ticks\":20,\"transfer\":0}\n"}
{"Time":"2026-10-03T19:26:19.673108872+08:00","Action":"output","Package":"go.etcd.io/raft/v3","Test":"TestAssuranceAutoLeaveExploration/without_transfer","Output":"CA_EVENT {\"applied\":6,\"case\":\"without_transfer\",\"commit\":6,\"config\":{\"voters\":[1,2],\"auto_leave\":false},\"dropped_timeout_now\":0,\"last\":6,\"lead\":1,\"leave_entries\":1,\"pending_conf\":6,\"phase\":\"tick_boundary\",\"queue\":0,\"role\":\"StateLeader\",\"term\":2,\"ticks\":30,\"transfer\":0}\n"}
{"Time":"2026-10-03T19:26:19.673128147+08:00","Action":"output","Package":"go.etcd.io/raft/v3","Test":"TestAssuranceAutoLeaveExploration/without_transfer","Output":"CA_EVENT {\"applied\":6,\"case\":\"without_transfer\",\"commit\":6,\"config\":{\"voters\":[1,2],\"auto_leave\":false},\"dropped_timeout_now\":0,\"last\":6,\"lead\":1,\"leave_entries\":1,\"pending_conf\":6,\"phase\":\"tick_boundary\",\"queue\":0,\"role\":\"StateLeader\",\"term\":2,\"ticks\":40,\"transfer\":0}\n"}
{"Time":"2026-10-03T19:26:19.673219688+08:00","Action":"output","Package":"go.etcd.io/raft/v3","Test":"TestAssuranceAutoLeaveExploration/without_transfer","Output":"CA_EVENT {\"any_ready\":false,\"applied\":6,\"case\":\"without_transfer\",\"commit\":6,\"config\":{\"voters\":[1,2],\"auto_leave\":false},\"dropped_timeout_now\":0,\"last\":6,\"lead\":1,\"leave_entries\":1,\"pending_conf\":6,\"phase\":\"bounded_suffix\",\"queue\":0,\"role\":\"StateLeader\",\"term\":2,\"ticks\":40,\"transfer\":0}\n"}
{"Time":"2026-10-03T19:26:19.673264393+08:00","Action":"output","Package":"go.etcd.io/raft/v3","Test":"TestAssuranceAutoLeaveExploration/without_transfer","Output":"--- PASS: TestAssuranceAutoLeaveExploration/without_transfer (0.00s)\n"}
{"Time":"2026-10-03T19:26:19.673361764+08:00","Action":"pass","Package":"go.etcd.io/raft/v3","Test":"TestAssuranceAutoLeaveExploration/without_transfer","Elapsed":0}
{"Time":"2026-10-03T19:26:19.674222616+08:00","Action":"run","Package":"go.etcd.io/raft/v3","Test":"TestAssuranceAutoLeaveExploration/aborted_transfer"}
{"Time":"2026-10-03T19:26:19.674506516+08:00","Action":"output","Package":"go.etcd.io/raft/v3","Test":"TestAssuranceAutoLeaveExploration/aborted_transfer","Output":"=== RUN   TestAssuranceAutoLeaveExploration/aborted_transfer\n"}
{"Time":"2026-10-03T19:26:19.674535966+08:00","Action":"output","Package":"go.etcd.io/raft/v3","Test":"TestAssuranceAutoLeaveExploration/aborted_transfer","Output":"raft2026/10/03 19:26:19 INFO: 1 switched to configuration voters=()\n"}
{"Time":"2026-10-03T19:26:19.674545224+08:00","Action":"output","Package":"go.etcd.io/raft/v3","Test":"TestAssuranceAutoLeaveExploration/aborted_transfer","Output":"raft2026/10/03 19:26:19 INFO: 1 became follower at term 0\n"}
{"Time":"2026-10-03T19:26:19.674554056+08:00","Action":"output","Package":"go.etcd.io/raft/v3","Test":"TestAssuranceAutoLeaveExploration/aborted_transfer","Output":"raft2026/10/03 19:26:19 INFO: newRaft 1 [peers: [], term: 0, commit: 0, applied: 0, lastindex: 0, lastterm: 0]\n"}
{"Time":"2026-10-03T19:26:19.674564008+08:00","Action":"output","Package":"go.etcd.io/raft/v3","Test":"TestAssuranceAutoLeaveExploration/aborted_transfer","Output":"raft2026/10/03 19:26:19 INFO: 1 became follower at term 1\n"}
{"Time":"2026-10-03T19:26:19.674571659+08:00","Action":"output","Package":"go.etcd.io/raft/v3","Test":"TestAssuranceAutoLeaveExploration/aborted_transfer","Output":"raft2026/10/03 19:26:19 INFO: 1 switched to configuration voters=(1)\n"}
{"Time":"2026-10-03T19:26:19.674578678+08:00","Action":"output","Package":"go.etcd.io/raft/v3","Test":"TestAssuranceAutoLeaveExploration/aborted_transfer","Output":"raft2026/10/03 19:26:19 INFO: 1 switched to configuration voters=(1 2)\n"}
{"Time":"2026-10-03T19:26:19.674586487+08:00","Action":"output","Package":"go.etcd.io/raft/v3","Test":"TestAssuranceAutoLeaveExploration/aborted_transfer","Output":"raft2026/10/03 19:26:19 INFO: 1 switched to configuration voters=(1 2 3)\n"}
{"Time":"2026-10-03T19:26:19.674596252+08:00","Action":"output","Package":"go.etcd.io/raft/v3","Test":"TestAssuranceAutoLeaveExploration/aborted_transfer","Output":"raft2026/10/03 19:26:19 INFO: 2 switched to configuration voters=()\n"}
{"Time":"2026-10-03T19:26:19.674604702+08:00","Action":"output","Package":"go.etcd.io/raft/v3","Test":"TestAssuranceAutoLeaveExploration/aborted_transfer","Output":"raft2026/10/03 19:26:19 INFO: 2 became follower at term 0\n"}
{"Time":"2026-10-03T19:26:19.674613687+08:00","Action":"output","Package":"go.etcd.io/raft/v3","Test":"TestAssuranceAutoLeaveExploration/aborted_transfer","Output":"raft2026/10/03 19:26:19 INFO: newRaft 2 [peers: [], term: 0, commit: 0, applied: 0, lastindex: 0, lastterm: 0]\n"}
{"Time":"2026-10-03T19:26:19.674622194+08:00","Action":"output","Package":"go.etcd.io/raft/v3","Test":"TestAssuranceAutoLeaveExploration/aborted_transfer","Output":"raft2026/10/03 19:26:19 INFO: 2 became follower at term 1\n"}
{"Time":"2026-10-03T19:26:19.674630645+08:00","Action":"output","Package":"go.etcd.io/raft/v3","Test":"TestAssuranceAutoLeaveExploration/aborted_transfer","Output":"raft2026/10/03 19:26:19 INFO: 2 switched to configuration voters=(1)\n"}
{"Time":"2026-10-03T19:26:19.674639287+08:00","Action":"output","Package":"go.etcd.io/raft/v3","Test":"TestAssuranceAutoLeaveExploration/aborted_transfer","Output":"raft2026/10/03 19:26:19 INFO: 2 switched to configuration voters=(1 2)\n"}
{"Time":"2026-10-03T19:26:19.674648576+08:00","Action":"output","Package":"go.etcd.io/raft/v3","Test":"TestAssuranceAutoLeaveExploration/aborted_transfer","Output":"raft2026/10/03 19:26:19 INFO: 2 switched to configuration voters=(1 2 3)\n"}
{"Time":"2026-10-03T19:26:19.674657194+08:00","Action":"output","Package":"go.etcd.io/raft/v3","Test":"TestAssuranceAutoLeaveExploration/aborted_transfer","Output":"raft2026/10/03 19:26:19 INFO: 3 switched to configuration voters=()\n"}
{"Time":"2026-10-03T19:26:19.674665699+08:00","Action":"output","Package":"go.etcd.io/raft/v3","Test":"TestAssuranceAutoLeaveExploration/aborted_transfer","Output":"raft2026/10/03 19:26:19 INFO: 3 became follower at term 0\n"}
{"Time":"2026-10-03T19:26:19.674683107+08:00","Action":"output","Package":"go.etcd.io/raft/v3","Test":"TestAssuranceAutoLeaveExploration/aborted_transfer","Output":"raft2026/10/03 19:26:19 INFO: newRaft 3 [peers: [], term: 0, commit: 0, applied: 0, lastindex: 0, lastterm: 0]\n"}
{"Time":"2026-10-03T19:26:19.674693404+08:00","Action":"output","Package":"go.etcd.io/raft/v3","Test":"TestAssuranceAutoLeaveExploration/aborted_transfer","Output":"raft2026/10/03 19:26:19 INFO: 3 became follower at term 1\n"}
{"Time":"2026-10-03T19:26:19.674716609+08:00","Action":"output","Package":"go.etcd.io/raft/v3","Test":"TestAssuranceAutoLeaveExploration/aborted_transfer","Output":"raft2026/10/03 19:26:19 INFO: 3 switched to configuration voters=(1)\n"}
{"Time":"2026-10-03T19:26:19.674726557+08:00","Action":"output","Package":"go.etcd.io/raft/v3","Test":"TestAssuranceAutoLeaveExploration/aborted_transfer","Output":"raft2026/10/03 19:26:19 INFO: 3 switched to configuration voters=(1 2)\n"}
{"Time":"2026-10-03T19:26:19.674736095+08:00","Action":"output","Package":"go.etcd.io/raft/v3","Test":"TestAssuranceAutoLeaveExploration/aborted_transfer","Output":"raft2026/10/03 19:26:19 INFO: 3 switched to configuration voters=(1 2 3)\n"}
{"Time":"2026-10-03T19:26:19.674744527+08:00","Action":"output","Package":"go.etcd.io/raft/v3","Test":"TestAssuranceAutoLeaveExploration/aborted_transfer","Output":"raft2026/10/03 19:26:19 INFO: 1 switched to configuration voters=(1 2 3)\n"}
{"Time":"2026-10-03T19:26:19.67475269+08:00","Action":"output","Package":"go.etcd.io/raft/v3","Test":"TestAssuranceAutoLeaveExploration/aborted_transfer","Output":"raft2026/10/03 19:26:19 INFO: 1 switched to configuration voters=(1 2 3)\n"}
{"Time":"2026-10-03T19:26:19.674780141+08:00","Action":"output","Package":"go.etcd.io/raft/v3","Test":"TestAssuranceAutoLeaveExploration/aborted_transfer","Output":"raft2026/10/03 19:26:19 INFO: 1 switched to configuration voters=(1 2 3)\n"}
{"Time":"2026-10-03T19:26:19.674790675+08:00","Action":"output","Package":"go.etcd.io/raft/v3","Test":"TestAssuranceAutoLeaveExploration/aborted_transfer","Output":"raft2026/10/03 19:26:19 INFO: 2 switched to configuration voters=(1 2 3)\n"}
{"Time":"2026-10-03T19:26:19.674799972+08:00","Action":"output","Package":"go.etcd.io/raft/v3","Test":"TestAssuranceAutoLeaveExploration/aborted_transfer","Output":"raft2026/10/03 19:26:19 INFO: 2 switched to configuration voters=(1 2 3)\n"}
{"Time":"2026-10-03T19:26:19.674808228+08:00","Action":"output","Package":"go.etcd.io/raft/v3","Test":"TestAssuranceAutoLeaveExploration/aborted_transfer","Output":"raft2026/10/03 19:26:19 INFO: 2 switched to configuration voters=(1 2 3)\n"}
{"Time":"2026-10-03T19:26:19.674816913+08:00","Action":"output","Package":"go.etcd.io/raft/v3","Test":"TestAssuranceAutoLeaveExploration/aborted_transfer","Output":"raft2026/10/03 19:26:19 INFO: 3 switched to configuration voters=(1 2 3)\n"}
{"Time":"2026-10-03T19:26:19.674829883+08:00","Action":"output","Package":"go.etcd.io/raft/v3","Test":"TestAssuranceAutoLeaveExploration/aborted_transfer","Output":"raft2026/10/03 19:26:19 INFO: 3 switched to configuration voters=(1 2 3)\n"}
{"Time":"2026-10-03T19:26:19.674839154+08:00","Action":"output","Package":"go.etcd.io/raft/v3","Test":"TestAssuranceAutoLeaveExploration/aborted_transfer","Output":"raft2026/10/03 19:26:19 INFO: 3 switched to configuration voters=(1 2 3)\n"}
{"Time":"2026-10-03T19:26:19.674848295+08:00","Action":"output","Package":"go.etcd.io/raft/v3","Test":"TestAssuranceAutoLeaveExploration/aborted_transfer","Output":"raft2026/10/03 19:26:19 INFO: 1 is starting a new election at term 1\n"}
{"Time":"2026-10-03T19:26:19.674857406+08:00","Action":"output","Package":"go.etcd.io/raft/v3","Test":"TestAssuranceAutoLeaveExploration/aborted_transfer","Output":"raft2026/10/03 19:26:19 INFO: 1 became candidate at term 2\n"}
{"Time":"2026-10-03T19:26:19.67486829+08:00","Action":"output","Package":"go.etcd.io/raft/v3","Test":"TestAssuranceAutoLeaveExploration/aborted_transfer","Output":"raft2026/10/03 19:26:19 INFO: 1 [logterm: 1, index: 3] sent MsgVote request to 2 at term 2\n"}
{"Time":"2026-10-03T19:26:19.674877357+08:00","Action":"output","Package":"go.etcd.io/raft/v3","Test":"TestAssuranceAutoLeaveExploration/aborted_transfer","Output":"raft2026/10/03 19:26:19 INFO: 1 [logterm: 1, index: 3] sent MsgVote request to 3 at term 2\n"}
{"Time":"2026-10-03T19:26:19.674886548+08:00","Action":"output","Package":"go.etcd.io/raft/v3","Test":"TestAssuranceAutoLeaveExploration/aborted_transfer","Output":"raft2026/10/03 19:26:19 INFO: 1 received MsgVoteResp from 1 at term 2\n"}
{"Time":"2026-10-03T19:26:19.674895437+08:00","Action":"output","Package":"go.etcd.io/raft/v3","Test":"TestAssuranceAutoLeaveExploration/aborted_transfer","Output":"raft2026/10/03 19:26:19 INFO: 1 has received 1 MsgVoteResp votes and 0 vote rejections\n"}
{"Time":"2026-10-03T19:26:19.674904412+08:00","Action":"output","Package":"go.etcd.io/raft/v3","Test":"TestAssuranceAutoLeaveExploration/aborted_transfer","Output":"raft2026/10/03 19:26:19 INFO: 2 [term: 1] received a MsgVote message with higher term from 1 [term: 2]\n"}
{"Time":"2026-10-03T19:26:19.67491312+08:00","Action":"output","Package":"go.etcd.io/raft/v3","Test":"TestAssuranceAutoLeaveExploration/aborted_transfer","Output":"raft2026/10/03 19:26:19 INFO: 2 became follower at term 2\n"}
{"Time":"2026-10-03T19:26:19.674921831+08:00","Action":"output","Package":"go.etcd.io/raft/v3","Test":"TestAssuranceAutoLeaveExploration/aborted_transfer","Output":"raft2026/10/03 19:26:19 INFO: 2 [logterm: 1, index: 3, vote: 0] cast MsgVote for 1 [logterm: 1, index: 3] at term 2\n"}
{"Time":"2026-10-03T19:26:19.67493023+08:00","Action":"output","Package":"go.etcd.io/raft/v3","Test":"TestAssuranceAutoLeaveExploration/aborted_transfer","Output":"raft2026/10/03 19:26:19 INFO: 3 [term: 1] received a MsgVote message with higher term from 1 [term: 2]\n"}
{"Time":"2026-10-03T19:26:19.674938547+08:00","Action":"output","Package":"go.etcd.io/raft/v3","Test":"TestAssuranceAutoLeaveExploration/aborted_transfer","Output":"raft2026/10/03 19:26:19 INFO: 3 became follower at term 2\n"}
{"Time":"2026-10-03T19:26:19.675007124+08:00","Action":"output","Package":"go.etcd.io/raft/v3","Test":"TestAssuranceAutoLeaveExploration/aborted_transfer","Output":"raft2026/10/03 19:26:19 INFO: 3 [logterm: 1, index: 3, vote: 0] cast MsgVote for 1 [logterm: 1, index: 3] at term 2\n"}
{"Time":"2026-10-03T19:26:19.675017031+08:00","Action":"output","Package":"go.etcd.io/raft/v3","Test":"TestAssuranceAutoLeaveExploration/aborted_transfer","Output":"raft2026/10/03 19:26:19 INFO: 1 received MsgVoteResp from 2 at term 2\n"}
{"Time":"2026-10-03T19:26:19.675025218+08:00","Action":"output","Package":"go.etcd.io/raft/v3","Test":"TestAssuranceAutoLeaveExploration/aborted_transfer","Output":"raft2026/10/03 19:26:19 INFO: 1 has received 2 MsgVoteResp votes and 0 vote rejections\n"}
{"Time":"2026-10-03T19:26:19.675034039+08:00","Action":"output","Package":"go.etcd.io/raft/v3","Test":"TestAssuranceAutoLeaveExploration/aborted_transfer","Output":"raft2026/10/03 19:26:19 INFO: 1 became leader at term 2\n"}
{"Time":"2026-10-03T19:26:19.675044331+08:00","Action":"output","Package":"go.etcd.io/raft/v3","Test":"TestAssuranceAutoLeaveExploration/aborted_transfer","Output":"CA_EVENT {\"applied\":4,\"case\":\"aborted_transfer\",\"commit\":4,\"config\":{\"voters\":[1,2,3],\"auto_leave\":false},\"dropped_timeout_now\":0,\"last\":4,\"lead\":1,\"leave_entries\":0,\"pending_conf\":3,\"phase\":\"elected\",\"queue\":0,\"role\":\"StateLeader\",\"term\":2,\"ticks\":0,\"transfer\":0}\n"}
{"Time":"2026-10-03T19:26:19.675840372+08:00","Action":"output","Package":"go.etcd.io/raft/v3","Test":"TestAssuranceAutoLeaveExploration/aborted_transfer","Output":"raft2026/10/03 19:26:19 INFO: 1 switched to configuration voters=(1 2)\u0026\u0026(1 2 3) autoleave\n"}
{"Time":"2026-10-03T19:26:19.675871619+08:00","Action":"output","Package":"go.etcd.io/raft/v3","Test":"TestAssuranceAutoLeaveExploration/aborted_transfer","Output":"CA_EVENT {\"applied\":4,\"case\":\"aborted_transfer\",\"commit\":5,\"config\":{\"voters\":[1,2],\"voters_outgoing\":[1,2,3],\"auto_leave\":true},\"dropped_timeout_now\":0,\"last\":5,\"lead\":1,\"leave_entries\":0,\"pending_conf\":5,\"phase\":\"joint_applied_before_advance\",\"queue\":3,\"role\":\"StateLeader\",\"term\":2,\"ticks\":0,\"transfer\":0}\n"}
{"Time":"2026-10-03T19:26:19.67588226+08:00","Action":"output","Package":"go.etcd.io/raft/v3","Test":"TestAssuranceAutoLeaveExploration/aborted_transfer","Output":"raft2026/10/03 19:26:19 INFO: 1 [term 2] starts to transfer leadership to 2\n"}
{"Time":"2026-10-03T19:26:19.67589101+08:00","Action":"output","Package":"go.etcd.io/raft/v3","Test":"TestAssuranceAutoLeaveExploration/aborted_transfer","Output":"raft2026/10/03 19:26:19 INFO: 1 sends MsgTimeoutNow to 2 immediately as 2 already has up-to-date log\n"}
{"Time":"2026-10-03T19:26:19.675895741+08:00","Action":"output","Package":"go.etcd.io/raft/v3","Test":"TestAssuranceAutoLeaveExploration/aborted_transfer","Output":"CA_EVENT {\"applied\":4,\"case\":\"aborted_transfer\",\"commit\":5,\"config\":{\"voters\":[1,2],\"voters_outgoing\":[1,2,3],\"auto_leave\":true},\"dropped_timeout_now\":0,\"last\":5,\"lead\":1,\"leave_entries\":0,\"pending_conf\":5,\"phase\":\"transfer_requested\",\"queue\":3,\"role\":\"StateLeader\",\"term\":2,\"ticks\":0,\"transfer\":2}\n"}
{"Time":"2026-10-03T19:26:19.676148027+08:00","Action":"output","Package":"go.etcd.io/raft/v3","Test":"TestAssuranceAutoLeaveExploration/aborted_transfer","Output":"raft2026/10/03 19:26:19 INFO: 2 switched to configuration voters=(1 2)\u0026\u0026(1 2 3) autoleave\n"}
{"Time":"2026-10-03T19:26:19.676181297+08:00","Action":"output","Package":"go.etcd.io/raft/v3","Test":"TestAssuranceAutoLeaveExploration/aborted_transfer","Output":"raft2026/10/03 19:26:19 INFO: 3 switched to configuration voters=(1 2)\u0026\u0026(1 2 3) autoleave\n"}
{"Time":"2026-10-03T19:26:19.676191956+08:00","Action":"output","Package":"go.etcd.io/raft/v3","Test":"TestAssuranceAutoLeaveExploration/aborted_transfer","Output":"CA_EVENT {\"applied\":5,\"case\":\"aborted_transfer\",\"commit\":5,\"config\":{\"voters\":[1,2],\"voters_outgoing\":[1,2,3],\"auto_leave\":true},\"dropped_timeout_now\":1,\"last\":5,\"lead\":1,\"leave_entries\":0,\"pending_conf\":5,\"phase\":\"initial_drain\",\"queue\":0,\"role\":\"StateLeader\",\"term\":2,\"ticks\":0,\"transfer\":2}\n"}
{"Time":"2026-10-03T19:26:19.676326555+08:00","Action":"output","Package":"go.etcd.io/raft/v3","Test":"TestAssuranceAutoLeaveExploration/aborted_transfer","Output":"CA_EVENT {\"applied\":5,\"case\":\"aborted_transfer\",\"commit\":5,\"config\":{\"voters\":[1,2],\"voters_outgoing\":[1,2,3],\"auto_leave\":true},\"dropped_timeout_now\":1,\"last\":5,\"lead\":1,\"leave_entries\":0,\"pending_conf\":5,\"phase\":\"tick_boundary\",\"queue\":0,\"role\":\"StateLeader\",\"term\":2,\"ticks\":10,\"transfer\":0}\n"}
{"Time":"2026-10-03T19:26:19.676537701+08:00","Action":"output","Package":"go.etcd.io/raft/v3","Test":"TestAssuranceAutoLeaveExploration/aborted_transfer","Output":"CA_EVENT {\"applied\":5,\"case\":\"aborted_transfer\",\"commit\":5,\"config\":{\"voters\":[1,2],\"voters_outgoing\":[1,2,3],\"auto_leave\":true},\"dropped_timeout_now\":1,\"last\":5,\"lead\":1,\"leave_entries\":0,\"pending_conf\":5,\"phase\":\"tick_boundary\",\"queue\":0,\"role\":\"StateLeader\",\"term\":2,\"ticks\":20,\"transfer\":0}\n"}
{"Time":"2026-10-03T19:26:19.676642778+08:00","Action":"output","Package":"go.etcd.io/raft/v3","Test":"TestAssuranceAutoLeaveExploration/aborted_transfer","Output":"CA_EVENT {\"applied\":5,\"case\":\"aborted_transfer\",\"commit\":5,\"config\":{\"voters\":[1,2],\"voters_outgoing\":[1,2,3],\"auto_leave\":true},\"dropped_timeout_now\":1,\"last\":5,\"lead\":1,\"leave_entries\":0,\"pending_conf\":5,\"phase\":\"tick_boundary\",\"queue\":0,\"role\":\"StateLeader\",\"term\":2,\"ticks\":30,\"transfer\":0}\n"}
{"Time":"2026-10-03T19:26:19.676731716+08:00","Action":"output","Package":"go.etcd.io/raft/v3","Test":"TestAssuranceAutoLeaveExploration/aborted_transfer","Output":"CA_EVENT {\"applied\":5,\"case\":\"aborted_transfer\",\"commit\":5,\"config\":{\"voters\":[1,2],\"voters_outgoing\":[1,2,3],\"auto_leave\":true},\"dropped_timeout_now\":1,\"last\":5,\"lead\":1,\"leave_entries\":0,\"pending_conf\":5,\"phase\":\"tick_boundary\",\"queue\":0,\"role\":\"StateLeader\",\"term\":2,\"ticks\":40,\"transfer\":0}\n"}
{"Time":"2026-10-03T19:26:19.676955438+08:00","Action":"output","Package":"go.etcd.io/raft/v3","Test":"TestAssuranceAutoLeaveExploration/aborted_transfer","Output":"CA_EVENT {\"any_ready\":false,\"applied\":5,\"case\":\"aborted_transfer\",\"commit\":5,\"config\":{\"voters\":[1,2],\"voters_outgoing\":[1,2,3],\"auto_leave\":true},\"dropped_timeout_now\":1,\"last\":5,\"lead\":1,\"leave_entries\":0,\"pending_conf\":5,\"phase\":\"bounded_suffix\",\"queue\":0,\"role\":\"StateLeader\",\"term\":2,\"ticks\":40,\"transfer\":0}\n"}
{"Time":"2026-10-03T19:26:19.676976881+08:00","Action":"output","Package":"go.etcd.io/raft/v3","Test":"TestAssuranceAutoLeaveExploration/aborted_transfer","Output":"raft2026/10/03 19:26:19 INFO: initiating automatic transition out of joint configuration voters=(1 2)\u0026\u0026(1 2 3) autoleave\n"}
{"Time":"2026-10-03T19:26:19.676990199+08:00","Action":"output","Package":"go.etcd.io/raft/v3","Test":"TestAssuranceAutoLeaveExploration/aborted_transfer","Output":"raft2026/10/03 19:26:19 INFO: 1 switched to configuration voters=(1 2)\n"}
{"Time":"2026-10-03T19:26:19.67700038+08:00","Action":"output","Package":"go.etcd.io/raft/v3","Test":"TestAssuranceAutoLeaveExploration/aborted_transfer","Output":"raft2026/10/03 19:26:19 INFO: 2 switched to configuration voters=(1 2)\n"}
{"Time":"2026-10-03T19:26:19.677012497+08:00","Action":"output","Package":"go.etcd.io/raft/v3","Test":"TestAssuranceAutoLeaveExploration/aborted_transfer","Output":"raft2026/10/03 19:26:19 INFO: 3 switched to configuration voters=(1 2)\n"}
{"Time":"2026-10-03T19:26:19.677027933+08:00","Action":"output","Package":"go.etcd.io/raft/v3","Test":"TestAssuranceAutoLeaveExploration/aborted_transfer","Output":"CA_EVENT {\"applied\":7,\"case\":\"aborted_transfer\",\"commit\":7,\"config\":{\"voters\":[1,2],\"auto_leave\":false},\"dropped_timeout_now\":1,\"last\":7,\"lead\":1,\"leave_entries\":1,\"pending_conf\":7,\"phase\":\"after_rescue_proposal\",\"queue\":0,\"role\":\"StateLeader\",\"term\":2,\"ticks\":40,\"transfer\":0}\n"}
{"Time":"2026-10-03T19:26:19.677124763+08:00","Action":"output","Package":"go.etcd.io/raft/v3","Test":"TestAssuranceAutoLeaveExploration/aborted_transfer","Output":"--- PASS: TestAssuranceAutoLeaveExploration/aborted_transfer (0.00s)\n"}
{"Time":"2026-10-03T19:26:19.677142567+08:00","Action":"pass","Package":"go.etcd.io/raft/v3","Test":"TestAssuranceAutoLeaveExploration/aborted_transfer","Elapsed":0}
{"Time":"2026-10-03T19:26:19.677193169+08:00","Action":"output","Package":"go.etcd.io/raft/v3","Test":"TestAssuranceAutoLeaveExploration","Output":"--- PASS: TestAssuranceAutoLeaveExploration (0.01s)\n"}
{"Time":"2026-10-03T19:26:19.677241424+08:00","Action":"pass","Package":"go.etcd.io/raft/v3","Test":"TestAssuranceAutoLeaveExploration","Elapsed":0.01}
{"Time":"2026-10-03T19:26:19.677462941+08:00","Action":"output","Package":"go.etcd.io/raft/v3","Output":"PASS\n"}
{"Time":"2026-10-03T19:26:19.680653353+08:00","Action":"output","Package":"go.etcd.io/raft/v3","Output":"ok  \tgo.etcd.io/raft/v3\t0.023s\n"}
{"Time":"2026-10-03T19:26:19.680684169+08:00","Action":"pass","Package":"go.etcd.io/raft/v3","Elapsed":0.024}
