{"Time":"2026-10-05T08:41:42.650114961+08:00","Action":"start","Package":"go.etcd.io/raft/v3"}
{"Time":"2026-10-05T08:41:42.654192051+08:00","Action":"run","Package":"go.etcd.io/raft/v3","Test":"TestAssuranceAutoLeaveExploration"}
{"Time":"2026-10-05T08:41:42.654206129+08:00","Action":"output","Package":"go.etcd.io/raft/v3","Test":"TestAssuranceAutoLeaveExploration","Output":"=== RUN   TestAssuranceAutoLeaveExploration\n"}
{"Time":"2026-10-05T08:41:42.654237153+08:00","Action":"run","Package":"go.etcd.io/raft/v3","Test":"TestAssuranceAutoLeaveExploration/control"}
{"Time":"2026-10-05T08:41:42.654239353+08:00","Action":"output","Package":"go.etcd.io/raft/v3","Test":"TestAssuranceAutoLeaveExploration/control","Output":"=== RUN   TestAssuranceAutoLeaveExploration/control\n"}
{"Time":"2026-10-05T08:41:42.654260745+08:00","Action":"output","Package":"go.etcd.io/raft/v3","Test":"TestAssuranceAutoLeaveExploration/control","Output":"raft2026/10/05 08:41:42 INFO: 1 switched to configuration voters=()\n"}
{"Time":"2026-10-05T08:41:42.654311418+08:00","Action":"output","Package":"go.etcd.io/raft/v3","Test":"TestAssuranceAutoLeaveExploration/control","Output":"raft2026/10/05 08:41:42 INFO: 1 became follower at term 0\n"}
{"Time":"2026-10-05T08:41:42.654322245+08:00","Action":"output","Package":"go.etcd.io/raft/v3","Test":"TestAssuranceAutoLeaveExploration/control","Output":"raft2026/10/05 08:41:42 INFO: newRaft 1 [peers: [], term: 0, commit: 0, applied: 0, lastindex: 0, lastterm: 0]\n"}
{"Time":"2026-10-05T08:41:42.65432554+08:00","Action":"output","Package":"go.etcd.io/raft/v3","Test":"TestAssuranceAutoLeaveExploration/control","Output":"raft2026/10/05 08:41:42 INFO: 1 became follower at term 1\n"}
{"Time":"2026-10-05T08:41:42.654327646+08:00","Action":"output","Package":"go.etcd.io/raft/v3","Test":"TestAssuranceAutoLeaveExploration/control","Output":"raft2026/10/05 08:41:42 INFO: 1 switched to configuration voters=(1)\n"}
{"Time":"2026-10-05T08:41:42.654329752+08:00","Action":"output","Package":"go.etcd.io/raft/v3","Test":"TestAssuranceAutoLeaveExploration/control","Output":"raft2026/10/05 08:41:42 INFO: 1 switched to configuration voters=(1 2)\n"}
{"Time":"2026-10-05T08:41:42.654331346+08:00","Action":"output","Package":"go.etcd.io/raft/v3","Test":"TestAssuranceAutoLeaveExploration/control","Output":"raft2026/10/05 08:41:42 INFO: 1 switched to configuration voters=(1 2 3)\n"}
{"Time":"2026-10-05T08:41:42.654332849+08:00","Action":"output","Package":"go.etcd.io/raft/v3","Test":"TestAssuranceAutoLeaveExploration/control","Output":"raft2026/10/05 08:41:42 INFO: 2 switched to configuration voters=()\n"}
{"Time":"2026-10-05T08:41:42.654337971+08:00","Action":"output","Package":"go.etcd.io/raft/v3","Test":"TestAssuranceAutoLeaveExploration/control","Output":"raft2026/10/05 08:41:42 INFO: 2 became follower at term 0\n"}
{"Time":"2026-10-05T08:41:42.654339713+08:00","Action":"output","Package":"go.etcd.io/raft/v3","Test":"TestAssuranceAutoLeaveExploration/control","Output":"raft2026/10/05 08:41:42 INFO: newRaft 2 [peers: [], term: 0, commit: 0, applied: 0, lastindex: 0, lastterm: 0]\n"}
{"Time":"2026-10-05T08:41:42.654343236+08:00","Action":"output","Package":"go.etcd.io/raft/v3","Test":"TestAssuranceAutoLeaveExploration/control","Output":"raft2026/10/05 08:41:42 INFO: 2 became follower at term 1\n"}
{"Time":"2026-10-05T08:41:42.654345141+08:00","Action":"output","Package":"go.etcd.io/raft/v3","Test":"TestAssuranceAutoLeaveExploration/control","Output":"raft2026/10/05 08:41:42 INFO: 2 switched to configuration voters=(1)\n"}
{"Time":"2026-10-05T08:41:42.654346739+08:00","Action":"output","Package":"go.etcd.io/raft/v3","Test":"TestAssuranceAutoLeaveExploration/control","Output":"raft2026/10/05 08:41:42 INFO: 2 switched to configuration voters=(1 2)\n"}
{"Time":"2026-10-05T08:41:42.654348314+08:00","Action":"output","Package":"go.etcd.io/raft/v3","Test":"TestAssuranceAutoLeaveExploration/control","Output":"raft2026/10/05 08:41:42 INFO: 2 switched to configuration voters=(1 2 3)\n"}
{"Time":"2026-10-05T08:41:42.654349972+08:00","Action":"output","Package":"go.etcd.io/raft/v3","Test":"TestAssuranceAutoLeaveExploration/control","Output":"raft2026/10/05 08:41:42 INFO: 3 switched to configuration voters=()\n"}
{"Time":"2026-10-05T08:41:42.654352934+08:00","Action":"output","Package":"go.etcd.io/raft/v3","Test":"TestAssuranceAutoLeaveExploration/control","Output":"raft2026/10/05 08:41:42 INFO: 3 became follower at term 0\n"}
{"Time":"2026-10-05T08:41:42.654354631+08:00","Action":"output","Package":"go.etcd.io/raft/v3","Test":"TestAssuranceAutoLeaveExploration/control","Output":"raft2026/10/05 08:41:42 INFO: newRaft 3 [peers: [], term: 0, commit: 0, applied: 0, lastindex: 0, lastterm: 0]\n"}
{"Time":"2026-10-05T08:41:42.654370379+08:00","Action":"output","Package":"go.etcd.io/raft/v3","Test":"TestAssuranceAutoLeaveExploration/control","Output":"raft2026/10/05 08:41:42 INFO: 3 became follower at term 1\n"}
{"Time":"2026-10-05T08:41:42.654372113+08:00","Action":"output","Package":"go.etcd.io/raft/v3","Test":"TestAssuranceAutoLeaveExploration/control","Output":"raft2026/10/05 08:41:42 INFO: 3 switched to configuration voters=(1)\n"}
{"Time":"2026-10-05T08:41:42.654376436+08:00","Action":"output","Package":"go.etcd.io/raft/v3","Test":"TestAssuranceAutoLeaveExploration/control","Output":"raft2026/10/05 08:41:42 INFO: 3 switched to configuration voters=(1 2)\n"}
{"Time":"2026-10-05T08:41:42.654378367+08:00","Action":"output","Package":"go.etcd.io/raft/v3","Test":"TestAssuranceAutoLeaveExploration/control","Output":"raft2026/10/05 08:41:42 INFO: 3 switched to configuration voters=(1 2 3)\n"}
{"Time":"2026-10-05T08:41:42.654379854+08:00","Action":"output","Package":"go.etcd.io/raft/v3","Test":"TestAssuranceAutoLeaveExploration/control","Output":"raft2026/10/05 08:41:42 INFO: 1 switched to configuration voters=(1 2 3)\n"}
{"Time":"2026-10-05T08:41:42.654381349+08:00","Action":"output","Package":"go.etcd.io/raft/v3","Test":"TestAssuranceAutoLeaveExploration/control","Output":"raft2026/10/05 08:41:42 INFO: 1 switched to configuration voters=(1 2 3)\n"}
{"Time":"2026-10-05T08:41:42.65438283+08:00","Action":"output","Package":"go.etcd.io/raft/v3","Test":"TestAssuranceAutoLeaveExploration/control","Output":"raft2026/10/05 08:41:42 INFO: 1 switched to configuration voters=(1 2 3)\n"}
{"Time":"2026-10-05T08:41:42.654384331+08:00","Action":"output","Package":"go.etcd.io/raft/v3","Test":"TestAssuranceAutoLeaveExploration/control","Output":"raft2026/10/05 08:41:42 INFO: 2 switched to configuration voters=(1 2 3)\n"}
{"Time":"2026-10-05T08:41:42.654385769+08:00","Action":"output","Package":"go.etcd.io/raft/v3","Test":"TestAssuranceAutoLeaveExploration/control","Output":"raft2026/10/05 08:41:42 INFO: 2 switched to configuration voters=(1 2 3)\n"}
{"Time":"2026-10-05T08:41:42.654387271+08:00","Action":"output","Package":"go.etcd.io/raft/v3","Test":"TestAssuranceAutoLeaveExploration/control","Output":"raft2026/10/05 08:41:42 INFO: 2 switched to configuration voters=(1 2 3)\n"}
{"Time":"2026-10-05T08:41:42.654388688+08:00","Action":"output","Package":"go.etcd.io/raft/v3","Test":"TestAssuranceAutoLeaveExploration/control","Output":"raft2026/10/05 08:41:42 INFO: 3 switched to configuration voters=(1 2 3)\n"}
{"Time":"2026-10-05T08:41:42.654392234+08:00","Action":"output","Package":"go.etcd.io/raft/v3","Test":"TestAssuranceAutoLeaveExploration/control","Output":"raft2026/10/05 08:41:42 INFO: 3 switched to configuration voters=(1 2 3)\n"}
{"Time":"2026-10-05T08:41:42.654393905+08:00","Action":"output","Package":"go.etcd.io/raft/v3","Test":"TestAssuranceAutoLeaveExploration/control","Output":"raft2026/10/05 08:41:42 INFO: 3 switched to configuration voters=(1 2 3)\n"}
{"Time":"2026-10-05T08:41:42.654395368+08:00","Action":"output","Package":"go.etcd.io/raft/v3","Test":"TestAssuranceAutoLeaveExploration/control","Output":"raft2026/10/05 08:41:42 INFO: 1 is starting a new election at term 1\n"}
{"Time":"2026-10-05T08:41:42.65439678+08:00","Action":"output","Package":"go.etcd.io/raft/v3","Test":"TestAssuranceAutoLeaveExploration/control","Output":"raft2026/10/05 08:41:42 INFO: 1 became pre-candidate at term 1\n"}
{"Time":"2026-10-05T08:41:42.654399081+08:00","Action":"output","Package":"go.etcd.io/raft/v3","Test":"TestAssuranceAutoLeaveExploration/control","Output":"raft2026/10/05 08:41:42 INFO: 1 [logterm: 1, index: 3] sent MsgPreVote request to 2 at term 1\n"}
{"Time":"2026-10-05T08:41:42.654400955+08:00","Action":"output","Package":"go.etcd.io/raft/v3","Test":"TestAssuranceAutoLeaveExploration/control","Output":"raft2026/10/05 08:41:42 INFO: 1 [logterm: 1, index: 3] sent MsgPreVote request to 3 at term 1\n"}
{"Time":"2026-10-05T08:41:42.654403379+08:00","Action":"output","Package":"go.etcd.io/raft/v3","Test":"TestAssuranceAutoLeaveExploration/control","Output":"raft2026/10/05 08:41:42 INFO: 1 received MsgPreVoteResp from 1 at term 1\n"}
{"Time":"2026-10-05T08:41:42.654405019+08:00","Action":"output","Package":"go.etcd.io/raft/v3","Test":"TestAssuranceAutoLeaveExploration/control","Output":"raft2026/10/05 08:41:42 INFO: 1 has received 1 MsgPreVoteResp votes and 0 vote rejections\n"}
{"Time":"2026-10-05T08:41:42.654406575+08:00","Action":"output","Package":"go.etcd.io/raft/v3","Test":"TestAssuranceAutoLeaveExploration/control","Output":"raft2026/10/05 08:41:42 INFO: 2 [logterm: 1, index: 3, vote: 0] cast MsgPreVote for 1 [logterm: 1, index: 3] at term 1\n"}
{"Time":"2026-10-05T08:41:42.654408503+08:00","Action":"output","Package":"go.etcd.io/raft/v3","Test":"TestAssuranceAutoLeaveExploration/control","Output":"raft2026/10/05 08:41:42 INFO: 3 [logterm: 1, index: 3, vote: 0] cast MsgPreVote for 1 [logterm: 1, index: 3] at term 1\n"}
{"Time":"2026-10-05T08:41:42.654410998+08:00","Action":"output","Package":"go.etcd.io/raft/v3","Test":"TestAssuranceAutoLeaveExploration/control","Output":"raft2026/10/05 08:41:42 INFO: 1 received MsgPreVoteResp from 2 at term 1\n"}
{"Time":"2026-10-05T08:41:42.654412472+08:00","Action":"output","Package":"go.etcd.io/raft/v3","Test":"TestAssuranceAutoLeaveExploration/control","Output":"raft2026/10/05 08:41:42 INFO: 1 has received 2 MsgPreVoteResp votes and 0 vote rejections\n"}
{"Time":"2026-10-05T08:41:42.654414031+08:00","Action":"output","Package":"go.etcd.io/raft/v3","Test":"TestAssuranceAutoLeaveExploration/control","Output":"raft2026/10/05 08:41:42 INFO: 1 became candidate at term 2\n"}
{"Time":"2026-10-05T08:41:42.654461723+08:00","Action":"output","Package":"go.etcd.io/raft/v3","Test":"TestAssuranceAutoLeaveExploration/control","Output":"raft2026/10/05 08:41:42 INFO: 1 [logterm: 1, index: 3] sent MsgVote request to 2 at term 2\n"}
{"Time":"2026-10-05T08:41:42.654477255+08:00","Action":"output","Package":"go.etcd.io/raft/v3","Test":"TestAssuranceAutoLeaveExploration/control","Output":"raft2026/10/05 08:41:42 INFO: 1 [logterm: 1, index: 3] sent MsgVote request to 3 at term 2\n"}
{"Time":"2026-10-05T08:41:42.654479617+08:00","Action":"output","Package":"go.etcd.io/raft/v3","Test":"TestAssuranceAutoLeaveExploration/control","Output":"raft2026/10/05 08:41:42 INFO: 1 received MsgVoteResp from 1 at term 2\n"}
{"Time":"2026-10-05T08:41:42.654481493+08:00","Action":"output","Package":"go.etcd.io/raft/v3","Test":"TestAssuranceAutoLeaveExploration/control","Output":"raft2026/10/05 08:41:42 INFO: 1 has received 1 MsgVoteResp votes and 0 vote rejections\n"}
{"Time":"2026-10-05T08:41:42.65448307+08:00","Action":"output","Package":"go.etcd.io/raft/v3","Test":"TestAssuranceAutoLeaveExploration/control","Output":"raft2026/10/05 08:41:42 INFO: 2 [term: 1] received a MsgVote message with higher term from 1 [term: 2]\n"}
{"Time":"2026-10-05T08:41:42.654484762+08:00","Action":"output","Package":"go.etcd.io/raft/v3","Test":"TestAssuranceAutoLeaveExploration/control","Output":"raft2026/10/05 08:41:42 INFO: 2 became follower at term 2\n"}
{"Time":"2026-10-05T08:41:42.654486399+08:00","Action":"output","Package":"go.etcd.io/raft/v3","Test":"TestAssuranceAutoLeaveExploration/control","Output":"raft2026/10/05 08:41:42 INFO: 2 [logterm: 1, index: 3, vote: 0] cast MsgVote for 1 [logterm: 1, index: 3] at term 2\n"}
{"Time":"2026-10-05T08:41:42.654489006+08:00","Action":"output","Package":"go.etcd.io/raft/v3","Test":"TestAssuranceAutoLeaveExploration/control","Output":"raft2026/10/05 08:41:42 INFO: 3 [term: 1] received a MsgVote message with higher term from 1 [term: 2]\n"}
{"Time":"2026-10-05T08:41:42.654490583+08:00","Action":"output","Package":"go.etcd.io/raft/v3","Test":"TestAssuranceAutoLeaveExploration/control","Output":"raft2026/10/05 08:41:42 INFO: 3 became follower at term 2\n"}
{"Time":"2026-10-05T08:41:42.654492009+08:00","Action":"output","Package":"go.etcd.io/raft/v3","Test":"TestAssuranceAutoLeaveExploration/control","Output":"raft2026/10/05 08:41:42 INFO: 3 [logterm: 1, index: 3, vote: 0] cast MsgVote for 1 [logterm: 1, index: 3] at term 2\n"}
{"Time":"2026-10-05T08:41:42.65449334+08:00","Action":"output","Package":"go.etcd.io/raft/v3","Test":"TestAssuranceAutoLeaveExploration/control","Output":"raft2026/10/05 08:41:42 INFO: 1 received MsgVoteResp from 2 at term 2\n"}
{"Time":"2026-10-05T08:41:42.654494625+08:00","Action":"output","Package":"go.etcd.io/raft/v3","Test":"TestAssuranceAutoLeaveExploration/control","Output":"raft2026/10/05 08:41:42 INFO: 1 has received 2 MsgVoteResp votes and 0 vote rejections\n"}
{"Time":"2026-10-05T08:41:42.654496061+08:00","Action":"output","Package":"go.etcd.io/raft/v3","Test":"TestAssuranceAutoLeaveExploration/control","Output":"raft2026/10/05 08:41:42 INFO: 1 became leader at term 2\n"}
{"Time":"2026-10-05T08:41:42.654524098+08:00","Action":"output","Package":"go.etcd.io/raft/v3","Test":"TestAssuranceAutoLeaveExploration/control","Output":"CA_EVENT {\"applied\":4,\"applying\":4,\"auto_leave\":false,\"committed\":4,\"conf_index\":0,\"delivered\":16,\"dropped\":0,\"election_elapsed\":0,\"heartbeat_elapsed\":0,\"incoming\":[1,2,3],\"kind\":\"initialized\",\"last\":4,\"network_pending\":0,\"node\":1,\"outgoing\":null,\"pending_conf\":3,\"ready_nodes\":0,\"role\":\"StateLeader\",\"scenario\":\"control\",\"self_pending_advance\":0,\"term\":2,\"tick\":0,\"transferee\":0,\"unstable_entries\":0}\n"}
{"Time":"2026-10-05T08:41:42.654530378+08:00","Action":"output","Package":"go.etcd.io/raft/v3","Test":"TestAssuranceAutoLeaveExploration/control","Output":"raft2026/10/05 08:41:42 INFO: 1 switched to configuration voters=(1 2)\u0026\u0026(1 2 3) autoleave\n"}
{"Time":"2026-10-05T08:41:42.654533174+08:00","Action":"output","Package":"go.etcd.io/raft/v3","Test":"TestAssuranceAutoLeaveExploration/control","Output":"CA_EVENT {\"auto_leave\":true,\"incoming\":[1,2],\"index\":5,\"kind\":\"configuration_applied\",\"node\":1,\"outgoing\":[1,2,3],\"scenario\":\"control\",\"tick\":0}\n"}
{"Time":"2026-10-05T08:41:42.65453754+08:00","Action":"output","Package":"go.etcd.io/raft/v3","Test":"TestAssuranceAutoLeaveExploration/control","Output":"raft2026/10/05 08:41:42 INFO: initiating automatic transition out of joint configuration voters=(1 2)\u0026\u0026(1 2 3) autoleave\n"}
{"Time":"2026-10-05T08:41:42.654540984+08:00","Action":"output","Package":"go.etcd.io/raft/v3","Test":"TestAssuranceAutoLeaveExploration/control","Output":"raft2026/10/05 08:41:42 INFO: 2 switched to configuration voters=(1 2)\u0026\u0026(1 2 3) autoleave\n"}
{"Time":"2026-10-05T08:41:42.654544856+08:00","Action":"output","Package":"go.etcd.io/raft/v3","Test":"TestAssuranceAutoLeaveExploration/control","Output":"CA_EVENT {\"auto_leave\":true,\"incoming\":[1,2],\"index\":5,\"kind\":\"configuration_applied\",\"node\":2,\"outgoing\":[1,2,3],\"scenario\":\"control\",\"tick\":0}\n"}
{"Time":"2026-10-05T08:41:42.654547437+08:00","Action":"output","Package":"go.etcd.io/raft/v3","Test":"TestAssuranceAutoLeaveExploration/control","Output":"raft2026/10/05 08:41:42 INFO: 3 switched to configuration voters=(1 2)\u0026\u0026(1 2 3) autoleave\n"}
{"Time":"2026-10-05T08:41:42.654551006+08:00","Action":"output","Package":"go.etcd.io/raft/v3","Test":"TestAssuranceAutoLeaveExploration/control","Output":"CA_EVENT {\"auto_leave\":true,\"incoming\":[1,2],\"index\":5,\"kind\":\"configuration_applied\",\"node\":3,\"outgoing\":[1,2,3],\"scenario\":\"control\",\"tick\":0}\n"}
{"Time":"2026-10-05T08:41:42.654720764+08:00","Action":"output","Package":"go.etcd.io/raft/v3","Test":"TestAssuranceAutoLeaveExploration/control","Output":"raft2026/10/05 08:41:42 INFO: 1 switched to configuration voters=(1 2)\n"}
{"Time":"2026-10-05T08:41:42.654726576+08:00","Action":"output","Package":"go.etcd.io/raft/v3","Test":"TestAssuranceAutoLeaveExploration/control","Output":"CA_EVENT {\"auto_leave\":false,\"incoming\":[1,2],\"index\":6,\"kind\":\"configuration_applied\",\"node\":1,\"outgoing\":null,\"scenario\":\"control\",\"tick\":0}\n"}
{"Time":"2026-10-05T08:41:42.654728949+08:00","Action":"output","Package":"go.etcd.io/raft/v3","Test":"TestAssuranceAutoLeaveExploration/control","Output":"raft2026/10/05 08:41:42 INFO: 2 switched to configuration voters=(1 2)\n"}
{"Time":"2026-10-05T08:41:42.654730791+08:00","Action":"output","Package":"go.etcd.io/raft/v3","Test":"TestAssuranceAutoLeaveExploration/control","Output":"CA_EVENT {\"auto_leave\":false,\"incoming\":[1,2],\"index\":6,\"kind\":\"configuration_applied\",\"node\":2,\"outgoing\":null,\"scenario\":\"control\",\"tick\":0}\n"}
{"Time":"2026-10-05T08:41:42.654732748+08:00","Action":"output","Package":"go.etcd.io/raft/v3","Test":"TestAssuranceAutoLeaveExploration/control","Output":"raft2026/10/05 08:41:42 INFO: 3 switched to configuration voters=(1 2)\n"}
{"Time":"2026-10-05T08:41:42.654734453+08:00","Action":"output","Package":"go.etcd.io/raft/v3","Test":"TestAssuranceAutoLeaveExploration/control","Output":"CA_EVENT {\"auto_leave\":false,\"incoming\":[1,2],\"index\":6,\"kind\":\"configuration_applied\",\"node\":3,\"outgoing\":null,\"scenario\":\"control\",\"tick\":0}\n"}
{"Time":"2026-10-05T08:41:42.654736207+08:00","Action":"output","Package":"go.etcd.io/raft/v3","Test":"TestAssuranceAutoLeaveExploration/control","Output":"CA_EVENT {\"applied\":6,\"applying\":6,\"auto_leave\":false,\"committed\":6,\"conf_index\":5,\"delivered\":32,\"dropped\":0,\"election_elapsed\":0,\"heartbeat_elapsed\":0,\"incoming\":[1,2],\"kind\":\"after_joint_application\",\"last\":6,\"network_pending\":0,\"node\":1,\"outgoing\":null,\"pending_conf\":6,\"ready_nodes\":0,\"role\":\"StateLeader\",\"scenario\":\"control\",\"self_pending_advance\":0,\"term\":2,\"tick\":0,\"transferee\":0,\"unstable_entries\":0}\n"}
{"Time":"2026-10-05T08:41:42.654738792+08:00","Action":"output","Package":"go.etcd.io/raft/v3","Test":"TestAssuranceAutoLeaveExploration/control","Output":"CA_EVENT {\"applied\":6,\"applying\":6,\"auto_leave\":false,\"committed\":6,\"conf_index\":5,\"delivered\":52,\"dropped\":0,\"election_elapsed\":0,\"heartbeat_elapsed\":0,\"incoming\":[1,2],\"kind\":\"quiet_checkpoint\",\"last\":6,\"network_pending\":0,\"node\":1,\"outgoing\":null,\"pending_conf\":6,\"ready_nodes\":0,\"role\":\"StateLeader\",\"scenario\":\"control\",\"self_pending_advance\":0,\"term\":2,\"tick\":10,\"transferee\":0,\"unstable_entries\":0}\n"}
{"Time":"2026-10-05T08:41:42.654741445+08:00","Action":"output","Package":"go.etcd.io/raft/v3","Test":"TestAssuranceAutoLeaveExploration/control","Output":"CA_EVENT {\"applied\":6,\"applying\":6,\"auto_leave\":false,\"committed\":6,\"conf_index\":5,\"delivered\":72,\"dropped\":0,\"election_elapsed\":0,\"heartbeat_elapsed\":0,\"incoming\":[1,2],\"kind\":\"quiet_checkpoint\",\"last\":6,\"network_pending\":0,\"node\":1,\"outgoing\":null,\"pending_conf\":6,\"ready_nodes\":0,\"role\":\"StateLeader\",\"scenario\":\"control\",\"self_pending_advance\":0,\"term\":2,\"tick\":20,\"transferee\":0,\"unstable_entries\":0}\n"}
{"Time":"2026-10-05T08:41:42.654743421+08:00","Action":"output","Package":"go.etcd.io/raft/v3","Test":"TestAssuranceAutoLeaveExploration/control","Output":"CA_EVENT {\"applied\":6,\"applying\":6,\"auto_leave\":false,\"committed\":6,\"conf_index\":5,\"delivered\":112,\"dropped\":0,\"election_elapsed\":0,\"heartbeat_elapsed\":0,\"incoming\":[1,2],\"kind\":\"quiet_checkpoint\",\"last\":6,\"network_pending\":0,\"node\":1,\"outgoing\":null,\"pending_conf\":6,\"ready_nodes\":0,\"role\":\"StateLeader\",\"scenario\":\"control\",\"self_pending_advance\":0,\"term\":2,\"tick\":40,\"transferee\":0,\"unstable_entries\":0}\n"}
{"Time":"2026-10-05T08:41:42.654746419+08:00","Action":"output","Package":"go.etcd.io/raft/v3","Test":"TestAssuranceAutoLeaveExploration/control","Output":"CA_EVENT {\"applied\":6,\"applying\":6,\"auto_leave\":false,\"committed\":6,\"conf_index\":5,\"delivered\":112,\"dropped\":0,\"election_elapsed\":0,\"heartbeat_elapsed\":0,\"incoming\":[1,2],\"kind\":\"before_rescue\",\"last\":6,\"network_pending\":0,\"node\":1,\"outgoing\":null,\"pending_conf\":6,\"ready_nodes\":0,\"role\":\"StateLeader\",\"scenario\":\"control\",\"self_pending_advance\":0,\"term\":2,\"tick\":40,\"transferee\":0,\"unstable_entries\":0}\n"}
{"Time":"2026-10-05T08:41:42.65474853+08:00","Action":"output","Package":"go.etcd.io/raft/v3","Test":"TestAssuranceAutoLeaveExploration/control","Output":"CA_EVENT {\"applied\":7,\"applying\":7,\"auto_leave\":false,\"committed\":7,\"conf_index\":5,\"delivered\":116,\"dropped\":0,\"election_elapsed\":0,\"heartbeat_elapsed\":0,\"incoming\":[1,2],\"kind\":\"after_rescue\",\"last\":7,\"network_pending\":0,\"node\":1,\"outgoing\":null,\"pending_conf\":6,\"ready_nodes\":0,\"role\":\"StateLeader\",\"scenario\":\"control\",\"self_pending_advance\":0,\"term\":2,\"tick\":40,\"transferee\":0,\"unstable_entries\":0}\n"}
{"Time":"2026-10-05T08:41:42.654755943+08:00","Action":"output","Package":"go.etcd.io/raft/v3","Test":"TestAssuranceAutoLeaveExploration/control","Output":"--- PASS: TestAssuranceAutoLeaveExploration/control (0.00s)\n"}
{"Time":"2026-10-05T08:41:42.654757902+08:00","Action":"pass","Package":"go.etcd.io/raft/v3","Test":"TestAssuranceAutoLeaveExploration/control","Elapsed":0}
{"Time":"2026-10-05T08:41:42.654761243+08:00","Action":"run","Package":"go.etcd.io/raft/v3","Test":"TestAssuranceAutoLeaveExploration/failed_transfer"}
{"Time":"2026-10-05T08:41:42.654764122+08:00","Action":"output","Package":"go.etcd.io/raft/v3","Test":"TestAssuranceAutoLeaveExploration/failed_transfer","Output":"=== RUN   TestAssuranceAutoLeaveExploration/failed_transfer\n"}
{"Time":"2026-10-05T08:41:42.654765901+08:00","Action":"output","Package":"go.etcd.io/raft/v3","Test":"TestAssuranceAutoLeaveExploration/failed_transfer","Output":"raft2026/10/05 08:41:42 INFO: 1 switched to configuration voters=()\n"}
{"Time":"2026-10-05T08:41:42.654767404+08:00","Action":"output","Package":"go.etcd.io/raft/v3","Test":"TestAssuranceAutoLeaveExploration/failed_transfer","Output":"raft2026/10/05 08:41:42 INFO: 1 became follower at term 0\n"}
{"Time":"2026-10-05T08:41:42.654768772+08:00","Action":"output","Package":"go.etcd.io/raft/v3","Test":"TestAssuranceAutoLeaveExploration/failed_transfer","Output":"raft2026/10/05 08:41:42 INFO: newRaft 1 [peers: [], term: 0, commit: 0, applied: 0, lastindex: 0, lastterm: 0]\n"}
{"Time":"2026-10-05T08:41:42.654770112+08:00","Action":"output","Package":"go.etcd.io/raft/v3","Test":"TestAssuranceAutoLeaveExploration/failed_transfer","Output":"raft2026/10/05 08:41:42 INFO: 1 became follower at term 1\n"}
{"Time":"2026-10-05T08:41:42.654771523+08:00","Action":"output","Package":"go.etcd.io/raft/v3","Test":"TestAssuranceAutoLeaveExploration/failed_transfer","Output":"raft2026/10/05 08:41:42 INFO: 1 switched to configuration voters=(1)\n"}
{"Time":"2026-10-05T08:41:42.654773769+08:00","Action":"output","Package":"go.etcd.io/raft/v3","Test":"TestAssuranceAutoLeaveExploration/failed_transfer","Output":"raft2026/10/05 08:41:42 INFO: 1 switched to configuration voters=(1 2)\n"}
{"Time":"2026-10-05T08:41:42.654775218+08:00","Action":"output","Package":"go.etcd.io/raft/v3","Test":"TestAssuranceAutoLeaveExploration/failed_transfer","Output":"raft2026/10/05 08:41:42 INFO: 1 switched to configuration voters=(1 2 3)\n"}
{"Time":"2026-10-05T08:41:42.654778427+08:00","Action":"output","Package":"go.etcd.io/raft/v3","Test":"TestAssuranceAutoLeaveExploration/failed_transfer","Output":"raft2026/10/05 08:41:42 INFO: 2 switched to configuration voters=()\n"}
{"Time":"2026-10-05T08:41:42.654780686+08:00","Action":"output","Package":"go.etcd.io/raft/v3","Test":"TestAssuranceAutoLeaveExploration/failed_transfer","Output":"raft2026/10/05 08:41:42 INFO: 2 became follower at term 0\n"}
{"Time":"2026-10-05T08:41:42.654782011+08:00","Action":"output","Package":"go.etcd.io/raft/v3","Test":"TestAssuranceAutoLeaveExploration/failed_transfer","Output":"raft2026/10/05 08:41:42 INFO: newRaft 2 [peers: [], term: 0, commit: 0, applied: 0, lastindex: 0, lastterm: 0]\n"}
{"Time":"2026-10-05T08:41:42.654784125+08:00","Action":"output","Package":"go.etcd.io/raft/v3","Test":"TestAssuranceAutoLeaveExploration/failed_transfer","Output":"raft2026/10/05 08:41:42 INFO: 2 became follower at term 1\n"}
{"Time":"2026-10-05T08:41:42.654786235+08:00","Action":"output","Package":"go.etcd.io/raft/v3","Test":"TestAssuranceAutoLeaveExploration/failed_transfer","Output":"raft2026/10/05 08:41:42 INFO: 2 switched to configuration voters=(1)\n"}
{"Time":"2026-10-05T08:41:42.654787532+08:00","Action":"output","Package":"go.etcd.io/raft/v3","Test":"TestAssuranceAutoLeaveExploration/failed_transfer","Output":"raft2026/10/05 08:41:42 INFO: 2 switched to configuration voters=(1 2)\n"}
{"Time":"2026-10-05T08:41:42.654789544+08:00","Action":"output","Package":"go.etcd.io/raft/v3","Test":"TestAssuranceAutoLeaveExploration/failed_transfer","Output":"raft2026/10/05 08:41:42 INFO: 2 switched to configuration voters=(1 2 3)\n"}
{"Time":"2026-10-05T08:41:42.654791705+08:00","Action":"output","Package":"go.etcd.io/raft/v3","Test":"TestAssuranceAutoLeaveExploration/failed_transfer","Output":"raft2026/10/05 08:41:42 INFO: 3 switched to configuration voters=()\n"}
{"Time":"2026-10-05T08:41:42.654793817+08:00","Action":"output","Package":"go.etcd.io/raft/v3","Test":"TestAssuranceAutoLeaveExploration/failed_transfer","Output":"raft2026/10/05 08:41:42 INFO: 3 became follower at term 0\n"}
{"Time":"2026-10-05T08:41:42.654802027+08:00","Action":"output","Package":"go.etcd.io/raft/v3","Test":"TestAssuranceAutoLeaveExploration/failed_transfer","Output":"raft2026/10/05 08:41:42 INFO: newRaft 3 [peers: [], term: 0, commit: 0, applied: 0, lastindex: 0, lastterm: 0]\n"}
{"Time":"2026-10-05T08:41:42.654804266+08:00","Action":"output","Package":"go.etcd.io/raft/v3","Test":"TestAssuranceAutoLeaveExploration/failed_transfer","Output":"raft2026/10/05 08:41:42 INFO: 3 became follower at term 1\n"}
{"Time":"2026-10-05T08:41:42.654805643+08:00","Action":"output","Package":"go.etcd.io/raft/v3","Test":"TestAssuranceAutoLeaveExploration/failed_transfer","Output":"raft2026/10/05 08:41:42 INFO: 3 switched to configuration voters=(1)\n"}
{"Time":"2026-10-05T08:41:42.654806978+08:00","Action":"output","Package":"go.etcd.io/raft/v3","Test":"TestAssuranceAutoLeaveExploration/failed_transfer","Output":"raft2026/10/05 08:41:42 INFO: 3 switched to configuration voters=(1 2)\n"}
{"Time":"2026-10-05T08:41:42.654808275+08:00","Action":"output","Package":"go.etcd.io/raft/v3","Test":"TestAssuranceAutoLeaveExploration/failed_transfer","Output":"raft2026/10/05 08:41:42 INFO: 3 switched to configuration voters=(1 2 3)\n"}
{"Time":"2026-10-05T08:41:42.65483742+08:00","Action":"output","Package":"go.etcd.io/raft/v3","Test":"TestAssuranceAutoLeaveExploration/failed_transfer","Output":"raft2026/10/05 08:41:42 INFO: 1 switched to configuration voters=(1 2 3)\n"}
{"Time":"2026-10-05T08:41:42.654845992+08:00","Action":"output","Package":"go.etcd.io/raft/v3","Test":"TestAssuranceAutoLeaveExploration/failed_transfer","Output":"raft2026/10/05 08:41:42 INFO: 1 switched to configuration voters=(1 2 3)\n"}
{"Time":"2026-10-05T08:41:42.65484812+08:00","Action":"output","Package":"go.etcd.io/raft/v3","Test":"TestAssuranceAutoLeaveExploration/failed_transfer","Output":"raft2026/10/05 08:41:42 INFO: 1 switched to configuration voters=(1 2 3)\n"}
{"Time":"2026-10-05T08:41:42.654850847+08:00","Action":"output","Package":"go.etcd.io/raft/v3","Test":"TestAssuranceAutoLeaveExploration/failed_transfer","Output":"raft2026/10/05 08:41:42 INFO: 2 switched to configuration voters=(1 2 3)\n"}
{"Time":"2026-10-05T08:41:42.654852621+08:00","Action":"output","Package":"go.etcd.io/raft/v3","Test":"TestAssuranceAutoLeaveExploration/failed_transfer","Output":"raft2026/10/05 08:41:42 INFO: 2 switched to configuration voters=(1 2 3)\n"}
{"Time":"2026-10-05T08:41:42.654854194+08:00","Action":"output","Package":"go.etcd.io/raft/v3","Test":"TestAssuranceAutoLeaveExploration/failed_transfer","Output":"raft2026/10/05 08:41:42 INFO: 2 switched to configuration voters=(1 2 3)\n"}
{"Time":"2026-10-05T08:41:42.654855642+08:00","Action":"output","Package":"go.etcd.io/raft/v3","Test":"TestAssuranceAutoLeaveExploration/failed_transfer","Output":"raft2026/10/05 08:41:42 INFO: 3 switched to configuration voters=(1 2 3)\n"}
{"Time":"2026-10-05T08:41:42.654857115+08:00","Action":"output","Package":"go.etcd.io/raft/v3","Test":"TestAssuranceAutoLeaveExploration/failed_transfer","Output":"raft2026/10/05 08:41:42 INFO: 3 switched to configuration voters=(1 2 3)\n"}
{"Time":"2026-10-05T08:41:42.65485849+08:00","Action":"output","Package":"go.etcd.io/raft/v3","Test":"TestAssuranceAutoLeaveExploration/failed_transfer","Output":"raft2026/10/05 08:41:42 INFO: 3 switched to configuration voters=(1 2 3)\n"}
{"Time":"2026-10-05T08:41:42.654860691+08:00","Action":"output","Package":"go.etcd.io/raft/v3","Test":"TestAssuranceAutoLeaveExploration/failed_transfer","Output":"raft2026/10/05 08:41:42 INFO: 1 is starting a new election at term 1\n"}
{"Time":"2026-10-05T08:41:42.654862159+08:00","Action":"output","Package":"go.etcd.io/raft/v3","Test":"TestAssuranceAutoLeaveExploration/failed_transfer","Output":"raft2026/10/05 08:41:42 INFO: 1 became pre-candidate at term 1\n"}
{"Time":"2026-10-05T08:41:42.654863727+08:00","Action":"output","Package":"go.etcd.io/raft/v3","Test":"TestAssuranceAutoLeaveExploration/failed_transfer","Output":"raft2026/10/05 08:41:42 INFO: 1 [logterm: 1, index: 3] sent MsgPreVote request to 2 at term 1\n"}
{"Time":"2026-10-05T08:41:42.654865161+08:00","Action":"output","Package":"go.etcd.io/raft/v3","Test":"TestAssuranceAutoLeaveExploration/failed_transfer","Output":"raft2026/10/05 08:41:42 INFO: 1 [logterm: 1, index: 3] sent MsgPreVote request to 3 at term 1\n"}
{"Time":"2026-10-05T08:41:42.654868733+08:00","Action":"output","Package":"go.etcd.io/raft/v3","Test":"TestAssuranceAutoLeaveExploration/failed_transfer","Output":"raft2026/10/05 08:41:42 INFO: 1 received MsgPreVoteResp from 1 at term 1\n"}
{"Time":"2026-10-05T08:41:42.654870944+08:00","Action":"output","Package":"go.etcd.io/raft/v3","Test":"TestAssuranceAutoLeaveExploration/failed_transfer","Output":"raft2026/10/05 08:41:42 INFO: 1 has received 1 MsgPreVoteResp votes and 0 vote rejections\n"}
{"Time":"2026-10-05T08:41:42.654872496+08:00","Action":"output","Package":"go.etcd.io/raft/v3","Test":"TestAssuranceAutoLeaveExploration/failed_transfer","Output":"raft2026/10/05 08:41:42 INFO: 2 [logterm: 1, index: 3, vote: 0] cast MsgPreVote for 1 [logterm: 1, index: 3] at term 1\n"}
{"Time":"2026-10-05T08:41:42.654874869+08:00","Action":"output","Package":"go.etcd.io/raft/v3","Test":"TestAssuranceAutoLeaveExploration/failed_transfer","Output":"raft2026/10/05 08:41:42 INFO: 3 [logterm: 1, index: 3, vote: 0] cast MsgPreVote for 1 [logterm: 1, index: 3] at term 1\n"}
{"Time":"2026-10-05T08:41:42.654876416+08:00","Action":"output","Package":"go.etcd.io/raft/v3","Test":"TestAssuranceAutoLeaveExploration/failed_transfer","Output":"raft2026/10/05 08:41:42 INFO: 1 received MsgPreVoteResp from 2 at term 1\n"}
{"Time":"2026-10-05T08:41:42.654878694+08:00","Action":"output","Package":"go.etcd.io/raft/v3","Test":"TestAssuranceAutoLeaveExploration/failed_transfer","Output":"raft2026/10/05 08:41:42 INFO: 1 has received 2 MsgPreVoteResp votes and 0 vote rejections\n"}
{"Time":"2026-10-05T08:41:42.654880075+08:00","Action":"output","Package":"go.etcd.io/raft/v3","Test":"TestAssuranceAutoLeaveExploration/failed_transfer","Output":"raft2026/10/05 08:41:42 INFO: 1 became candidate at term 2\n"}
{"Time":"2026-10-05T08:41:42.65488146+08:00","Action":"output","Package":"go.etcd.io/raft/v3","Test":"TestAssuranceAutoLeaveExploration/failed_transfer","Output":"raft2026/10/05 08:41:42 INFO: 1 [logterm: 1, index: 3] sent MsgVote request to 2 at term 2\n"}
{"Time":"2026-10-05T08:41:42.654882828+08:00","Action":"output","Package":"go.etcd.io/raft/v3","Test":"TestAssuranceAutoLeaveExploration/failed_transfer","Output":"raft2026/10/05 08:41:42 INFO: 1 [logterm: 1, index: 3] sent MsgVote request to 3 at term 2\n"}
{"Time":"2026-10-05T08:41:42.65488423+08:00","Action":"output","Package":"go.etcd.io/raft/v3","Test":"TestAssuranceAutoLeaveExploration/failed_transfer","Output":"raft2026/10/05 08:41:42 INFO: 1 received MsgVoteResp from 1 at term 2\n"}
{"Time":"2026-10-05T08:41:42.654886437+08:00","Action":"output","Package":"go.etcd.io/raft/v3","Test":"TestAssuranceAutoLeaveExploration/failed_transfer","Output":"raft2026/10/05 08:41:42 INFO: 1 has received 1 MsgVoteResp votes and 0 vote rejections\n"}
{"Time":"2026-10-05T08:41:42.65488862+08:00","Action":"output","Package":"go.etcd.io/raft/v3","Test":"TestAssuranceAutoLeaveExploration/failed_transfer","Output":"raft2026/10/05 08:41:42 INFO: 2 [term: 1] received a MsgVote message with higher term from 1 [term: 2]\n"}
{"Time":"2026-10-05T08:41:42.65489002+08:00","Action":"output","Package":"go.etcd.io/raft/v3","Test":"TestAssuranceAutoLeaveExploration/failed_transfer","Output":"raft2026/10/05 08:41:42 INFO: 2 became follower at term 2\n"}
{"Time":"2026-10-05T08:41:42.654891804+08:00","Action":"output","Package":"go.etcd.io/raft/v3","Test":"TestAssuranceAutoLeaveExploration/failed_transfer","Output":"raft2026/10/05 08:41:42 INFO: 2 [logterm: 1, index: 3, vote: 0] cast MsgVote for 1 [logterm: 1, index: 3] at term 2\n"}
{"Time":"2026-10-05T08:41:42.654896442+08:00","Action":"output","Package":"go.etcd.io/raft/v3","Test":"TestAssuranceAutoLeaveExploration/failed_transfer","Output":"raft2026/10/05 08:41:42 INFO: 3 [term: 1] received a MsgVote message with higher term from 1 [term: 2]\n"}
{"Time":"2026-10-05T08:41:42.654899674+08:00","Action":"output","Package":"go.etcd.io/raft/v3","Test":"TestAssuranceAutoLeaveExploration/failed_transfer","Output":"raft2026/10/05 08:41:42 INFO: 3 became follower at term 2\n"}
{"Time":"2026-10-05T08:41:42.654901971+08:00","Action":"output","Package":"go.etcd.io/raft/v3","Test":"TestAssuranceAutoLeaveExploration/failed_transfer","Output":"raft2026/10/05 08:41:42 INFO: 3 [logterm: 1, index: 3, vote: 0] cast MsgVote for 1 [logterm: 1, index: 3] at term 2\n"}
{"Time":"2026-10-05T08:41:42.654903485+08:00","Action":"output","Package":"go.etcd.io/raft/v3","Test":"TestAssuranceAutoLeaveExploration/failed_transfer","Output":"raft2026/10/05 08:41:42 INFO: 1 received MsgVoteResp from 2 at term 2\n"}
{"Time":"2026-10-05T08:41:42.654904895+08:00","Action":"output","Package":"go.etcd.io/raft/v3","Test":"TestAssuranceAutoLeaveExploration/failed_transfer","Output":"raft2026/10/05 08:41:42 INFO: 1 has received 2 MsgVoteResp votes and 0 vote rejections\n"}
{"Time":"2026-10-05T08:41:42.654906187+08:00","Action":"output","Package":"go.etcd.io/raft/v3","Test":"TestAssuranceAutoLeaveExploration/failed_transfer","Output":"raft2026/10/05 08:41:42 INFO: 1 became leader at term 2\n"}
{"Time":"2026-10-05T08:41:42.65493908+08:00","Action":"output","Package":"go.etcd.io/raft/v3","Test":"TestAssuranceAutoLeaveExploration/failed_transfer","Output":"CA_EVENT {\"applied\":4,\"applying\":4,\"auto_leave\":false,\"committed\":4,\"conf_index\":0,\"delivered\":16,\"dropped\":0,\"election_elapsed\":0,\"heartbeat_elapsed\":0,\"incoming\":[1,2,3],\"kind\":\"initialized\",\"last\":4,\"network_pending\":0,\"node\":1,\"outgoing\":null,\"pending_conf\":3,\"ready_nodes\":0,\"role\":\"StateLeader\",\"scenario\":\"failed_transfer\",\"self_pending_advance\":0,\"term\":2,\"tick\":0,\"transferee\":0,\"unstable_entries\":0}\n"}
{"Time":"2026-10-05T08:41:42.654948145+08:00","Action":"output","Package":"go.etcd.io/raft/v3","Test":"TestAssuranceAutoLeaveExploration/failed_transfer","Output":"raft2026/10/05 08:41:42 INFO: 1 switched to configuration voters=(1 2)\u0026\u0026(1 2 3) autoleave\n"}
{"Time":"2026-10-05T08:41:42.65495105+08:00","Action":"output","Package":"go.etcd.io/raft/v3","Test":"TestAssuranceAutoLeaveExploration/failed_transfer","Output":"CA_EVENT {\"auto_leave\":true,\"incoming\":[1,2],\"index\":5,\"kind\":\"configuration_applied\",\"node\":1,\"outgoing\":[1,2,3],\"scenario\":\"failed_transfer\",\"tick\":0}\n"}
{"Time":"2026-10-05T08:41:42.655002867+08:00","Action":"output","Package":"go.etcd.io/raft/v3","Test":"TestAssuranceAutoLeaveExploration/failed_transfer","Output":"raft2026/10/05 08:41:42 INFO: 1 [term 2] starts to transfer leadership to 2\n"}
{"Time":"2026-10-05T08:41:42.655005306+08:00","Action":"output","Package":"go.etcd.io/raft/v3","Test":"TestAssuranceAutoLeaveExploration/failed_transfer","Output":"raft2026/10/05 08:41:42 INFO: 1 sends MsgTimeoutNow to 2 immediately as 2 already has up-to-date log\n"}
{"Time":"2026-10-05T08:41:42.655007146+08:00","Action":"output","Package":"go.etcd.io/raft/v3","Test":"TestAssuranceAutoLeaveExploration/failed_transfer","Output":"CA_EVENT {\"auto_leave\":false,\"index\":5,\"kind\":\"transfer_started_before_advance\",\"node\":1,\"scenario\":\"failed_transfer\",\"tick\":0,\"transferee\":2}\n"}
{"Time":"2026-10-05T08:41:42.655008942+08:00","Action":"output","Package":"go.etcd.io/raft/v3","Test":"TestAssuranceAutoLeaveExploration/failed_transfer","Output":"raft2026/10/05 08:41:42 INFO: 2 switched to configuration voters=(1 2)\u0026\u0026(1 2 3) autoleave\n"}
{"Time":"2026-10-05T08:41:42.655010541+08:00","Action":"output","Package":"go.etcd.io/raft/v3","Test":"TestAssuranceAutoLeaveExploration/failed_transfer","Output":"CA_EVENT {\"auto_leave\":true,\"incoming\":[1,2],\"index\":5,\"kind\":\"configuration_applied\",\"node\":2,\"outgoing\":[1,2,3],\"scenario\":\"failed_transfer\",\"tick\":0}\n"}
{"Time":"2026-10-05T08:41:42.655012205+08:00","Action":"output","Package":"go.etcd.io/raft/v3","Test":"TestAssuranceAutoLeaveExploration/failed_transfer","Output":"raft2026/10/05 08:41:42 INFO: 3 switched to configuration voters=(1 2)\u0026\u0026(1 2 3) autoleave\n"}
{"Time":"2026-10-05T08:41:42.655013664+08:00","Action":"output","Package":"go.etcd.io/raft/v3","Test":"TestAssuranceAutoLeaveExploration/failed_transfer","Output":"CA_EVENT {\"auto_leave\":true,\"incoming\":[1,2],\"index\":5,\"kind\":\"configuration_applied\",\"node\":3,\"outgoing\":[1,2,3],\"scenario\":\"failed_transfer\",\"tick\":0}\n"}
{"Time":"2026-10-05T08:41:42.655015182+08:00","Action":"output","Package":"go.etcd.io/raft/v3","Test":"TestAssuranceAutoLeaveExploration/failed_transfer","Output":"CA_EVENT {\"from\":1,\"kind\":\"network_drop\",\"scenario\":\"failed_transfer\",\"term\":2,\"tick\":0,\"to\":2,\"type\":\"MsgTimeoutNow\"}\n"}
{"Time":"2026-10-05T08:41:42.655018305+08:00","Action":"output","Package":"go.etcd.io/raft/v3","Test":"TestAssuranceAutoLeaveExploration/failed_transfer","Output":"CA_EVENT {\"applied\":5,\"applying\":5,\"auto_leave\":false,\"committed\":5,\"conf_index\":5,\"delivered\":24,\"dropped\":1,\"election_elapsed\":0,\"heartbeat_elapsed\":0,\"incoming\":[1,2],\"kind\":\"after_joint_application\",\"last\":5,\"network_pending\":0,\"node\":1,\"outgoing\":[1,2,3],\"pending_conf\":5,\"ready_nodes\":0,\"role\":\"StateLeader\",\"scenario\":\"failed_transfer\",\"self_pending_advance\":0,\"term\":2,\"tick\":0,\"transferee\":2,\"unstable_entries\":0}\n"}
{"Time":"2026-10-05T08:41:42.655061557+08:00","Action":"output","Package":"go.etcd.io/raft/v3","Test":"TestAssuranceAutoLeaveExploration/failed_transfer","Output":"CA_EVENT {\"applied\":5,\"applying\":5,\"auto_leave\":false,\"committed\":5,\"conf_index\":5,\"delivered\":64,\"dropped\":1,\"election_elapsed\":0,\"heartbeat_elapsed\":0,\"incoming\":[1,2],\"kind\":\"quiet_checkpoint\",\"last\":5,\"network_pending\":0,\"node\":1,\"outgoing\":[1,2,3],\"pending_conf\":5,\"ready_nodes\":0,\"role\":\"StateLeader\",\"scenario\":\"failed_transfer\",\"self_pending_advance\":0,\"term\":2,\"tick\":10,\"transferee\":0,\"unstable_entries\":0}\n"}
{"Time":"2026-10-05T08:41:42.655071348+08:00","Action":"output","Package":"go.etcd.io/raft/v3","Test":"TestAssuranceAutoLeaveExploration/failed_transfer","Output":"CA_EVENT {\"applied\":5,\"applying\":5,\"auto_leave\":false,\"committed\":5,\"conf_index\":5,\"delivered\":104,\"dropped\":1,\"election_elapsed\":0,\"heartbeat_elapsed\":0,\"incoming\":[1,2],\"kind\":\"quiet_checkpoint\",\"last\":5,\"network_pending\":0,\"node\":1,\"outgoing\":[1,2,3],\"pending_conf\":5,\"ready_nodes\":0,\"role\":\"StateLeader\",\"scenario\":\"failed_transfer\",\"self_pending_advance\":0,\"term\":2,\"tick\":20,\"transferee\":0,\"unstable_entries\":0}\n"}
{"Time":"2026-10-05T08:41:42.655139014+08:00","Action":"output","Package":"go.etcd.io/raft/v3","Test":"TestAssuranceAutoLeaveExploration/failed_transfer","Output":"CA_EVENT {\"applied\":5,\"applying\":5,\"auto_leave\":false,\"committed\":5,\"conf_index\":5,\"delivered\":184,\"dropped\":1,\"election_elapsed\":0,\"heartbeat_elapsed\":0,\"incoming\":[1,2],\"kind\":\"quiet_checkpoint\",\"last\":5,\"network_pending\":0,\"node\":1,\"outgoing\":[1,2,3],\"pending_conf\":5,\"ready_nodes\":0,\"role\":\"StateLeader\",\"scenario\":\"failed_transfer\",\"self_pending_advance\":0,\"term\":2,\"tick\":40,\"transferee\":0,\"unstable_entries\":0}\n"}
{"Time":"2026-10-05T08:41:42.655148866+08:00","Action":"output","Package":"go.etcd.io/raft/v3","Test":"TestAssuranceAutoLeaveExploration/failed_transfer","Output":"CA_EVENT {\"applied\":5,\"applying\":5,\"auto_leave\":false,\"committed\":5,\"conf_index\":5,\"delivered\":184,\"dropped\":1,\"election_elapsed\":0,\"heartbeat_elapsed\":0,\"incoming\":[1,2],\"kind\":\"before_rescue\",\"last\":5,\"network_pending\":0,\"node\":1,\"outgoing\":[1,2,3],\"pending_conf\":5,\"ready_nodes\":0,\"role\":\"StateLeader\",\"scenario\":\"failed_transfer\",\"self_pending_advance\":0,\"term\":2,\"tick\":40,\"transferee\":0,\"unstable_entries\":0}\n"}
{"Time":"2026-10-05T08:41:42.655152635+08:00","Action":"output","Package":"go.etcd.io/raft/v3","Test":"TestAssuranceAutoLeaveExploration/failed_transfer","Output":"raft2026/10/05 08:41:42 INFO: initiating automatic transition out of joint configuration voters=(1 2)\u0026\u0026(1 2 3) autoleave\n"}
{"Time":"2026-10-05T08:41:42.655192023+08:00","Action":"output","Package":"go.etcd.io/raft/v3","Test":"TestAssuranceAutoLeaveExploration/failed_transfer","Output":"raft2026/10/05 08:41:42 INFO: 1 switched to configuration voters=(1 2)\n"}
{"Time":"2026-10-05T08:41:42.65520032+08:00","Action":"output","Package":"go.etcd.io/raft/v3","Test":"TestAssuranceAutoLeaveExploration/failed_transfer","Output":"CA_EVENT {\"auto_leave\":false,\"incoming\":[1,2],\"index\":7,\"kind\":\"configuration_applied\",\"node\":1,\"outgoing\":null,\"scenario\":\"failed_transfer\",\"tick\":40}\n"}
{"Time":"2026-10-05T08:41:42.655203308+08:00","Action":"output","Package":"go.etcd.io/raft/v3","Test":"TestAssuranceAutoLeaveExploration/failed_transfer","Output":"raft2026/10/05 08:41:42 INFO: 2 switched to configuration voters=(1 2)\n"}
{"Time":"2026-10-05T08:41:42.655204975+08:00","Action":"output","Package":"go.etcd.io/raft/v3","Test":"TestAssuranceAutoLeaveExploration/failed_transfer","Output":"CA_EVENT {\"auto_leave\":false,\"incoming\":[1,2],\"index\":7,\"kind\":\"configuration_applied\",\"node\":2,\"outgoing\":null,\"scenario\":\"failed_transfer\",\"tick\":40}\n"}
{"Time":"2026-10-05T08:41:42.655206718+08:00","Action":"output","Package":"go.etcd.io/raft/v3","Test":"TestAssuranceAutoLeaveExploration/failed_transfer","Output":"raft2026/10/05 08:41:42 INFO: 3 switched to configuration voters=(1 2)\n"}
{"Time":"2026-10-05T08:41:42.655208068+08:00","Action":"output","Package":"go.etcd.io/raft/v3","Test":"TestAssuranceAutoLeaveExploration/failed_transfer","Output":"CA_EVENT {\"auto_leave\":false,\"incoming\":[1,2],\"index\":7,\"kind\":\"configuration_applied\",\"node\":3,\"outgoing\":null,\"scenario\":\"failed_transfer\",\"tick\":40}\n"}
{"Time":"2026-10-05T08:41:42.655212614+08:00","Action":"output","Package":"go.etcd.io/raft/v3","Test":"TestAssuranceAutoLeaveExploration/failed_transfer","Output":"CA_EVENT {\"applied\":7,\"applying\":7,\"auto_leave\":false,\"committed\":7,\"conf_index\":5,\"delivered\":200,\"dropped\":1,\"election_elapsed\":0,\"heartbeat_elapsed\":0,\"incoming\":[1,2],\"kind\":\"after_rescue\",\"last\":7,\"network_pending\":0,\"node\":1,\"outgoing\":null,\"pending_conf\":7,\"ready_nodes\":0,\"role\":\"StateLeader\",\"scenario\":\"failed_transfer\",\"self_pending_advance\":0,\"term\":2,\"tick\":40,\"transferee\":0,\"unstable_entries\":0}\n"}
{"Time":"2026-10-05T08:41:42.655217542+08:00","Action":"output","Package":"go.etcd.io/raft/v3","Test":"TestAssuranceAutoLeaveExploration/failed_transfer","Output":"--- PASS: TestAssuranceAutoLeaveExploration/failed_transfer (0.00s)\n"}
{"Time":"2026-10-05T08:41:42.65521926+08:00","Action":"pass","Package":"go.etcd.io/raft/v3","Test":"TestAssuranceAutoLeaveExploration/failed_transfer","Elapsed":0}
{"Time":"2026-10-05T08:41:42.655222156+08:00","Action":"output","Package":"go.etcd.io/raft/v3","Test":"TestAssuranceAutoLeaveExploration","Output":"--- PASS: TestAssuranceAutoLeaveExploration (0.00s)\n"}
{"Time":"2026-10-05T08:41:42.655224282+08:00","Action":"pass","Package":"go.etcd.io/raft/v3","Test":"TestAssuranceAutoLeaveExploration","Elapsed":0}
{"Time":"2026-10-05T08:41:42.655229404+08:00","Action":"output","Package":"go.etcd.io/raft/v3","Output":"PASS\n"}
{"Time":"2026-10-05T08:41:42.655738917+08:00","Action":"output","Package":"go.etcd.io/raft/v3","Output":"ok  \tgo.etcd.io/raft/v3\t0.005s\n"}
{"Time":"2026-10-05T08:41:42.655749033+08:00","Action":"pass","Package":"go.etcd.io/raft/v3","Elapsed":0.006}
