{
  "resolutions": [
    {
      "issue_id": "584d57e8677a411ea955c703704d6fe0",
      "target_version": 1,
      "original_question": "The direction from G_apply to O_commit is plausible: the documentation describes commitment notification preceding leader FSM dispatch, and commitment.go exposes the notification and index getter. However, the actual leader consumer is absent. The supplied appendEntries implementation shows a follower consuming LeaderCommitIndex, which does not establish the leader handoff. Confirming this dependency requires locating the leader's commit-channel handling and tracing the selected index into processLogs and FSM dispatch.",
      "source_ids": [
        "commitment.go:1:104",
        "raft.go:450:850",
        "raft.go:1200:1439",
        "docs/apply.md:101:116",
        "fsm.go:1:180"
      ],
      "rationale": "The newly supplied leaderLoop receives commitment notifications, reads commitment.getCommitIndex(), selects inflight entries whose indexes do not exceed that index, and passes the last selected index and index-keyed futures to processLogs. processLogs prepares entries through that limit and sends command commitTuples to fsmMutateCh. prepareLog explicitly includes LogCommand. The supplied runFSM closure applies commands and completes their associated futures. This establishes the particular leader-to-FSM dependency that the stored issue could not previously verify. It does not establish every completion path or the truth of reported replication progress.",
      "residual_issue_ids": [
        "e8b251f5fc044734a4acdf606a072c08",
        "0dd8ad9cd1064dd2838b32bac188210c",
        "09ea4aa00f384f4d84f3ebd5a1bf0207"
      ],
      "scope_limitations": [
        "This resolution establishes the leader handoff supporting R_apply_commit, not end-to-end Apply correctness.",
        "Report durability, configuration-history safety, notification delivery and the complete FSM receive loop remain outside this handoff judgment."
      ]
    }
  ],
  "resolves_issue_ids": [
    "584d57e8677a411ea955c703704d6fe0"
  ],
  "supersedes_task_ids": [],
  "resolution_rationale": "Only the missing leader-consumer issue is resolved: the added raft.go ranges expose its actual index selection and FSM queue handoff. The proposed F2 updates the relation's stale grounding and corrects U_commit's broader-than-obligation monotonicity question. The unit issue remains open until the revised unit is accepted and reviewed. Other stored issues are not cleared by this invocation.",
  "items": [
    {
      "scope_limitations": [
        "The goal excludes unsuccessful-Apply no-effect guarantees and user-initiated snapshot replacement."
      ],
      "target_id": "G_apply",
      "aspect": "applicability",
      "status": "needs_reading",
      "source_ids": [
        "docs/apply.md:1:100",
        "docs/apply.md:101:116",
        "api.go:803:907",
        "fsm.go:1:180",
        "commitment.go:1:104",
        "raft.go:450:850",
        "raft.go:1200:1439"
      ],
      "explanation": "The goal has an explicit expectation: docs/apply.md describes durable quorum storage before application, and FSM.Apply requires majority commitment. The API permits uncertainty after ErrLeadershipLost, which does not contradict the goal's restriction to successful reports. The added leader code establishes a concrete commitment-to-command-dispatch dependency. However, the supplied packet does not establish what persistence and membership contracts make 'durable' and 'applicable cluster configuration' precise for the current fault and configuration scope. Retain the goal as a supported candidate while reading the storage interface and membership contract.",
      "alternatives": "Snapshot catch-up can supply prefix support without retransmitting each original log. A storage implementation may also have persistence semantics that require an explicit configuration or fault qualification; the documentation's durable-storage statement must not simply be weakened to match such behavior.",
      "counterexample_reasoning": "Correct numeric commitment can coexist with reports unsupported by durable storage or with an unsafe configuration history. Thus all selected local obligations could hold while the goal's bad outcome still occurs. These are dependency gaps, not observed executions.",
      "limitations": [
        "The selected storage backend and its crash or partial-failure contract are not supplied.",
        "Membership eligibility and historical quorum support are not established by observing the current voter map.",
        "Issue e8b251f5fc044734a4acdf606a072c08 remains open."
      ]
    },
    {
      "scope_limitations": [
        "This obligation concerns reported numbers within one commitment instance; it excludes report truth, configuration legality, threshold initialization correctness and end-to-end completion."
      ],
      "target_id": "O_commit",
      "aspect": "applicability",
      "status": "no_issue_found",
      "source_ids": [
        "commitment.go:1:104",
        "docs/apply.md:1:100",
        "raft.go:450:850",
        "raft.go:1200:1439"
      ],
      "explanation": "The component comments assign monotonically increasing commitment from voter progress and require reaching the first index of the leader's term. These attributed responsibilities support the local obligation independently of its sorting implementation. The new caller material also shows one commitment object initialized during leader setup and consumed by leaderLoop. Provisionally, the obligation applies to this component scope.",
      "alternatives": "Previously established commitIndex may remain unchanged after voter replacement without acquiring fresh support from the replacement map. Stored progress need only be nondecreasing when updated by match, not across removal and later reintroduction.",
      "counterexample_reasoning": "A same-instance match call that lowered stored progress, or an advancement lacking current-map majority support, would contradict the selected responsibility. A reset caused by removing and later reintroducing a voter would not violate the match-report clause.",
      "limitations": [
        "This is a source-based interpretation, not an executed check.",
        "The positive interpretation repeats the substance of issue 816ba277d65a4acb950f4454cfe49ab9; no separate resolution is claimed for that stored issue."
      ]
    },
    {
      "scope_limitations": [
        "The decomposition covers component transitions rather than global consensus history."
      ],
      "target_id": "O_commit",
      "aspect": "decomposition",
      "status": "no_issue_found",
      "source_ids": [
        "commitment.go:1:104",
        "docs/apply.md:1:100"
      ],
      "explanation": "Initialization establishes tracked voters and startIndex; match admits only increasing reports for tracked voters; setConfiguration replaces the voter map while preserving surviving entries; recalculate chooses the strict-majority threshold and guards advancement. These responsibilities cover the selected local transitions. Majority support belongs to the map at an advancement, whereas historical commitIndex remains monotonic across map replacement.",
      "alternatives": "Removed voter progress can be forgotten and later initialized to zero. Retaining commitment previously achieved under another configuration is distinct from requiring every current state to support a fresh advancement.",
      "counterexample_reasoning": "For n tracked voters, the ascending element at floor((n-1)/2) has at least floor(n/2)+1 entries at or above it, including even voter counts. This explains the arithmetic association without proving the implementation by execution. Even perfect arithmetic leaves dishonest or stale reports, incorrect startIndex and unsafe configuration histories unresolved.",
      "limitations": [
        "No model or executable correspondence check is supplied.",
        "The interpretation of report monotonicity remains confined to match operations.",
        "Issue fe2c5595549a4f378a3b8fa512c910b8 is not separately resolved by this repeated interpretation."
      ]
    },
    {
      "scope_limitations": [
        "The binding covers initialization, not caller correctness."
      ],
      "target_id": "B_newCommitment",
      "aspect": "decomposition",
      "status": "no_issue_found",
      "source_ids": [
        "commitment.go:1:104",
        "docs/apply.md:1:100",
        "raft.go:450:850"
      ],
      "explanation": "The newCommitment declaration at line 35 and behavior range 35–48 match the supplied source. The function creates zero-valued progress only for Voter entries and stores the supplied startIndex. Its authoritative association to O_commit and direct unit use accurately identify establishment of the examined state. setupLeaderState now supplies an observed caller using the latest configuration and getLastIndex()+1.",
      "alternatives": "A caller could establish the same threshold through another validated initialization mechanism; this binding establishes only the actual constructor's behavior.",
      "counterexample_reasoning": "An incorrect caller-supplied threshold could undermine Apply while constructor behavior and local arithmetic remain satisfied. The binding does not purport to exclude that outcome.",
      "limitations": [
        "Observing getLastIndex()+1 does not establish recovery correctness, index exhaustion behavior or configuration validity."
      ]
    },
    {
      "scope_limitations": [
        "The binding covers numeric report admission, not durable-prefix production."
      ],
      "target_id": "B_match",
      "aspect": "decomposition",
      "status": "no_issue_found",
      "source_ids": [
        "commitment.go:1:104",
        "docs/apply.md:1:100",
        "raft.go:1200:1439"
      ],
      "explanation": "The match declaration at line 77 and range 77–84 match the source. Membership filtering and the strict-increase guard directly implement the report-update clause of O_commit. The association and direct code use do not import the stronger disk-agreement guarantee from the comment. The new dispatchLogs material exposes a local producer calling match only after StoreLogs returns successfully.",
      "alternatives": "Local writes, ordinary replication and snapshot catch-up can produce reports through different mechanisms; equivalent numeric input does not establish equivalent persistence.",
      "counterexample_reasoning": "A numerically increasing report about an incorrect or non-durable prefix passes this filter. That possibility supports the explicit producer boundary rather than invalidating this binding.",
      "limitations": [
        "StoreLogs success semantics and follower response correlation remain unverified."
      ]
    },
    {
      "scope_limitations": [
        "The binding covers voter-map replacement, not legal membership histories."
      ],
      "target_id": "B_setConfiguration",
      "aspect": "decomposition",
      "status": "no_issue_found",
      "source_ids": [
        "commitment.go:1:104",
        "docs/apply.md:1:100",
        "raft.go:450:850",
        "raft.go:1200:1439"
      ],
      "explanation": "The declaration at line 53 and behavior range 53–64 correctly identify setConfiguration. It rebuilds the voter map under lock, copies surviving IDs' progress, initializes absent IDs to zero and recalculates. The O_commit association and direct use are accurate. appendConfigurationEntry supplies an actual setter call, while configurationChangeChIfStable exposes relevant caller conditions; the complete transition eligibility path is still unestablished.",
      "alternatives": "The component could retain removed-ID history, but the supplied implementation does not. No applicable expectation requires such retention.",
      "counterexample_reasoning": "Removing and later reintroducing an ID can lower its newly stored value relative to its former value. This contradicts U_commit's unqualified wording, not the binding description or O_commit's match-call monotonicity clause.",
      "limitations": [
        "nextConfiguration and the complete configuration-change admission path have not been inspected."
      ]
    },
    {
      "scope_limitations": [
        "The binding covers advancement arithmetic and its notification call, not delivery or consumption guarantees."
      ],
      "target_id": "B_recalculate",
      "aspect": "decomposition",
      "status": "no_issue_found",
      "source_ids": [
        "commitment.go:1:104",
        "docs/apply.md:1:100",
        "raft.go:450:850"
      ],
      "explanation": "The recalculate declaration at line 88 and range 88–104 match the supplied source. The empty-map return, sorted majority selection, strictly increasing commitIndex guard and startIndex threshold correspond directly to O_commit. The association and unit's direct use identify the actual producer of examined advances.",
      "alternatives": "Equivalent quorum calculations could avoid sorting. This source mapping does not make sorting itself the normative requirement.",
      "counterexample_reasoning": "An unchanged commitIndex can exceed current-map support after configuration replacement without violating an advancement-only obligation. A checker requiring current support in every state would therefore exceed the intended responsibility.",
      "limitations": [
        "asyncNotifyCh delivery semantics are not supplied.",
        "No predicate encoding or executed arithmetic check is present."
      ]
    },
    {
      "scope_limitations": [
        "The relation expresses one necessary ordinary-leader-path dependency, not sufficiency for G_apply."
      ],
      "target_id": "R_apply_commit",
      "aspect": "decomposition",
      "status": "no_issue_found",
      "source_ids": [
        "docs/apply.md:1:100",
        "docs/apply.md:101:116",
        "commitment.go:1:104",
        "raft.go:450:850",
        "raft.go:1200:1439",
        "fsm.go:1:180"
      ],
      "explanation": "The added code establishes the previously missing dependency. leaderLoop reads the commitment index after commitCh notification and selects only inflight indexes at or below it. processLogs sends corresponding command tuples through fsmMutateCh; prepareLog includes LogCommand. The supplied FSM application closure applies the command and responds through its future. The G_apply-to-O_commit direction and depends_all kind are provisionally appropriate as a necessary component. An F2 grounding update removes only the now-answered handoff uncertainty.",
      "alternatives": "Followers consume LeaderCommitIndex through appendEntries, and replication support can arrive through snapshots. Neither path removes the ordinary leader command's dependence on commitment-index calculation.",
      "counterexample_reasoning": "The consumer checks index bounds and previously dispatched progress; it does not independently recalculate quorum support. An unsupported calculator advance could therefore authorize command dispatch. Conversely, correct calculation alone cannot exclude false reports, unsafe membership histories or downstream correspondence failures.",
      "limitations": [
        "The rest of runFSM, batching completion and future synchronization are not fully supplied.",
        "The proposed grounding update requires normal versioned acceptance and review; no implementation execution is claimed."
      ]
    },
    {
      "scope_limitations": [
        "This is a boundary relation to an unresolved producer responsibility; it does not add O_replication_support to U_commit's checked obligations."
      ],
      "target_id": "R_commit_report_boundary",
      "aspect": "decomposition",
      "status": "no_issue_found",
      "source_ids": [
        "commitment.go:1:104",
        "docs/apply.md:1:100",
        "replication.go:202:298",
        "raft.go:1200:1439",
        "raft.go:1440:1584",
        "transport.go:1:74"
      ],
      "explanation": "The boundary correctly points from numeric consumption toward prefix-support production. match's comment requires agreement on disk through the reported index, but its body verifies only voter identity membership and increasing numbers. dispatchLogs now exposes the local StoreLogs-to-match handoff. replicateTo exposes successful-response consumption through the unresolved updateLastAppended callee, and appendEntries stores new entries before success. These facts justify retaining the boundary without treating its producer guarantee as established.",
      "alternatives": "Ordinary AppendEntries, pipelined completion and snapshot installation may each establish prefix support. Their identity and persistence guarantees require their own investigation.",
      "counterexample_reasoning": "All numeric O_commit clauses can hold while a report misidentifies a prefix or storage success lacks the required persistence. The explicit truncation-then-StoreLogs-failure comment in appendEntries remains contrary evidence requiring investigation; its consequences are not established here.",
      "limitations": [
        "updateLastAppended, pipeline and snapshot progress producers remain unread.",
        "Transport response correlation and storage failure semantics remain unresolved.",
        "Issue 0dd8ad9cd1064dd2838b32bac188210c remains open; accepting the boundary direction does not resolve its producer guarantees."
      ]
    },
    {
      "scope_limitations": [
        "Network, crash durability, election safety, configuration-transition safety and end-to-end Apply remain excluded.",
        "goal_observable=false correctly prevents a local result from establishing G_apply."
      ],
      "target_id": "U_commit",
      "aspect": "decomposition",
      "status": "revision_needed",
      "source_ids": [
        "commitment.go:1:104",
        "docs/apply.md:1:100",
        "raft.go:450:850",
        "raft.go:1200:1439"
      ],
      "explanation": "The four direct code uses coherently cover O_commit. However, the main audit question and ordered coverage point ask for unqualified monotonic stored progress across map replacement. setConfiguration preserves only surviving IDs and forgets removed IDs, so this question is stronger than O_commit's match-report clause. The proposed F2 changes only these two strings inside audit_question, distinguishing monotonic commitIndex and increasing match updates from removal and readdition resets.",
      "alternatives": "A permanent per-ServerID history requirement would need a separate attributed expectation and a different obligation. No such requirement is established by the supplied materials.",
      "counterexample_reasoning": "As a source-derived illustration, match(A, 5), removal of A, and later reintroduction of A can produce a newly tracked value of zero. This is not an executed counterexample or an established legal membership history. It demonstrates why the current question could classify permitted component replacement behavior as a violation.",
      "limitations": [
        "Issue 09ea4aa00f384f4d84f3ebd5a1bf0207 remains open until the proposed revision is accepted and reviewed.",
        "Ordered coverage must retain commitment-instance identity and ServerID correlation; no sequence reachability has been executed.",
        "Arbitrary setter sequences do not establish legal cluster executions."
      ]
    }
  ],
  "requests": [
    {
      "file": "log.go",
      "start_line": 1,
      "end_line": 192,
      "reason": "Inspect the LogStore interface and any stated persistence, ordering and failure contracts to clarify G_apply's durable-support applicability. This cannot establish an unidentified backend's guarantees."
    },
    {
      "file": "membership.md",
      "start_line": 1,
      "end_line": 83,
      "reason": "Reattach the omitted membership contract to determine the intended configuration transition and quorum context for G_apply; current-map arithmetic alone does not establish historical support."
    }
  ],
  "exploration_requests": [],
  "revision": {
    "kind": "F2",
    "rationale": "Correct U_commit's unsupported permanent-progress implication and update R_apply_commit's grounding using the newly supplied leader consumer. Preserve goal and obligation meanings, bindings, checked scope and model behavior.",
    "evidence_ids": [
      "commitment.go:1:104",
      "docs/apply.md:101:116",
      "raft.go:450:850",
      "raft.go:1200:1439",
      "fsm.go:1:180"
    ],
    "target_ids": [
      "U_commit",
      "R_apply_commit"
    ],
    "relation_ids": [
      "R_apply_commit"
    ],
    "new_basis": "setConfiguration copies values only from the immediately preceding voter map, so removed and reintroduced IDs have no permanent-progress guarantee. O_commit already limits report monotonicity to match updates. The added leaderLoop and processLogs source also establishes the actual notification, index-selection and FSM-queue handoff previously recorded as unread.",
    "graph": null,
    "bundle": null,
    "patch": {
      "claims": [],
      "bindings": [],
      "relations": [
        {
          "id": "R_apply_commit",
          "source": "G_apply",
          "target": "O_commit",
          "kind": "depends_all",
          "group": "apply_support",
          "rationale": "Correct calculation over reported progress is one necessary component of the broader application guarantee.",
          "pending": [
            "This relation does not make the local obligation sufficient for G_apply."
          ],
          "grounding": {
            "behavior_ids": [
              "commitment.go:1:104",
              "raft.go:450:850",
              "raft.go:1200:1439",
              "fsm.go:1:180"
            ],
            "expectation_ids": [
              "docs/apply.md:1:100",
              "docs/apply.md:101:116",
              "fsm.go:1:180"
            ],
            "binding_ids": [
              "B_recalculate"
            ],
            "derivation": "leaderLoop consumes commitCh notifications, reads commitment.getCommitIndex(), selects inflight indexes no greater than that index, and passes the last selected index with index-keyed futures to processLogs. processLogs and prepareLog forward command tuples through fsmMutateCh. The supplied runFSM application closure applies commands and responds through their associated futures. This establishes the ordinary leader handoff supporting the documented dependency, without establishing all downstream completion behavior or upstream report guarantees.",
            "applicability": "Ordinary leader command commitment.",
            "unresolved": [],
            "conflicts": [],
            "alternatives": []
          }
        }
      ],
      "units": [
        {
          "audit_question": {
            "question": "Can any bounded sequence of match reports and voter-map replacements cause this commitment instance to advance without a strict majority of its current reported indexes or before startIndex, decrease commitIndex, or let a match call decrease a tracked voter's stored progress?",
            "importance": "The resulting index authorizes downstream command application. The component is small enough to investigate without deterministic network scheduling.",
            "source_ids": [
              "commitment.go:1:104",
              "docs/apply.md:1:100"
            ],
            "participants": [
              "Leader commitment instance",
              "Local-write reporter",
              "Follower replication reporters",
              "Configuration updater"
            ],
            "objects": [
              "ServerID-keyed matchIndexes",
              "commitIndex",
              "startIndex",
              "Configuration"
            ],
            "contexts": [
              "One commitment instance",
              "Odd and even voter counts",
              "Voter addition and removal",
              "Duplicate, stale and nonvoter reports"
            ],
            "event_paths": [
              "newCommitment -> match -> recalculate",
              "newCommitment -> match -> setConfiguration -> recalculate"
            ],
            "points": [
              {
                "sequence_required": true,
                "id": "P_commit_history",
                "phase": "maintain",
                "source_ids": [
                  "commitment.go:1:104"
                ],
                "binding_ids": [
                  "B_newCommitment",
                  "B_match",
                  "B_setConfiguration",
                  "B_recalculate"
                ],
                "claim_ids": [
                  "O_commit"
                ],
                "question": "Across one instance's ordered operations, does each advancement have sufficient current reported support and satisfy startIndex, while commitIndex never decreases and match calls never decrease a tracked voter's stored progress, without requiring progress retention after voter removal and readdition?",
                "unknowns": [
                  "Operation order must be correlated by commitment-instance identity and ServerID; no global rounds are established.",
                  "Arbitrary setter sequences establish component behavior, not necessarily legal cluster histories."
                ]
              }
            ],
            "trigger_rationale": "Selected from the documented Apply dependency and the fully supplied commitment implementation; no historical defect is needed."
          },
          "code_uses": [
            {
              "binding_id": "B_newCommitment",
              "role": "direct",
              "claim_ids": [
                "O_commit"
              ],
              "relation_ids": [],
              "source_ids": [
                "commitment.go:1:104"
              ],
              "rationale": "Establishes the state under examination.",
              "unverified": [
                "Caller-supplied startIndex semantics"
              ]
            },
            {
              "binding_id": "B_match",
              "role": "direct",
              "claim_ids": [
                "O_commit"
              ],
              "relation_ids": [],
              "source_ids": [
                "commitment.go:1:104"
              ],
              "rationale": "Implements progress admission and monotonic updates.",
              "unverified": [
                "Actual persistence represented by reports"
              ]
            },
            {
              "binding_id": "B_setConfiguration",
              "role": "direct",
              "claim_ids": [
                "O_commit"
              ],
              "relation_ids": [],
              "source_ids": [
                "commitment.go:1:104"
              ],
              "rationale": "Changes the calculation's voter set.",
              "unverified": [
                "Protocol eligibility of each configuration change"
              ]
            },
            {
              "binding_id": "B_recalculate",
              "role": "direct",
              "claim_ids": [
                "O_commit"
              ],
              "relation_ids": [],
              "source_ids": [
                "commitment.go:1:104"
              ],
              "rationale": "Produces the index advances checked locally.",
              "unverified": [
                "Notification delivery and downstream application"
              ]
            }
          ],
          "coverage_intent": [],
          "id": "U_commit",
          "goal_ids": [
            "G_apply"
          ],
          "obligation_ids": [
            "O_commit"
          ],
          "binding_ids": [
            "B_newCommitment",
            "B_match",
            "B_setConfiguration",
            "B_recalculate"
          ],
          "relation_ids": [
            "R_apply_commit",
            "R_commit_report_boundary"
          ],
          "scope": {
            "description": "Rank 1: bounded component investigation of commitment arithmetic and state transitions.",
            "assumptions": [
              "Use serialized component operations or the actual mutex discipline."
            ],
            "excluded": [
              "Network schedules",
              "Crash durability",
              "Election safety",
              "Configuration-transition safety",
              "End-to-end successful Apply"
            ],
            "parameters": [
              {
                "key": "rank",
                "value_json": "1"
              }
            ]
          },
          "rationale": "Highest-ranked feasible unit because its implementation is completely supplied, its responsibility directly supports Apply, and ordinary package tests can observe its state transitions. Any local result leaves report soundness and global configuration history unresolved.",
          "goal_observable": false
        }
      ],
      "expected_versions": [
        {
          "key": "U_commit",
          "value_json": "1"
        },
        {
          "key": "R_apply_commit",
          "value_json": "1"
        }
      ],
      "rationale": "Change only U_commit.audit_question and R_apply_commit.grounding. All other emitted fields preserve the current candidate's semantic values.",
      "gaps": [
        "Revised U_commit requires review before the existing unit issue can be resolved.",
        "The missing leader-handoff issue is answered; report soundness, durability and configuration history remain independent unresolved responsibilities."
      ]
    },
    "changes": [
      {
        "target_id": "U_commit",
        "field": "audit_question",
        "old_value_json": "{\"question\":\"Can any bounded sequence of match reports and voter-map replacements cause this commitment instance to advance without a strict majority of its current reported indexes or before startIndex, or cause stored progress to decrease?\",\"importance\":\"The resulting index authorizes downstream command application. The component is small enough to investigate without deterministic network scheduling.\",\"source_ids\":[\"commitment.go:1:104\",\"docs/apply.md:1:100\"],\"participants\":[\"Leader commitment instance\",\"Local-write reporter\",\"Follower replication reporters\",\"Configuration updater\"],\"objects\":[\"ServerID-keyed matchIndexes\",\"commitIndex\",\"startIndex\",\"Configuration\"],\"contexts\":[\"One commitment instance\",\"Odd and even voter counts\",\"Voter addition and removal\",\"Duplicate, stale and nonvoter reports\"],\"event_paths\":[\"newCommitment -> match -> recalculate\",\"newCommitment -> match -> setConfiguration -> recalculate\"],\"points\":[{\"sequence_required\":true,\"id\":\"P_commit_history\",\"phase\":\"maintain\",\"source_ids\":[\"commitment.go:1:104\"],\"binding_ids\":[\"B_newCommitment\",\"B_match\",\"B_setConfiguration\",\"B_recalculate\"],\"claim_ids\":[\"O_commit\"],\"question\":\"Across one instance's ordered operations, does each advancement have sufficient current reported support and satisfy the threshold while preserving monotonic progress?\",\"unknowns\":[\"Operation order must be correlated by commitment-instance identity and ServerID; no global rounds are established.\",\"Arbitrary setter sequences establish component behavior, not necessarily legal cluster histories.\"]}],\"trigger_rationale\":\"Selected from the documented Apply dependency and the fully supplied commitment implementation; no historical defect is needed.\"}",
        "new_value_json": "{\"question\":\"Can any bounded sequence of match reports and voter-map replacements cause this commitment instance to advance without a strict majority of its current reported indexes or before startIndex, decrease commitIndex, or let a match call decrease a tracked voter's stored progress?\",\"importance\":\"The resulting index authorizes downstream command application. The component is small enough to investigate without deterministic network scheduling.\",\"source_ids\":[\"commitment.go:1:104\",\"docs/apply.md:1:100\"],\"participants\":[\"Leader commitment instance\",\"Local-write reporter\",\"Follower replication reporters\",\"Configuration updater\"],\"objects\":[\"ServerID-keyed matchIndexes\",\"commitIndex\",\"startIndex\",\"Configuration\"],\"contexts\":[\"One commitment instance\",\"Odd and even voter counts\",\"Voter addition and removal\",\"Duplicate, stale and nonvoter reports\"],\"event_paths\":[\"newCommitment -> match -> recalculate\",\"newCommitment -> match -> setConfiguration -> recalculate\"],\"points\":[{\"sequence_required\":true,\"id\":\"P_commit_history\",\"phase\":\"maintain\",\"source_ids\":[\"commitment.go:1:104\"],\"binding_ids\":[\"B_newCommitment\",\"B_match\",\"B_setConfiguration\",\"B_recalculate\"],\"claim_ids\":[\"O_commit\"],\"question\":\"Across one instance's ordered operations, does each advancement have sufficient current reported support and satisfy startIndex, while commitIndex never decreases and match calls never decrease a tracked voter's stored progress, without requiring progress retention after voter removal and readdition?\",\"unknowns\":[\"Operation order must be correlated by commitment-instance identity and ServerID; no global rounds are established.\",\"Arbitrary setter sequences establish component behavior, not necessarily legal cluster histories.\"]}],\"trigger_rationale\":\"Selected from the documented Apply dependency and the fully supplied commitment implementation; no historical defect is needed.\"}"
      },
      {
        "target_id": "R_apply_commit",
        "field": "grounding",
        "old_value_json": "{\"behavior_ids\":[\"commitment.go:1:104\"],\"expectation_ids\":[\"docs/apply.md:1:100\",\"fsm.go:1:180\"],\"binding_ids\":[\"B_recalculate\"],\"derivation\":\"The documented Apply path consumes advancement produced by the commitment component.\",\"applicability\":\"Ordinary leader command commitment.\",\"unresolved\":[\"The actual leader-loop handoff remains unread.\"],\"conflicts\":[],\"alternatives\":[]}",
        "new_value_json": "{\"behavior_ids\":[\"commitment.go:1:104\",\"raft.go:450:850\",\"raft.go:1200:1439\",\"fsm.go:1:180\"],\"expectation_ids\":[\"docs/apply.md:1:100\",\"docs/apply.md:101:116\",\"fsm.go:1:180\"],\"binding_ids\":[\"B_recalculate\"],\"derivation\":\"leaderLoop consumes commitCh notifications, reads commitment.getCommitIndex(), selects inflight indexes no greater than that index, and passes the last selected index with index-keyed futures to processLogs. processLogs and prepareLog forward command tuples through fsmMutateCh. The supplied runFSM application closure applies commands and responds through their associated futures. This establishes the ordinary leader handoff supporting the documented dependency, without establishing all downstream completion behavior or upstream report guarantees.\",\"applicability\":\"Ordinary leader command commitment.\",\"unresolved\":[],\"conflicts\":[],\"alternatives\":[]}"
      }
    ],
    "old_judgment": "U_commit asks for unqualified monotonic stored progress across voter-map replacement, and R_apply_commit records its actual leader-loop handoff as unread.",
    "new_judgment": "U_commit should require monotonic commitIndex and nondecreasing match-call updates without imposing permanent progress retention across voter removal and readdition. R_apply_commit's actual leader index-selection and command-queue handoff is now supported by supplied source.",
    "grounding": {
      "behavior_ids": [
        "commitment.go:1:104",
        "raft.go:450:850",
        "raft.go:1200:1439",
        "fsm.go:1:180"
      ],
      "expectation_ids": [
        "commitment.go:1:104",
        "docs/apply.md:1:100",
        "docs/apply.md:101:116",
        "fsm.go:1:180"
      ],
      "binding_ids": [
        "B_newCommitment",
        "B_match",
        "B_setConfiguration",
        "B_recalculate"
      ],
      "derivation": "The unit correction follows the attributed local responsibility and the source's distinction between match admission and configuration replacement. The relation correction follows newly supplied producer-consumer code rather than protocol recollection. Neither correction changes G_apply or O_commit.",
      "applicability": "Only U_commit version 1 audit_question and R_apply_commit version 1 grounding.",
      "unresolved": [
        "The revised unit must be accepted and reviewed before its issue is resolved.",
        "Durability and legal configuration-history guarantees remain unestablished."
      ],
      "conflicts": [
        "The current unit's unqualified monotonic-progress wording overstates the match-report obligation."
      ],
      "alternatives": [
        "Permanent progress retention could be investigated only with a separately attributed expectation.",
        "Different replication producers can establish equivalent prefix support, subject to their own contracts."
      ]
    },
    "requests": []
  },
  "limitations": [
    "Only the aspects required by the supplied review_contract were reviewed. No checker correspondence review was performed because no model was supplied.",
    "No commands, tools, tests or experiments were executed; no correctness, calibration, nonvacuity or real violation is established.",
    "Only issue 584d57e8677a411ea955c703704d6fe0 is resolved. All other supplied issue identities remain open.",
    "The F2 is a proposed semantic revision, not automatic approval of the resulting versions.",
    "Reading log.go can establish an interface contract but cannot identify or validate an unspecified storage backend."
  ]
}
