{
  "obligation": null,
  "bindings": [],
  "dependencies": [],
  "context_claims": [],
  "audit_question": {
    "disposition": "explained_by_existing_mechanism",
    "preferred_check": "source_review",
    "requests": [],
    "question": "When consuming F7, does response-position advancement preserve each entry's result across callback-eligible tuples without futures and filtered-out barriers? The reviewed applyBatch closure advances the response position for every callback-eligible tuple independently of future presence and consumes no response for filtered-out tuples.",
    "importance": "Misassociation could return another command's application result to a client despite successful execution. This question concerns client response identity, not replicated-state divergence.",
    "source_ids": [
      "docs/README.md:1:80",
      "fsm.go:54:69",
      "fsm.go:127:186",
      "fsm.go:86:245",
      "future.go:14:45",
      "future.go:152:165",
      "raft.go:1203:1361"
    ],
    "participants": [
      "FSM worker executing applyBatch",
      "Client-provided BatchingFSM",
      "Caller consuming a logFuture"
    ],
    "objects": [
      "Ordered commit tuples",
      "Filtered callback input",
      "ApplyBatch responses",
      "Associated log futures"
    ],
    "contexts": [
      "BatchingFSM variant",
      "Mixed command, configuration, and barrier tuples",
      "Callback-eligible tuples with and without futures",
      "Normally returning callback with matching response count and positional contract compliance",
      "Log types remain unchanged during callback execution"
    ],
    "event_paths": [
      "B8 filters tuples using shouldSend, invokes ApplyBatch, checks response count, advances response position for each eligible tuple, and assigns results before notifying associated futures"
    ],
    "activity_classes": [
      "A5",
      "A7"
    ],
    "behavior_ids": [
      "B8"
    ],
    "fact_ids": [
      "F7"
    ],
    "obligation_relation_kind": "consumption",
    "counterevidence": [
      "fsm.go:54:69 explicitly requires one response per callback input entry in corresponding input order and explicitly includes command and configuration entries. This resolves the previously unknown batch response-order contract.",
      "fsm.go:127:186 uses the same shouldSend predicate when building callback input and retrieving responses. Both traversals preserve tuple order.",
      "Response retrieval and i++ occur before and outside the req.future != nil branch. An eligible tuple without a future therefore consumes its own response, resolving the principal position-advancement unknown.",
      "Filtered-out entries consume no response. Their local resp remains nil, so a barrier future cannot shift a later command's response position.",
      "The response-count check panics before assignment when callback input and output lengths differ; it does not validate application response meaning.",
      "future.go:152:165 returns the stored response directly. future.go:14:45 requires callers to wait for Error before reading Response, resolving the caller-facing usage requirement.",
      "The prior inventory supplied no observed misassociation; the acquired implementation now explains its provisional shared-predicate and response-count protections."
    ],
    "unknowns": [
      "Ordinary preparation and complete receive-loop dispatch for every proposed mixed tuple shape remain unreviewed; the local indexing explanation does not require asserting their reachability.",
      "Actual client compliance with response ordering and preservation of supplied log types is unverified. The predicate is evaluated again after the callback, so this explanation assumes stable log types.",
      "Future synchronization internals and abnormal callback execution are outside this source review; no end-to-end completion or memory-visibility claim is established."
    ],
    "priority": 3,
    "trigger_rationale": "B8 and F7 identify a batch-specific response identity boundary. Source review resolves the selected filtering and optional-future discriminator through unconditional eligible-entry position advancement."
  },
  "selection_rationale": "Continue and dispose the selected F7 consumption candidate. The interface supplies the positional expectation independently of the implementation, while the acquired closure shows response advancement is independent of future presence. This explains the suspected mixed-batch misassociation within the stated callback assumptions. Remaining reachability, callback compliance, and synchronization gaps limit the conclusion but do not justify extending this resolved discriminator. This is a scoped source-analysis disposition, not execution evidence or overall correctness.",
  "reading_requests": [],
  "descriptive_issues": []
}
