{"Time":"2026-10-06T11:33:07.835146658+08:00","Action":"start","Package":"github.com/lni/dragonboat/v3/internal/raft"}
{"Time":"2026-10-06T11:33:07.84207428+08:00","Action":"run","Package":"github.com/lni/dragonboat/v3/internal/raft","Test":"TestAssuranceReadResponseCorrelation"}
{"Time":"2026-10-06T11:33:07.842108043+08:00","Action":"output","Package":"github.com/lni/dragonboat/v3/internal/raft","Test":"TestAssuranceReadResponseCorrelation","Output":"=== RUN   TestAssuranceReadResponseCorrelation\n"}
{"Time":"2026-10-06T11:33:07.842167841+08:00","Action":"output","Package":"github.com/lni/dragonboat/v3/internal/raft","Test":"TestAssuranceReadResponseCorrelation","Output":"2026-10-06 11:33:07.842037 I | raft: [00007:00001] created, initial: true, new: true\n"}
{"Time":"2026-10-06T11:33:07.842290054+08:00","Action":"output","Package":"github.com/lni/dragonboat/v3/internal/raft","Test":"TestAssuranceReadResponseCorrelation","Output":"2026-10-06 11:33:07.842186 I | raft: [00007:00001] raft log rate limit enabled: false, 0\n"}
{"Time":"2026-10-06T11:33:07.84275183+08:00","Action":"output","Package":"github.com/lni/dragonboat/v3/internal/raft","Test":"TestAssuranceReadResponseCorrelation","Output":"2026-10-06 11:33:07.842207 I | raft: [f:1,l:0,t:0,c:0,a:0] [00007:00001] t0 became follower\n"}
{"Time":"2026-10-06T11:33:07.842785535+08:00","Action":"output","Package":"github.com/lni/dragonboat/v3/internal/raft","Test":"TestAssuranceReadResponseCorrelation","Output":"2026-10-06 11:33:07.842220 I | raft: [f:1,l:0,t:0,c:0,a:0] [00007:00001] t1 became follower\n"}
{"Time":"2026-10-06T11:33:07.842790854+08:00","Action":"output","Package":"github.com/lni/dragonboat/v3/internal/raft","Test":"TestAssuranceReadResponseCorrelation","Output":"2026-10-06 11:33:07.842229 I | raft: [f:1,l:0,t:0,c:0,a:0] [00007:00001] t1 added bootstrap ConfigChangeAddNode, 1, n1\n"}
{"Time":"2026-10-06T11:33:07.84279873+08:00","Action":"output","Package":"github.com/lni/dragonboat/v3/internal/raft","Test":"TestAssuranceReadResponseCorrelation","Output":"2026-10-06 11:33:07.842236 I | raft: [f:1,l:0,t:0,c:0,a:0] [00007:00001] t1 added bootstrap ConfigChangeAddNode, 2, n2\n"}
{"Time":"2026-10-06T11:33:07.842801337+08:00","Action":"output","Package":"github.com/lni/dragonboat/v3/internal/raft","Test":"TestAssuranceReadResponseCorrelation","Output":"2026-10-06 11:33:07.842241 I | raft: [f:1,l:0,t:0,c:0,a:0] [00007:00001] t1 added bootstrap ConfigChangeAddNode, 3, n3\n"}
{"Time":"2026-10-06T11:33:07.84280391+08:00","Action":"output","Package":"github.com/lni/dragonboat/v3/internal/raft","Test":"TestAssuranceReadResponseCorrelation","Output":"2026-10-06 11:33:07.842264 I | raft: [00007:00002] created, initial: true, new: true\n"}
{"Time":"2026-10-06T11:33:07.8428065+08:00","Action":"output","Package":"github.com/lni/dragonboat/v3/internal/raft","Test":"TestAssuranceReadResponseCorrelation","Output":"2026-10-06 11:33:07.842270 I | raft: [00007:00002] raft log rate limit enabled: false, 0\n"}
{"Time":"2026-10-06T11:33:07.842808944+08:00","Action":"output","Package":"github.com/lni/dragonboat/v3/internal/raft","Test":"TestAssuranceReadResponseCorrelation","Output":"2026-10-06 11:33:07.842275 I | raft: [f:1,l:0,t:0,c:0,a:0] [00007:00002] t0 became follower\n"}
{"Time":"2026-10-06T11:33:07.842811224+08:00","Action":"output","Package":"github.com/lni/dragonboat/v3/internal/raft","Test":"TestAssuranceReadResponseCorrelation","Output":"2026-10-06 11:33:07.842283 I | raft: [f:1,l:0,t:0,c:0,a:0] [00007:00002] t1 became follower\n"}
{"Time":"2026-10-06T11:33:07.842820978+08:00","Action":"output","Package":"github.com/lni/dragonboat/v3/internal/raft","Test":"TestAssuranceReadResponseCorrelation","Output":"2026-10-06 11:33:07.842289 I | raft: [f:1,l:0,t:0,c:0,a:0] [00007:00002] t1 added bootstrap ConfigChangeAddNode, 1, n1\n"}
{"Time":"2026-10-06T11:33:07.842825531+08:00","Action":"output","Package":"github.com/lni/dragonboat/v3/internal/raft","Test":"TestAssuranceReadResponseCorrelation","Output":"2026-10-06 11:33:07.842294 I | raft: [f:1,l:0,t:0,c:0,a:0] [00007:00002] t1 added bootstrap ConfigChangeAddNode, 2, n2\n"}
{"Time":"2026-10-06T11:33:07.842828128+08:00","Action":"output","Package":"github.com/lni/dragonboat/v3/internal/raft","Test":"TestAssuranceReadResponseCorrelation","Output":"2026-10-06 11:33:07.842299 I | raft: [f:1,l:0,t:0,c:0,a:0] [00007:00002] t1 added bootstrap ConfigChangeAddNode, 3, n3\n"}
{"Time":"2026-10-06T11:33:07.842831491+08:00","Action":"output","Package":"github.com/lni/dragonboat/v3/internal/raft","Test":"TestAssuranceReadResponseCorrelation","Output":"2026-10-06 11:33:07.842311 I | raft: [00007:00003] created, initial: true, new: true\n"}
{"Time":"2026-10-06T11:33:07.842834003+08:00","Action":"output","Package":"github.com/lni/dragonboat/v3/internal/raft","Test":"TestAssuranceReadResponseCorrelation","Output":"2026-10-06 11:33:07.842317 I | raft: [00007:00003] raft log rate limit enabled: false, 0\n"}
{"Time":"2026-10-06T11:33:07.842836309+08:00","Action":"output","Package":"github.com/lni/dragonboat/v3/internal/raft","Test":"TestAssuranceReadResponseCorrelation","Output":"2026-10-06 11:33:07.842344 I | raft: [f:1,l:0,t:0,c:0,a:0] [00007:00003] t0 became follower\n"}
{"Time":"2026-10-06T11:33:07.84284158+08:00","Action":"output","Package":"github.com/lni/dragonboat/v3/internal/raft","Test":"TestAssuranceReadResponseCorrelation","Output":"2026-10-06 11:33:07.842376 I | raft: [f:1,l:0,t:0,c:0,a:0] [00007:00003] t1 became follower\n"}
{"Time":"2026-10-06T11:33:07.842844123+08:00","Action":"output","Package":"github.com/lni/dragonboat/v3/internal/raft","Test":"TestAssuranceReadResponseCorrelation","Output":"2026-10-06 11:33:07.842384 I | raft: [f:1,l:0,t:0,c:0,a:0] [00007:00003] t1 added bootstrap ConfigChangeAddNode, 1, n1\n"}
{"Time":"2026-10-06T11:33:07.842846544+08:00","Action":"output","Package":"github.com/lni/dragonboat/v3/internal/raft","Test":"TestAssuranceReadResponseCorrelation","Output":"2026-10-06 11:33:07.842389 I | raft: [f:1,l:0,t:0,c:0,a:0] [00007:00003] t1 added bootstrap ConfigChangeAddNode, 2, n2\n"}
{"Time":"2026-10-06T11:33:07.842848826+08:00","Action":"output","Package":"github.com/lni/dragonboat/v3/internal/raft","Test":"TestAssuranceReadResponseCorrelation","Output":"2026-10-06 11:33:07.842394 I | raft: [f:1,l:0,t:0,c:0,a:0] [00007:00003] t1 added bootstrap ConfigChangeAddNode, 3, n3\n"}
{"Time":"2026-10-06T11:33:07.842851044+08:00","Action":"output","Package":"github.com/lni/dragonboat/v3/internal/raft","Test":"TestAssuranceReadResponseCorrelation","Output":"2026-10-06 11:33:07.842424 W | raft: [f:1,l:3,t:1,c:3,a:3] [00007:00001] t2 became candidate\n"}
{"Time":"2026-10-06T11:33:07.842853569+08:00","Action":"output","Package":"github.com/lni/dragonboat/v3/internal/raft","Test":"TestAssuranceReadResponseCorrelation","Output":"2026-10-06 11:33:07.842431 W | raft: [f:1,l:3,t:1,c:3,a:3] [00007:00001] t2 received RequestVoteResp from n00001\n"}
{"Time":"2026-10-06T11:33:07.842855884+08:00","Action":"output","Package":"github.com/lni/dragonboat/v3/internal/raft","Test":"TestAssuranceReadResponseCorrelation","Output":"2026-10-06 11:33:07.842440 W | raft: [f:1,l:3,t:1,c:3,a:3] [00007:00001] t2 sent RequestVote to n00003\n"}
{"Time":"2026-10-06T11:33:07.842858242+08:00","Action":"output","Package":"github.com/lni/dragonboat/v3/internal/raft","Test":"TestAssuranceReadResponseCorrelation","Output":"2026-10-06 11:33:07.842446 W | raft: [f:1,l:3,t:1,c:3,a:3] [00007:00001] t2 sent RequestVote to n00002\n"}
{"Time":"2026-10-06T11:33:07.842860539+08:00","Action":"output","Package":"github.com/lni/dragonboat/v3/internal/raft","Test":"TestAssuranceReadResponseCorrelation","Output":"2026-10-06 11:33:07.842469 W | raft: [f:1,l:3,t:1,c:3,a:3] [00007:00003] t1 received RequestVote with higher term (2) from n00001\n"}
{"Time":"2026-10-06T11:33:07.842862982+08:00","Action":"output","Package":"github.com/lni/dragonboat/v3/internal/raft","Test":"TestAssuranceReadResponseCorrelation","Output":"2026-10-06 11:33:07.842476 W | raft: [f:1,l:3,t:1,c:3,a:3] [00007:00003] t1 become followerKE after receiving higher term from n00001\n"}
{"Time":"2026-10-06T11:33:07.842865311+08:00","Action":"output","Package":"github.com/lni/dragonboat/v3/internal/raft","Test":"TestAssuranceReadResponseCorrelation","Output":"2026-10-06 11:33:07.842482 I | raft: [f:1,l:3,t:1,c:3,a:3] [00007:00003] t2 became follower\n"}
{"Time":"2026-10-06T11:33:07.842867603+08:00","Action":"output","Package":"github.com/lni/dragonboat/v3/internal/raft","Test":"TestAssuranceReadResponseCorrelation","Output":"2026-10-06 11:33:07.842494 W | raft: [f:1,l:3,t:1,c:3,a:3] [00007:00003] t2 cast vote from n00001 index 3 term 2, log term: 1\n"}
{"Time":"2026-10-06T11:33:07.842870499+08:00","Action":"output","Package":"github.com/lni/dragonboat/v3/internal/raft","Test":"TestAssuranceReadResponseCorrelation","Output":"2026-10-06 11:33:07.842509 W | raft: [f:1,l:3,t:1,c:3,a:3] [00007:00002] t1 received RequestVote with higher term (2) from n00001\n"}
{"Time":"2026-10-06T11:33:07.842873017+08:00","Action":"output","Package":"github.com/lni/dragonboat/v3/internal/raft","Test":"TestAssuranceReadResponseCorrelation","Output":"2026-10-06 11:33:07.842515 W | raft: [f:1,l:3,t:1,c:3,a:3] [00007:00002] t1 become followerKE after receiving higher term from n00001\n"}
{"Time":"2026-10-06T11:33:07.842876061+08:00","Action":"output","Package":"github.com/lni/dragonboat/v3/internal/raft","Test":"TestAssuranceReadResponseCorrelation","Output":"2026-10-06 11:33:07.842520 I | raft: [f:1,l:3,t:1,c:3,a:3] [00007:00002] t2 became follower\n"}
{"Time":"2026-10-06T11:33:07.842930666+08:00","Action":"output","Package":"github.com/lni/dragonboat/v3/internal/raft","Test":"TestAssuranceReadResponseCorrelation","Output":"2026-10-06 11:33:07.842526 W | raft: [f:1,l:3,t:1,c:3,a:3] [00007:00002] t2 cast vote from n00001 index 3 term 2, log term: 1\n"}
{"Time":"2026-10-06T11:33:07.842942541+08:00","Action":"output","Package":"github.com/lni/dragonboat/v3/internal/raft","Test":"TestAssuranceReadResponseCorrelation","Output":"2026-10-06 11:33:07.842534 W | raft: [f:1,l:3,t:1,c:3,a:3] [00007:00001] t2 received RequestVoteResp from n00003\n"}
{"Time":"2026-10-06T11:33:07.842953105+08:00","Action":"output","Package":"github.com/lni/dragonboat/v3/internal/raft","Test":"TestAssuranceReadResponseCorrelation","Output":"2026-10-06 11:33:07.842540 W | raft: [f:1,l:3,t:1,c:3,a:3] [00007:00001] t2 received 2 votes and 0 rejections, quorum is 2\n"}
{"Time":"2026-10-06T11:33:07.84296403+08:00","Action":"output","Package":"github.com/lni/dragonboat/v3/internal/raft","Test":"TestAssuranceReadResponseCorrelation","Output":"2026-10-06 11:33:07.842552 I | raft: [f:1,l:4,t:2,c:3,a:3] [00007:00001] t2 became leader\n"}
{"Time":"2026-10-06T11:33:07.842975358+08:00","Action":"output","Package":"github.com/lni/dragonboat/v3/internal/raft","Test":"TestAssuranceReadResponseCorrelation","Output":"CA_EVENT {\"cluster\":7,\"commit\":4,\"event\":\"prefix\",\"origin\":1,\"queued_messages\":0,\"scenario\":\"overlapping_remote_reads\",\"term\":2}\n"}
{"Time":"2026-10-06T11:33:07.843009061+08:00","Action":"output","Package":"github.com/lni/dragonboat/v3/internal/raft","Test":"TestAssuranceReadResponseCorrelation","Output":"CA_EVENT {\"cluster\":7,\"context\":\"101/30\",\"event\":\"dropped_heartbeat\",\"origin\":3,\"scenario\":\"overlapping_remote_reads\",\"sender\":1}\n"}
{"Time":"2026-10-06T11:33:07.843026713+08:00","Action":"output","Package":"github.com/lni/dragonboat/v3/internal/raft","Test":"TestAssuranceReadResponseCorrelation","Output":"CA_EVENT {\"cluster\":7,\"context\":\"101/30\",\"event\":\"dropped_heartbeat\",\"origin\":2,\"scenario\":\"overlapping_remote_reads\",\"sender\":1}\n"}
{"Time":"2026-10-06T11:33:07.843196778+08:00","Action":"output","Package":"github.com/lni/dragonboat/v3/internal/raft","Test":"TestAssuranceReadResponseCorrelation","Output":"CA_EVENT {\"cluster\":7,\"confirmed_context\":\"202/30\",\"confirming_sender\":3,\"event\":\"released\",\"expected_context\":\"101/30\",\"origin\":2,\"quorum\":2,\"removed\":true,\"scenario\":\"overlapping_remote_reads\",\"term\":2}\n"}
{"Time":"2026-10-06T11:33:07.843295316+08:00","Action":"output","Package":"github.com/lni/dragonboat/v3/internal/raft","Test":"TestAssuranceReadResponseCorrelation","Output":"CA_EVENT {\"cluster\":7,\"confirmed_context\":\"202/30\",\"confirming_sender\":3,\"event\":\"released\",\"expected_context\":\"202/30\",\"origin\":3,\"quorum\":2,\"removed\":true,\"scenario\":\"overlapping_remote_reads\",\"term\":2}\n"}
{"Time":"2026-10-06T11:33:07.84330567+08:00","Action":"output","Package":"github.com/lni/dragonboat/v3/internal/raft","Test":"TestAssuranceReadResponseCorrelation","Output":"CA_EVENT {\"cluster\":7,\"context\":\"202/30\",\"event\":\"response\",\"index\":4,\"origin\":2,\"qualified\":true,\"scenario\":\"overlapping_remote_reads\",\"sender\":1,\"term\":2}\n"}
{"Time":"2026-10-06T11:33:07.84332027+08:00","Action":"output","Package":"github.com/lni/dragonboat/v3/internal/raft","Test":"TestAssuranceReadResponseCorrelation","Output":"CA_EVENT {\"cluster\":7,\"context\":\"202/30\",\"event\":\"response\",\"index\":4,\"origin\":3,\"qualified\":true,\"scenario\":\"overlapping_remote_reads\",\"sender\":1,\"term\":2}\n"}
{"Time":"2026-10-06T11:33:07.843325664+08:00","Action":"output","Package":"github.com/lni/dragonboat/v3/internal/raft","Test":"TestAssuranceReadResponseCorrelation","Output":"CA_EVENT {\"cluster\":7,\"context\":\"202/30\",\"event\":\"recipient_ready\",\"index\":4,\"origin\":2,\"scenario\":\"overlapping_remote_reads\"}\n"}
{"Time":"2026-10-06T11:33:07.843331367+08:00","Action":"output","Package":"github.com/lni/dragonboat/v3/internal/raft","Test":"TestAssuranceReadResponseCorrelation","Output":"CA_EVENT {\"cluster\":7,\"context\":\"202/30\",\"event\":\"recipient_ready\",\"index\":4,\"origin\":3,\"scenario\":\"overlapping_remote_reads\"}\n"}
{"Time":"2026-10-06T11:33:07.843335929+08:00","Action":"output","Package":"github.com/lni/dragonboat/v3/internal/raft","Test":"TestAssuranceReadResponseCorrelation","Output":"CA_EVENT {\"cluster\":7,\"event\":\"finished\",\"origin\":1,\"pending\":0,\"qualified\":true,\"queued_messages\":0,\"scenario\":\"overlapping_remote_reads\"}\n"}
{"Time":"2026-10-06T11:33:07.843360206+08:00","Action":"output","Package":"github.com/lni/dragonboat/v3/internal/raft","Test":"TestAssuranceReadResponseCorrelation","Output":"--- PASS: TestAssuranceReadResponseCorrelation (0.00s)\n"}
{"Time":"2026-10-06T11:33:07.843367048+08:00","Action":"pass","Package":"github.com/lni/dragonboat/v3/internal/raft","Test":"TestAssuranceReadResponseCorrelation","Elapsed":0}
{"Time":"2026-10-06T11:33:07.843964125+08:00","Action":"output","Package":"github.com/lni/dragonboat/v3/internal/raft","Output":"PASS\n"}
{"Time":"2026-10-06T11:33:07.844853573+08:00","Action":"output","Package":"github.com/lni/dragonboat/v3/internal/raft","Output":"ok  \tgithub.com/lni/dragonboat/v3/internal/raft\t0.009s\n"}
{"Time":"2026-10-06T11:33:07.844900999+08:00","Action":"pass","Package":"github.com/lni/dragonboat/v3/internal/raft","Elapsed":0.01}
