{
  "candidate_action": "continue",
  "candidate_id": "6a7d7da5ec7e4e418212f9c9113755c0",
  "obligation": null,
  "bindings": [],
  "dependencies": [],
  "context_claims": [],
  "audit_question": {
    "disposition": null,
    "preferred_check": "source_review",
    "requests": [
      {
        "file": "raft.go",
        "start_line": 1100,
        "end_line": 1243,
        "reason": "Reattach appendConfigurationEntry and its configuration activation operations to connect the now-verified dispatchLogs error return with the precise replacement configuration and index. Determine the bounded local relation between latest configuration metadata and the configuration entry represented in storage."
      },
      {
        "file": "commitment.go",
        "start_line": 1,
        "end_line": 104,
        "reason": "Reattach the selected fact producer, including configuration replacement and recalculation, to determine whether the failed-write continuation changes the voter map or establishes a new threshold and to preserve its actual guards."
      },
      {
        "file": "log.go",
        "start_line": 1,
        "end_line": 192,
        "reason": "Inspect LogStore's applicable storage contract and configuration entry representations, particularly whether an error can accompany no stored entries or partial completion. Separate an independent retained-entry oracle from the unsupported assumption that every storage error means no write."
      }
    ],
    "question": "When configuration replacement establishes F_commit_threshold by recalculating retained voter matches, which configuration is entitled to govern that advancement, and do activation ordering and configuration-change guards satisfy the repository's applicable membership-transition contract?",
    "importance": "The selected configuration determines which participant reports can advance commitment. Activating configuration metadata without its represented log entry could violate the local configuration representation contract and influence later participation. Immediate threshold recalculation, consumption as commitment, and divergent application effects remain separate consequences.",
    "source_ids": [
      "configuration.go:1:160",
      "raft.go:1244:1291",
      "raft.go:455:666"
    ],
    "participants": [
      "Main Raft leader actor",
      "Replication actors reporting matches",
      "Voters selected by the commitment configuration",
      "Selected LogStore implementation"
    ],
    "objects": [
      "Leader-local commitment object",
      "Voter match map",
      "Latest and committed configurations",
      "Configuration log entry"
    ],
    "contexts": [
      "Configuration replacement within one leader-local commitment generation",
      "Configuration-entry admission and commitment",
      "Configuration-entry storage success or failure",
      "Exit from leadership following configuration-entry storage failure"
    ],
    "event_paths": [
      "configurationChangeChIfStable -> appendConfigurationEntry -> dispatchLogs -> setLatestConfiguration -> commitment.setConfiguration -> recalculation -> leader commit notification consumption"
    ],
    "activity_classes": [
      "A1",
      "A4"
    ],
    "behavior_ids": [
      "B_commit_configuration",
      "B_commit_match",
      "B_commit_consume"
    ],
    "fact_ids": [
      "F_commit_threshold"
    ],
    "obligation_relation_kind": "establishment",
    "counterevidence": [
      "The attached configurationChangeChIfStable admits configuration changes only when latestIndex equals committedIndex and the Raft commit index has reached the leader commitment object's startIndex. This resolves the previously unread admission discriminator.",
      "The attached dispatchLogs responds to affected futures with the storage error, sets Follower, and returns before reporting local match, updating last-log metadata, or notifying replicators.",
      "The attached runLeader cleanup stops replication, responds to outstanding operations, and clears the leader-local commitment object. This limits the lifetime of a threshold calculated in that object; cleanup does not itself restore latest configuration.",
      "The attached setupLeaderState initializes commitment from configurations.latest. This identifies a possible later consumer of preserved metadata, but does not establish reachability of another leadership generation following the failure.",
      "Archived caller analysis records unconditional configuration activation after dispatchLogs; exact caller source is requested before using that observation to derive a local obligation.",
      "Archived leaderLoop analysis records a Leader role guard before each select iteration, limiting immediate consumption after dispatchLogs sets Follower. This remains relevant counterevidence, with exact reattachment required if a subsequent judgment depends on that consumer.",
      "Archived commitment analysis records mutex serialization, voter filtering, retained matches, zero initial matches for new voters, monotonic advancement and the startIndex threshold. Exact producer source is requested.",
      "The archived membership document is a proposal and cannot alone establish the current failure-path contract."
    ],
    "unknowns": [
      "The exact activation caller must be reattached to establish the complete local failure continuation and the configuration index it publishes.",
      "configuration.go describes latest as the latest configuration in the log or snapshot, possibly uncommitted. Whether the failure continuation violates that representation requires the storage contract and actual retained-entry outcome; an error alone does not prove absence.",
      "Storage error and partial-write semantics, including the chosen adapter and applicable compatibility paths, remain unresolved.",
      "Cleanup contains no latest-configuration repair, but repair or reconstruction elsewhere before later participation remains unresolved.",
      "Whether retained match values suffice across applicable replacement voter sets and membership histories remains unresolved.",
      "Legal-history reachability, immediate commitment consumption, later participation and broader application consequences remain separate unresolved questions.",
      "Recorded check identifiers have no supplied current results or evidence and establish neither successful checking nor a violation."
    ],
    "priority": 1,
    "trigger_rationale": "The receipt resolves admission and dispatch failure handling and shows that leader cleanup clears the accumulator without repairing latest configuration. Configuration field documentation now supplies a plausible local representation expectation: latest denotes a configuration in the log or snapshot. Reattaching its publisher and inspecting the LogStore contract can determine whether an independently observable retained-entry relation supports a bounded obligation, without requiring advance proof of later leadership or application consequences."
  },
  "selection_rationale": "Continue the same fact lifecycle. The admission guard and storage-error branch are now established, while cleanup bounds immediate accumulator lifetime. The next discriminator is whether configuration activation after a failed dispatch can publish metadata inconsistent with the documented log/snapshot representation. This local relation has greater immediate discriminatory value than investigating later elections: its caller, storage boundary and retained-entry oracle can establish or reject an attributable obligation before broader reachability is known. No obligation is emitted until the exact publisher and applicable storage contract are attached.",
  "reading_requests": [
    {
      "file": "raft.go",
      "start_line": 1100,
      "end_line": 1243,
      "reason": "Reattach appendConfigurationEntry and configuration activation to establish the exact continuation after the verified dispatchLogs storage-error return."
    },
    {
      "file": "commitment.go",
      "start_line": 1,
      "end_line": 104,
      "reason": "Reattach configuration replacement and threshold recalculation, including all guards, for the selected F_commit_threshold establishment question."
    },
    {
      "file": "log.go",
      "start_line": 1,
      "end_line": 192,
      "reason": "Inspect the LogStore contract and configuration entry representations to determine the local retained-entry expectation and preserve uncertainty about error and partial-write outcomes."
    }
  ],
  "frontier_entry_point": null,
  "descriptive_issues": [],
  "fork_from_candidate_id": null,
  "fork_reason": "",
  "resume_conditions": []
}
