CA_EVENT {"applied_index":3,"commit_index":3,"event":"prefix","leader":"v2","nonvoters":1,"op":"voter_control","term":2,"voters":3}
CA_EVENT {"event":"worker_parked","op":"voter_control","peer":"v0","rpc":1,"term":2,"worker":"data"}
CA_EVENT {"event":"worker_parked","op":"voter_control","peer":"v1","rpc":2,"term":2,"worker":"data"}
CA_EVENT {"event":"worker_parked","op":"voter_control","peer":"n0","rpc":3,"term":2,"worker":"data"}
CA_EVENT {"event":"worker_parked","op":"voter_control","peer":"n0","rpc":4,"term":2,"worker":"heartbeat"}
CA_EVENT {"event":"worker_parked","op":"voter_control","peer":"v0","rpc":5,"term":2,"worker":"heartbeat"}
CA_EVENT {"event":"worker_parked","op":"voter_control","peer":"v1","rpc":6,"term":2,"worker":"heartbeat"}
CA_EVENT {"event":"quiescent","leader":"v2","op":"voter_control","parked_workers":6,"term":2}
CA_EVENT {"event":"admitted","leader":"v2","only_nonvoter":false,"op":"voter_control","quorum":2,"term":2}
CA_EVENT {"error":"","event":"actual_reply","op":"voter_control","peer":"v0","request_term":2,"response_term":2,"rpc":5,"success":true,"suffrage":0,"worker":"heartbeat"}
CA_EVENT {"error":"","event":"actual_reply","op":"voter_control","peer":"n0","request_term":2,"response_term":2,"rpc":3,"success":true,"suffrage":1,"worker":"data"}
CA_EVENT {"event":"worker_parked","op":"voter_control","peer":"v0","rpc":7,"term":2,"worker":"heartbeat"}
CA_EVENT {"error":"","event":"actual_reply","op":"voter_control","peer":"v0","request_term":2,"response_term":2,"rpc":7,"success":true,"suffrage":0,"worker":"heartbeat"}
CA_EVENT {"error":"","event":"actual_reply","op":"voter_control","peer":"v0","request_term":2,"response_term":2,"rpc":1,"success":true,"suffrage":0,"worker":"data"}
CA_EVENT {"error":"","event":"actual_reply","op":"voter_control","peer":"n0","request_term":2,"response_term":2,"rpc":4,"success":true,"suffrage":1,"worker":"heartbeat"}
CA_EVENT {"event":"worker_parked","op":"voter_control","peer":"n0","rpc":8,"term":2,"worker":"heartbeat"}
CA_EVENT {"error":"","event":"actual_reply","op":"voter_control","peer":"n0","request_term":2,"response_term":2,"rpc":8,"success":true,"suffrage":1,"worker":"heartbeat"}
CA_EVENT {"error":"","event":"actual_reply","op":"voter_control","peer":"v1","request_term":2,"response_term":2,"rpc":6,"success":true,"suffrage":0,"worker":"heartbeat"}
CA_EVENT {"event":"worker_parked","op":"voter_control","peer":"v1","rpc":9,"term":2,"worker":"heartbeat"}
CA_EVENT {"error":"","event":"actual_reply","op":"voter_control","peer":"v1","request_term":2,"response_term":2,"rpc":9,"success":true,"suffrage":0,"worker":"heartbeat"}
CA_EVENT {"error":"","event":"actual_reply","op":"voter_control","peer":"v1","request_term":2,"response_term":2,"rpc":2,"success":true,"suffrage":0,"worker":"data"}
CA_EVENT {"eligible_count_upper_bound":3,"eligible_support_possible":true,"error":"","event":"completed","final_state":"Leader","final_term":2,"op":"voter_control","positive_nonvoters":1,"positive_peers":["n0","v1","v0"],"released_remote_voters":2,"success":true}
CA_EVENT {"applied_index":3,"commit_index":3,"event":"prefix","leader":"v1","nonvoters":1,"op":"nonvoter_only","term":2,"voters":3}
CA_EVENT {"event":"worker_parked","op":"nonvoter_only","peer":"v0","rpc":1,"term":2,"worker":"data"}
CA_EVENT {"event":"worker_parked","op":"nonvoter_only","peer":"n0","rpc":2,"term":2,"worker":"data"}
CA_EVENT {"event":"worker_parked","op":"nonvoter_only","peer":"v2","rpc":3,"term":2,"worker":"data"}
CA_EVENT {"event":"worker_parked","op":"nonvoter_only","peer":"v0","rpc":4,"term":2,"worker":"heartbeat"}
CA_EVENT {"event":"worker_parked","op":"nonvoter_only","peer":"v2","rpc":5,"term":2,"worker":"heartbeat"}
CA_EVENT {"event":"worker_parked","op":"nonvoter_only","peer":"n0","rpc":6,"term":2,"worker":"heartbeat"}
CA_EVENT {"event":"quiescent","leader":"v1","op":"nonvoter_only","parked_workers":6,"term":2}
CA_EVENT {"event":"admitted","leader":"v1","only_nonvoter":true,"op":"nonvoter_only","quorum":2,"term":2}
CA_EVENT {"error":"","event":"actual_reply","op":"nonvoter_only","peer":"n0","request_term":2,"response_term":2,"rpc":2,"success":true,"suffrage":1,"worker":"data"}
CA_EVENT {"error":"","event":"actual_reply","op":"nonvoter_only","peer":"n0","request_term":2,"response_term":2,"rpc":6,"success":true,"suffrage":1,"worker":"heartbeat"}
CA_EVENT {"event":"worker_parked","op":"nonvoter_only","peer":"n0","rpc":7,"term":2,"worker":"heartbeat"}
CA_EVENT {"error":"","event":"actual_reply","op":"nonvoter_only","peer":"n0","request_term":2,"response_term":2,"rpc":7,"success":true,"suffrage":1,"worker":"heartbeat"}
CA_EVENT {"eligible_count_upper_bound":1,"eligible_support_possible":false,"error":"","event":"completed","final_state":"Leader","final_term":2,"op":"nonvoter_only","positive_nonvoters":1,"positive_peers":["n0"],"released_remote_voters":0,"success":true}
CA_EVENT {"error":"failed to connect to peer: v2","event":"actual_reply","op":"nonvoter_only","peer":"v2","request_term":2,"response_term":0,"rpc":5,"success":false,"suffrage":0,"worker":"heartbeat"}
CA_EVENT {"error":"failed to connect to peer: v2","event":"actual_reply","op":"nonvoter_only","peer":"v2","request_term":2,"response_term":0,"rpc":3,"success":false,"suffrage":0,"worker":"data"}
CA_EVENT {"error":"failed to connect to peer: v0","event":"actual_reply","op":"nonvoter_only","peer":"v0","request_term":2,"response_term":0,"rpc":4,"success":false,"suffrage":0,"worker":"heartbeat"}
CA_EVENT {"error":"failed to connect to peer: v0","event":"actual_reply","op":"nonvoter_only","peer":"v0","request_term":2,"response_term":0,"rpc":1,"success":false,"suffrage":0,"worker":"data"}
PASS
ok  	github.com/hashicorp/raft	5.410s
