{"Time":"2026-09-29T15:49:00.545686117+08:00","Action":"start","Package":"go.etcd.io/raft/v3"}
{"Time":"2026-09-29T15:49:00.571681633+08:00","Action":"run","Package":"go.etcd.io/raft/v3","Test":"TestAssuranceRemovedLeaderReadExplore"}
{"Time":"2026-09-29T15:49:00.57173077+08:00","Action":"output","Package":"go.etcd.io/raft/v3","Test":"TestAssuranceRemovedLeaderReadExplore","Output":"=== RUN   TestAssuranceRemovedLeaderReadExplore\n"}
{"Time":"2026-09-29T15:49:00.571800077+08:00","Action":"run","Package":"go.etcd.io/raft/v3","Test":"TestAssuranceRemovedLeaderReadExplore/false"}
{"Time":"2026-09-29T15:49:00.571808381+08:00","Action":"output","Package":"go.etcd.io/raft/v3","Test":"TestAssuranceRemovedLeaderReadExplore/false","Output":"=== RUN   TestAssuranceRemovedLeaderReadExplore/false\n"}
{"Time":"2026-09-29T15:49:00.572183805+08:00","Action":"output","Package":"go.etcd.io/raft/v3","Test":"TestAssuranceRemovedLeaderReadExplore/false","Output":"raft2026/09/29 15:49:00 INFO: 1 switched to configuration voters=(1 2)\n"}
{"Time":"2026-09-29T15:49:00.572272093+08:00","Action":"output","Package":"go.etcd.io/raft/v3","Test":"TestAssuranceRemovedLeaderReadExplore/false","Output":"raft2026/09/29 15:49:00 INFO: 1 became follower at term 1\n"}
{"Time":"2026-09-29T15:49:00.572292665+08:00","Action":"output","Package":"go.etcd.io/raft/v3","Test":"TestAssuranceRemovedLeaderReadExplore/false","Output":"raft2026/09/29 15:49:00 INFO: newRaft 1 [peers: [1,2], term: 1, commit: 1, applied: 1, lastindex: 1, lastterm: 1]\n"}
{"Time":"2026-09-29T15:49:00.572308343+08:00","Action":"output","Package":"go.etcd.io/raft/v3","Test":"TestAssuranceRemovedLeaderReadExplore/false","Output":"raft2026/09/29 15:49:00 INFO: 2 switched to configuration voters=(1 2)\n"}
{"Time":"2026-09-29T15:49:00.572320046+08:00","Action":"output","Package":"go.etcd.io/raft/v3","Test":"TestAssuranceRemovedLeaderReadExplore/false","Output":"raft2026/09/29 15:49:00 INFO: 2 became follower at term 1\n"}
{"Time":"2026-09-29T15:49:00.572331957+08:00","Action":"output","Package":"go.etcd.io/raft/v3","Test":"TestAssuranceRemovedLeaderReadExplore/false","Output":"raft2026/09/29 15:49:00 INFO: newRaft 2 [peers: [1,2], term: 1, commit: 1, applied: 1, lastindex: 1, lastterm: 1]\n"}
{"Time":"2026-09-29T15:49:00.57234612+08:00","Action":"output","Package":"go.etcd.io/raft/v3","Test":"TestAssuranceRemovedLeaderReadExplore/false","Output":"raft2026/09/29 15:49:00 INFO: 1 is starting a new election at term 1\n"}
{"Time":"2026-09-29T15:49:00.572359648+08:00","Action":"output","Package":"go.etcd.io/raft/v3","Test":"TestAssuranceRemovedLeaderReadExplore/false","Output":"raft2026/09/29 15:49:00 INFO: 1 became candidate at term 2\n"}
{"Time":"2026-09-29T15:49:00.572373726+08:00","Action":"output","Package":"go.etcd.io/raft/v3","Test":"TestAssuranceRemovedLeaderReadExplore/false","Output":"raft2026/09/29 15:49:00 INFO: 1 [logterm: 1, index: 1] sent MsgVote request to 2 at term 2\n"}
{"Time":"2026-09-29T15:49:00.572484644+08:00","Action":"output","Package":"go.etcd.io/raft/v3","Test":"TestAssuranceRemovedLeaderReadExplore/false","Output":"raft2026/09/29 15:49:00 INFO: 2 [term: 1] received a MsgVote message with higher term from 1 [term: 2]\n"}
{"Time":"2026-09-29T15:49:00.572687784+08:00","Action":"output","Package":"go.etcd.io/raft/v3","Test":"TestAssuranceRemovedLeaderReadExplore/false","Output":"raft2026/09/29 15:49:00 INFO: 2 became follower at term 2\n"}
{"Time":"2026-09-29T15:49:00.572700641+08:00","Action":"output","Package":"go.etcd.io/raft/v3","Test":"TestAssuranceRemovedLeaderReadExplore/false","Output":"raft2026/09/29 15:49:00 INFO: 2 [logterm: 1, index: 1, vote: 0] cast MsgVote for 1 [logterm: 1, index: 1] at term 2\n"}
{"Time":"2026-09-29T15:49:00.572711774+08:00","Action":"output","Package":"go.etcd.io/raft/v3","Test":"TestAssuranceRemovedLeaderReadExplore/false","Output":"raft2026/09/29 15:49:00 INFO: 1 received MsgVoteResp from 1 at term 2\n"}
{"Time":"2026-09-29T15:49:00.572723246+08:00","Action":"output","Package":"go.etcd.io/raft/v3","Test":"TestAssuranceRemovedLeaderReadExplore/false","Output":"raft2026/09/29 15:49:00 INFO: 1 has received 1 MsgVoteResp votes and 0 vote rejections\n"}
{"Time":"2026-09-29T15:49:00.572732367+08:00","Action":"output","Package":"go.etcd.io/raft/v3","Test":"TestAssuranceRemovedLeaderReadExplore/false","Output":"raft2026/09/29 15:49:00 INFO: 1 received MsgVoteResp from 2 at term 2\n"}
{"Time":"2026-09-29T15:49:00.572741325+08:00","Action":"output","Package":"go.etcd.io/raft/v3","Test":"TestAssuranceRemovedLeaderReadExplore/false","Output":"raft2026/09/29 15:49:00 INFO: 1 has received 2 MsgVoteResp votes and 0 vote rejections\n"}
{"Time":"2026-09-29T15:49:00.572793155+08:00","Action":"output","Package":"go.etcd.io/raft/v3","Test":"TestAssuranceRemovedLeaderReadExplore/false","Output":"raft2026/09/29 15:49:00 INFO: 1 became leader at term 2\n"}
{"Time":"2026-09-29T15:49:00.572804514+08:00","Action":"output","Package":"go.etcd.io/raft/v3","Test":"TestAssuranceRemovedLeaderReadExplore/false","Output":"CA_EVENT {\"app_index\":2,\"commit\":2,\"entry_index\":2,\"entry_type\":\"EntryNormal\",\"event\":\"applied\",\"leader\":1,\"node\":1,\"role\":\"StateLeader\",\"step_down\":false,\"term\":2,\"value\":\"\",\"voters\":[1,2]}\n"}
{"Time":"2026-09-29T15:49:00.572827147+08:00","Action":"output","Package":"go.etcd.io/raft/v3","Test":"TestAssuranceRemovedLeaderReadExplore/false","Output":"CA_EVENT {\"app_index\":2,\"commit\":2,\"entry_index\":2,\"entry_type\":\"EntryNormal\",\"event\":\"applied\",\"leader\":1,\"node\":2,\"role\":\"StateFollower\",\"step_down\":false,\"term\":2,\"value\":\"\",\"voters\":[1,2]}\n"}
{"Time":"2026-09-29T15:49:00.572852804+08:00","Action":"output","Package":"go.etcd.io/raft/v3","Test":"TestAssuranceRemovedLeaderReadExplore/false","Output":"CA_EVENT {\"app_index\":3,\"commit\":3,\"entry_index\":3,\"entry_type\":\"EntryNormal\",\"event\":\"applied\",\"leader\":1,\"node\":1,\"role\":\"StateLeader\",\"step_down\":false,\"term\":2,\"value\":\"old\",\"voters\":[1,2]}\n"}
{"Time":"2026-09-29T15:49:00.572959116+08:00","Action":"output","Package":"go.etcd.io/raft/v3","Test":"TestAssuranceRemovedLeaderReadExplore/false","Output":"CA_EVENT {\"app_index\":3,\"commit\":3,\"entry_index\":3,\"entry_type\":\"EntryNormal\",\"event\":\"applied\",\"leader\":1,\"node\":2,\"role\":\"StateFollower\",\"step_down\":false,\"term\":2,\"value\":\"old\",\"voters\":[1,2]}\n"}
{"Time":"2026-09-29T15:49:00.5729786+08:00","Action":"output","Package":"go.etcd.io/raft/v3","Test":"TestAssuranceRemovedLeaderReadExplore/false","Output":"raft2026/09/29 15:49:00 INFO: 1 switched to configuration voters=(2)\n"}
{"Time":"2026-09-29T15:49:00.572989729+08:00","Action":"output","Package":"go.etcd.io/raft/v3","Test":"TestAssuranceRemovedLeaderReadExplore/false","Output":"CA_EVENT {\"app_index\":4,\"commit\":4,\"entry_index\":4,\"entry_type\":\"EntryConfChange\",\"event\":\"applied\",\"leader\":1,\"node\":1,\"role\":\"StateLeader\",\"step_down\":false,\"term\":2,\"value\":\"old\",\"voters\":[2]}\n"}
{"Time":"2026-09-29T15:49:00.573001705+08:00","Action":"output","Package":"go.etcd.io/raft/v3","Test":"TestAssuranceRemovedLeaderReadExplore/false","Output":"raft2026/09/29 15:49:00 INFO: 2 switched to configuration voters=(2)\n"}
{"Time":"2026-09-29T15:49:00.573011549+08:00","Action":"output","Package":"go.etcd.io/raft/v3","Test":"TestAssuranceRemovedLeaderReadExplore/false","Output":"CA_EVENT {\"app_index\":4,\"commit\":4,\"entry_index\":4,\"entry_type\":\"EntryConfChange\",\"event\":\"applied\",\"leader\":1,\"node\":2,\"role\":\"StateFollower\",\"step_down\":false,\"term\":2,\"value\":\"old\",\"voters\":[2]}\n"}
{"Time":"2026-09-29T15:49:00.573064521+08:00","Action":"output","Package":"go.etcd.io/raft/v3","Test":"TestAssuranceRemovedLeaderReadExplore/false","Output":"CA_EVENT {\"app_index\":4,\"commit\":4,\"event\":\"after_removal\",\"leader\":1,\"node\":1,\"role\":\"StateLeader\",\"step_down\":false,\"term\":2,\"value\":\"old\",\"voters\":[2]}\n"}
{"Time":"2026-09-29T15:49:00.573079634+08:00","Action":"output","Package":"go.etcd.io/raft/v3","Test":"TestAssuranceRemovedLeaderReadExplore/false","Output":"CA_EVENT {\"app_index\":4,\"commit\":4,\"event\":\"after_removal\",\"leader\":1,\"node\":2,\"role\":\"StateFollower\",\"step_down\":false,\"term\":2,\"value\":\"old\",\"voters\":[2]}\n"}
{"Time":"2026-09-29T15:49:00.57309009+08:00","Action":"output","Package":"go.etcd.io/raft/v3","Test":"TestAssuranceRemovedLeaderReadExplore/false","Output":"raft2026/09/29 15:49:00 INFO: 2 is starting a new election at term 2\n"}
{"Time":"2026-09-29T15:49:00.573099761+08:00","Action":"output","Package":"go.etcd.io/raft/v3","Test":"TestAssuranceRemovedLeaderReadExplore/false","Output":"raft2026/09/29 15:49:00 INFO: 2 became candidate at term 3\n"}
{"Time":"2026-09-29T15:49:00.573109018+08:00","Action":"output","Package":"go.etcd.io/raft/v3","Test":"TestAssuranceRemovedLeaderReadExplore/false","Output":"raft2026/09/29 15:49:00 INFO: 2 received MsgVoteResp from 2 at term 3\n"}
{"Time":"2026-09-29T15:49:00.573117627+08:00","Action":"output","Package":"go.etcd.io/raft/v3","Test":"TestAssuranceRemovedLeaderReadExplore/false","Output":"raft2026/09/29 15:49:00 INFO: 2 has received 1 MsgVoteResp votes and 0 vote rejections\n"}
{"Time":"2026-09-29T15:49:00.573132497+08:00","Action":"output","Package":"go.etcd.io/raft/v3","Test":"TestAssuranceRemovedLeaderReadExplore/false","Output":"raft2026/09/29 15:49:00 INFO: 2 became leader at term 3\n"}
{"Time":"2026-09-29T15:49:00.573186742+08:00","Action":"output","Package":"go.etcd.io/raft/v3","Test":"TestAssuranceRemovedLeaderReadExplore/false","Output":"CA_EVENT {\"app_index\":5,\"commit\":5,\"entry_index\":5,\"entry_type\":\"EntryNormal\",\"event\":\"applied\",\"leader\":2,\"node\":2,\"role\":\"StateLeader\",\"step_down\":false,\"term\":3,\"value\":\"old\",\"voters\":[2]}\n"}
{"Time":"2026-09-29T15:49:00.57320032+08:00","Action":"output","Package":"go.etcd.io/raft/v3","Test":"TestAssuranceRemovedLeaderReadExplore/false","Output":"raft2026/09/29 15:49:00 INFO: entry at index 5 missing from unstable log; ignoring\n"}
{"Time":"2026-09-29T15:49:00.573210545+08:00","Action":"output","Package":"go.etcd.io/raft/v3","Test":"TestAssuranceRemovedLeaderReadExplore/false","Output":"CA_EVENT {\"app_index\":6,\"commit\":6,\"entry_index\":6,\"entry_type\":\"EntryNormal\",\"event\":\"applied\",\"leader\":2,\"node\":2,\"role\":\"StateLeader\",\"step_down\":false,\"term\":3,\"value\":\"new\",\"voters\":[2]}\n"}
{"Time":"2026-09-29T15:49:00.573221258+08:00","Action":"output","Package":"go.etcd.io/raft/v3","Test":"TestAssuranceRemovedLeaderReadExplore/false","Output":"raft2026/09/29 15:49:00 INFO: entry at index 6 missing from unstable log; ignoring\n"}
{"Time":"2026-09-29T15:49:00.573230615+08:00","Action":"output","Package":"go.etcd.io/raft/v3","Test":"TestAssuranceRemovedLeaderReadExplore/false","Output":"CA_EVENT {\"app_index\":6,\"commit\":6,\"event\":\"write_complete\",\"leader\":2,\"node\":2,\"role\":\"StateLeader\",\"step_down\":false,\"term\":3,\"value\":\"new\",\"voters\":[2]}\n"}
{"Time":"2026-09-29T15:49:00.57324168+08:00","Action":"output","Package":"go.etcd.io/raft/v3","Test":"TestAssuranceRemovedLeaderReadExplore/false","Output":"CA_EVENT {\"app_index\":4,\"commit\":4,\"context\":\"after-new-write\",\"event\":\"read_invoked\",\"leader\":1,\"new_write_index\":6,\"node\":1,\"role\":\"StateLeader\",\"step_down\":false,\"term\":2,\"value\":\"old\",\"voters\":[2]}\n"}
{"Time":"2026-09-29T15:49:00.573253275+08:00","Action":"output","Package":"go.etcd.io/raft/v3","Test":"TestAssuranceRemovedLeaderReadExplore/false","Output":"CA_EVENT {\"app_index\":4,\"commit\":4,\"context\":\"after-new-write\",\"event\":\"read_state\",\"leader\":1,\"node\":1,\"read_index\":4,\"role\":\"StateLeader\",\"step_down\":false,\"term\":2,\"value\":\"old\",\"voters\":[2]}\n"}
{"Time":"2026-09-29T15:49:00.573275835+08:00","Action":"output","Package":"go.etcd.io/raft/v3","Test":"TestAssuranceRemovedLeaderReadExplore/false","Output":"CA_EVENT {\"app_index\":4,\"commit\":4,\"event\":\"finished\",\"leader\":1,\"new_write_index\":6,\"node\":1,\"read_states\":1,\"role\":\"StateLeader\",\"step_down\":false,\"term\":2,\"value\":\"old\",\"voters\":[2]}\n"}
{"Time":"2026-09-29T15:49:00.573350362+08:00","Action":"output","Package":"go.etcd.io/raft/v3","Test":"TestAssuranceRemovedLeaderReadExplore/false","Output":"--- PASS: TestAssuranceRemovedLeaderReadExplore/false (0.00s)\n"}
{"Time":"2026-09-29T15:49:00.573374432+08:00","Action":"pass","Package":"go.etcd.io/raft/v3","Test":"TestAssuranceRemovedLeaderReadExplore/false","Elapsed":0}
{"Time":"2026-09-29T15:49:00.573873253+08:00","Action":"run","Package":"go.etcd.io/raft/v3","Test":"TestAssuranceRemovedLeaderReadExplore/true"}
{"Time":"2026-09-29T15:49:00.573903393+08:00","Action":"output","Package":"go.etcd.io/raft/v3","Test":"TestAssuranceRemovedLeaderReadExplore/true","Output":"=== RUN   TestAssuranceRemovedLeaderReadExplore/true\n"}
{"Time":"2026-09-29T15:49:00.573917683+08:00","Action":"output","Package":"go.etcd.io/raft/v3","Test":"TestAssuranceRemovedLeaderReadExplore/true","Output":"raft2026/09/29 15:49:00 INFO: 1 switched to configuration voters=(1 2)\n"}
{"Time":"2026-09-29T15:49:00.573963214+08:00","Action":"output","Package":"go.etcd.io/raft/v3","Test":"TestAssuranceRemovedLeaderReadExplore/true","Output":"raft2026/09/29 15:49:00 INFO: 1 became follower at term 1\n"}
{"Time":"2026-09-29T15:49:00.57397171+08:00","Action":"output","Package":"go.etcd.io/raft/v3","Test":"TestAssuranceRemovedLeaderReadExplore/true","Output":"raft2026/09/29 15:49:00 INFO: newRaft 1 [peers: [1,2], term: 1, commit: 1, applied: 1, lastindex: 1, lastterm: 1]\n"}
{"Time":"2026-09-29T15:49:00.573979882+08:00","Action":"output","Package":"go.etcd.io/raft/v3","Test":"TestAssuranceRemovedLeaderReadExplore/true","Output":"raft2026/09/29 15:49:00 INFO: 2 switched to configuration voters=(1 2)\n"}
{"Time":"2026-09-29T15:49:00.573987322+08:00","Action":"output","Package":"go.etcd.io/raft/v3","Test":"TestAssuranceRemovedLeaderReadExplore/true","Output":"raft2026/09/29 15:49:00 INFO: 2 became follower at term 1\n"}
{"Time":"2026-09-29T15:49:00.573994454+08:00","Action":"output","Package":"go.etcd.io/raft/v3","Test":"TestAssuranceRemovedLeaderReadExplore/true","Output":"raft2026/09/29 15:49:00 INFO: newRaft 2 [peers: [1,2], term: 1, commit: 1, applied: 1, lastindex: 1, lastterm: 1]\n"}
{"Time":"2026-09-29T15:49:00.57400174+08:00","Action":"output","Package":"go.etcd.io/raft/v3","Test":"TestAssuranceRemovedLeaderReadExplore/true","Output":"raft2026/09/29 15:49:00 INFO: 1 is starting a new election at term 1\n"}
{"Time":"2026-09-29T15:49:00.57401044+08:00","Action":"output","Package":"go.etcd.io/raft/v3","Test":"TestAssuranceRemovedLeaderReadExplore/true","Output":"raft2026/09/29 15:49:00 INFO: 1 became candidate at term 2\n"}
{"Time":"2026-09-29T15:49:00.574018964+08:00","Action":"output","Package":"go.etcd.io/raft/v3","Test":"TestAssuranceRemovedLeaderReadExplore/true","Output":"raft2026/09/29 15:49:00 INFO: 1 [logterm: 1, index: 1] sent MsgVote request to 2 at term 2\n"}
{"Time":"2026-09-29T15:49:00.574028973+08:00","Action":"output","Package":"go.etcd.io/raft/v3","Test":"TestAssuranceRemovedLeaderReadExplore/true","Output":"raft2026/09/29 15:49:00 INFO: 2 [term: 1] received a MsgVote message with higher term from 1 [term: 2]\n"}
{"Time":"2026-09-29T15:49:00.574037945+08:00","Action":"output","Package":"go.etcd.io/raft/v3","Test":"TestAssuranceRemovedLeaderReadExplore/true","Output":"raft2026/09/29 15:49:00 INFO: 2 became follower at term 2\n"}
{"Time":"2026-09-29T15:49:00.574082451+08:00","Action":"output","Package":"go.etcd.io/raft/v3","Test":"TestAssuranceRemovedLeaderReadExplore/true","Output":"raft2026/09/29 15:49:00 INFO: 2 [logterm: 1, index: 1, vote: 0] cast MsgVote for 1 [logterm: 1, index: 1] at term 2\n"}
{"Time":"2026-09-29T15:49:00.574093583+08:00","Action":"output","Package":"go.etcd.io/raft/v3","Test":"TestAssuranceRemovedLeaderReadExplore/true","Output":"raft2026/09/29 15:49:00 INFO: 1 received MsgVoteResp from 1 at term 2\n"}
{"Time":"2026-09-29T15:49:00.57410343+08:00","Action":"output","Package":"go.etcd.io/raft/v3","Test":"TestAssuranceRemovedLeaderReadExplore/true","Output":"raft2026/09/29 15:49:00 INFO: 1 has received 1 MsgVoteResp votes and 0 vote rejections\n"}
{"Time":"2026-09-29T15:49:00.574112072+08:00","Action":"output","Package":"go.etcd.io/raft/v3","Test":"TestAssuranceRemovedLeaderReadExplore/true","Output":"raft2026/09/29 15:49:00 INFO: 1 received MsgVoteResp from 2 at term 2\n"}
{"Time":"2026-09-29T15:49:00.574127541+08:00","Action":"output","Package":"go.etcd.io/raft/v3","Test":"TestAssuranceRemovedLeaderReadExplore/true","Output":"raft2026/09/29 15:49:00 INFO: 1 has received 2 MsgVoteResp votes and 0 vote rejections\n"}
{"Time":"2026-09-29T15:49:00.574137026+08:00","Action":"output","Package":"go.etcd.io/raft/v3","Test":"TestAssuranceRemovedLeaderReadExplore/true","Output":"raft2026/09/29 15:49:00 INFO: 1 became leader at term 2\n"}
{"Time":"2026-09-29T15:49:00.574146379+08:00","Action":"output","Package":"go.etcd.io/raft/v3","Test":"TestAssuranceRemovedLeaderReadExplore/true","Output":"CA_EVENT {\"app_index\":2,\"commit\":2,\"entry_index\":2,\"entry_type\":\"EntryNormal\",\"event\":\"applied\",\"leader\":1,\"node\":1,\"role\":\"StateLeader\",\"step_down\":true,\"term\":2,\"value\":\"\",\"voters\":[1,2]}\n"}
{"Time":"2026-09-29T15:49:00.574160048+08:00","Action":"output","Package":"go.etcd.io/raft/v3","Test":"TestAssuranceRemovedLeaderReadExplore/true","Output":"CA_EVENT {\"app_index\":2,\"commit\":2,\"entry_index\":2,\"entry_type\":\"EntryNormal\",\"event\":\"applied\",\"leader\":1,\"node\":2,\"role\":\"StateFollower\",\"step_down\":true,\"term\":2,\"value\":\"\",\"voters\":[1,2]}\n"}
{"Time":"2026-09-29T15:49:00.574171082+08:00","Action":"output","Package":"go.etcd.io/raft/v3","Test":"TestAssuranceRemovedLeaderReadExplore/true","Output":"CA_EVENT {\"app_index\":3,\"commit\":3,\"entry_index\":3,\"entry_type\":\"EntryNormal\",\"event\":\"applied\",\"leader\":1,\"node\":1,\"role\":\"StateLeader\",\"step_down\":true,\"term\":2,\"value\":\"old\",\"voters\":[1,2]}\n"}
{"Time":"2026-09-29T15:49:00.574208801+08:00","Action":"output","Package":"go.etcd.io/raft/v3","Test":"TestAssuranceRemovedLeaderReadExplore/true","Output":"CA_EVENT {\"app_index\":3,\"commit\":3,\"entry_index\":3,\"entry_type\":\"EntryNormal\",\"event\":\"applied\",\"leader\":1,\"node\":2,\"role\":\"StateFollower\",\"step_down\":true,\"term\":2,\"value\":\"old\",\"voters\":[1,2]}\n"}
{"Time":"2026-09-29T15:49:00.574217019+08:00","Action":"output","Package":"go.etcd.io/raft/v3","Test":"TestAssuranceRemovedLeaderReadExplore/true","Output":"raft2026/09/29 15:49:00 INFO: 1 switched to configuration voters=(2)\n"}
{"Time":"2026-09-29T15:49:00.574223698+08:00","Action":"output","Package":"go.etcd.io/raft/v3","Test":"TestAssuranceRemovedLeaderReadExplore/true","Output":"raft2026/09/29 15:49:00 INFO: 1 became follower at term 2\n"}
{"Time":"2026-09-29T15:49:00.574230663+08:00","Action":"output","Package":"go.etcd.io/raft/v3","Test":"TestAssuranceRemovedLeaderReadExplore/true","Output":"CA_EVENT {\"app_index\":4,\"commit\":4,\"entry_index\":4,\"entry_type\":\"EntryConfChange\",\"event\":\"applied\",\"leader\":0,\"node\":1,\"role\":\"StateFollower\",\"step_down\":true,\"term\":2,\"value\":\"old\",\"voters\":[2]}\n"}
{"Time":"2026-09-29T15:49:00.574238933+08:00","Action":"output","Package":"go.etcd.io/raft/v3","Test":"TestAssuranceRemovedLeaderReadExplore/true","Output":"raft2026/09/29 15:49:00 INFO: 2 switched to configuration voters=(2)\n"}
{"Time":"2026-09-29T15:49:00.57424595+08:00","Action":"output","Package":"go.etcd.io/raft/v3","Test":"TestAssuranceRemovedLeaderReadExplore/true","Output":"CA_EVENT {\"app_index\":4,\"commit\":4,\"entry_index\":4,\"entry_type\":\"EntryConfChange\",\"event\":\"applied\",\"leader\":1,\"node\":2,\"role\":\"StateFollower\",\"step_down\":true,\"term\":2,\"value\":\"old\",\"voters\":[2]}\n"}
{"Time":"2026-09-29T15:49:00.574253997+08:00","Action":"output","Package":"go.etcd.io/raft/v3","Test":"TestAssuranceRemovedLeaderReadExplore/true","Output":"CA_EVENT {\"app_index\":4,\"commit\":4,\"event\":\"after_removal\",\"leader\":0,\"node\":1,\"role\":\"StateFollower\",\"step_down\":true,\"term\":2,\"value\":\"old\",\"voters\":[2]}\n"}
{"Time":"2026-09-29T15:49:00.574322472+08:00","Action":"output","Package":"go.etcd.io/raft/v3","Test":"TestAssuranceRemovedLeaderReadExplore/true","Output":"CA_EVENT {\"app_index\":4,\"commit\":4,\"event\":\"after_removal\",\"leader\":1,\"node\":2,\"role\":\"StateFollower\",\"step_down\":true,\"term\":2,\"value\":\"old\",\"voters\":[2]}\n"}
{"Time":"2026-09-29T15:49:00.574334343+08:00","Action":"output","Package":"go.etcd.io/raft/v3","Test":"TestAssuranceRemovedLeaderReadExplore/true","Output":"raft2026/09/29 15:49:00 INFO: 2 is starting a new election at term 2\n"}
{"Time":"2026-09-29T15:49:00.574342168+08:00","Action":"output","Package":"go.etcd.io/raft/v3","Test":"TestAssuranceRemovedLeaderReadExplore/true","Output":"raft2026/09/29 15:49:00 INFO: 2 became candidate at term 3\n"}
{"Time":"2026-09-29T15:49:00.574349734+08:00","Action":"output","Package":"go.etcd.io/raft/v3","Test":"TestAssuranceRemovedLeaderReadExplore/true","Output":"raft2026/09/29 15:49:00 INFO: 2 received MsgVoteResp from 2 at term 3\n"}
{"Time":"2026-09-29T15:49:00.574356345+08:00","Action":"output","Package":"go.etcd.io/raft/v3","Test":"TestAssuranceRemovedLeaderReadExplore/true","Output":"raft2026/09/29 15:49:00 INFO: 2 has received 1 MsgVoteResp votes and 0 vote rejections\n"}
{"Time":"2026-09-29T15:49:00.574366054+08:00","Action":"output","Package":"go.etcd.io/raft/v3","Test":"TestAssuranceRemovedLeaderReadExplore/true","Output":"raft2026/09/29 15:49:00 INFO: 2 became leader at term 3\n"}
{"Time":"2026-09-29T15:49:00.57437396+08:00","Action":"output","Package":"go.etcd.io/raft/v3","Test":"TestAssuranceRemovedLeaderReadExplore/true","Output":"CA_EVENT {\"app_index\":5,\"commit\":5,\"entry_index\":5,\"entry_type\":\"EntryNormal\",\"event\":\"applied\",\"leader\":2,\"node\":2,\"role\":\"StateLeader\",\"step_down\":true,\"term\":3,\"value\":\"old\",\"voters\":[2]}\n"}
{"Time":"2026-09-29T15:49:00.574382412+08:00","Action":"output","Package":"go.etcd.io/raft/v3","Test":"TestAssuranceRemovedLeaderReadExplore/true","Output":"raft2026/09/29 15:49:00 INFO: entry at index 5 missing from unstable log; ignoring\n"}
{"Time":"2026-09-29T15:49:00.574389632+08:00","Action":"output","Package":"go.etcd.io/raft/v3","Test":"TestAssuranceRemovedLeaderReadExplore/true","Output":"CA_EVENT {\"app_index\":6,\"commit\":6,\"entry_index\":6,\"entry_type\":\"EntryNormal\",\"event\":\"applied\",\"leader\":2,\"node\":2,\"role\":\"StateLeader\",\"step_down\":true,\"term\":3,\"value\":\"new\",\"voters\":[2]}\n"}
{"Time":"2026-09-29T15:49:00.574397676+08:00","Action":"output","Package":"go.etcd.io/raft/v3","Test":"TestAssuranceRemovedLeaderReadExplore/true","Output":"raft2026/09/29 15:49:00 INFO: entry at index 6 missing from unstable log; ignoring\n"}
{"Time":"2026-09-29T15:49:00.574404642+08:00","Action":"output","Package":"go.etcd.io/raft/v3","Test":"TestAssuranceRemovedLeaderReadExplore/true","Output":"CA_EVENT {\"app_index\":6,\"commit\":6,\"event\":\"write_complete\",\"leader\":2,\"node\":2,\"role\":\"StateLeader\",\"step_down\":true,\"term\":3,\"value\":\"new\",\"voters\":[2]}\n"}
{"Time":"2026-09-29T15:49:00.574413422+08:00","Action":"output","Package":"go.etcd.io/raft/v3","Test":"TestAssuranceRemovedLeaderReadExplore/true","Output":"CA_EVENT {\"app_index\":4,\"commit\":4,\"context\":\"after-new-write\",\"event\":\"read_invoked\",\"leader\":0,\"new_write_index\":6,\"node\":1,\"role\":\"StateFollower\",\"step_down\":true,\"term\":2,\"value\":\"old\",\"voters\":[2]}\n"}
{"Time":"2026-09-29T15:49:00.574447266+08:00","Action":"output","Package":"go.etcd.io/raft/v3","Test":"TestAssuranceRemovedLeaderReadExplore/true","Output":"raft2026/09/29 15:49:00 INFO: 1 no leader at term 2; dropping index reading msg\n"}
{"Time":"2026-09-29T15:49:00.574458925+08:00","Action":"output","Package":"go.etcd.io/raft/v3","Test":"TestAssuranceRemovedLeaderReadExplore/true","Output":"CA_EVENT {\"app_index\":4,\"commit\":4,\"event\":\"finished\",\"leader\":0,\"new_write_index\":6,\"node\":1,\"read_states\":0,\"role\":\"StateFollower\",\"step_down\":true,\"term\":2,\"value\":\"old\",\"voters\":[2]}\n"}
{"Time":"2026-09-29T15:49:00.574476186+08:00","Action":"output","Package":"go.etcd.io/raft/v3","Test":"TestAssuranceRemovedLeaderReadExplore/true","Output":"--- PASS: TestAssuranceRemovedLeaderReadExplore/true (0.00s)\n"}
{"Time":"2026-09-29T15:49:00.574484658+08:00","Action":"pass","Package":"go.etcd.io/raft/v3","Test":"TestAssuranceRemovedLeaderReadExplore/true","Elapsed":0}
{"Time":"2026-09-29T15:49:00.574497313+08:00","Action":"output","Package":"go.etcd.io/raft/v3","Test":"TestAssuranceRemovedLeaderReadExplore","Output":"--- PASS: TestAssuranceRemovedLeaderReadExplore (0.00s)\n"}
{"Time":"2026-09-29T15:49:00.574505723+08:00","Action":"pass","Package":"go.etcd.io/raft/v3","Test":"TestAssuranceRemovedLeaderReadExplore","Elapsed":0}
{"Time":"2026-09-29T15:49:00.574514157+08:00","Action":"output","Package":"go.etcd.io/raft/v3","Output":"PASS\n"}
{"Time":"2026-09-29T15:49:00.57660701+08:00","Action":"output","Package":"go.etcd.io/raft/v3","Output":"ok  \tgo.etcd.io/raft/v3\t0.031s\n"}
{"Time":"2026-09-29T15:49:00.576636571+08:00","Action":"pass","Package":"go.etcd.io/raft/v3","Elapsed":0.031}
