{
  "reading_purpose": "dependency",
  "encoding_revision": null,
  "plan": null,
  "gap": "The new material supplies the Raft declaration header and AppendEntries request/response types. It still does not supply Raft.config, the constructor's initialization of conf, or Raft.setLastContact. Reattaching raft.go:2100:2241 did not resolve those requested helpers. Previously inspected fixture dependencies are also omitted from this packet. An executable harness cannot yet be grounded without assuming internal initialization requirements.",
  "partial_design": "Continue O_append_predecessor_retention with BIND_append_predecessor_retention and BIND_last_entry_retention. Build a package raft TestAssurance test using actual InmemStore entries (1,1) and (2,2), matching cached metadata, term 3, and zero commitment and snapshot boundaries. A fault wrapper delegates and records actual successful suffix deletion, then returns an explicit StoreLogs error without writing. Invoke actual appendEntries synchronously with predecessor (1,1) and replacement LogNoop (2,3), and capture its deferred response. After that invocation completes, inspect storage and cache, then invoke the same receiver with term 3, predecessor (2,2), no entries, and no commitment advancement. Capture the second response and independently inspect the requested predecessor through GetLog and current snapshot metadata. Emit actual initialization, deletion, injected-error, completion, input, and result events. Correlate them by independent fixture and operation identifiers, with explicit causal prerequisite references. The assertion requires Success=false only when independent observations establish an absent predecessor with no snapshot representation; Success must not filter applicability. Include a separate retained-predecessor control, recording its response without requiring success under this safety obligation. Synchronous calls and buffered response capture provide receiver-local sequencing; they do not establish actor dispatch or sender reachability. Disclose the injected storage fault, fixture initialization, direct handler invocation, and any address-codec substitute. Preserve the existing production-adapter, legal-sender-history, dispatch, remote-interpretation, and broader-consequence limitations. The requested dependencies support fixture assembly and do not add a producer or filter to the selected scope.",
  "requests": [
    {
      "file": "api.go",
      "start_line": 81,
      "end_line": 250,
      "reason": "Reattach the previously acquired Raft fields needed for fixture initialization. Also perform focused symbol lookup for Raft.config, the constructor statement initializing conf, and Raft.setLastContact; acquire their verified implementation ranges and any directly required initialization helpers. These symbols are lookup requests, not assertions that they occur within this range. The previous terminal raft.go reattachment did not supply them."
    },
    {
      "file": "raft.go",
      "start_line": 1,
      "end_line": 240,
      "reason": "Reattach the previously acquired getRPCHeader and setLeader implementations to ground the handler's header, leader, configuration, and observation dependencies when constructing the receiver fixture."
    },
    {
      "file": "transport.go",
      "start_line": 1,
      "end_line": 80,
      "reason": "Reattach the previously acquired RPC, RPCResponse, Respond, and transport declarations needed to ground buffered response capture and any disclosed address-codec substitute. If a required declaration extends outside this range, use focused lookup and return its verified complete range."
    },
    {
      "file": "log.go",
      "start_line": 1,
      "end_line": 111,
      "reason": "Reattach the previously acquired Log, LogNoop, and relevant error declarations so concrete fixture entries and independent missing-log classification use inspected target APIs."
    }
  ],
  "fallback": "none"
}
