{"Time":"2026-10-03T16:36:44.975000227+08:00","Action":"start","Package":"go.etcd.io/raft/v3"}
{"Time":"2026-10-03T16:36:44.997170542+08:00","Action":"run","Package":"go.etcd.io/raft/v3","Test":"TestAssuranceStatusConfigurationCopy"}
{"Time":"2026-10-03T16:36:44.997241865+08:00","Action":"output","Package":"go.etcd.io/raft/v3","Test":"TestAssuranceStatusConfigurationCopy","Output":"=== RUN   TestAssuranceStatusConfigurationCopy\n"}
{"Time":"2026-10-03T16:36:44.997418195+08:00","Action":"run","Package":"go.etcd.io/raft/v3","Test":"TestAssuranceStatusConfigurationCopy/ConfChangeTransitionJointImplicit"}
{"Time":"2026-10-03T16:36:44.997651219+08:00","Action":"output","Package":"go.etcd.io/raft/v3","Test":"TestAssuranceStatusConfigurationCopy/ConfChangeTransitionJointImplicit","Output":"=== RUN   TestAssuranceStatusConfigurationCopy/ConfChangeTransitionJointImplicit\n"}
{"Time":"2026-10-03T16:36:44.997690429+08:00","Action":"output","Package":"go.etcd.io/raft/v3","Test":"TestAssuranceStatusConfigurationCopy/ConfChangeTransitionJointImplicit","Output":"raft2026/10/03 16:36:44 INFO: 1 switched to configuration voters=()\n"}
{"Time":"2026-10-03T16:36:44.99770479+08:00","Action":"output","Package":"go.etcd.io/raft/v3","Test":"TestAssuranceStatusConfigurationCopy/ConfChangeTransitionJointImplicit","Output":"raft2026/10/03 16:36:44 INFO: 1 became follower at term 0\n"}
{"Time":"2026-10-03T16:36:44.997715389+08:00","Action":"output","Package":"go.etcd.io/raft/v3","Test":"TestAssuranceStatusConfigurationCopy/ConfChangeTransitionJointImplicit","Output":"raft2026/10/03 16:36:44 INFO: newRaft 1 [peers: [], term: 0, commit: 0, applied: 0, lastindex: 0, lastterm: 0]\n"}
{"Time":"2026-10-03T16:36:44.997727542+08:00","Action":"output","Package":"go.etcd.io/raft/v3","Test":"TestAssuranceStatusConfigurationCopy/ConfChangeTransitionJointImplicit","Output":"raft2026/10/03 16:36:44 INFO: 1 became follower at term 1\n"}
{"Time":"2026-10-03T16:36:44.997735442+08:00","Action":"output","Package":"go.etcd.io/raft/v3","Test":"TestAssuranceStatusConfigurationCopy/ConfChangeTransitionJointImplicit","Output":"raft2026/10/03 16:36:44 INFO: 1 switched to configuration voters=(1)\n"}
{"Time":"2026-10-03T16:36:44.997743053+08:00","Action":"output","Package":"go.etcd.io/raft/v3","Test":"TestAssuranceStatusConfigurationCopy/ConfChangeTransitionJointImplicit","Output":"raft2026/10/03 16:36:44 INFO: 1 switched to configuration voters=(1 2)\n"}
{"Time":"2026-10-03T16:36:44.997751463+08:00","Action":"output","Package":"go.etcd.io/raft/v3","Test":"TestAssuranceStatusConfigurationCopy/ConfChangeTransitionJointImplicit","Output":"raft2026/10/03 16:36:44 INFO: 1 switched to configuration voters=(1 2 3)\n"}
{"Time":"2026-10-03T16:36:44.997759391+08:00","Action":"output","Package":"go.etcd.io/raft/v3","Test":"TestAssuranceStatusConfigurationCopy/ConfChangeTransitionJointImplicit","Output":"raft2026/10/03 16:36:44 INFO: 2 switched to configuration voters=()\n"}
{"Time":"2026-10-03T16:36:44.997776211+08:00","Action":"output","Package":"go.etcd.io/raft/v3","Test":"TestAssuranceStatusConfigurationCopy/ConfChangeTransitionJointImplicit","Output":"raft2026/10/03 16:36:44 INFO: 2 became follower at term 0\n"}
{"Time":"2026-10-03T16:36:44.997785326+08:00","Action":"output","Package":"go.etcd.io/raft/v3","Test":"TestAssuranceStatusConfigurationCopy/ConfChangeTransitionJointImplicit","Output":"raft2026/10/03 16:36:44 INFO: newRaft 2 [peers: [], term: 0, commit: 0, applied: 0, lastindex: 0, lastterm: 0]\n"}
{"Time":"2026-10-03T16:36:44.997793123+08:00","Action":"output","Package":"go.etcd.io/raft/v3","Test":"TestAssuranceStatusConfigurationCopy/ConfChangeTransitionJointImplicit","Output":"raft2026/10/03 16:36:44 INFO: 2 became follower at term 1\n"}
{"Time":"2026-10-03T16:36:44.997801383+08:00","Action":"output","Package":"go.etcd.io/raft/v3","Test":"TestAssuranceStatusConfigurationCopy/ConfChangeTransitionJointImplicit","Output":"raft2026/10/03 16:36:44 INFO: 2 switched to configuration voters=(1)\n"}
{"Time":"2026-10-03T16:36:44.997809952+08:00","Action":"output","Package":"go.etcd.io/raft/v3","Test":"TestAssuranceStatusConfigurationCopy/ConfChangeTransitionJointImplicit","Output":"raft2026/10/03 16:36:44 INFO: 2 switched to configuration voters=(1 2)\n"}
{"Time":"2026-10-03T16:36:44.997818473+08:00","Action":"output","Package":"go.etcd.io/raft/v3","Test":"TestAssuranceStatusConfigurationCopy/ConfChangeTransitionJointImplicit","Output":"raft2026/10/03 16:36:44 INFO: 2 switched to configuration voters=(1 2 3)\n"}
{"Time":"2026-10-03T16:36:44.997826432+08:00","Action":"output","Package":"go.etcd.io/raft/v3","Test":"TestAssuranceStatusConfigurationCopy/ConfChangeTransitionJointImplicit","Output":"raft2026/10/03 16:36:44 INFO: 3 switched to configuration voters=()\n"}
{"Time":"2026-10-03T16:36:44.997849606+08:00","Action":"output","Package":"go.etcd.io/raft/v3","Test":"TestAssuranceStatusConfigurationCopy/ConfChangeTransitionJointImplicit","Output":"raft2026/10/03 16:36:44 INFO: 3 became follower at term 0\n"}
{"Time":"2026-10-03T16:36:44.997859017+08:00","Action":"output","Package":"go.etcd.io/raft/v3","Test":"TestAssuranceStatusConfigurationCopy/ConfChangeTransitionJointImplicit","Output":"raft2026/10/03 16:36:44 INFO: newRaft 3 [peers: [], term: 0, commit: 0, applied: 0, lastindex: 0, lastterm: 0]\n"}
{"Time":"2026-10-03T16:36:44.997867522+08:00","Action":"output","Package":"go.etcd.io/raft/v3","Test":"TestAssuranceStatusConfigurationCopy/ConfChangeTransitionJointImplicit","Output":"raft2026/10/03 16:36:44 INFO: 3 became follower at term 1\n"}
{"Time":"2026-10-03T16:36:44.997875794+08:00","Action":"output","Package":"go.etcd.io/raft/v3","Test":"TestAssuranceStatusConfigurationCopy/ConfChangeTransitionJointImplicit","Output":"raft2026/10/03 16:36:44 INFO: 3 switched to configuration voters=(1)\n"}
{"Time":"2026-10-03T16:36:44.998737749+08:00","Action":"output","Package":"go.etcd.io/raft/v3","Test":"TestAssuranceStatusConfigurationCopy/ConfChangeTransitionJointImplicit","Output":"raft2026/10/03 16:36:44 INFO: 3 switched to configuration voters=(1 2)\n"}
{"Time":"2026-10-03T16:36:44.998806984+08:00","Action":"output","Package":"go.etcd.io/raft/v3","Test":"TestAssuranceStatusConfigurationCopy/ConfChangeTransitionJointImplicit","Output":"raft2026/10/03 16:36:44 INFO: 3 switched to configuration voters=(1 2 3)\n"}
{"Time":"2026-10-03T16:36:44.998822523+08:00","Action":"output","Package":"go.etcd.io/raft/v3","Test":"TestAssuranceStatusConfigurationCopy/ConfChangeTransitionJointImplicit","Output":"raft2026/10/03 16:36:44 INFO: 1 switched to configuration voters=(1 2 3)\n"}
{"Time":"2026-10-03T16:36:44.998833181+08:00","Action":"output","Package":"go.etcd.io/raft/v3","Test":"TestAssuranceStatusConfigurationCopy/ConfChangeTransitionJointImplicit","Output":"raft2026/10/03 16:36:44 INFO: 1 switched to configuration voters=(1 2 3)\n"}
{"Time":"2026-10-03T16:36:44.998842716+08:00","Action":"output","Package":"go.etcd.io/raft/v3","Test":"TestAssuranceStatusConfigurationCopy/ConfChangeTransitionJointImplicit","Output":"raft2026/10/03 16:36:44 INFO: 1 switched to configuration voters=(1 2 3)\n"}
{"Time":"2026-10-03T16:36:44.998854218+08:00","Action":"output","Package":"go.etcd.io/raft/v3","Test":"TestAssuranceStatusConfigurationCopy/ConfChangeTransitionJointImplicit","Output":"raft2026/10/03 16:36:44 INFO: 2 switched to configuration voters=(1 2 3)\n"}
{"Time":"2026-10-03T16:36:44.998867965+08:00","Action":"output","Package":"go.etcd.io/raft/v3","Test":"TestAssuranceStatusConfigurationCopy/ConfChangeTransitionJointImplicit","Output":"raft2026/10/03 16:36:44 INFO: 2 switched to configuration voters=(1 2 3)\n"}
{"Time":"2026-10-03T16:36:44.99887961+08:00","Action":"output","Package":"go.etcd.io/raft/v3","Test":"TestAssuranceStatusConfigurationCopy/ConfChangeTransitionJointImplicit","Output":"raft2026/10/03 16:36:44 INFO: 2 switched to configuration voters=(1 2 3)\n"}
{"Time":"2026-10-03T16:36:44.998891889+08:00","Action":"output","Package":"go.etcd.io/raft/v3","Test":"TestAssuranceStatusConfigurationCopy/ConfChangeTransitionJointImplicit","Output":"raft2026/10/03 16:36:44 INFO: 3 switched to configuration voters=(1 2 3)\n"}
{"Time":"2026-10-03T16:36:44.998903647+08:00","Action":"output","Package":"go.etcd.io/raft/v3","Test":"TestAssuranceStatusConfigurationCopy/ConfChangeTransitionJointImplicit","Output":"raft2026/10/03 16:36:44 INFO: 3 switched to configuration voters=(1 2 3)\n"}
{"Time":"2026-10-03T16:36:44.998915249+08:00","Action":"output","Package":"go.etcd.io/raft/v3","Test":"TestAssuranceStatusConfigurationCopy/ConfChangeTransitionJointImplicit","Output":"raft2026/10/03 16:36:44 INFO: 3 switched to configuration voters=(1 2 3)\n"}
{"Time":"2026-10-03T16:36:44.998926119+08:00","Action":"output","Package":"go.etcd.io/raft/v3","Test":"TestAssuranceStatusConfigurationCopy/ConfChangeTransitionJointImplicit","Output":"raft2026/10/03 16:36:44 INFO: 1 is starting a new election at term 1\n"}
{"Time":"2026-10-03T16:36:44.998937341+08:00","Action":"output","Package":"go.etcd.io/raft/v3","Test":"TestAssuranceStatusConfigurationCopy/ConfChangeTransitionJointImplicit","Output":"raft2026/10/03 16:36:44 INFO: 1 became candidate at term 2\n"}
{"Time":"2026-10-03T16:36:44.998950173+08:00","Action":"output","Package":"go.etcd.io/raft/v3","Test":"TestAssuranceStatusConfigurationCopy/ConfChangeTransitionJointImplicit","Output":"raft2026/10/03 16:36:44 INFO: 1 [logterm: 1, index: 3] sent MsgVote request to 2 at term 2\n"}
{"Time":"2026-10-03T16:36:44.998982124+08:00","Action":"output","Package":"go.etcd.io/raft/v3","Test":"TestAssuranceStatusConfigurationCopy/ConfChangeTransitionJointImplicit","Output":"raft2026/10/03 16:36:44 INFO: 1 [logterm: 1, index: 3] sent MsgVote request to 3 at term 2\n"}
{"Time":"2026-10-03T16:36:44.998995614+08:00","Action":"output","Package":"go.etcd.io/raft/v3","Test":"TestAssuranceStatusConfigurationCopy/ConfChangeTransitionJointImplicit","Output":"raft2026/10/03 16:36:44 INFO: 1 received MsgVoteResp from 1 at term 2\n"}
{"Time":"2026-10-03T16:36:44.999017664+08:00","Action":"output","Package":"go.etcd.io/raft/v3","Test":"TestAssuranceStatusConfigurationCopy/ConfChangeTransitionJointImplicit","Output":"raft2026/10/03 16:36:44 INFO: 1 has received 1 MsgVoteResp votes and 0 vote rejections\n"}
{"Time":"2026-10-03T16:36:44.999027595+08:00","Action":"output","Package":"go.etcd.io/raft/v3","Test":"TestAssuranceStatusConfigurationCopy/ConfChangeTransitionJointImplicit","Output":"raft2026/10/03 16:36:44 INFO: 2 [term: 1] received a MsgVote message with higher term from 1 [term: 2]\n"}
{"Time":"2026-10-03T16:36:44.999037908+08:00","Action":"output","Package":"go.etcd.io/raft/v3","Test":"TestAssuranceStatusConfigurationCopy/ConfChangeTransitionJointImplicit","Output":"raft2026/10/03 16:36:44 INFO: 2 became follower at term 2\n"}
{"Time":"2026-10-03T16:36:44.999048404+08:00","Action":"output","Package":"go.etcd.io/raft/v3","Test":"TestAssuranceStatusConfigurationCopy/ConfChangeTransitionJointImplicit","Output":"raft2026/10/03 16:36:44 INFO: 2 [logterm: 1, index: 3, vote: 0] cast MsgVote for 1 [logterm: 1, index: 3] at term 2\n"}
{"Time":"2026-10-03T16:36:44.999057614+08:00","Action":"output","Package":"go.etcd.io/raft/v3","Test":"TestAssuranceStatusConfigurationCopy/ConfChangeTransitionJointImplicit","Output":"raft2026/10/03 16:36:44 INFO: 3 [term: 1] received a MsgVote message with higher term from 1 [term: 2]\n"}
{"Time":"2026-10-03T16:36:44.999070211+08:00","Action":"output","Package":"go.etcd.io/raft/v3","Test":"TestAssuranceStatusConfigurationCopy/ConfChangeTransitionJointImplicit","Output":"raft2026/10/03 16:36:44 INFO: 3 became follower at term 2\n"}
{"Time":"2026-10-03T16:36:44.999080441+08:00","Action":"output","Package":"go.etcd.io/raft/v3","Test":"TestAssuranceStatusConfigurationCopy/ConfChangeTransitionJointImplicit","Output":"raft2026/10/03 16:36:44 INFO: 3 [logterm: 1, index: 3, vote: 0] cast MsgVote for 1 [logterm: 1, index: 3] at term 2\n"}
{"Time":"2026-10-03T16:36:44.999090958+08:00","Action":"output","Package":"go.etcd.io/raft/v3","Test":"TestAssuranceStatusConfigurationCopy/ConfChangeTransitionJointImplicit","Output":"raft2026/10/03 16:36:44 INFO: 1 received MsgVoteResp from 2 at term 2\n"}
{"Time":"2026-10-03T16:36:44.999100377+08:00","Action":"output","Package":"go.etcd.io/raft/v3","Test":"TestAssuranceStatusConfigurationCopy/ConfChangeTransitionJointImplicit","Output":"raft2026/10/03 16:36:44 INFO: 1 has received 2 MsgVoteResp votes and 0 vote rejections\n"}
{"Time":"2026-10-03T16:36:44.999109292+08:00","Action":"output","Package":"go.etcd.io/raft/v3","Test":"TestAssuranceStatusConfigurationCopy/ConfChangeTransitionJointImplicit","Output":"raft2026/10/03 16:36:44 INFO: 1 became leader at term 2\n"}
{"Time":"2026-10-03T16:36:44.999118668+08:00","Action":"output","Package":"go.etcd.io/raft/v3","Test":"TestAssuranceStatusConfigurationCopy/ConfChangeTransitionJointImplicit","Output":"raft2026/10/03 16:36:44 INFO: 1 switched to configuration voters=(1 2)\u0026\u0026(1 2 3) autoleave\n"}
{"Time":"2026-10-03T16:36:44.999131824+08:00","Action":"output","Package":"go.etcd.io/raft/v3","Test":"TestAssuranceStatusConfigurationCopy/ConfChangeTransitionJointImplicit","Output":"CA_EVENT {\"apply_return_auto_leave\":true,\"case\":\"ConfChangeTransitionJointImplicit\",\"commit\":5,\"entry_term\":2,\"event\":\"copy_admitted\",\"index\":5,\"joint\":true,\"mode\":\"ConfChangeTransitionJointImplicit\",\"node\":1,\"operation\":\"committed-remove-3\",\"source_auto_leave\":true}\n"}
{"Time":"2026-10-03T16:36:44.999163341+08:00","Action":"output","Package":"go.etcd.io/raft/v3","Test":"TestAssuranceStatusConfigurationCopy/ConfChangeTransitionJointImplicit","Output":"CA_EVENT {\"case\":\"ConfChangeTransitionJointImplicit\",\"copied_auto_leave\":false,\"direct_clone_auto_leave\":false,\"entry_term\":2,\"event\":\"copy_result\",\"index\":5,\"live_after\":true,\"node\":1,\"operation\":\"committed-remove-3\",\"outgoing\":[1,2,3],\"voters\":[1,2]}\n"}
{"Time":"2026-10-03T16:36:44.999183506+08:00","Action":"output","Package":"go.etcd.io/raft/v3","Test":"TestAssuranceStatusConfigurationCopy/ConfChangeTransitionJointImplicit","Output":"raft2026/10/03 16:36:44 INFO: initiating automatic transition out of joint configuration voters=(1 2)\u0026\u0026(1 2 3) autoleave\n"}
{"Time":"2026-10-03T16:36:44.999194366+08:00","Action":"output","Package":"go.etcd.io/raft/v3","Test":"TestAssuranceStatusConfigurationCopy/ConfChangeTransitionJointImplicit","Output":"raft2026/10/03 16:36:44 INFO: 2 switched to configuration voters=(1 2)\u0026\u0026(1 2 3) autoleave\n"}
{"Time":"2026-10-03T16:36:44.999205087+08:00","Action":"output","Package":"go.etcd.io/raft/v3","Test":"TestAssuranceStatusConfigurationCopy/ConfChangeTransitionJointImplicit","Output":"raft2026/10/03 16:36:44 INFO: 3 switched to configuration voters=(1 2)\u0026\u0026(1 2 3) autoleave\n"}
{"Time":"2026-10-03T16:36:44.999214758+08:00","Action":"output","Package":"go.etcd.io/raft/v3","Test":"TestAssuranceStatusConfigurationCopy/ConfChangeTransitionJointImplicit","Output":"raft2026/10/03 16:36:44 INFO: 1 switched to configuration voters=(1 2)\n"}
{"Time":"2026-10-03T16:36:44.999223778+08:00","Action":"output","Package":"go.etcd.io/raft/v3","Test":"TestAssuranceStatusConfigurationCopy/ConfChangeTransitionJointImplicit","Output":"raft2026/10/03 16:36:44 INFO: 2 switched to configuration voters=(1 2)\n"}
{"Time":"2026-10-03T16:36:44.999232536+08:00","Action":"output","Package":"go.etcd.io/raft/v3","Test":"TestAssuranceStatusConfigurationCopy/ConfChangeTransitionJointImplicit","Output":"raft2026/10/03 16:36:44 INFO: 3 switched to configuration voters=(1 2)\n"}
{"Time":"2026-10-03T16:36:44.999241314+08:00","Action":"output","Package":"go.etcd.io/raft/v3","Test":"TestAssuranceStatusConfigurationCopy/ConfChangeTransitionJointImplicit","Output":"CA_EVENT {\"case\":\"ConfChangeTransitionJointImplicit\",\"event\":\"removed_peer_reply\",\"from\":3,\"to\":1,\"type\":\"MsgAppResp\"}\n"}
{"Time":"2026-10-03T16:36:44.999269597+08:00","Action":"output","Package":"go.etcd.io/raft/v3","Test":"TestAssuranceStatusConfigurationCopy/ConfChangeTransitionJointImplicit","Output":"--- PASS: TestAssuranceStatusConfigurationCopy/ConfChangeTransitionJointImplicit (0.00s)\n"}
{"Time":"2026-10-03T16:36:44.999282284+08:00","Action":"pass","Package":"go.etcd.io/raft/v3","Test":"TestAssuranceStatusConfigurationCopy/ConfChangeTransitionJointImplicit","Elapsed":0}
{"Time":"2026-10-03T16:36:44.999298817+08:00","Action":"run","Package":"go.etcd.io/raft/v3","Test":"TestAssuranceStatusConfigurationCopy/ConfChangeTransitionJointExplicit"}
{"Time":"2026-10-03T16:36:44.999309808+08:00","Action":"output","Package":"go.etcd.io/raft/v3","Test":"TestAssuranceStatusConfigurationCopy/ConfChangeTransitionJointExplicit","Output":"=== RUN   TestAssuranceStatusConfigurationCopy/ConfChangeTransitionJointExplicit\n"}
{"Time":"2026-10-03T16:36:44.999333466+08:00","Action":"output","Package":"go.etcd.io/raft/v3","Test":"TestAssuranceStatusConfigurationCopy/ConfChangeTransitionJointExplicit","Output":"raft2026/10/03 16:36:44 INFO: 1 switched to configuration voters=()\n"}
{"Time":"2026-10-03T16:36:44.99937962+08:00","Action":"output","Package":"go.etcd.io/raft/v3","Test":"TestAssuranceStatusConfigurationCopy/ConfChangeTransitionJointExplicit","Output":"raft2026/10/03 16:36:44 INFO: 1 became follower at term 0\n"}
{"Time":"2026-10-03T16:36:44.999389687+08:00","Action":"output","Package":"go.etcd.io/raft/v3","Test":"TestAssuranceStatusConfigurationCopy/ConfChangeTransitionJointExplicit","Output":"raft2026/10/03 16:36:44 INFO: newRaft 1 [peers: [], term: 0, commit: 0, applied: 0, lastindex: 0, lastterm: 0]\n"}
{"Time":"2026-10-03T16:36:44.999399193+08:00","Action":"output","Package":"go.etcd.io/raft/v3","Test":"TestAssuranceStatusConfigurationCopy/ConfChangeTransitionJointExplicit","Output":"raft2026/10/03 16:36:44 INFO: 1 became follower at term 1\n"}
{"Time":"2026-10-03T16:36:44.99940801+08:00","Action":"output","Package":"go.etcd.io/raft/v3","Test":"TestAssuranceStatusConfigurationCopy/ConfChangeTransitionJointExplicit","Output":"raft2026/10/03 16:36:44 INFO: 1 switched to configuration voters=(1)\n"}
{"Time":"2026-10-03T16:36:44.999417367+08:00","Action":"output","Package":"go.etcd.io/raft/v3","Test":"TestAssuranceStatusConfigurationCopy/ConfChangeTransitionJointExplicit","Output":"raft2026/10/03 16:36:44 INFO: 1 switched to configuration voters=(1 2)\n"}
{"Time":"2026-10-03T16:36:44.9994271+08:00","Action":"output","Package":"go.etcd.io/raft/v3","Test":"TestAssuranceStatusConfigurationCopy/ConfChangeTransitionJointExplicit","Output":"raft2026/10/03 16:36:44 INFO: 1 switched to configuration voters=(1 2 3)\n"}
{"Time":"2026-10-03T16:36:44.999436918+08:00","Action":"output","Package":"go.etcd.io/raft/v3","Test":"TestAssuranceStatusConfigurationCopy/ConfChangeTransitionJointExplicit","Output":"raft2026/10/03 16:36:44 INFO: 2 switched to configuration voters=()\n"}
{"Time":"2026-10-03T16:36:44.999446508+08:00","Action":"output","Package":"go.etcd.io/raft/v3","Test":"TestAssuranceStatusConfigurationCopy/ConfChangeTransitionJointExplicit","Output":"raft2026/10/03 16:36:44 INFO: 2 became follower at term 0\n"}
{"Time":"2026-10-03T16:36:44.999455675+08:00","Action":"output","Package":"go.etcd.io/raft/v3","Test":"TestAssuranceStatusConfigurationCopy/ConfChangeTransitionJointExplicit","Output":"raft2026/10/03 16:36:44 INFO: newRaft 2 [peers: [], term: 0, commit: 0, applied: 0, lastindex: 0, lastterm: 0]\n"}
{"Time":"2026-10-03T16:36:44.999465132+08:00","Action":"output","Package":"go.etcd.io/raft/v3","Test":"TestAssuranceStatusConfigurationCopy/ConfChangeTransitionJointExplicit","Output":"raft2026/10/03 16:36:44 INFO: 2 became follower at term 1\n"}
{"Time":"2026-10-03T16:36:44.999474668+08:00","Action":"output","Package":"go.etcd.io/raft/v3","Test":"TestAssuranceStatusConfigurationCopy/ConfChangeTransitionJointExplicit","Output":"raft2026/10/03 16:36:44 INFO: 2 switched to configuration voters=(1)\n"}
{"Time":"2026-10-03T16:36:44.999485941+08:00","Action":"output","Package":"go.etcd.io/raft/v3","Test":"TestAssuranceStatusConfigurationCopy/ConfChangeTransitionJointExplicit","Output":"raft2026/10/03 16:36:44 INFO: 2 switched to configuration voters=(1 2)\n"}
{"Time":"2026-10-03T16:36:44.999496027+08:00","Action":"output","Package":"go.etcd.io/raft/v3","Test":"TestAssuranceStatusConfigurationCopy/ConfChangeTransitionJointExplicit","Output":"raft2026/10/03 16:36:44 INFO: 2 switched to configuration voters=(1 2 3)\n"}
{"Time":"2026-10-03T16:36:44.999520148+08:00","Action":"output","Package":"go.etcd.io/raft/v3","Test":"TestAssuranceStatusConfigurationCopy/ConfChangeTransitionJointExplicit","Output":"raft2026/10/03 16:36:44 INFO: 3 switched to configuration voters=()\n"}
{"Time":"2026-10-03T16:36:44.999534932+08:00","Action":"output","Package":"go.etcd.io/raft/v3","Test":"TestAssuranceStatusConfigurationCopy/ConfChangeTransitionJointExplicit","Output":"raft2026/10/03 16:36:44 INFO: 3 became follower at term 0\n"}
{"Time":"2026-10-03T16:36:44.999545874+08:00","Action":"output","Package":"go.etcd.io/raft/v3","Test":"TestAssuranceStatusConfigurationCopy/ConfChangeTransitionJointExplicit","Output":"raft2026/10/03 16:36:44 INFO: newRaft 3 [peers: [], term: 0, commit: 0, applied: 0, lastindex: 0, lastterm: 0]\n"}
{"Time":"2026-10-03T16:36:44.999555541+08:00","Action":"output","Package":"go.etcd.io/raft/v3","Test":"TestAssuranceStatusConfigurationCopy/ConfChangeTransitionJointExplicit","Output":"raft2026/10/03 16:36:44 INFO: 3 became follower at term 1\n"}
{"Time":"2026-10-03T16:36:44.999565697+08:00","Action":"output","Package":"go.etcd.io/raft/v3","Test":"TestAssuranceStatusConfigurationCopy/ConfChangeTransitionJointExplicit","Output":"raft2026/10/03 16:36:44 INFO: 3 switched to configuration voters=(1)\n"}
{"Time":"2026-10-03T16:36:44.999580118+08:00","Action":"output","Package":"go.etcd.io/raft/v3","Test":"TestAssuranceStatusConfigurationCopy/ConfChangeTransitionJointExplicit","Output":"raft2026/10/03 16:36:44 INFO: 3 switched to configuration voters=(1 2)\n"}
{"Time":"2026-10-03T16:36:44.999590292+08:00","Action":"output","Package":"go.etcd.io/raft/v3","Test":"TestAssuranceStatusConfigurationCopy/ConfChangeTransitionJointExplicit","Output":"raft2026/10/03 16:36:44 INFO: 3 switched to configuration voters=(1 2 3)\n"}
{"Time":"2026-10-03T16:36:44.999599527+08:00","Action":"output","Package":"go.etcd.io/raft/v3","Test":"TestAssuranceStatusConfigurationCopy/ConfChangeTransitionJointExplicit","Output":"raft2026/10/03 16:36:44 INFO: 1 switched to configuration voters=(1 2 3)\n"}
{"Time":"2026-10-03T16:36:44.999609467+08:00","Action":"output","Package":"go.etcd.io/raft/v3","Test":"TestAssuranceStatusConfigurationCopy/ConfChangeTransitionJointExplicit","Output":"raft2026/10/03 16:36:44 INFO: 1 switched to configuration voters=(1 2 3)\n"}
{"Time":"2026-10-03T16:36:44.999633343+08:00","Action":"output","Package":"go.etcd.io/raft/v3","Test":"TestAssuranceStatusConfigurationCopy/ConfChangeTransitionJointExplicit","Output":"raft2026/10/03 16:36:44 INFO: 1 switched to configuration voters=(1 2 3)\n"}
{"Time":"2026-10-03T16:36:44.999646877+08:00","Action":"output","Package":"go.etcd.io/raft/v3","Test":"TestAssuranceStatusConfigurationCopy/ConfChangeTransitionJointExplicit","Output":"raft2026/10/03 16:36:44 INFO: 2 switched to configuration voters=(1 2 3)\n"}
{"Time":"2026-10-03T16:36:44.999657503+08:00","Action":"output","Package":"go.etcd.io/raft/v3","Test":"TestAssuranceStatusConfigurationCopy/ConfChangeTransitionJointExplicit","Output":"raft2026/10/03 16:36:44 INFO: 2 switched to configuration voters=(1 2 3)\n"}
{"Time":"2026-10-03T16:36:44.999666319+08:00","Action":"output","Package":"go.etcd.io/raft/v3","Test":"TestAssuranceStatusConfigurationCopy/ConfChangeTransitionJointExplicit","Output":"raft2026/10/03 16:36:44 INFO: 2 switched to configuration voters=(1 2 3)\n"}
{"Time":"2026-10-03T16:36:44.999675216+08:00","Action":"output","Package":"go.etcd.io/raft/v3","Test":"TestAssuranceStatusConfigurationCopy/ConfChangeTransitionJointExplicit","Output":"raft2026/10/03 16:36:44 INFO: 3 switched to configuration voters=(1 2 3)\n"}
{"Time":"2026-10-03T16:36:44.999687371+08:00","Action":"output","Package":"go.etcd.io/raft/v3","Test":"TestAssuranceStatusConfigurationCopy/ConfChangeTransitionJointExplicit","Output":"raft2026/10/03 16:36:44 INFO: 3 switched to configuration voters=(1 2 3)\n"}
{"Time":"2026-10-03T16:36:44.999697587+08:00","Action":"output","Package":"go.etcd.io/raft/v3","Test":"TestAssuranceStatusConfigurationCopy/ConfChangeTransitionJointExplicit","Output":"raft2026/10/03 16:36:44 INFO: 3 switched to configuration voters=(1 2 3)\n"}
{"Time":"2026-10-03T16:36:44.999706858+08:00","Action":"output","Package":"go.etcd.io/raft/v3","Test":"TestAssuranceStatusConfigurationCopy/ConfChangeTransitionJointExplicit","Output":"raft2026/10/03 16:36:44 INFO: 1 is starting a new election at term 1\n"}
{"Time":"2026-10-03T16:36:44.999715511+08:00","Action":"output","Package":"go.etcd.io/raft/v3","Test":"TestAssuranceStatusConfigurationCopy/ConfChangeTransitionJointExplicit","Output":"raft2026/10/03 16:36:44 INFO: 1 became candidate at term 2\n"}
{"Time":"2026-10-03T16:36:44.999724196+08:00","Action":"output","Package":"go.etcd.io/raft/v3","Test":"TestAssuranceStatusConfigurationCopy/ConfChangeTransitionJointExplicit","Output":"raft2026/10/03 16:36:44 INFO: 1 [logterm: 1, index: 3] sent MsgVote request to 2 at term 2\n"}
{"Time":"2026-10-03T16:36:44.999733102+08:00","Action":"output","Package":"go.etcd.io/raft/v3","Test":"TestAssuranceStatusConfigurationCopy/ConfChangeTransitionJointExplicit","Output":"raft2026/10/03 16:36:44 INFO: 1 [logterm: 1, index: 3] sent MsgVote request to 3 at term 2\n"}
{"Time":"2026-10-03T16:36:44.999741912+08:00","Action":"output","Package":"go.etcd.io/raft/v3","Test":"TestAssuranceStatusConfigurationCopy/ConfChangeTransitionJointExplicit","Output":"raft2026/10/03 16:36:44 INFO: 1 received MsgVoteResp from 1 at term 2\n"}
{"Time":"2026-10-03T16:36:44.999751322+08:00","Action":"output","Package":"go.etcd.io/raft/v3","Test":"TestAssuranceStatusConfigurationCopy/ConfChangeTransitionJointExplicit","Output":"raft2026/10/03 16:36:44 INFO: 1 has received 1 MsgVoteResp votes and 0 vote rejections\n"}
{"Time":"2026-10-03T16:36:44.999760477+08:00","Action":"output","Package":"go.etcd.io/raft/v3","Test":"TestAssuranceStatusConfigurationCopy/ConfChangeTransitionJointExplicit","Output":"raft2026/10/03 16:36:44 INFO: 2 [term: 1] received a MsgVote message with higher term from 1 [term: 2]\n"}
{"Time":"2026-10-03T16:36:44.999769911+08:00","Action":"output","Package":"go.etcd.io/raft/v3","Test":"TestAssuranceStatusConfigurationCopy/ConfChangeTransitionJointExplicit","Output":"raft2026/10/03 16:36:44 INFO: 2 became follower at term 2\n"}
{"Time":"2026-10-03T16:36:44.999778803+08:00","Action":"output","Package":"go.etcd.io/raft/v3","Test":"TestAssuranceStatusConfigurationCopy/ConfChangeTransitionJointExplicit","Output":"raft2026/10/03 16:36:44 INFO: 2 [logterm: 1, index: 3, vote: 0] cast MsgVote for 1 [logterm: 1, index: 3] at term 2\n"}
{"Time":"2026-10-03T16:36:44.999790449+08:00","Action":"output","Package":"go.etcd.io/raft/v3","Test":"TestAssuranceStatusConfigurationCopy/ConfChangeTransitionJointExplicit","Output":"raft2026/10/03 16:36:44 INFO: 3 [term: 1] received a MsgVote message with higher term from 1 [term: 2]\n"}
{"Time":"2026-10-03T16:36:44.999800453+08:00","Action":"output","Package":"go.etcd.io/raft/v3","Test":"TestAssuranceStatusConfigurationCopy/ConfChangeTransitionJointExplicit","Output":"raft2026/10/03 16:36:44 INFO: 3 became follower at term 2\n"}
{"Time":"2026-10-03T16:36:44.999812629+08:00","Action":"output","Package":"go.etcd.io/raft/v3","Test":"TestAssuranceStatusConfigurationCopy/ConfChangeTransitionJointExplicit","Output":"raft2026/10/03 16:36:44 INFO: 3 [logterm: 1, index: 3, vote: 0] cast MsgVote for 1 [logterm: 1, index: 3] at term 2\n"}
{"Time":"2026-10-03T16:36:44.999823315+08:00","Action":"output","Package":"go.etcd.io/raft/v3","Test":"TestAssuranceStatusConfigurationCopy/ConfChangeTransitionJointExplicit","Output":"raft2026/10/03 16:36:44 INFO: 1 received MsgVoteResp from 2 at term 2\n"}
{"Time":"2026-10-03T16:36:44.999833209+08:00","Action":"output","Package":"go.etcd.io/raft/v3","Test":"TestAssuranceStatusConfigurationCopy/ConfChangeTransitionJointExplicit","Output":"raft2026/10/03 16:36:44 INFO: 1 has received 2 MsgVoteResp votes and 0 vote rejections\n"}
{"Time":"2026-10-03T16:36:44.999842032+08:00","Action":"output","Package":"go.etcd.io/raft/v3","Test":"TestAssuranceStatusConfigurationCopy/ConfChangeTransitionJointExplicit","Output":"raft2026/10/03 16:36:44 INFO: 1 became leader at term 2\n"}
{"Time":"2026-10-03T16:36:44.99985152+08:00","Action":"output","Package":"go.etcd.io/raft/v3","Test":"TestAssuranceStatusConfigurationCopy/ConfChangeTransitionJointExplicit","Output":"raft2026/10/03 16:36:44 INFO: 1 switched to configuration voters=(1 2)\u0026\u0026(1 2 3)\n"}
{"Time":"2026-10-03T16:36:44.999862284+08:00","Action":"output","Package":"go.etcd.io/raft/v3","Test":"TestAssuranceStatusConfigurationCopy/ConfChangeTransitionJointExplicit","Output":"CA_EVENT {\"apply_return_auto_leave\":false,\"case\":\"ConfChangeTransitionJointExplicit\",\"commit\":5,\"entry_term\":2,\"event\":\"copy_admitted\",\"index\":5,\"joint\":true,\"mode\":\"ConfChangeTransitionJointExplicit\",\"node\":1,\"operation\":\"committed-remove-3\",\"source_auto_leave\":false}\n"}
{"Time":"2026-10-03T16:36:44.999876903+08:00","Action":"output","Package":"go.etcd.io/raft/v3","Test":"TestAssuranceStatusConfigurationCopy/ConfChangeTransitionJointExplicit","Output":"CA_EVENT {\"case\":\"ConfChangeTransitionJointExplicit\",\"copied_auto_leave\":false,\"direct_clone_auto_leave\":false,\"entry_term\":2,\"event\":\"copy_result\",\"index\":5,\"live_after\":false,\"node\":1,\"operation\":\"committed-remove-3\",\"outgoing\":[1,2,3],\"voters\":[1,2]}\n"}
{"Time":"2026-10-03T16:36:44.999890189+08:00","Action":"output","Package":"go.etcd.io/raft/v3","Test":"TestAssuranceStatusConfigurationCopy/ConfChangeTransitionJointExplicit","Output":"raft2026/10/03 16:36:44 INFO: 2 switched to configuration voters=(1 2)\u0026\u0026(1 2 3)\n"}
{"Time":"2026-10-03T16:36:44.999900533+08:00","Action":"output","Package":"go.etcd.io/raft/v3","Test":"TestAssuranceStatusConfigurationCopy/ConfChangeTransitionJointExplicit","Output":"raft2026/10/03 16:36:44 INFO: 3 switched to configuration voters=(1 2)\u0026\u0026(1 2 3)\n"}
{"Time":"2026-10-03T16:36:44.999980819+08:00","Action":"output","Package":"go.etcd.io/raft/v3","Test":"TestAssuranceStatusConfigurationCopy/ConfChangeTransitionJointExplicit","Output":"--- PASS: TestAssuranceStatusConfigurationCopy/ConfChangeTransitionJointExplicit (0.00s)\n"}
{"Time":"2026-10-03T16:36:45.000002005+08:00","Action":"pass","Package":"go.etcd.io/raft/v3","Test":"TestAssuranceStatusConfigurationCopy/ConfChangeTransitionJointExplicit","Elapsed":0}
{"Time":"2026-10-03T16:36:45.000022454+08:00","Action":"output","Package":"go.etcd.io/raft/v3","Test":"TestAssuranceStatusConfigurationCopy","Output":"--- PASS: TestAssuranceStatusConfigurationCopy (0.00s)\n"}
{"Time":"2026-10-03T16:36:45.000035892+08:00","Action":"pass","Package":"go.etcd.io/raft/v3","Test":"TestAssuranceStatusConfigurationCopy","Elapsed":0}
{"Time":"2026-10-03T16:36:45.000046886+08:00","Action":"output","Package":"go.etcd.io/raft/v3","Output":"PASS\n"}
{"Time":"2026-10-03T16:36:45.002501643+08:00","Action":"output","Package":"go.etcd.io/raft/v3","Output":"ok  \tgo.etcd.io/raft/v3\t0.027s\n"}
{"Time":"2026-10-03T16:36:45.002551015+08:00","Action":"pass","Package":"go.etcd.io/raft/v3","Elapsed":0.028}
