warning: profiles for the non root package will be ignored, specify profiles at the workspace root:
package:   /tmp/consensus-cargo/omnipaxos/Cargo.toml
workspace: /tmp/consensus-cargo/Cargo.toml
warning: profiles for the non root package will be ignored, specify profiles at the workspace root:
package:   /tmp/consensus-cargo/omnipaxos_storage/Cargo.toml
workspace: /tmp/consensus-cargo/Cargo.toml
   Compiling proc-macro2 v1.0.107
   Compiling quote v1.0.47
   Compiling unicode-ident v1.0.26
   Compiling pin-project-lite v0.2.17
   Compiling libc v0.2.190
   Compiling serde_core v1.0.229
   Compiling syn v3.0.6
   Compiling futures-core v0.3.34
   Compiling getrandom v0.4.3
   Compiling futures-sink v0.3.34
   Compiling cfg-if v1.0.5
   Compiling serde v1.0.229
   Compiling crossbeam-utils v0.8.23
   Compiling futures-channel v0.3.34
   Compiling futures-macro v0.3.34
   Compiling serde_derive v1.0.229
   Compiling syn v2.0.119
   Compiling parking v2.2.1
   Compiling memchr v2.8.3
   Compiling futures-io v0.3.34
   Compiling slab v0.4.12
   Compiling futures-task v0.3.34
   Compiling futures-util v0.3.34
   Compiling omnipaxos_macros v0.1.3 (/tmp/consensus-cargo/omnipaxos_macros)
   Compiling event-listener v5.4.2
   Compiling uuid v1.27.0
   Compiling concurrent-queue v2.5.0
   Compiling futures-executor v0.3.34
   Compiling omnipaxos v0.2.3 (/tmp/consensus-cargo/omnipaxos)
   Compiling event-listener-strategy v0.5.4
   Compiling async-channel v2.5.0
   Compiling futures v0.3.34
   Compiling tokio-macros v2.7.2
   Compiling futures-timer v3.0.4
   Compiling omnipaxos_runtime v0.1.0 (/tmp/consensus-cargo/omnipaxos_runtime)
   Compiling tokio v1.53.2
   Compiling omnipaxos_storage v0.2.2 (/tmp/consensus-cargo/omnipaxos_storage)
    Finished `test` profile [unoptimized + debuginfo] target(s) in 18.71s
