{
  "reading_purpose": "context",
  "plan": {
    "description": "Observe repeated Close and independent Open results after deliberately closing the sink's underlying file descriptor before its first Close. Preserve the disputed repeated-call contract interpretation.",
    "claim_id": "O_snapshot_close_publication",
    "scope": {
      "description": "Sequential calls on one successfully created and written FileSnapshotSink, with an injected pre-publication finalization failure followed by a second Close and Open of the same snapshot ID.",
      "assumptions": [
        "Closing the internal state-file descriptor is an experimental representation of a pre-publication resource failure.",
        "No concurrent writer, cancellation, external file deletion, replacement, or retention operation intervenes.",
        "Open encounters no separately injected fault.",
        "Interpreting repeated Close success as successful finalization remains subject to correspondence review."
      ],
      "excluded": [
        "Application Persist error suppression",
        "Metadata advancement and log reclamation through takeSnapshot",
        "Crash durability and restart recovery",
        "Failures after publication",
        "Overall consensus safety or loss of recoverable history"
      ],
      "parameters": [
        {
          "key": "snapshot_version",
          "value_json": "1"
        },
        {
          "key": "retain",
          "value_json": "1"
        },
        {
          "key": "fault",
          "value_json": "\"close internal state-file descriptor after successful Write\""
        }
      ]
    },
    "binding_ids": [
      "binding_snapshot_close",
      "binding_snapshot_id",
      "binding_snapshot_open"
    ],
    "harness": {
      "kind": "go_test",
      "source": "package raft\n\nimport (\n \"encoding/json\"\n \"fmt\"\n \"io\"\n \"os\"\n \"path/filepath\"\n \"testing\"\n)\n\n// Only peer encoding is used by this store-only experiment.\ntype assuranceSnapshotTransport struct { Transport }\nfunc (assuranceSnapshotTransport) EncodePeer(_ ServerID, address ServerAddress) []byte {\n return []byte(address)\n}\n\nfunc TestAssuranceSnapshotRepeatedClosePublication(t *testing.T) {\n emit := func(event map[string]interface{}) {\n  t.Helper()\n  b, err := json.Marshal(event)\n  if err != nil { t.Fatal(err) }\n  fmt.Println(\"CA_EVENT \" + string(b))\n }\n errorText := func(err error) string {\n  if err == nil { return \"\" }\n  return err.Error()\n }\n store, err := NewFileSnapshotStore(t.TempDir(), 1, io.Discard)\n if err != nil { t.Fatalf(\"create store: %v\", err) }\n configuration := Configuration{Servers: []Server{{Suffrage: Voter, ID: ServerID(\"node-1\"), Address: ServerAddress(\"local-1\")}} \n if err := checkConfiguration(configuration); err != nil { t.Fatal(err) }\n raw, err := store.Create(1, 10, 2, configuration, 1, assuranceSnapshotTransport{})\n if err != nil { t.Fatalf(\"create snapshot: %v\", err) }\n sink, ok := raw.(*FileSnapshotSink)\n if !ok { t.Fatal(\"unexpected sink implementation\") }\n defer sink.stateFile.Close()\n id := sink.ID()\n op := \"snapshot-operation-1\"\n payload := []byte(\"snapshot-state\")\n n, writeErr := sink.Write(payload)\n emit(map[string]interface{}{\"event\":\"snapshot_write\", \"operation_id\":op, \"snapshot_id\":id, \"written\":n, \"requested\":len(payload), \"error\":errorText(writeErr)})\n if writeErr != nil || n != len(payload) { t.Fatalf(\"write prerequisite: n=%d err=%v\", n, writeErr) }\n // Inject a resource failure without changing Close, finalize, or Open.\n if err := sink.stateFile.Close(); err != nil { t.Fatalf(\"fault injection: %v\", err) }\n firstErr := sink.Close()\n _, firstStatErr := os.Stat(filepath.Join(store.path, id))\n firstMissing := os.IsNotExist(firstStatErr)\n emit(map[string]interface{}{\"event\":\"first_close\", \"operation_id\":op, \"snapshot_id\":id, \"success\":firstErr == nil, \"error\":errorText(firstErr), \"published_directory_missing\":firstMissing, \"stat_error\":errorText(firstStatErr)})\n if firstErr == nil || !firstMissing { t.Fatal(\"pre-publication failure prerequisite was not reached\") }\n secondErr := sink.Close()\n emit(map[string]interface{}{\"event\":\"second_close\", \"operation_id\":op, \"snapshot_id\":id, \"success\":secondErr == nil, \"error\":errorText(secondErr), \"observed_first_error\":errorText(firstErr)})\n meta, reader, openErr := store.Open(id)\n _, finalStatErr := os.Stat(filepath.Join(store.path, id))\n metaID := \"\"\n if meta != nil { metaID = meta.ID }\n emit(map[string]interface{}{\"event\":\"snapshot_open\", \"operation_id\":op, \"snapshot_id\":id, \"open_success\":openErr == nil && reader != nil, \"open_error\":errorText(openErr), \"open_not_exist\":os.IsNotExist(openErr), \"returned_meta_id\":metaID, \"second_close_success\":secondErr == nil, \"published_directory_missing\":os.IsNotExist(finalStatErr), \"stat_error\":errorText(finalStatErr)})\n if reader != nil {\n  if err := reader.Close(); err != nil { t.Fatalf(\"reader cleanup: %v\", err) }\n }\n}\n",
      "description": "The existing synchronous Create, Write, Close, ID, and Open methods determine call order and expose actual return values. Package-local access permits closing the actual state-file descriptor before finalization; no asynchronous schedule is claimed. Filesystem Stat independently distinguishes absent publication from other Open failures. The test emits observations and leaves the disputed semantic comparison to the declared checker.",
      "semantic_changes": [
        "The harness directly closes the private stateFile descriptor after successful Write to inject a pre-publication resource failure. This is an experimental adaptation, not a public caller operation or proof of a production storage-fault history.",
        "A minimal Transport adapter supplies peer-address encoding during Create. No transport, election, replication, or application Persist behavior is exercised.",
        "No target source or protocol branch is modified; synchronization remains enabled."
      ],
      "prerequisites": [
        {
          "alias": "first",
          "event": "first_close",
          "conditions": [
            {
              "field": "success",
              "op": "eq",
              "value": false,
              "reference": null
            },
            {
              "field": "published_directory_missing",
              "op": "eq",
              "value": true,
              "reference": null
            }
          ]
        },
        {
          "alias": "completion",
          "event": "second_close",
          "conditions": [
            {
              "field": "observed_first_error",
              "op": "eq",
              "value": null,
              "reference": "first.error"
            }
          ]
        }
      ],
      "legality": {
        "source_ids": [
          "file_snapshot.go:1:396",
          "file_snapshot.go:397:551",
          "configuration.go:1:350"
        ],
        "expectation_ids": [
          "file_snapshot.go:1:396",
          "file_snapshot.go:397:551",
          "snapshot.go:1:278"
        ],
        "binding_ids": [
          "binding_snapshot_close",
          "binding_snapshot_id",
          "binding_snapshot_open"
        ],
        "derivation": "Create accepts version 1 and a retention count of at least one. The harness supplies a configuration validated by actual checkConfiguration, with configuration index below the snapshot index. Create constructs buffering over the actual state file; closing that descriptor makes subsequent buffered finalization encounter a real resource error before the rename publication step. The actual first error and missing published directory are required observations, not assumed outcomes. Close and ID documentation motivate the local completion-to-availability comparison, but do not explicitly specify error retention across repeated Close calls.",
        "applicability": "A bounded store-level fault-injection experiment using real sink and store methods. Its legality is conditional on the accepted scope allowing internal descriptor closure as a representation of pre-publication resource failure.",
        "unresolved": [
          "Internal descriptor closure is not an ordinary public API operation; equivalence to a particular production storage fault is not established.",
          "Repeated Close may acknowledge closure rather than successful publication.",
          "The minimal transport adapter does not establish any deployment transport behavior."
        ],
        "conflicts": [],
        "alternatives": [
          "If internal descriptor fault injection is outside the accepted fault contract, retain the observations as an adapted experiment and require a supported storage-fault mechanism before attributing a real execution.",
          "If repeated Close only acknowledges closure, retain the measured return-to-availability mismatch without treating it as a contract violation."
        ]
      },
      "legal_conditions": [],
      "observation_changes": []
    },
    "monitors": [
      {
        "id": "monitor_snapshot_close_publication",
        "checker_id": "check_snapshot_close_publication",
        "event": "snapshot_open",
        "binding_ids": [
          "binding_snapshot_close",
          "binding_snapshot_id",
          "binding_snapshot_open"
        ],
        "grounding": {
          "source_ids": [
            "file_snapshot.go:1:396",
            "file_snapshot.go:397:551"
          ],
          "expectation_ids": [
            "file_snapshot.go:1:396",
            "file_snapshot.go:397:551",
            "snapshot.go:1:278"
          ],
          "binding_ids": [
            "binding_snapshot_close",
            "binding_snapshot_id",
            "binding_snapshot_open"
          ],
          "derivation": "Close is documented as indicating a successful end; ID is documented as usable with Open after finalization. Under the selected interpretation, a successful repeated Close requires an available snapshot. Open independently reads published metadata and validates state bytes. The checker compares its actual availability result with the prior correlated second Close success, without requiring a particular error or recovery mechanism. The unconditional already-closed branch is the behavior under investigation, not independent normative evidence.",
          "applicability": "Applies after the observed first pre-publication Close failure, for the same uniquely identified sink operation, when the second Close returns success.",
          "unresolved": [
            "The successful-end interpretation for repeated calls requires correspondence review.",
            "An adapted local observation cannot establish application-level reachability or a recovery consequence."
          ],
          "conflicts": [],
          "alternatives": [
            "The idempotence comment may support an acknowledgment-only interpretation of repeated Close."
          ]
        },
        "applicability_conditions": [
          {
            "field": "second_close_success",
            "op": "eq",
            "value": null,
            "reference": "completion.success"
          }
        ]
      }
    ],
    "observable_properties": [
      {
        "checker_id": "check_snapshot_close_publication",
        "kind": "event_assertion",
        "trigger": {
          "field": "second_close_success",
          "op": "eq",
          "value": true,
          "reference": null
        },
        "assertion": {
          "field": "open_success",
          "op": "eq",
          "value": null,
          "reference": "completion.success"
        },
        "identity_fields": [
          "operation_id",
          "snapshot_id"
        ],
        "history_field": null,
        "description": "After the correlated first pre-publication Close failure, if the second Close succeeds, independent Open of that sink's ID must succeed under the selected successful-finalization interpretation. Missing publication and Open error fields distinguish the measured failure mechanism."
      }
    ],
    "uncertainties": [
      "The repeated-call success contract remains disputed; a failed comparison alone does not resolve its applicability.",
      "Descriptor closure supplies a concrete controlled resource fault, but does not demonstrate a naturally occurring storage fault or an ordinary public caller history.",
      "Successful buffered Write does not establish durable state; the experiment intentionally fails subsequent finalization.",
      "This check establishes neither Persist error suppression nor metadata advancement, log deletion, or loss of recoverable history.",
      "If prerequisite events are absent or cannot be uniquely correlated, the comparison remains unknown."
    ]
  },
  "gap": "",
  "requests": [],
  "fallback": "none"
}
