{"Time":"2026-10-02T16:48:54.379552236+08:00","Action":"start","Package":"go.etcd.io/raft/v3"}
{"Time":"2026-10-02T16:48:54.385211706+08:00","Action":"run","Package":"go.etcd.io/raft/v3","Test":"TestAssuranceStorageReplacementViewFixed"}
{"Time":"2026-10-02T16:48:54.385236901+08:00","Action":"output","Package":"go.etcd.io/raft/v3","Test":"TestAssuranceStorageReplacementViewFixed","Output":"=== RUN   TestAssuranceStorageReplacementViewFixed\n"}
{"Time":"2026-10-02T16:48:54.38534394+08:00","Action":"output","Package":"go.etcd.io/raft/v3","Test":"TestAssuranceStorageReplacementViewFixed","Output":"raft2026/10/02 16:48:54 INFO: 1 switched to configuration voters=(1 2 3 4 5)\n"}
{"Time":"2026-10-02T16:48:54.38534881+08:00","Action":"output","Package":"go.etcd.io/raft/v3","Test":"TestAssuranceStorageReplacementViewFixed","Output":"raft2026/10/02 16:48:54 INFO: 1 became follower at term 1\n"}
{"Time":"2026-10-02T16:48:54.385352478+08:00","Action":"output","Package":"go.etcd.io/raft/v3","Test":"TestAssuranceStorageReplacementViewFixed","Output":"raft2026/10/02 16:48:54 INFO: newRaft 1 [peers: [1,2,3,4,5], term: 1, commit: 1, applied: 1, lastindex: 1, lastterm: 1]\n"}
{"Time":"2026-10-02T16:48:54.385372004+08:00","Action":"output","Package":"go.etcd.io/raft/v3","Test":"TestAssuranceStorageReplacementViewFixed","Output":"raft2026/10/02 16:48:54 INFO: 2 switched to configuration voters=(1 2 3 4 5)\n"}
{"Time":"2026-10-02T16:48:54.385373806+08:00","Action":"output","Package":"go.etcd.io/raft/v3","Test":"TestAssuranceStorageReplacementViewFixed","Output":"raft2026/10/02 16:48:54 INFO: 2 became follower at term 1\n"}
{"Time":"2026-10-02T16:48:54.385378781+08:00","Action":"output","Package":"go.etcd.io/raft/v3","Test":"TestAssuranceStorageReplacementViewFixed","Output":"raft2026/10/02 16:48:54 INFO: newRaft 2 [peers: [1,2,3,4,5], term: 1, commit: 1, applied: 1, lastindex: 1, lastterm: 1]\n"}
{"Time":"2026-10-02T16:48:54.385435288+08:00","Action":"output","Package":"go.etcd.io/raft/v3","Test":"TestAssuranceStorageReplacementViewFixed","Output":"raft2026/10/02 16:48:54 INFO: 3 switched to configuration voters=(1 2 3 4 5)\n"}
{"Time":"2026-10-02T16:48:54.385447425+08:00","Action":"output","Package":"go.etcd.io/raft/v3","Test":"TestAssuranceStorageReplacementViewFixed","Output":"raft2026/10/02 16:48:54 INFO: 3 became follower at term 1\n"}
{"Time":"2026-10-02T16:48:54.385449792+08:00","Action":"output","Package":"go.etcd.io/raft/v3","Test":"TestAssuranceStorageReplacementViewFixed","Output":"raft2026/10/02 16:48:54 INFO: newRaft 3 [peers: [1,2,3,4,5], term: 1, commit: 1, applied: 1, lastindex: 1, lastterm: 1]\n"}
{"Time":"2026-10-02T16:48:54.385451812+08:00","Action":"output","Package":"go.etcd.io/raft/v3","Test":"TestAssuranceStorageReplacementViewFixed","Output":"raft2026/10/02 16:48:54 INFO: 4 switched to configuration voters=(1 2 3 4 5)\n"}
{"Time":"2026-10-02T16:48:54.385453224+08:00","Action":"output","Package":"go.etcd.io/raft/v3","Test":"TestAssuranceStorageReplacementViewFixed","Output":"raft2026/10/02 16:48:54 INFO: 4 became follower at term 1\n"}
{"Time":"2026-10-02T16:48:54.385454775+08:00","Action":"output","Package":"go.etcd.io/raft/v3","Test":"TestAssuranceStorageReplacementViewFixed","Output":"raft2026/10/02 16:48:54 INFO: newRaft 4 [peers: [1,2,3,4,5], term: 1, commit: 1, applied: 1, lastindex: 1, lastterm: 1]\n"}
{"Time":"2026-10-02T16:48:54.385456236+08:00","Action":"output","Package":"go.etcd.io/raft/v3","Test":"TestAssuranceStorageReplacementViewFixed","Output":"raft2026/10/02 16:48:54 INFO: 5 switched to configuration voters=(1 2 3 4 5)\n"}
{"Time":"2026-10-02T16:48:54.38545755+08:00","Action":"output","Package":"go.etcd.io/raft/v3","Test":"TestAssuranceStorageReplacementViewFixed","Output":"raft2026/10/02 16:48:54 INFO: 5 became follower at term 1\n"}
{"Time":"2026-10-02T16:48:54.385459038+08:00","Action":"output","Package":"go.etcd.io/raft/v3","Test":"TestAssuranceStorageReplacementViewFixed","Output":"raft2026/10/02 16:48:54 INFO: newRaft 5 [peers: [1,2,3,4,5], term: 1, commit: 1, applied: 1, lastindex: 1, lastterm: 1]\n"}
{"Time":"2026-10-02T16:48:54.385460504+08:00","Action":"output","Package":"go.etcd.io/raft/v3","Test":"TestAssuranceStorageReplacementViewFixed","Output":"raft2026/10/02 16:48:54 INFO: 1 is starting a new election at term 1\n"}
{"Time":"2026-10-02T16:48:54.385471114+08:00","Action":"output","Package":"go.etcd.io/raft/v3","Test":"TestAssuranceStorageReplacementViewFixed","Output":"raft2026/10/02 16:48:54 INFO: 1 became candidate at term 2\n"}
{"Time":"2026-10-02T16:48:54.385472965+08:00","Action":"output","Package":"go.etcd.io/raft/v3","Test":"TestAssuranceStorageReplacementViewFixed","Output":"raft2026/10/02 16:48:54 INFO: 1 [logterm: 1, index: 1] sent MsgVote request to 2 at term 2\n"}
{"Time":"2026-10-02T16:48:54.385474979+08:00","Action":"output","Package":"go.etcd.io/raft/v3","Test":"TestAssuranceStorageReplacementViewFixed","Output":"raft2026/10/02 16:48:54 INFO: 1 [logterm: 1, index: 1] sent MsgVote request to 3 at term 2\n"}
{"Time":"2026-10-02T16:48:54.385476342+08:00","Action":"output","Package":"go.etcd.io/raft/v3","Test":"TestAssuranceStorageReplacementViewFixed","Output":"raft2026/10/02 16:48:54 INFO: 1 [logterm: 1, index: 1] sent MsgVote request to 4 at term 2\n"}
{"Time":"2026-10-02T16:48:54.385477744+08:00","Action":"output","Package":"go.etcd.io/raft/v3","Test":"TestAssuranceStorageReplacementViewFixed","Output":"raft2026/10/02 16:48:54 INFO: 1 [logterm: 1, index: 1] sent MsgVote request to 5 at term 2\n"}
{"Time":"2026-10-02T16:48:54.385479178+08:00","Action":"output","Package":"go.etcd.io/raft/v3","Test":"TestAssuranceStorageReplacementViewFixed","Output":"raft2026/10/02 16:48:54 INFO: 1 received MsgVoteResp from 1 at term 2\n"}
{"Time":"2026-10-02T16:48:54.38548099+08:00","Action":"output","Package":"go.etcd.io/raft/v3","Test":"TestAssuranceStorageReplacementViewFixed","Output":"raft2026/10/02 16:48:54 INFO: 1 has received 1 MsgVoteResp votes and 0 vote rejections\n"}
{"Time":"2026-10-02T16:48:54.385482602+08:00","Action":"output","Package":"go.etcd.io/raft/v3","Test":"TestAssuranceStorageReplacementViewFixed","Output":"raft2026/10/02 16:48:54 INFO: 2 [term: 1] received a MsgVote message with higher term from 1 [term: 2]\n"}
{"Time":"2026-10-02T16:48:54.385484353+08:00","Action":"output","Package":"go.etcd.io/raft/v3","Test":"TestAssuranceStorageReplacementViewFixed","Output":"raft2026/10/02 16:48:54 INFO: 2 became follower at term 2\n"}
{"Time":"2026-10-02T16:48:54.38548588+08:00","Action":"output","Package":"go.etcd.io/raft/v3","Test":"TestAssuranceStorageReplacementViewFixed","Output":"raft2026/10/02 16:48:54 INFO: 2 [logterm: 1, index: 1, vote: 0] cast MsgVote for 1 [logterm: 1, index: 1] at term 2\n"}
{"Time":"2026-10-02T16:48:54.385489793+08:00","Action":"output","Package":"go.etcd.io/raft/v3","Test":"TestAssuranceStorageReplacementViewFixed","Output":"raft2026/10/02 16:48:54 INFO: 3 [term: 1] received a MsgVote message with higher term from 1 [term: 2]\n"}
{"Time":"2026-10-02T16:48:54.385491581+08:00","Action":"output","Package":"go.etcd.io/raft/v3","Test":"TestAssuranceStorageReplacementViewFixed","Output":"raft2026/10/02 16:48:54 INFO: 3 became follower at term 2\n"}
{"Time":"2026-10-02T16:48:54.385493166+08:00","Action":"output","Package":"go.etcd.io/raft/v3","Test":"TestAssuranceStorageReplacementViewFixed","Output":"raft2026/10/02 16:48:54 INFO: 3 [logterm: 1, index: 1, vote: 0] cast MsgVote for 1 [logterm: 1, index: 1] at term 2\n"}
{"Time":"2026-10-02T16:48:54.385494819+08:00","Action":"output","Package":"go.etcd.io/raft/v3","Test":"TestAssuranceStorageReplacementViewFixed","Output":"raft2026/10/02 16:48:54 INFO: 4 [term: 1] received a MsgVote message with higher term from 1 [term: 2]\n"}
{"Time":"2026-10-02T16:48:54.385496339+08:00","Action":"output","Package":"go.etcd.io/raft/v3","Test":"TestAssuranceStorageReplacementViewFixed","Output":"raft2026/10/02 16:48:54 INFO: 4 became follower at term 2\n"}
{"Time":"2026-10-02T16:48:54.385551312+08:00","Action":"output","Package":"go.etcd.io/raft/v3","Test":"TestAssuranceStorageReplacementViewFixed","Output":"raft2026/10/02 16:48:54 INFO: 4 [logterm: 1, index: 1, vote: 0] cast MsgVote for 1 [logterm: 1, index: 1] at term 2\n"}
{"Time":"2026-10-02T16:48:54.385565918+08:00","Action":"output","Package":"go.etcd.io/raft/v3","Test":"TestAssuranceStorageReplacementViewFixed","Output":"raft2026/10/02 16:48:54 INFO: 5 [term: 1] received a MsgVote message with higher term from 1 [term: 2]\n"}
{"Time":"2026-10-02T16:48:54.385571079+08:00","Action":"output","Package":"go.etcd.io/raft/v3","Test":"TestAssuranceStorageReplacementViewFixed","Output":"raft2026/10/02 16:48:54 INFO: 5 became follower at term 2\n"}
{"Time":"2026-10-02T16:48:54.385573147+08:00","Action":"output","Package":"go.etcd.io/raft/v3","Test":"TestAssuranceStorageReplacementViewFixed","Output":"raft2026/10/02 16:48:54 INFO: 5 [logterm: 1, index: 1, vote: 0] cast MsgVote for 1 [logterm: 1, index: 1] at term 2\n"}
{"Time":"2026-10-02T16:48:54.385578704+08:00","Action":"output","Package":"go.etcd.io/raft/v3","Test":"TestAssuranceStorageReplacementViewFixed","Output":"raft2026/10/02 16:48:54 INFO: 1 received MsgVoteResp from 2 at term 2\n"}
{"Time":"2026-10-02T16:48:54.385580595+08:00","Action":"output","Package":"go.etcd.io/raft/v3","Test":"TestAssuranceStorageReplacementViewFixed","Output":"raft2026/10/02 16:48:54 INFO: 1 has received 2 MsgVoteResp votes and 0 vote rejections\n"}
{"Time":"2026-10-02T16:48:54.385582442+08:00","Action":"output","Package":"go.etcd.io/raft/v3","Test":"TestAssuranceStorageReplacementViewFixed","Output":"raft2026/10/02 16:48:54 INFO: 1 received MsgVoteResp from 3 at term 2\n"}
{"Time":"2026-10-02T16:48:54.38558408+08:00","Action":"output","Package":"go.etcd.io/raft/v3","Test":"TestAssuranceStorageReplacementViewFixed","Output":"raft2026/10/02 16:48:54 INFO: 1 has received 3 MsgVoteResp votes and 0 vote rejections\n"}
{"Time":"2026-10-02T16:48:54.385586362+08:00","Action":"output","Package":"go.etcd.io/raft/v3","Test":"TestAssuranceStorageReplacementViewFixed","Output":"raft2026/10/02 16:48:54 INFO: 1 became leader at term 2\n"}
{"Time":"2026-10-02T16:48:54.385685669+08:00","Action":"output","Package":"go.etcd.io/raft/v3","Test":"TestAssuranceStorageReplacementViewFixed","Output":"CA_EVENT {\"commit\":2,\"event\":\"leader\",\"node\":1,\"phase\":\"prefix\",\"serial\":1,\"term\":2}\n"}
{"Time":"2026-10-02T16:48:54.385695131+08:00","Action":"output","Package":"go.etcd.io/raft/v3","Test":"TestAssuranceStorageReplacementViewFixed","Output":"CA_EVENT {\"entry_index\":3,\"entry_term\":2,\"event\":\"original_completion\",\"node\":2,\"op\":\"replacement\",\"response_term\":2,\"response_type\":\"MsgStorageAppendResp\",\"serial\":2}\n"}
{"Time":"2026-10-02T16:48:54.385699666+08:00","Action":"output","Package":"go.etcd.io/raft/v3","Test":"TestAssuranceStorageReplacementViewFixed","Output":"raft2026/10/02 16:48:54 INFO: 3 is starting a new election at term 2\n"}
{"Time":"2026-10-02T16:48:54.38570252+08:00","Action":"output","Package":"go.etcd.io/raft/v3","Test":"TestAssuranceStorageReplacementViewFixed","Output":"raft2026/10/02 16:48:54 INFO: 3 became candidate at term 3\n"}
{"Time":"2026-10-02T16:48:54.385704346+08:00","Action":"output","Package":"go.etcd.io/raft/v3","Test":"TestAssuranceStorageReplacementViewFixed","Output":"raft2026/10/02 16:48:54 INFO: 3 [logterm: 2, index: 2] sent MsgVote request to 1 at term 3\n"}
{"Time":"2026-10-02T16:48:54.385706833+08:00","Action":"output","Package":"go.etcd.io/raft/v3","Test":"TestAssuranceStorageReplacementViewFixed","Output":"raft2026/10/02 16:48:54 INFO: 3 [logterm: 2, index: 2] sent MsgVote request to 2 at term 3\n"}
{"Time":"2026-10-02T16:48:54.385708285+08:00","Action":"output","Package":"go.etcd.io/raft/v3","Test":"TestAssuranceStorageReplacementViewFixed","Output":"raft2026/10/02 16:48:54 INFO: 3 [logterm: 2, index: 2] sent MsgVote request to 4 at term 3\n"}
{"Time":"2026-10-02T16:48:54.385709654+08:00","Action":"output","Package":"go.etcd.io/raft/v3","Test":"TestAssuranceStorageReplacementViewFixed","Output":"raft2026/10/02 16:48:54 INFO: 3 [logterm: 2, index: 2] sent MsgVote request to 5 at term 3\n"}
{"Time":"2026-10-02T16:48:54.385713606+08:00","Action":"output","Package":"go.etcd.io/raft/v3","Test":"TestAssuranceStorageReplacementViewFixed","Output":"raft2026/10/02 16:48:54 INFO: 3 received MsgVoteResp from 3 at term 3\n"}
{"Time":"2026-10-02T16:48:54.385715855+08:00","Action":"output","Package":"go.etcd.io/raft/v3","Test":"TestAssuranceStorageReplacementViewFixed","Output":"raft2026/10/02 16:48:54 INFO: 3 has received 1 MsgVoteResp votes and 0 vote rejections\n"}
{"Time":"2026-10-02T16:48:54.385717281+08:00","Action":"output","Package":"go.etcd.io/raft/v3","Test":"TestAssuranceStorageReplacementViewFixed","Output":"raft2026/10/02 16:48:54 INFO: 1 [term: 2] received a MsgVote message with higher term from 3 [term: 3]\n"}
{"Time":"2026-10-02T16:48:54.385719503+08:00","Action":"output","Package":"go.etcd.io/raft/v3","Test":"TestAssuranceStorageReplacementViewFixed","Output":"raft2026/10/02 16:48:54 INFO: 1 became follower at term 3\n"}
{"Time":"2026-10-02T16:48:54.385721823+08:00","Action":"output","Package":"go.etcd.io/raft/v3","Test":"TestAssuranceStorageReplacementViewFixed","Output":"raft2026/10/02 16:48:54 INFO: 1 [logterm: 2, index: 3, vote: 0] rejected MsgVote from 3 [logterm: 2, index: 2] at term 3\n"}
{"Time":"2026-10-02T16:48:54.385724845+08:00","Action":"output","Package":"go.etcd.io/raft/v3","Test":"TestAssuranceStorageReplacementViewFixed","Output":"raft2026/10/02 16:48:54 INFO: 2 [term: 2] received a MsgVote message with higher term from 3 [term: 3]\n"}
{"Time":"2026-10-02T16:48:54.385730138+08:00","Action":"output","Package":"go.etcd.io/raft/v3","Test":"TestAssuranceStorageReplacementViewFixed","Output":"raft2026/10/02 16:48:54 INFO: 2 became follower at term 3\n"}
{"Time":"2026-10-02T16:48:54.385731917+08:00","Action":"output","Package":"go.etcd.io/raft/v3","Test":"TestAssuranceStorageReplacementViewFixed","Output":"raft2026/10/02 16:48:54 INFO: 2 [logterm: 2, index: 3, vote: 0] rejected MsgVote from 3 [logterm: 2, index: 2] at term 3\n"}
{"Time":"2026-10-02T16:48:54.38573446+08:00","Action":"output","Package":"go.etcd.io/raft/v3","Test":"TestAssuranceStorageReplacementViewFixed","Output":"raft2026/10/02 16:48:54 INFO: 4 [term: 2] received a MsgVote message with higher term from 3 [term: 3]\n"}
{"Time":"2026-10-02T16:48:54.385736108+08:00","Action":"output","Package":"go.etcd.io/raft/v3","Test":"TestAssuranceStorageReplacementViewFixed","Output":"raft2026/10/02 16:48:54 INFO: 4 became follower at term 3\n"}
{"Time":"2026-10-02T16:48:54.385738535+08:00","Action":"output","Package":"go.etcd.io/raft/v3","Test":"TestAssuranceStorageReplacementViewFixed","Output":"raft2026/10/02 16:48:54 INFO: 4 [logterm: 2, index: 2, vote: 0] cast MsgVote for 3 [logterm: 2, index: 2] at term 3\n"}
{"Time":"2026-10-02T16:48:54.385740985+08:00","Action":"output","Package":"go.etcd.io/raft/v3","Test":"TestAssuranceStorageReplacementViewFixed","Output":"raft2026/10/02 16:48:54 INFO: 5 [term: 2] received a MsgVote message with higher term from 3 [term: 3]\n"}
{"Time":"2026-10-02T16:48:54.385743472+08:00","Action":"output","Package":"go.etcd.io/raft/v3","Test":"TestAssuranceStorageReplacementViewFixed","Output":"raft2026/10/02 16:48:54 INFO: 5 became follower at term 3\n"}
{"Time":"2026-10-02T16:48:54.385745021+08:00","Action":"output","Package":"go.etcd.io/raft/v3","Test":"TestAssuranceStorageReplacementViewFixed","Output":"raft2026/10/02 16:48:54 INFO: 5 [logterm: 2, index: 2, vote: 0] cast MsgVote for 3 [logterm: 2, index: 2] at term 3\n"}
{"Time":"2026-10-02T16:48:54.385747448+08:00","Action":"output","Package":"go.etcd.io/raft/v3","Test":"TestAssuranceStorageReplacementViewFixed","Output":"raft2026/10/02 16:48:54 INFO: 3 received MsgVoteResp rejection from 1 at term 3\n"}
{"Time":"2026-10-02T16:48:54.385749093+08:00","Action":"output","Package":"go.etcd.io/raft/v3","Test":"TestAssuranceStorageReplacementViewFixed","Output":"raft2026/10/02 16:48:54 INFO: 3 has received 1 MsgVoteResp votes and 1 vote rejections\n"}
{"Time":"2026-10-02T16:48:54.385752533+08:00","Action":"output","Package":"go.etcd.io/raft/v3","Test":"TestAssuranceStorageReplacementViewFixed","Output":"raft2026/10/02 16:48:54 INFO: 3 received MsgVoteResp rejection from 2 at term 3\n"}
{"Time":"2026-10-02T16:48:54.385802595+08:00","Action":"output","Package":"go.etcd.io/raft/v3","Test":"TestAssuranceStorageReplacementViewFixed","Output":"raft2026/10/02 16:48:54 INFO: 3 has received 1 MsgVoteResp votes and 2 vote rejections\n"}
{"Time":"2026-10-02T16:48:54.385807367+08:00","Action":"output","Package":"go.etcd.io/raft/v3","Test":"TestAssuranceStorageReplacementViewFixed","Output":"raft2026/10/02 16:48:54 INFO: 3 received MsgVoteResp from 4 at term 3\n"}
{"Time":"2026-10-02T16:48:54.385809251+08:00","Action":"output","Package":"go.etcd.io/raft/v3","Test":"TestAssuranceStorageReplacementViewFixed","Output":"raft2026/10/02 16:48:54 INFO: 3 has received 2 MsgVoteResp votes and 2 vote rejections\n"}
{"Time":"2026-10-02T16:48:54.385811954+08:00","Action":"output","Package":"go.etcd.io/raft/v3","Test":"TestAssuranceStorageReplacementViewFixed","Output":"raft2026/10/02 16:48:54 INFO: 3 received MsgVoteResp from 5 at term 3\n"}
{"Time":"2026-10-02T16:48:54.385813617+08:00","Action":"output","Package":"go.etcd.io/raft/v3","Test":"TestAssuranceStorageReplacementViewFixed","Output":"raft2026/10/02 16:48:54 INFO: 3 has received 3 MsgVoteResp votes and 2 vote rejections\n"}
{"Time":"2026-10-02T16:48:54.385815167+08:00","Action":"output","Package":"go.etcd.io/raft/v3","Test":"TestAssuranceStorageReplacementViewFixed","Output":"raft2026/10/02 16:48:54 INFO: 3 became leader at term 3\n"}
{"Time":"2026-10-02T16:48:54.385823457+08:00","Action":"output","Package":"go.etcd.io/raft/v3","Test":"TestAssuranceStorageReplacementViewFixed","Output":"raft2026/10/02 16:48:54 INFO: found conflict at index 3 [existing term: 2, conflicting term: 3]\n"}
{"Time":"2026-10-02T16:48:54.385825118+08:00","Action":"output","Package":"go.etcd.io/raft/v3","Test":"TestAssuranceStorageReplacementViewFixed","Output":"raft2026/10/02 16:48:54 INFO: replace the unstable entries from index 3\n"}
{"Time":"2026-10-02T16:48:54.385827349+08:00","Action":"output","Package":"go.etcd.io/raft/v3","Test":"TestAssuranceStorageReplacementViewFixed","Output":"CA_EVENT {\"commit\":2,\"event\":\"leader\",\"node\":3,\"phase\":\"middle\",\"serial\":3,\"term\":3}\n"}
{"Time":"2026-10-02T16:48:54.38583213+08:00","Action":"output","Package":"go.etcd.io/raft/v3","Test":"TestAssuranceStorageReplacementViewFixed","Output":"raft2026/10/02 16:48:54 INFO: 1 is starting a new election at term 3\n"}
{"Time":"2026-10-02T16:48:54.385834768+08:00","Action":"output","Package":"go.etcd.io/raft/v3","Test":"TestAssuranceStorageReplacementViewFixed","Output":"raft2026/10/02 16:48:54 INFO: 1 became candidate at term 4\n"}
{"Time":"2026-10-02T16:48:54.385837056+08:00","Action":"output","Package":"go.etcd.io/raft/v3","Test":"TestAssuranceStorageReplacementViewFixed","Output":"raft2026/10/02 16:48:54 INFO: 1 [logterm: 2, index: 3] sent MsgVote request to 2 at term 4\n"}
{"Time":"2026-10-02T16:48:54.385838677+08:00","Action":"output","Package":"go.etcd.io/raft/v3","Test":"TestAssuranceStorageReplacementViewFixed","Output":"raft2026/10/02 16:48:54 INFO: 1 [logterm: 2, index: 3] sent MsgVote request to 3 at term 4\n"}
{"Time":"2026-10-02T16:48:54.385841108+08:00","Action":"output","Package":"go.etcd.io/raft/v3","Test":"TestAssuranceStorageReplacementViewFixed","Output":"raft2026/10/02 16:48:54 INFO: 1 [logterm: 2, index: 3] sent MsgVote request to 4 at term 4\n"}
{"Time":"2026-10-02T16:48:54.385842601+08:00","Action":"output","Package":"go.etcd.io/raft/v3","Test":"TestAssuranceStorageReplacementViewFixed","Output":"raft2026/10/02 16:48:54 INFO: 1 [logterm: 2, index: 3] sent MsgVote request to 5 at term 4\n"}
{"Time":"2026-10-02T16:48:54.385844746+08:00","Action":"output","Package":"go.etcd.io/raft/v3","Test":"TestAssuranceStorageReplacementViewFixed","Output":"raft2026/10/02 16:48:54 INFO: 1 received MsgVoteResp from 1 at term 4\n"}
{"Time":"2026-10-02T16:48:54.385847316+08:00","Action":"output","Package":"go.etcd.io/raft/v3","Test":"TestAssuranceStorageReplacementViewFixed","Output":"raft2026/10/02 16:48:54 INFO: 1 has received 1 MsgVoteResp votes and 0 vote rejections\n"}
{"Time":"2026-10-02T16:48:54.385848839+08:00","Action":"output","Package":"go.etcd.io/raft/v3","Test":"TestAssuranceStorageReplacementViewFixed","Output":"raft2026/10/02 16:48:54 INFO: 2 [term: 3] received a MsgVote message with higher term from 1 [term: 4]\n"}
{"Time":"2026-10-02T16:48:54.385851287+08:00","Action":"output","Package":"go.etcd.io/raft/v3","Test":"TestAssuranceStorageReplacementViewFixed","Output":"raft2026/10/02 16:48:54 INFO: 2 became follower at term 4\n"}
{"Time":"2026-10-02T16:48:54.385852672+08:00","Action":"output","Package":"go.etcd.io/raft/v3","Test":"TestAssuranceStorageReplacementViewFixed","Output":"raft2026/10/02 16:48:54 INFO: 2 [logterm: 3, index: 3, vote: 0] rejected MsgVote from 1 [logterm: 2, index: 3] at term 4\n"}
{"Time":"2026-10-02T16:48:54.385854231+08:00","Action":"output","Package":"go.etcd.io/raft/v3","Test":"TestAssuranceStorageReplacementViewFixed","Output":"raft2026/10/02 16:48:54 INFO: 3 [term: 3] received a MsgVote message with higher term from 1 [term: 4]\n"}
{"Time":"2026-10-02T16:48:54.385856668+08:00","Action":"output","Package":"go.etcd.io/raft/v3","Test":"TestAssuranceStorageReplacementViewFixed","Output":"raft2026/10/02 16:48:54 INFO: 3 became follower at term 4\n"}
{"Time":"2026-10-02T16:48:54.385858169+08:00","Action":"output","Package":"go.etcd.io/raft/v3","Test":"TestAssuranceStorageReplacementViewFixed","Output":"raft2026/10/02 16:48:54 INFO: 3 [logterm: 3, index: 3, vote: 0] rejected MsgVote from 1 [logterm: 2, index: 3] at term 4\n"}
{"Time":"2026-10-02T16:48:54.385859569+08:00","Action":"output","Package":"go.etcd.io/raft/v3","Test":"TestAssuranceStorageReplacementViewFixed","Output":"raft2026/10/02 16:48:54 INFO: 4 [term: 3] received a MsgVote message with higher term from 1 [term: 4]\n"}
{"Time":"2026-10-02T16:48:54.385861932+08:00","Action":"output","Package":"go.etcd.io/raft/v3","Test":"TestAssuranceStorageReplacementViewFixed","Output":"raft2026/10/02 16:48:54 INFO: 4 became follower at term 4\n"}
{"Time":"2026-10-02T16:48:54.385864493+08:00","Action":"output","Package":"go.etcd.io/raft/v3","Test":"TestAssuranceStorageReplacementViewFixed","Output":"raft2026/10/02 16:48:54 INFO: 4 [logterm: 2, index: 2, vote: 0] cast MsgVote for 1 [logterm: 2, index: 3] at term 4\n"}
{"Time":"2026-10-02T16:48:54.38586608+08:00","Action":"output","Package":"go.etcd.io/raft/v3","Test":"TestAssuranceStorageReplacementViewFixed","Output":"raft2026/10/02 16:48:54 INFO: 5 [term: 3] received a MsgVote message with higher term from 1 [term: 4]\n"}
{"Time":"2026-10-02T16:48:54.385868331+08:00","Action":"output","Package":"go.etcd.io/raft/v3","Test":"TestAssuranceStorageReplacementViewFixed","Output":"raft2026/10/02 16:48:54 INFO: 5 became follower at term 4\n"}
{"Time":"2026-10-02T16:48:54.385875269+08:00","Action":"output","Package":"go.etcd.io/raft/v3","Test":"TestAssuranceStorageReplacementViewFixed","Output":"raft2026/10/02 16:48:54 INFO: 5 [logterm: 2, index: 2, vote: 0] cast MsgVote for 1 [logterm: 2, index: 3] at term 4\n"}
{"Time":"2026-10-02T16:48:54.385877802+08:00","Action":"output","Package":"go.etcd.io/raft/v3","Test":"TestAssuranceStorageReplacementViewFixed","Output":"raft2026/10/02 16:48:54 INFO: 1 received MsgVoteResp rejection from 2 at term 4\n"}
{"Time":"2026-10-02T16:48:54.385880764+08:00","Action":"output","Package":"go.etcd.io/raft/v3","Test":"TestAssuranceStorageReplacementViewFixed","Output":"raft2026/10/02 16:48:54 INFO: 1 has received 1 MsgVoteResp votes and 1 vote rejections\n"}
{"Time":"2026-10-02T16:48:54.385882204+08:00","Action":"output","Package":"go.etcd.io/raft/v3","Test":"TestAssuranceStorageReplacementViewFixed","Output":"raft2026/10/02 16:48:54 INFO: 1 received MsgVoteResp rejection from 3 at term 4\n"}
{"Time":"2026-10-02T16:48:54.385884209+08:00","Action":"output","Package":"go.etcd.io/raft/v3","Test":"TestAssuranceStorageReplacementViewFixed","Output":"raft2026/10/02 16:48:54 INFO: 1 has received 1 MsgVoteResp votes and 2 vote rejections\n"}
{"Time":"2026-10-02T16:48:54.385885517+08:00","Action":"output","Package":"go.etcd.io/raft/v3","Test":"TestAssuranceStorageReplacementViewFixed","Output":"raft2026/10/02 16:48:54 INFO: 1 received MsgVoteResp from 4 at term 4\n"}
{"Time":"2026-10-02T16:48:54.385886873+08:00","Action":"output","Package":"go.etcd.io/raft/v3","Test":"TestAssuranceStorageReplacementViewFixed","Output":"raft2026/10/02 16:48:54 INFO: 1 has received 2 MsgVoteResp votes and 2 vote rejections\n"}
{"Time":"2026-10-02T16:48:54.385888168+08:00","Action":"output","Package":"go.etcd.io/raft/v3","Test":"TestAssuranceStorageReplacementViewFixed","Output":"raft2026/10/02 16:48:54 INFO: 1 received MsgVoteResp from 5 at term 4\n"}
{"Time":"2026-10-02T16:48:54.38589023+08:00","Action":"output","Package":"go.etcd.io/raft/v3","Test":"TestAssuranceStorageReplacementViewFixed","Output":"raft2026/10/02 16:48:54 INFO: 1 has received 3 MsgVoteResp votes and 2 vote rejections\n"}
{"Time":"2026-10-02T16:48:54.385892957+08:00","Action":"output","Package":"go.etcd.io/raft/v3","Test":"TestAssuranceStorageReplacementViewFixed","Output":"raft2026/10/02 16:48:54 INFO: 1 became leader at term 4\n"}
{"Time":"2026-10-02T16:48:54.385895039+08:00","Action":"output","Package":"go.etcd.io/raft/v3","Test":"TestAssuranceStorageReplacementViewFixed","Output":"raft2026/10/02 16:48:54 INFO: found conflict at index 3 [existing term: 3, conflicting term: 2]\n"}
{"Time":"2026-10-02T16:48:54.385897726+08:00","Action":"output","Package":"go.etcd.io/raft/v3","Test":"TestAssuranceStorageReplacementViewFixed","Output":"raft2026/10/02 16:48:54 INFO: replace the unstable entries from index 3\n"}
{"Time":"2026-10-02T16:48:54.38591667+08:00","Action":"output","Package":"go.etcd.io/raft/v3","Test":"TestAssuranceStorageReplacementViewFixed","Output":"CA_EVENT {\"accepted_term\":4,\"entry_index\":3,\"event\":\"replacement\",\"expected_entry\":\"{\\\"data\\\":\\\"cmV0YWluZWQtZnJvbS1maXJzdC1sZWFkZXI=\\\",\\\"index\\\":3,\\\"term\\\":2,\\\"type\\\":0}\",\"node\":2,\"op\":\"replacement\",\"serial\":4}\n"}
{"Time":"2026-10-02T16:48:54.385921012+08:00","Action":"output","Package":"go.etcd.io/raft/v3","Test":"TestAssuranceStorageReplacementViewFixed","Output":"CA_EVENT {\"entries\":2,\"event\":\"replacement_queued\",\"first_index\":3,\"first_term\":2,\"node\":2,\"op\":\"replacement\",\"serial\":5,\"term\":4}\n"}
{"Time":"2026-10-02T16:48:54.385924267+08:00","Action":"output","Package":"go.etcd.io/raft/v3","Test":"TestAssuranceStorageReplacementViewFixed","Output":"CA_EVENT {\"commit\":2,\"event\":\"leader\",\"node\":1,\"phase\":\"return\",\"serial\":6,\"term\":4}\n"}
{"Time":"2026-10-02T16:48:54.385970153+08:00","Action":"output","Package":"go.etcd.io/raft/v3","Test":"TestAssuranceStorageReplacementViewFixed","Output":"CA_EVENT {\"entry_index\":3,\"event\":\"view\",\"log_entry\":\"{\\\"data\\\":\\\"cmV0YWluZWQtZnJvbS1maXJzdC1sZWFkZXI=\\\",\\\"index\\\":3,\\\"term\\\":2,\\\"type\\\":0}\",\"log_term\":2,\"node\":2,\"op\":\"replacement\",\"original_entry_term\":2,\"pending_completions\":5,\"pending_writes\":1,\"phase\":\"before_old_completion\",\"raft_term\":4,\"serial\":7,\"stored_term\":3,\"unstable_entries\":2,\"unstable_offset\":3}\n"}
{"Time":"2026-10-02T16:48:54.385978168+08:00","Action":"output","Package":"go.etcd.io/raft/v3","Test":"TestAssuranceStorageReplacementViewFixed","Output":"CA_EVENT {\"active_term\":4,\"completion_type\":\"MsgStorageAppendResp\",\"entry_index\":3,\"event\":\"old_completion_admitted\",\"node\":2,\"old_response_term\":2,\"op\":\"replacement\",\"pending_writes\":1,\"replacement_serial\":4,\"serial\":8,\"stale_response\":true,\"stored_conflicts\":true}\n"}
{"Time":"2026-10-02T16:48:54.385983964+08:00","Action":"output","Package":"go.etcd.io/raft/v3","Test":"TestAssuranceStorageReplacementViewFixed","Output":"raft2026/10/02 16:48:54 INFO: 2 [term: 4] ignored entry appends from a MsgStorageAppendResp message with lower term [term: 2]\n"}
{"Time":"2026-10-02T16:48:54.385986462+08:00","Action":"output","Package":"go.etcd.io/raft/v3","Test":"TestAssuranceStorageReplacementViewFixed","Output":"CA_EVENT {\"entry_index\":3,\"event\":\"old_completion_result\",\"log_entry\":\"{\\\"data\\\":\\\"cmV0YWluZWQtZnJvbS1maXJzdC1sZWFkZXI=\\\",\\\"index\\\":3,\\\"term\\\":2,\\\"type\\\":0}\",\"log_term\":2,\"node\":2,\"op\":\"replacement\",\"original_entry_term\":2,\"pending_completions\":4,\"pending_writes\":1,\"phase\":\"after_old_completion\",\"raft_term\":4,\"serial\":9,\"stored_term\":3,\"unstable_entries\":2,\"unstable_offset\":3}\n"}
{"Time":"2026-10-02T16:48:54.385988963+08:00","Action":"output","Package":"go.etcd.io/raft/v3","Test":"TestAssuranceStorageReplacementViewFixed","Output":"raft2026/10/02 16:48:54 INFO: 2 [term: 4] ignored entry appends from a MsgStorageAppendResp message with lower term [term: 3]\n"}
{"Time":"2026-10-02T16:48:54.385990493+08:00","Action":"output","Package":"go.etcd.io/raft/v3","Test":"TestAssuranceStorageReplacementViewFixed","Output":"raft2026/10/02 16:48:54 INFO: 2 [term: 4] ignored entry appends from a MsgStorageAppendResp message with lower term [term: 3]\n"}
{"Time":"2026-10-02T16:48:54.385991969+08:00","Action":"output","Package":"go.etcd.io/raft/v3","Test":"TestAssuranceStorageReplacementViewFixed","Output":"raft2026/10/02 16:48:54 INFO: entry at (index,term)=(3,3) mismatched with entry at (3,2) in unstable log; ignoring\n"}
{"Time":"2026-10-02T16:48:54.385993514+08:00","Action":"output","Package":"go.etcd.io/raft/v3","Test":"TestAssuranceStorageReplacementViewFixed","Output":"raft2026/10/02 16:48:54 INFO: entry at (index,term)=(3,3) mismatched with entry at (3,2) in unstable log; ignoring\n"}
{"Time":"2026-10-02T16:48:54.385996315+08:00","Action":"output","Package":"go.etcd.io/raft/v3","Test":"TestAssuranceStorageReplacementViewFixed","Output":"CA_EVENT {\"entry_index\":3,\"event\":\"view\",\"log_entry\":\"{\\\"data\\\":\\\"cmV0YWluZWQtZnJvbS1maXJzdC1sZWFkZXI=\\\",\\\"index\\\":3,\\\"term\\\":2,\\\"type\\\":0}\",\"log_term\":2,\"node\":2,\"op\":\"replacement\",\"original_entry_term\":2,\"pending_completions\":0,\"pending_writes\":0,\"phase\":\"after_current_completion\",\"raft_term\":4,\"serial\":10,\"stored_term\":2,\"unstable_entries\":0,\"unstable_offset\":5}\n"}
{"Time":"2026-10-02T16:48:54.385998469+08:00","Action":"output","Package":"go.etcd.io/raft/v3","Test":"TestAssuranceStorageReplacementViewFixed","Output":"raft2026/10/02 16:48:54 INFO: found conflict at index 3 [existing term: 3, conflicting term: 2]\n"}
{"Time":"2026-10-02T16:48:54.386000081+08:00","Action":"output","Package":"go.etcd.io/raft/v3","Test":"TestAssuranceStorageReplacementViewFixed","Output":"raft2026/10/02 16:48:54 INFO: replace the unstable entries from index 3\n"}
{"Time":"2026-10-02T16:48:54.38605608+08:00","Action":"output","Package":"go.etcd.io/raft/v3","Test":"TestAssuranceStorageReplacementViewFixed","Output":"CA_EVENT {\"dropped_network\":9,\"entry_index\":3,\"event\":\"finished\",\"follower_applied\":4,\"follower_commit\":4,\"node\":2,\"op\":\"replacement\",\"pending_append2\":0,\"pending_completion2\":0,\"pending_network\":0,\"serial\":11}\n"}
{"Time":"2026-10-02T16:48:54.386904628+08:00","Action":"output","Package":"go.etcd.io/raft/v3","Test":"TestAssuranceStorageReplacementViewFixed","Output":"--- PASS: TestAssuranceStorageReplacementViewFixed (0.00s)\n"}
{"Time":"2026-10-02T16:48:54.386911263+08:00","Action":"pass","Package":"go.etcd.io/raft/v3","Test":"TestAssuranceStorageReplacementViewFixed","Elapsed":0}
{"Time":"2026-10-02T16:48:54.386917595+08:00","Action":"output","Package":"go.etcd.io/raft/v3","Output":"PASS\n"}
{"Time":"2026-10-02T16:48:54.387024562+08:00","Action":"output","Package":"go.etcd.io/raft/v3","Output":"ok  \tgo.etcd.io/raft/v3\t0.007s\n"}
{"Time":"2026-10-02T16:48:54.387042494+08:00","Action":"pass","Package":"go.etcd.io/raft/v3","Elapsed":0.007}
