{
  "candidate_id": "aeb73b5cad984c1ca24f9ed591ca678d",
  "obligation": null,
  "bindings": [],
  "dependencies": [],
  "context_claims": [],
  "audit_question": {
    "disposition": "concrete_suspicion",
    "preferred_check": "source_review",
    "requests": [
      {
        "file": "run.go",
        "start_line": 23,
        "end_line": 103,
        "reason": "Verify the caller-supplied replica IDs, membership, fault parameter and initial leader selection for a concrete three-replica, F=1 recovery history."
      },
      {
        "file": "replica/replica.go",
        "start_line": 137,
        "end_line": 340,
        "reason": "Inspect peer connection, message dispatch and send infrastructure following the acquired constructor. Determine whether independent peer connections permit delaying the original leader's commit traffic while another replica exchanges recovery messages; locate any remaining send or dispatch implementation dependencies."
      }
    ],
    "question": "When F3 is established during recovery without client proposals, can a replica replace commands already accepted by a write support set with NOOP and obtain a conflicting decision before protective commit information arrives, under the actual membership and transport configuration?",
    "importance": "A conflicting decision for one instance could cause replicas to process different command sequences. Constructor and dispatch code now establish an enabled recovery path, but a correlated legal execution reaching conflicting decisions remains unverified.",
    "source_ids": [
      "paxos/paxos.go:24:236",
      "paxos/paxos.go:237:267",
      "paxos/paxos.go:261:397",
      "paxos/paxos.go:398:538",
      "paxos/paxos.go:539:666",
      "paxos/paxos.go:667:736",
      "replica/replica.go:1:80",
      "replica/replica.go:81:136"
    ],
    "participants": [
      "Original proposing replica",
      "Recovering replica with retained acceptance and no leader bookkeeping",
      "Another replica retaining accepted commands",
      "Peer connection and dispatch infrastructure"
    ],
    "objects": [
      "F3 assignment for one instance",
      "Instance commands, bal, vbal and status",
      "Recovery-created LeaderBookkeeping",
      "PrepareReply and outgoing Accept commands",
      "Read and write support sets",
      "Commit traffic on peer connections"
    ],
    "contexts": [
      "Fresh in-memory construction with Exec=true and Durable=false",
      "Existing accepted instance whose commit notification has not been processed",
      "Recovery bookkeeping with nil clientProposals and zero reply counters",
      "Proposed bounded configuration N=3, F=1, distinct IDs 0, 1 and 2, subject to caller verification",
      "No crashes, restarts, duplicate replies or membership changes in the immediate discriminator"
    ],
    "event_paths": [
      "Original proposal installs commands at remote acceptors -> original proposer processes sufficient replies -> commit notifications remain unprocessed at those acceptors -> an execution gap enqueues recovery -> run dispatches recover without a leader guard -> matching preparation reply exposes retained commands -> threshold assigns NOOP and broadcasts Accept -> subsequent acceptance and decision are checked against the original decision"
    ],
    "activity_classes": [
      "A1",
      "A2",
      "A3",
      "A5"
    ],
    "behavior_ids": [
      "B2",
      "B3",
      "B4",
      "B8"
    ],
    "fact_ids": [
      "F3"
    ],
    "obligation_relation_kind": "establishment",
    "counterevidence": [
      "A locally COMMITTED instance answers Prepare with a full Commit instead of PrepareReply.",
      "handleAccept preserves locally COMMITTED instances and rejects incoming ballots below its promise.",
      "handlePrepareReply requires a reply ballot matching lastTriedBallot to count successful preparation.",
      "Fresh proposal admission advances crtInstance; the selected history instead uses recovery of an existing instance.",
      "ReadQuorumSize=N-F and WriteQuorumSize=F+1 imply intersecting sets only with valid membership and distinct participants. The proposed history must use actual distinct responders rather than exploit duplicate counters.",
      "makeBallot on a nonleader uses its replica ID without increasing it beyond observed ballots. Recovery therefore does not universally obtain matching replies; the proposed history requires a recovering ID ballot above the original ballot.",
      "run starts executeCommands only after ConnectToPeers and ComputeClosestPeers return. Exec=true alone does not establish successful startup.",
      "F3 establishes a local assignment, not prior choice, a valid quorum or a subsequent conflicting decision.",
      "Existing send calls establish neither delivery nor a legal cross-connection schedule."
    ],
    "unknowns": [
      "Whether the startup caller supplies the proposed N=3, F=1 configuration with distinct IDs and an initial leader compatible with the candidate ballot ordering.",
      "How peer connections set Alive, dispatch messages and constrain ordering across different senders.",
      "Whether original commit traffic can remain unprocessed while recovery preparation and acceptance complete without violating transport ordering.",
      "Whether a correlated execution establishes both the original decision and a conflicting replacement decision using distinct participants.",
      "The exact NOOP representation and its command-level distinction from the selected original operation must be grounded before constructing an executable oracle.",
      "The client-proposal replacement variant remains outside the immediate recovery discriminator.",
      "Durable restart semantics remain outside this retained-memory, delayed-message history."
    ],
    "priority": 1,
    "trigger_rationale": "The acquired constructors resolve the activation and field-initialization gaps: Paxos passes exec=true; the base constructor stores that value, derives N from addresses, stores F and Id, and initializes peer order. The run loop consumes instancesToRecover without checking IsLeader. Existing accepted instances with nil bookkeeping receive recovery bookkeeping with nil proposals, zero counters and ballot=-1. Thus configuration does not disable recovery at construction. For the proposed distinct-ID ordering, the source permits examining a nonleader recovery ballot above an original leader ballot without invoking failover. Caller selection and legal message scheduling are now the decisive remaining prerequisites."
  },
  "selection_rationale": "Continue the same F3 establishment question. This review eliminated the possibility that the Paxos constructor disables execution-driven recovery and established the concrete recovery dispatch and bookkeeping initialization. It also exposed a useful restriction: nonleader recovery uses its ID as the ballot, so a bounded history must respect that ordering. The next reads verify caller selection and transport constraints before asserting a legal conflicting-decision scenario or deriving its bounded requirement.",
  "reading_requests": [
    {
      "file": "run.go",
      "start_line": 23,
      "end_line": 103,
      "reason": "Verify the caller-supplied replica IDs, membership, fault parameter and initial leader selection for a concrete three-replica, F=1 recovery history."
    },
    {
      "file": "replica/replica.go",
      "start_line": 137,
      "end_line": 340,
      "reason": "Inspect peer connection, message dispatch and send infrastructure following the acquired constructor. Determine whether independent peer connections permit delaying the original leader's commit traffic while another replica exchanges recovery messages; locate any remaining send or dispatch implementation dependencies."
    }
  ],
  "descriptive_issues": [
    {
      "candidate_effect": "independent_enrichment",
      "object_ids": [
        "A3",
        "surface:Replica.executeCommands and Replica.recover"
      ],
      "source_ids": [
        "paxos/paxos.go:24:236",
        "paxos/paxos.go:237:267",
        "replica/replica.go:81:136"
      ],
      "reason": "The inventory retains an unread recovery dispatch boundary. Acquired code shows that Paxos constructs the base replica with Exec=true, run starts executeCommands after peer setup, and the same run select consumes instancesToRecover by calling recover without an IsLeader or obsolete-request guard. Record this reusable activation and ownership information while preserving startup completion and successful recovery as unknowns. It does not change F3's local assignment meaning or the selected discriminator."
    }
  ],
  "fork_from_candidate_id": null,
  "fork_reason": ""
}
