{
  "candidate_action": "continue",
  "candidate_id": "c911543127884643abf25ee2c4d5697c",
  "obligation": null,
  "bindings": [],
  "dependencies": [],
  "context_claims": [],
  "audit_question": {
    "disposition": "explained_by_existing_mechanism",
    "preferred_check": "source_review",
    "requests": [],
    "question": "When an ordinary AppendEntries response establishes F_replication_response_accepted, does subsequent match reporting preserve the responding peer's identity and leader-local commitment context across concurrent replication-state updates?",
    "importance": "Crediting another peer or leader context with a successful response could overstate replication support. The supplied lifecycle code explains the suspected local attribution gap; this conclusion does not establish storage correctness or decision safety.",
    "source_ids": [
      "replication.go:1:298",
      "replication.go:646:665",
      "raft.go:455:666",
      "commitment.go:1:104"
    ],
    "participants": [
      "Ordinary replication actor",
      "Main Raft actor managing replication state",
      "Leader-local commitment accumulator"
    ],
    "objects": [
      "followerReplication",
      "AppendEntries request and response",
      "Peer identity",
      "Commitment voter map"
    ],
    "contexts": [
      "An ordinary AppendEntries RPC overlapping the supplied replication-state management paths",
      "The leader-local commitment object retained by the replication actor"
    ],
    "event_paths": [
      "Peer selection -> AppendEntries response acceptance -> updateLastAppended -> commitment.match",
      "Address update, peer removal, or leader cleanup overlapping an outstanding RPC"
    ],
    "activity_classes": [
      "A1",
      "A2",
      "A4"
    ],
    "behavior_ids": [
      "B_replicate",
      "B_replication_success",
      "B_commit_match"
    ],
    "fact_ids": [
      "F_replication_response_accepted"
    ],
    "obligation_relation_kind": "consumption",
    "counterevidence": [
      "raft.go:455:666: startStopReplication looks up existing replication state by server.ID. Its address-change branch replaces s.peer with the server carrying that same lookup ID. The shown update therefore preserves logical peer identity even when the address changes during an RPC.",
      "replication.go:1:298 and replication.go:646:665: replicateTo captures the destination before the RPC, whereas updateLastAppended reads s.peer.ID afterwards. These are different reads, but the supplied management path preserves their ID value.",
      "raft.go:455:666: a new followerReplication captures r.leaderState.commitment at construction. Removing a peer closes its stop channel and deletes its map entry; it does not repoint that object's commitment reference. Subsequent creation allocates another replication object.",
      "raft.go:455:666: setupLeaderState allocates a fresh commitment object for leader entry. Cleanup clears the leaderState reference and stops replication, without replacing references already held by old replication objects. Late completion through an old object consequently targets its retained accumulator rather than the newly allocated leader accumulator.",
      "replication.go:1:298: ordinary success processing follows transport-error and higher-response-term rejection checks.",
      "commitment.go:1:104: match documents progress attribution to the specified server and filters nonvoters and nonincreasing reports. These filters supplement the object-ownership explanation; they would not independently correct a misattributed voter ID."
    ],
    "unknowns": [
      "This source review does not establish Go data-race freedom for the unlocked s.peer.ID read concurrent with whole-struct s.peer replacement.",
      "Whether an address change or removal followed by readdition preserves the same physical server and retained storage is outside the resolved logical-ID attribution relation.",
      "The handling and consequences of late reports within the same leader-local accumulator across configuration changes have not been checked.",
      "Pipeline, snapshot, transport identity enforcement, and remote durability guarantees are outside this ordinary-response disposition.",
      "No actual execution or independent test has established either misattribution or a broader decision consequence."
    ],
    "priority": 2,
    "trigger_rationale": "The original discriminator was whether the asynchronous gap permits the shown replication-state updates to change the reported logical peer ID or redirect the retained commitment reference. The attached construction, update, removal, and cleanup paths explain why those particular changes do not occur."
  },
  "selection_rationale": "The completed source receipt resolves the selected discriminator: address replacement retains the map-key ServerID, and replication actors retain their original commitment object through removal and leader cleanup. This supports a scoped explanation of the proposed attribution mechanism without deriving an obligation or claiming overall correctness. Physical incarnation continuity, synchronization safety, and same-leader configuration history remain distinct unresolved questions; the other candidate's archived check identifiers provide no result that changes this judgment.",
  "reading_requests": [],
  "frontier_entry_point": null,
  "descriptive_issues": [],
  "fork_from_candidate_id": null,
  "fork_reason": "",
  "resume_conditions": []
}
