{"Time":"2026-10-06T19:46:19.301672802+08:00","Action":"start","Package":"github.com/lni/dragonboat/v3/internal/raft"}
{"Time":"2026-10-06T19:46:19.316921762+08:00","Action":"run","Package":"github.com/lni/dragonboat/v3/internal/raft","Test":"TestAssuranceReadPrefixIdentity"}
{"Time":"2026-10-06T19:46:19.317003425+08:00","Action":"output","Package":"github.com/lni/dragonboat/v3/internal/raft","Test":"TestAssuranceReadPrefixIdentity","Output":"=== RUN   TestAssuranceReadPrefixIdentity\n"}
{"Time":"2026-10-06T19:46:19.317203001+08:00","Action":"output","Package":"github.com/lni/dragonboat/v3/internal/raft","Test":"TestAssuranceReadPrefixIdentity","Output":"2026-10-06 19:46:19.316719 I | raft: [00077:00001] created, initial: true, new: true\n"}
{"Time":"2026-10-06T19:46:19.31722793+08:00","Action":"output","Package":"github.com/lni/dragonboat/v3/internal/raft","Test":"TestAssuranceReadPrefixIdentity","Output":"2026-10-06 19:46:19.316867 I | raft: [00077:00001] raft log rate limit enabled: false, 0\n"}
{"Time":"2026-10-06T19:46:19.317267175+08:00","Action":"output","Package":"github.com/lni/dragonboat/v3/internal/raft","Test":"TestAssuranceReadPrefixIdentity","Output":"2026-10-06 19:46:19.316885 I | raft: [f:1,l:0,t:0,c:0,a:0] [00077:00001] t0 became follower\n"}
{"Time":"2026-10-06T19:46:19.317292451+08:00","Action":"output","Package":"github.com/lni/dragonboat/v3/internal/raft","Test":"TestAssuranceReadPrefixIdentity","Output":"2026-10-06 19:46:19.316903 I | raft: [f:1,l:0,t:0,c:0,a:0] [00077:00001] t1 became follower\n"}
{"Time":"2026-10-06T19:46:19.3173099+08:00","Action":"output","Package":"github.com/lni/dragonboat/v3/internal/raft","Test":"TestAssuranceReadPrefixIdentity","Output":"2026-10-06 19:46:19.316913 I | raft: [f:1,l:0,t:0,c:0,a:0] [00077:00001] t1 added bootstrap ConfigChangeAddNode, 1, n1\n"}
{"Time":"2026-10-06T19:46:19.317386987+08:00","Action":"output","Package":"github.com/lni/dragonboat/v3/internal/raft","Test":"TestAssuranceReadPrefixIdentity","Output":"2026-10-06 19:46:19.316920 I | raft: [f:1,l:0,t:0,c:0,a:0] [00077:00001] t1 added bootstrap ConfigChangeAddNode, 2, n2\n"}
{"Time":"2026-10-06T19:46:19.317405735+08:00","Action":"output","Package":"github.com/lni/dragonboat/v3/internal/raft","Test":"TestAssuranceReadPrefixIdentity","Output":"2026-10-06 19:46:19.316925 I | raft: [f:1,l:0,t:0,c:0,a:0] [00077:00001] t1 added bootstrap ConfigChangeAddNode, 3, n3\n"}
{"Time":"2026-10-06T19:46:19.317421416+08:00","Action":"output","Package":"github.com/lni/dragonboat/v3/internal/raft","Test":"TestAssuranceReadPrefixIdentity","Output":"2026-10-06 19:46:19.316948 I | raft: [00077:00002] created, initial: true, new: true\n"}
{"Time":"2026-10-06T19:46:19.317436287+08:00","Action":"output","Package":"github.com/lni/dragonboat/v3/internal/raft","Test":"TestAssuranceReadPrefixIdentity","Output":"2026-10-06 19:46:19.316954 I | raft: [00077:00002] raft log rate limit enabled: false, 0\n"}
{"Time":"2026-10-06T19:46:19.317453892+08:00","Action":"output","Package":"github.com/lni/dragonboat/v3/internal/raft","Test":"TestAssuranceReadPrefixIdentity","Output":"2026-10-06 19:46:19.316959 I | raft: [f:1,l:0,t:0,c:0,a:0] [00077:00002] t0 became follower\n"}
{"Time":"2026-10-06T19:46:19.317468986+08:00","Action":"output","Package":"github.com/lni/dragonboat/v3/internal/raft","Test":"TestAssuranceReadPrefixIdentity","Output":"2026-10-06 19:46:19.316968 I | raft: [f:1,l:0,t:0,c:0,a:0] [00077:00002] t1 became follower\n"}
{"Time":"2026-10-06T19:46:19.317486055+08:00","Action":"output","Package":"github.com/lni/dragonboat/v3/internal/raft","Test":"TestAssuranceReadPrefixIdentity","Output":"2026-10-06 19:46:19.316974 I | raft: [f:1,l:0,t:0,c:0,a:0] [00077:00002] t1 added bootstrap ConfigChangeAddNode, 1, n1\n"}
{"Time":"2026-10-06T19:46:19.317502176+08:00","Action":"output","Package":"github.com/lni/dragonboat/v3/internal/raft","Test":"TestAssuranceReadPrefixIdentity","Output":"2026-10-06 19:46:19.316980 I | raft: [f:1,l:0,t:0,c:0,a:0] [00077:00002] t1 added bootstrap ConfigChangeAddNode, 2, n2\n"}
{"Time":"2026-10-06T19:46:19.317517879+08:00","Action":"output","Package":"github.com/lni/dragonboat/v3/internal/raft","Test":"TestAssuranceReadPrefixIdentity","Output":"2026-10-06 19:46:19.316985 I | raft: [f:1,l:0,t:0,c:0,a:0] [00077:00002] t1 added bootstrap ConfigChangeAddNode, 3, n3\n"}
{"Time":"2026-10-06T19:46:19.317535161+08:00","Action":"output","Package":"github.com/lni/dragonboat/v3/internal/raft","Test":"TestAssuranceReadPrefixIdentity","Output":"2026-10-06 19:46:19.316998 I | raft: [00077:00003] created, initial: true, new: true\n"}
{"Time":"2026-10-06T19:46:19.317549976+08:00","Action":"output","Package":"github.com/lni/dragonboat/v3/internal/raft","Test":"TestAssuranceReadPrefixIdentity","Output":"2026-10-06 19:46:19.317003 I | raft: [00077:00003] raft log rate limit enabled: false, 0\n"}
{"Time":"2026-10-06T19:46:19.31756438+08:00","Action":"output","Package":"github.com/lni/dragonboat/v3/internal/raft","Test":"TestAssuranceReadPrefixIdentity","Output":"2026-10-06 19:46:19.317013 I | raft: [f:1,l:0,t:0,c:0,a:0] [00077:00003] t0 became follower\n"}
{"Time":"2026-10-06T19:46:19.317579687+08:00","Action":"output","Package":"github.com/lni/dragonboat/v3/internal/raft","Test":"TestAssuranceReadPrefixIdentity","Output":"2026-10-06 19:46:19.317048 I | raft: [f:1,l:0,t:0,c:0,a:0] [00077:00003] t1 became follower\n"}
{"Time":"2026-10-06T19:46:19.317617576+08:00","Action":"output","Package":"github.com/lni/dragonboat/v3/internal/raft","Test":"TestAssuranceReadPrefixIdentity","Output":"2026-10-06 19:46:19.317055 I | raft: [f:1,l:0,t:0,c:0,a:0] [00077:00003] t1 added bootstrap ConfigChangeAddNode, 1, n1\n"}
{"Time":"2026-10-06T19:46:19.31763381+08:00","Action":"output","Package":"github.com/lni/dragonboat/v3/internal/raft","Test":"TestAssuranceReadPrefixIdentity","Output":"2026-10-06 19:46:19.317061 I | raft: [f:1,l:0,t:0,c:0,a:0] [00077:00003] t1 added bootstrap ConfigChangeAddNode, 2, n2\n"}
{"Time":"2026-10-06T19:46:19.317648043+08:00","Action":"output","Package":"github.com/lni/dragonboat/v3/internal/raft","Test":"TestAssuranceReadPrefixIdentity","Output":"2026-10-06 19:46:19.317066 I | raft: [f:1,l:0,t:0,c:0,a:0] [00077:00003] t1 added bootstrap ConfigChangeAddNode, 3, n3\n"}
{"Time":"2026-10-06T19:46:19.317662363+08:00","Action":"output","Package":"github.com/lni/dragonboat/v3/internal/raft","Test":"TestAssuranceReadPrefixIdentity","Output":"2026-10-06 19:46:19.317086 W | raft: [f:1,l:3,t:1,c:3,a:3] [00077:00001] t2 became candidate\n"}
{"Time":"2026-10-06T19:46:19.317678096+08:00","Action":"output","Package":"github.com/lni/dragonboat/v3/internal/raft","Test":"TestAssuranceReadPrefixIdentity","Output":"2026-10-06 19:46:19.317092 W | raft: [f:1,l:3,t:1,c:3,a:3] [00077:00001] t2 received RequestVoteResp from n00001\n"}
{"Time":"2026-10-06T19:46:19.317693529+08:00","Action":"output","Package":"github.com/lni/dragonboat/v3/internal/raft","Test":"TestAssuranceReadPrefixIdentity","Output":"2026-10-06 19:46:19.317102 W | raft: [f:1,l:3,t:1,c:3,a:3] [00077:00001] t2 sent RequestVote to n00002\n"}
{"Time":"2026-10-06T19:46:19.317709884+08:00","Action":"output","Package":"github.com/lni/dragonboat/v3/internal/raft","Test":"TestAssuranceReadPrefixIdentity","Output":"2026-10-06 19:46:19.317108 W | raft: [f:1,l:3,t:1,c:3,a:3] [00077:00001] t2 sent RequestVote to n00003\n"}
{"Time":"2026-10-06T19:46:19.317725033+08:00","Action":"output","Package":"github.com/lni/dragonboat/v3/internal/raft","Test":"TestAssuranceReadPrefixIdentity","Output":"CA_EVENT {\"dropped\":false,\"event\":\"wire\",\"from\":1,\"high\":0,\"low\":0,\"phase\":\"setup\",\"term\":2,\"to\":2,\"type\":\"RequestVote\"}\n"}
{"Time":"2026-10-06T19:46:19.317744975+08:00","Action":"output","Package":"github.com/lni/dragonboat/v3/internal/raft","Test":"TestAssuranceReadPrefixIdentity","Output":"CA_EVENT {\"dropped\":false,\"event\":\"wire\",\"from\":1,\"high\":0,\"low\":0,\"phase\":\"setup\",\"term\":2,\"to\":3,\"type\":\"RequestVote\"}\n"}
{"Time":"2026-10-06T19:46:19.317762749+08:00","Action":"output","Package":"github.com/lni/dragonboat/v3/internal/raft","Test":"TestAssuranceReadPrefixIdentity","Output":"2026-10-06 19:46:19.317216 W | raft: [f:1,l:3,t:1,c:3,a:3] [00077:00002] t1 received RequestVote with higher term (2) from n00001\n"}
{"Time":"2026-10-06T19:46:19.317779103+08:00","Action":"output","Package":"github.com/lni/dragonboat/v3/internal/raft","Test":"TestAssuranceReadPrefixIdentity","Output":"2026-10-06 19:46:19.317224 W | raft: [f:1,l:3,t:1,c:3,a:3] [00077:00002] t1 become followerKE after receiving higher term from n00001\n"}
{"Time":"2026-10-06T19:46:19.317793084+08:00","Action":"output","Package":"github.com/lni/dragonboat/v3/internal/raft","Test":"TestAssuranceReadPrefixIdentity","Output":"2026-10-06 19:46:19.317230 I | raft: [f:1,l:3,t:1,c:3,a:3] [00077:00002] t2 became follower\n"}
{"Time":"2026-10-06T19:46:19.317806957+08:00","Action":"output","Package":"github.com/lni/dragonboat/v3/internal/raft","Test":"TestAssuranceReadPrefixIdentity","Output":"2026-10-06 19:46:19.317238 W | raft: [f:1,l:3,t:1,c:3,a:3] [00077:00002] t2 cast vote from n00001 index 3 term 2, log term: 1\n"}
{"Time":"2026-10-06T19:46:19.317821489+08:00","Action":"output","Package":"github.com/lni/dragonboat/v3/internal/raft","Test":"TestAssuranceReadPrefixIdentity","Output":"CA_EVENT {\"dropped\":false,\"event\":\"wire\",\"from\":2,\"high\":0,\"low\":0,\"phase\":\"setup\",\"term\":2,\"to\":1,\"type\":\"RequestVoteResp\"}\n"}
{"Time":"2026-10-06T19:46:19.317917908+08:00","Action":"output","Package":"github.com/lni/dragonboat/v3/internal/raft","Test":"TestAssuranceReadPrefixIdentity","Output":"2026-10-06 19:46:19.317257 W | raft: [f:1,l:3,t:1,c:3,a:3] [00077:00003] t1 received RequestVote with higher term (2) from n00001\n"}
{"Time":"2026-10-06T19:46:19.317950532+08:00","Action":"output","Package":"github.com/lni/dragonboat/v3/internal/raft","Test":"TestAssuranceReadPrefixIdentity","Output":"2026-10-06 19:46:19.317268 W | raft: [f:1,l:3,t:1,c:3,a:3] [00077:00003] t1 become followerKE after receiving higher term from n00001\n"}
{"Time":"2026-10-06T19:46:19.317967237+08:00","Action":"output","Package":"github.com/lni/dragonboat/v3/internal/raft","Test":"TestAssuranceReadPrefixIdentity","Output":"2026-10-06 19:46:19.317275 I | raft: [f:1,l:3,t:1,c:3,a:3] [00077:00003] t2 became follower\n"}
{"Time":"2026-10-06T19:46:19.317981197+08:00","Action":"output","Package":"github.com/lni/dragonboat/v3/internal/raft","Test":"TestAssuranceReadPrefixIdentity","Output":"2026-10-06 19:46:19.317281 W | raft: [f:1,l:3,t:1,c:3,a:3] [00077:00003] t2 cast vote from n00001 index 3 term 2, log term: 1\n"}
{"Time":"2026-10-06T19:46:19.317996264+08:00","Action":"output","Package":"github.com/lni/dragonboat/v3/internal/raft","Test":"TestAssuranceReadPrefixIdentity","Output":"CA_EVENT {\"dropped\":false,\"event\":\"wire\",\"from\":3,\"high\":0,\"low\":0,\"phase\":\"setup\",\"term\":2,\"to\":1,\"type\":\"RequestVoteResp\"}\n"}
{"Time":"2026-10-06T19:46:19.318032203+08:00","Action":"output","Package":"github.com/lni/dragonboat/v3/internal/raft","Test":"TestAssuranceReadPrefixIdentity","Output":"2026-10-06 19:46:19.317299 W | raft: [f:1,l:3,t:1,c:3,a:3] [00077:00001] t2 received RequestVoteResp from n00002\n"}
{"Time":"2026-10-06T19:46:19.318048362+08:00","Action":"output","Package":"github.com/lni/dragonboat/v3/internal/raft","Test":"TestAssuranceReadPrefixIdentity","Output":"2026-10-06 19:46:19.317306 W | raft: [f:1,l:3,t:1,c:3,a:3] [00077:00001] t2 received 2 votes and 0 rejections, quorum is 2\n"}
{"Time":"2026-10-06T19:46:19.318063038+08:00","Action":"output","Package":"github.com/lni/dragonboat/v3/internal/raft","Test":"TestAssuranceReadPrefixIdentity","Output":"2026-10-06 19:46:19.317319 I | raft: [f:1,l:4,t:2,c:3,a:3] [00077:00001] t2 became leader\n"}
{"Time":"2026-10-06T19:46:19.31807667+08:00","Action":"output","Package":"github.com/lni/dragonboat/v3/internal/raft","Test":"TestAssuranceReadPrefixIdentity","Output":"CA_EVENT {\"dropped\":false,\"event\":\"wire\",\"from\":1,\"high\":0,\"low\":0,\"phase\":\"setup\",\"term\":2,\"to\":2,\"type\":\"Replicate\"}\n"}
{"Time":"2026-10-06T19:46:19.318093743+08:00","Action":"output","Package":"github.com/lni/dragonboat/v3/internal/raft","Test":"TestAssuranceReadPrefixIdentity","Output":"CA_EVENT {\"dropped\":false,\"event\":\"wire\",\"from\":1,\"high\":0,\"low\":0,\"phase\":\"setup\",\"term\":2,\"to\":3,\"type\":\"Replicate\"}\n"}
{"Time":"2026-10-06T19:46:19.318109603+08:00","Action":"output","Package":"github.com/lni/dragonboat/v3/internal/raft","Test":"TestAssuranceReadPrefixIdentity","Output":"CA_EVENT {\"dropped\":false,\"event\":\"wire\",\"from\":2,\"high\":0,\"low\":0,\"phase\":\"setup\",\"term\":2,\"to\":1,\"type\":\"ReplicateResp\"}\n"}
{"Time":"2026-10-06T19:46:19.318135712+08:00","Action":"output","Package":"github.com/lni/dragonboat/v3/internal/raft","Test":"TestAssuranceReadPrefixIdentity","Output":"CA_EVENT {\"dropped\":false,\"event\":\"wire\",\"from\":3,\"high\":0,\"low\":0,\"phase\":\"setup\",\"term\":2,\"to\":1,\"type\":\"ReplicateResp\"}\n"}
{"Time":"2026-10-06T19:46:19.318270215+08:00","Action":"output","Package":"github.com/lni/dragonboat/v3/internal/raft","Test":"TestAssuranceReadPrefixIdentity","Output":"CA_EVENT {\"dropped\":false,\"event\":\"wire\",\"from\":1,\"high\":0,\"low\":0,\"phase\":\"setup\",\"term\":2,\"to\":2,\"type\":\"Replicate\"}\n"}
{"Time":"2026-10-06T19:46:19.318297113+08:00","Action":"output","Package":"github.com/lni/dragonboat/v3/internal/raft","Test":"TestAssuranceReadPrefixIdentity","Output":"CA_EVENT {\"dropped\":false,\"event\":\"wire\",\"from\":1,\"high\":0,\"low\":0,\"phase\":\"setup\",\"term\":2,\"to\":3,\"type\":\"Replicate\"}\n"}
{"Time":"2026-10-06T19:46:19.318314001+08:00","Action":"output","Package":"github.com/lni/dragonboat/v3/internal/raft","Test":"TestAssuranceReadPrefixIdentity","Output":"CA_EVENT {\"dropped\":false,\"event\":\"wire\",\"from\":2,\"high\":0,\"low\":0,\"phase\":\"setup\",\"term\":2,\"to\":1,\"type\":\"ReplicateResp\"}\n"}
{"Time":"2026-10-06T19:46:19.31837743+08:00","Action":"output","Package":"github.com/lni/dragonboat/v3/internal/raft","Test":"TestAssuranceReadPrefixIdentity","Output":"CA_EVENT {\"dropped\":false,\"event\":\"wire\",\"from\":3,\"high\":0,\"low\":0,\"phase\":\"setup\",\"term\":2,\"to\":1,\"type\":\"ReplicateResp\"}\n"}
{"Time":"2026-10-06T19:46:19.318398879+08:00","Action":"output","Package":"github.com/lni/dragonboat/v3/internal/raft","Test":"TestAssuranceReadPrefixIdentity","Output":"CA_EVENT {\"dropped\":false,\"event\":\"wire\",\"from\":2,\"high\":101,\"low\":1001,\"phase\":\"reads\",\"term\":0,\"to\":1,\"type\":\"ReadIndex\"}\n"}
{"Time":"2026-10-06T19:46:19.318416219+08:00","Action":"output","Package":"github.com/lni/dragonboat/v3/internal/raft","Test":"TestAssuranceReadPrefixIdentity","Output":"CA_EVENT {\"dropped\":true,\"event\":\"wire\",\"from\":1,\"high\":101,\"low\":1001,\"phase\":\"reads\",\"term\":2,\"to\":2,\"type\":\"Heartbeat\"}\n"}
{"Time":"2026-10-06T19:46:19.318433672+08:00","Action":"output","Package":"github.com/lni/dragonboat/v3/internal/raft","Test":"TestAssuranceReadPrefixIdentity","Output":"CA_EVENT {\"dropped\":true,\"event\":\"wire\",\"from\":1,\"high\":101,\"low\":1001,\"phase\":\"reads\",\"term\":2,\"to\":3,\"type\":\"Heartbeat\"}\n"}
{"Time":"2026-10-06T19:46:19.31845134+08:00","Action":"output","Package":"github.com/lni/dragonboat/v3/internal/raft","Test":"TestAssuranceReadPrefixIdentity","Output":"CA_EVENT {\"dropped\":false,\"event\":\"wire\",\"from\":3,\"high\":202,\"low\":2001,\"phase\":\"reads\",\"term\":0,\"to\":1,\"type\":\"ReadIndex\"}\n"}
{"Time":"2026-10-06T19:46:19.318468997+08:00","Action":"output","Package":"github.com/lni/dragonboat/v3/internal/raft","Test":"TestAssuranceReadPrefixIdentity","Output":"CA_EVENT {\"dropped\":false,\"event\":\"wire\",\"from\":1,\"high\":202,\"low\":2001,\"phase\":\"reads\",\"term\":2,\"to\":2,\"type\":\"Heartbeat\"}\n"}
{"Time":"2026-10-06T19:46:19.318486896+08:00","Action":"output","Package":"github.com/lni/dragonboat/v3/internal/raft","Test":"TestAssuranceReadPrefixIdentity","Output":"CA_EVENT {\"dropped\":false,\"event\":\"wire\",\"from\":1,\"high\":202,\"low\":2001,\"phase\":\"reads\",\"term\":2,\"to\":3,\"type\":\"Heartbeat\"}\n"}
{"Time":"2026-10-06T19:46:19.318518955+08:00","Action":"output","Package":"github.com/lni/dragonboat/v3/internal/raft","Test":"TestAssuranceReadPrefixIdentity","Output":"CA_EVENT {\"current_term_committed\":true,\"dropped_heartbeats\":2,\"event\":\"admitted\",\"expected_contexts\":\"[{\\\"Low\\\":1001,\\\"High\\\":101}]\",\"pending_count\":2,\"queued\":true,\"requester\":2,\"sampled_index\":4,\"scenario\":\"remote_prefix\",\"term\":2}\n"}
{"Time":"2026-10-06T19:46:19.318548455+08:00","Action":"output","Package":"github.com/lni/dragonboat/v3/internal/raft","Test":"TestAssuranceReadPrefixIdentity","Output":"CA_EVENT {\"current_term_committed\":true,\"dropped_heartbeats\":2,\"event\":\"admitted\",\"expected_contexts\":\"[{\\\"Low\\\":2001,\\\"High\\\":202}]\",\"pending_count\":2,\"queued\":true,\"requester\":3,\"sampled_index\":4,\"scenario\":\"remote_prefix\",\"term\":2}\n"}
{"Time":"2026-10-06T19:46:19.318569471+08:00","Action":"output","Package":"github.com/lni/dragonboat/v3/internal/raft","Test":"TestAssuranceReadPrefixIdentity","Output":"CA_EVENT {\"dropped\":false,\"event\":\"wire\",\"from\":2,\"high\":202,\"low\":2001,\"phase\":\"reads\",\"term\":2,\"to\":1,\"type\":\"HeartbeatResp\"}\n"}
{"Time":"2026-10-06T19:46:19.318588847+08:00","Action":"output","Package":"github.com/lni/dragonboat/v3/internal/raft","Test":"TestAssuranceReadPrefixIdentity","Output":"CA_EVENT {\"dropped\":false,\"event\":\"wire\",\"from\":3,\"high\":202,\"low\":2001,\"phase\":\"reads\",\"term\":2,\"to\":1,\"type\":\"HeartbeatResp\"}\n"}
{"Time":"2026-10-06T19:46:19.318605809+08:00","Action":"output","Package":"github.com/lni/dragonboat/v3/internal/raft","Test":"TestAssuranceReadPrefixIdentity","Output":"CA_EVENT {\"dropped\":false,\"event\":\"wire\",\"from\":1,\"high\":202,\"low\":2001,\"phase\":\"reads\",\"term\":2,\"to\":2,\"type\":\"ReadIndexResp\"}\n"}
{"Time":"2026-10-06T19:46:19.31862587+08:00","Action":"output","Package":"github.com/lni/dragonboat/v3/internal/raft","Test":"TestAssuranceReadPrefixIdentity","Output":"CA_EVENT {\"dropped\":false,\"event\":\"wire\",\"from\":1,\"high\":202,\"low\":2001,\"phase\":\"reads\",\"term\":2,\"to\":3,\"type\":\"ReadIndexResp\"}\n"}
{"Time":"2026-10-06T19:46:19.318643214+08:00","Action":"output","Package":"github.com/lni/dragonboat/v3/internal/raft","Test":"TestAssuranceReadPrefixIdentity","Output":"CA_EVENT {\"actual_contexts\":\"[{\\\"Low\\\":2001,\\\"High\\\":202}]\",\"applied\":4,\"event\":\"publication\",\"follower_ready\":[{\"Index\":4,\"SystemCtx\":{\"Low\":2001,\"High\":202}}],\"leader_pending\":0,\"queue_empty\":true,\"released\":true,\"requester\":2,\"response_count\":1,\"scenario\":\"remote_prefix\",\"term\":2}\n"}
{"Time":"2026-10-06T19:46:19.318672159+08:00","Action":"output","Package":"github.com/lni/dragonboat/v3/internal/raft","Test":"TestAssuranceReadPrefixIdentity","Output":"CA_EVENT {\"actual_contexts\":\"[{\\\"Low\\\":2001,\\\"High\\\":202}]\",\"applied\":4,\"event\":\"publication\",\"follower_ready\":[{\"Index\":4,\"SystemCtx\":{\"Low\":2001,\"High\":202}}],\"leader_pending\":0,\"queue_empty\":true,\"released\":true,\"requester\":3,\"response_count\":1,\"scenario\":\"remote_prefix\",\"term\":2}\n"}
{"Time":"2026-10-06T19:46:19.318715298+08:00","Action":"output","Package":"github.com/lni/dragonboat/v3/internal/raft","Test":"TestAssuranceReadPrefixIdentity","Output":"--- PASS: TestAssuranceReadPrefixIdentity (0.00s)\n"}
{"Time":"2026-10-06T19:46:19.318733699+08:00","Action":"pass","Package":"github.com/lni/dragonboat/v3/internal/raft","Test":"TestAssuranceReadPrefixIdentity","Elapsed":0}
{"Time":"2026-10-06T19:46:19.318845271+08:00","Action":"output","Package":"github.com/lni/dragonboat/v3/internal/raft","Output":"PASS\n"}
{"Time":"2026-10-06T19:46:19.321597781+08:00","Action":"output","Package":"github.com/lni/dragonboat/v3/internal/raft","Output":"ok  \tgithub.com/lni/dragonboat/v3/internal/raft\t0.020s\n"}
{"Time":"2026-10-06T19:46:19.321669165+08:00","Action":"pass","Package":"github.com/lni/dragonboat/v3/internal/raft","Elapsed":0.02}
