{"Time":"2026-10-06T12:15:47.124239688+08:00","Action":"start","Package":"github.com/imdea-software/swiftpaxos/epaxos"}
{"Time":"2026-10-06T12:15:47.132605067+08:00","Action":"run","Package":"github.com/imdea-software/swiftpaxos/epaxos","Test":"TestAssurancePrepareValueBallotTransport"}
{"Time":"2026-10-06T12:15:47.132632631+08:00","Action":"output","Package":"github.com/imdea-software/swiftpaxos/epaxos","Test":"TestAssurancePrepareValueBallotTransport","Output":"=== RUN   TestAssurancePrepareValueBallotTransport\n"}
{"Time":"2026-10-06T12:15:47.132992796+08:00","Action":"run","Package":"github.com/imdea-software/swiftpaxos/epaxos","Test":"TestAssurancePrepareValueBallotTransport/owner_0"}
{"Time":"2026-10-06T12:15:47.133000037+08:00","Action":"output","Package":"github.com/imdea-software/swiftpaxos/epaxos","Test":"TestAssurancePrepareValueBallotTransport/owner_0","Output":"=== RUN   TestAssurancePrepareValueBallotTransport/owner_0\n"}
{"Time":"2026-10-06T12:15:47.133014936+08:00","Action":"output","Package":"github.com/imdea-software/swiftpaxos/epaxos","Test":"TestAssurancePrepareValueBallotTransport/owner_0","Output":"CA_EVENT {\"acceptor\":1,\"ballot\":5,\"event\":\"prepare_produced\",\"expected_vballot\":0,\"instance\":0,\"replica\":0,\"scenario\":\"owner_0\",\"status\":2}\n"}
{"Time":"2026-10-06T12:15:47.133023059+08:00","Action":"output","Package":"github.com/imdea-software/swiftpaxos/epaxos","Test":"TestAssurancePrepareValueBallotTransport/owner_0","Output":"CA_EVENT {\"acceptor\":1,\"ballot\":5,\"event\":\"prepare_decoded\",\"instance\":0,\"replica\":0,\"scenario\":\"owner_0\",\"status\":2,\"vballot\":0}\n"}
{"Time":"2026-10-06T12:15:47.133032292+08:00","Action":"output","Package":"github.com/imdea-software/swiftpaxos/epaxos","Test":"TestAssurancePrepareValueBallotTransport/owner_0","Output":"--- PASS: TestAssurancePrepareValueBallotTransport/owner_0 (0.00s)\n"}
{"Time":"2026-10-06T12:15:47.133046034+08:00","Action":"pass","Package":"github.com/imdea-software/swiftpaxos/epaxos","Test":"TestAssurancePrepareValueBallotTransport/owner_0","Elapsed":0}
{"Time":"2026-10-06T12:15:47.133055538+08:00","Action":"run","Package":"github.com/imdea-software/swiftpaxos/epaxos","Test":"TestAssurancePrepareValueBallotTransport/owner_1"}
{"Time":"2026-10-06T12:15:47.133059163+08:00","Action":"output","Package":"github.com/imdea-software/swiftpaxos/epaxos","Test":"TestAssurancePrepareValueBallotTransport/owner_1","Output":"=== RUN   TestAssurancePrepareValueBallotTransport/owner_1\n"}
{"Time":"2026-10-06T12:15:47.133062711+08:00","Action":"output","Package":"github.com/imdea-software/swiftpaxos/epaxos","Test":"TestAssurancePrepareValueBallotTransport/owner_1","Output":"CA_EVENT {\"acceptor\":2,\"ballot\":3,\"event\":\"prepare_produced\",\"expected_vballot\":1,\"instance\":0,\"replica\":1,\"scenario\":\"owner_1\",\"status\":2}\n"}
{"Time":"2026-10-06T12:15:47.133066686+08:00","Action":"output","Package":"github.com/imdea-software/swiftpaxos/epaxos","Test":"TestAssurancePrepareValueBallotTransport/owner_1","Output":"CA_EVENT {\"acceptor\":2,\"ballot\":3,\"event\":\"prepare_decoded\",\"instance\":0,\"replica\":1,\"scenario\":\"owner_1\",\"status\":2,\"vballot\":0}\n"}
{"Time":"2026-10-06T12:15:47.133071343+08:00","Action":"output","Package":"github.com/imdea-software/swiftpaxos/epaxos","Test":"TestAssurancePrepareValueBallotTransport/owner_1","Output":"--- PASS: TestAssurancePrepareValueBallotTransport/owner_1 (0.00s)\n"}
{"Time":"2026-10-06T12:15:47.133074958+08:00","Action":"pass","Package":"github.com/imdea-software/swiftpaxos/epaxos","Test":"TestAssurancePrepareValueBallotTransport/owner_1","Elapsed":0}
{"Time":"2026-10-06T12:15:47.133079371+08:00","Action":"output","Package":"github.com/imdea-software/swiftpaxos/epaxos","Test":"TestAssurancePrepareValueBallotTransport","Output":"--- PASS: TestAssurancePrepareValueBallotTransport (0.00s)\n"}
{"Time":"2026-10-06T12:15:47.133083115+08:00","Action":"pass","Package":"github.com/imdea-software/swiftpaxos/epaxos","Test":"TestAssurancePrepareValueBallotTransport","Elapsed":0}
{"Time":"2026-10-06T12:15:47.133089374+08:00","Action":"output","Package":"github.com/imdea-software/swiftpaxos/epaxos","Output":"PASS\n"}
{"Time":"2026-10-06T12:15:47.133865377+08:00","Action":"output","Package":"github.com/imdea-software/swiftpaxos/epaxos","Output":"ok  \tgithub.com/imdea-software/swiftpaxos/epaxos\t0.009s\n"}
{"Time":"2026-10-06T12:15:47.133917754+08:00","Action":"pass","Package":"github.com/imdea-software/swiftpaxos/epaxos","Elapsed":0.01}
