{
  "reading_purpose": "context",
  "encoding_revision": null,
  "bundle": null,
  "draft": null,
  "gap": "The assignment and its producer-consumer expectation are grounded, but the competing transport path needs additional implementation evidence before encoding its error branches. Normal commit broadcast serializes Commit under commitShortRPC. For the selected PUT, CommitShort.Unmarshal consumes a ballot of 258 and leaves command bytes in the stream. replicaListener subsequently interprets those bytes as message codes. The supplied materials do not establish the numeric RPC registration mapping or the effect of Logger.Fatal on unknown codes. Those details determine whether subsequent protective full Commit traffic is decoded, blocked, or precluded by process termination. Modeling that traffic as independently deliverable would invent behavior. A prefix ending before residual-byte processing is a possible narrower investigation, but would need an explicit coverage limitation and would not establish the subsequent conflicting-decision consequence. Request cached supporting implementations without changing the selected obligation or bindings. No model search, calibration, or implementation confirmation is claimed.",
  "requests": [
    {
      "file": "rpc/rpc.go",
      "start_line": 1,
      "end_line": 48,
      "reason": "Reattach the previously acquired range listed in omitted_material_ids. Establish Table registration, numeric code allocation and Get behavior for sequential decoding of residual Commit payload bytes. Identify any remaining declaration dependency, including the initial RPC_TABLE value, rather than assuming its value."
    },
    {
      "file": "dlog/dlog.go",
      "start_line": 1,
      "end_line": 67,
      "reason": "Reattach the previously acquired range listed in omitted_material_ids. Establish the concrete Logger.Fatal behavior used by replicaListener for unknown message codes and the logger construction API needed by an actual-code Go harness. Process termination, panic and logging-only behavior imply different model transitions and experiment boundaries."
    }
  ]
}
