{
  "understanding": "needs_specific_evidence: The snapshot-to-reclamation handoff has visible ordering protections but an unresolved recoverability boundary. In snapshot.go:125:251, takeSnapshot rejects a capture older than the committed configuration index, requires Persist and Close to succeed, publishes snapshot metadata, then compacts. compactLogsWithTrailing bounds deletion by the snapshot index and retained trailing logs. In api.go:631:715, startup tries listed snapshots until restoration succeeds, then adopts the selected snapshot's index, term and configuration. Open or restore failures permit fallback; the availability of logs following an older fallback snapshot is not established. NoSnapshotRestoreOnStart intentionally bypasses FSM restoration while retaining metadata recovery, so that variant requires a separate application recovery contract. These observations explain local ordering, not durable recoverability. README.md:1:100 supplies the expectation that restored FSM state corresponds to replay of the removed history; the concrete SnapshotStore and FSM guarantees remain unverified.",
  "requests": [
    {
      "file": "fsm.go",
      "start_line": 181,
      "end_line": 285,
      "reason": "Complete the supplied runFSM declaration and inspect snapshot-request handling and any restore helper in this remaining range. Establish how captured state receives its index and term, how concurrent application is separated from capture, and what successful restoration means before connecting snapshot metadata to reclaimed history."
    }
  ],
  "responsibilities": [],
  "patch": {
    "claims": [],
    "bindings": [],
    "relations": [],
    "units": [],
    "expected_versions": [],
    "rationale": "Return an empty delta because the selected handoff still depends on unread capture and restoration behavior and an unselected storage implementation. Preserve existing responsibility and claim meanings.",
    "gaps": [
      "SnapshotSink's supplied interface does not establish crash durability, publication atomicity, repeated Close behavior, or retention guarantees. Concrete storage behavior must be located and read before treating successful Close as a restart guarantee.",
      "Startup fallback to an older snapshot requires examination of retained suffix availability after compaction; neither a legal data-loss scenario nor sufficient fallback protection is established.",
      "removeOldLogs deletes through the LogStore's last index with zero trailing logs. Its callers and restore prerequisites are unread, so the ordinary takeSnapshot compaction bound does not explain this separate deletion path.",
      "The concrete FSM and the application-owned recovery mechanism for NoSnapshotRestoreOnStart are unselected."
    ]
  },
  "exploration_requests": [],
  "limitations": [
    "The requested fsm.go range is identified explicitly in unread_ranges. Its acquisition remains subject to controller preflight; the reported breadth allowance of 165 characters is insufficient for this continuation.",
    "The catalogue is empty. A focused reading plan must locate the selected SnapshotStore's Close, List, Open and retention implementations and the callers of removeOldLogs; their declaration ranges are not supplied and are not inferred here.",
    "Only three agent calls remain against twenty pending inquiries. This handoff remains unresolved; no defect, exhaustive coverage, calibration or successful recovery is claimed.",
    "No existing semantic objects were revised, and no tools or execution were used."
  ]
}
