{"Time":"2026-10-03T11:45:22.891865328+08:00","Action":"start","Package":"go.etcd.io/raft/v3"}
{"Time":"2026-10-03T11:45:22.911727158+08:00","Action":"run","Package":"go.etcd.io/raft/v3","Test":"TestAssuranceExploreRemovedRead"}
{"Time":"2026-10-03T11:45:22.911843893+08:00","Action":"output","Package":"go.etcd.io/raft/v3","Test":"TestAssuranceExploreRemovedRead","Output":"=== RUN   TestAssuranceExploreRemovedRead\n"}
{"Time":"2026-10-03T11:45:22.911964141+08:00","Action":"run","Package":"go.etcd.io/raft/v3","Test":"TestAssuranceExploreRemovedRead/retained_role"}
{"Time":"2026-10-03T11:45:22.911981078+08:00","Action":"output","Package":"go.etcd.io/raft/v3","Test":"TestAssuranceExploreRemovedRead/retained_role","Output":"=== RUN   TestAssuranceExploreRemovedRead/retained_role\n"}
{"Time":"2026-10-03T11:45:22.912007959+08:00","Action":"output","Package":"go.etcd.io/raft/v3","Test":"TestAssuranceExploreRemovedRead/retained_role","Output":"raft2026/10/03 11:45:22 INFO: 1 switched to configuration voters=(1 2 3)\n"}
{"Time":"2026-10-03T11:45:22.912025207+08:00","Action":"output","Package":"go.etcd.io/raft/v3","Test":"TestAssuranceExploreRemovedRead/retained_role","Output":"raft2026/10/03 11:45:22 INFO: 1 became follower at term 1\n"}
{"Time":"2026-10-03T11:45:22.91203463+08:00","Action":"output","Package":"go.etcd.io/raft/v3","Test":"TestAssuranceExploreRemovedRead/retained_role","Output":"raft2026/10/03 11:45:22 INFO: newRaft 1 [peers: [1,2,3], term: 1, commit: 1, applied: 1, lastindex: 1, lastterm: 1]\n"}
{"Time":"2026-10-03T11:45:22.912058972+08:00","Action":"output","Package":"go.etcd.io/raft/v3","Test":"TestAssuranceExploreRemovedRead/retained_role","Output":"raft2026/10/03 11:45:22 INFO: 2 switched to configuration voters=(1 2 3)\n"}
{"Time":"2026-10-03T11:45:22.912067549+08:00","Action":"output","Package":"go.etcd.io/raft/v3","Test":"TestAssuranceExploreRemovedRead/retained_role","Output":"raft2026/10/03 11:45:22 INFO: 2 became follower at term 1\n"}
{"Time":"2026-10-03T11:45:22.912080476+08:00","Action":"output","Package":"go.etcd.io/raft/v3","Test":"TestAssuranceExploreRemovedRead/retained_role","Output":"raft2026/10/03 11:45:22 INFO: newRaft 2 [peers: [1,2,3], term: 1, commit: 1, applied: 1, lastindex: 1, lastterm: 1]\n"}
{"Time":"2026-10-03T11:45:22.912089247+08:00","Action":"output","Package":"go.etcd.io/raft/v3","Test":"TestAssuranceExploreRemovedRead/retained_role","Output":"raft2026/10/03 11:45:22 INFO: 3 switched to configuration voters=(1 2 3)\n"}
{"Time":"2026-10-03T11:45:22.912162859+08:00","Action":"output","Package":"go.etcd.io/raft/v3","Test":"TestAssuranceExploreRemovedRead/retained_role","Output":"raft2026/10/03 11:45:22 INFO: 3 became follower at term 1\n"}
{"Time":"2026-10-03T11:45:22.91217187+08:00","Action":"output","Package":"go.etcd.io/raft/v3","Test":"TestAssuranceExploreRemovedRead/retained_role","Output":"raft2026/10/03 11:45:22 INFO: newRaft 3 [peers: [1,2,3], term: 1, commit: 1, applied: 1, lastindex: 1, lastterm: 1]\n"}
{"Time":"2026-10-03T11:45:22.912183007+08:00","Action":"output","Package":"go.etcd.io/raft/v3","Test":"TestAssuranceExploreRemovedRead/retained_role","Output":"raft2026/10/03 11:45:22 INFO: 1 is starting a new election at term 1\n"}
{"Time":"2026-10-03T11:45:22.912189478+08:00","Action":"output","Package":"go.etcd.io/raft/v3","Test":"TestAssuranceExploreRemovedRead/retained_role","Output":"raft2026/10/03 11:45:22 INFO: 1 became candidate at term 2\n"}
{"Time":"2026-10-03T11:45:22.91220152+08:00","Action":"output","Package":"go.etcd.io/raft/v3","Test":"TestAssuranceExploreRemovedRead/retained_role","Output":"raft2026/10/03 11:45:22 INFO: 1 [logterm: 1, index: 1] sent MsgVote request to 2 at term 2\n"}
{"Time":"2026-10-03T11:45:22.912207973+08:00","Action":"output","Package":"go.etcd.io/raft/v3","Test":"TestAssuranceExploreRemovedRead/retained_role","Output":"raft2026/10/03 11:45:22 INFO: 1 [logterm: 1, index: 1] sent MsgVote request to 3 at term 2\n"}
{"Time":"2026-10-03T11:45:22.912217179+08:00","Action":"output","Package":"go.etcd.io/raft/v3","Test":"TestAssuranceExploreRemovedRead/retained_role","Output":"raft2026/10/03 11:45:22 INFO: 1 received MsgVoteResp from 1 at term 2\n"}
{"Time":"2026-10-03T11:45:22.912226881+08:00","Action":"output","Package":"go.etcd.io/raft/v3","Test":"TestAssuranceExploreRemovedRead/retained_role","Output":"raft2026/10/03 11:45:22 INFO: 1 has received 1 MsgVoteResp votes and 0 vote rejections\n"}
{"Time":"2026-10-03T11:45:22.912236881+08:00","Action":"output","Package":"go.etcd.io/raft/v3","Test":"TestAssuranceExploreRemovedRead/retained_role","Output":"raft2026/10/03 11:45:22 INFO: 2 [term: 1] received a MsgVote message with higher term from 1 [term: 2]\n"}
{"Time":"2026-10-03T11:45:22.912243138+08:00","Action":"output","Package":"go.etcd.io/raft/v3","Test":"TestAssuranceExploreRemovedRead/retained_role","Output":"raft2026/10/03 11:45:22 INFO: 2 became follower at term 2\n"}
{"Time":"2026-10-03T11:45:22.912249372+08:00","Action":"output","Package":"go.etcd.io/raft/v3","Test":"TestAssuranceExploreRemovedRead/retained_role","Output":"raft2026/10/03 11:45:22 INFO: 2 [logterm: 1, index: 1, vote: 0] cast MsgVote for 1 [logterm: 1, index: 1] at term 2\n"}
{"Time":"2026-10-03T11:45:22.91225524+08:00","Action":"output","Package":"go.etcd.io/raft/v3","Test":"TestAssuranceExploreRemovedRead/retained_role","Output":"raft2026/10/03 11:45:22 INFO: 3 [term: 1] received a MsgVote message with higher term from 1 [term: 2]\n"}
{"Time":"2026-10-03T11:45:22.912264226+08:00","Action":"output","Package":"go.etcd.io/raft/v3","Test":"TestAssuranceExploreRemovedRead/retained_role","Output":"raft2026/10/03 11:45:22 INFO: 3 became follower at term 2\n"}
{"Time":"2026-10-03T11:45:22.912270152+08:00","Action":"output","Package":"go.etcd.io/raft/v3","Test":"TestAssuranceExploreRemovedRead/retained_role","Output":"raft2026/10/03 11:45:22 INFO: 3 [logterm: 1, index: 1, vote: 0] cast MsgVote for 1 [logterm: 1, index: 1] at term 2\n"}
{"Time":"2026-10-03T11:45:22.912284207+08:00","Action":"output","Package":"go.etcd.io/raft/v3","Test":"TestAssuranceExploreRemovedRead/retained_role","Output":"raft2026/10/03 11:45:22 INFO: 1 received MsgVoteResp from 2 at term 2\n"}
{"Time":"2026-10-03T11:45:22.912291414+08:00","Action":"output","Package":"go.etcd.io/raft/v3","Test":"TestAssuranceExploreRemovedRead/retained_role","Output":"raft2026/10/03 11:45:22 INFO: 1 has received 2 MsgVoteResp votes and 0 vote rejections\n"}
{"Time":"2026-10-03T11:45:22.91230333+08:00","Action":"output","Package":"go.etcd.io/raft/v3","Test":"TestAssuranceExploreRemovedRead/retained_role","Output":"raft2026/10/03 11:45:22 INFO: 1 became leader at term 2\n"}
{"Time":"2026-10-03T11:45:22.912757995+08:00","Action":"output","Package":"go.etcd.io/raft/v3","Test":"TestAssuranceExploreRemovedRead/retained_role","Output":"raft2026/10/03 11:45:22 INFO: 1 switched to configuration voters=(2)\u0026\u0026(1 2 3) autoleave\n"}
{"Time":"2026-10-03T11:45:22.912774267+08:00","Action":"output","Package":"go.etcd.io/raft/v3","Test":"TestAssuranceExploreRemovedRead/retained_role","Output":"raft2026/10/03 11:45:22 INFO: initiating automatic transition out of joint configuration voters=(2)\u0026\u0026(1 2 3) autoleave\n"}
{"Time":"2026-10-03T11:45:22.912786579+08:00","Action":"output","Package":"go.etcd.io/raft/v3","Test":"TestAssuranceExploreRemovedRead/retained_role","Output":"raft2026/10/03 11:45:22 INFO: 2 switched to configuration voters=(2)\u0026\u0026(1 2 3) autoleave\n"}
{"Time":"2026-10-03T11:45:22.912795366+08:00","Action":"output","Package":"go.etcd.io/raft/v3","Test":"TestAssuranceExploreRemovedRead/retained_role","Output":"raft2026/10/03 11:45:22 INFO: 3 switched to configuration voters=(2)\u0026\u0026(1 2 3) autoleave\n"}
{"Time":"2026-10-03T11:45:22.912802589+08:00","Action":"output","Package":"go.etcd.io/raft/v3","Test":"TestAssuranceExploreRemovedRead/retained_role","Output":"raft2026/10/03 11:45:22 INFO: 1 switched to configuration voters=(2)\n"}
{"Time":"2026-10-03T11:45:22.912809154+08:00","Action":"output","Package":"go.etcd.io/raft/v3","Test":"TestAssuranceExploreRemovedRead/retained_role","Output":"raft2026/10/03 11:45:22 INFO: 2 switched to configuration voters=(2)\n"}
{"Time":"2026-10-03T11:45:22.91281539+08:00","Action":"output","Package":"go.etcd.io/raft/v3","Test":"TestAssuranceExploreRemovedRead/retained_role","Output":"raft2026/10/03 11:45:22 INFO: 3 switched to configuration voters=(2)\n"}
{"Time":"2026-10-03T11:45:22.912822075+08:00","Action":"output","Package":"go.etcd.io/raft/v3","Test":"TestAssuranceExploreRemovedRead/retained_role","Output":"CA_EVENT {\"case\":\"retained_role\",\"event\":\"removed\",\"new_applied\":4,\"new_role\":\"StateFollower\",\"new_term\":2,\"new_value\":0,\"old_applied\":4,\"old_commit\":4,\"old_member\":false,\"old_role\":\"StateLeader\",\"old_term\":2,\"old_value\":0,\"old_voters\":[2],\"read_count\":0,\"write_index\":0}\n"}
{"Time":"2026-10-03T11:45:22.912834163+08:00","Action":"output","Package":"go.etcd.io/raft/v3","Test":"TestAssuranceExploreRemovedRead/retained_role","Output":"raft2026/10/03 11:45:22 INFO: 2 is starting a new election at term 2\n"}
{"Time":"2026-10-03T11:45:22.912840356+08:00","Action":"output","Package":"go.etcd.io/raft/v3","Test":"TestAssuranceExploreRemovedRead/retained_role","Output":"raft2026/10/03 11:45:22 INFO: 2 became candidate at term 3\n"}
{"Time":"2026-10-03T11:45:22.912846793+08:00","Action":"output","Package":"go.etcd.io/raft/v3","Test":"TestAssuranceExploreRemovedRead/retained_role","Output":"raft2026/10/03 11:45:22 INFO: 2 received MsgVoteResp from 2 at term 3\n"}
{"Time":"2026-10-03T11:45:22.912853113+08:00","Action":"output","Package":"go.etcd.io/raft/v3","Test":"TestAssuranceExploreRemovedRead/retained_role","Output":"raft2026/10/03 11:45:22 INFO: 2 has received 1 MsgVoteResp votes and 0 vote rejections\n"}
{"Time":"2026-10-03T11:45:22.912859922+08:00","Action":"output","Package":"go.etcd.io/raft/v3","Test":"TestAssuranceExploreRemovedRead/retained_role","Output":"raft2026/10/03 11:45:22 INFO: 2 became leader at term 3\n"}
{"Time":"2026-10-03T11:45:22.912866501+08:00","Action":"output","Package":"go.etcd.io/raft/v3","Test":"TestAssuranceExploreRemovedRead/retained_role","Output":"CA_EVENT {\"case\":\"retained_role\",\"event\":\"write_completed_before_read\",\"new_applied\":6,\"new_role\":\"StateLeader\",\"new_term\":3,\"new_value\":1,\"old_applied\":4,\"old_commit\":4,\"old_member\":false,\"old_role\":\"StateLeader\",\"old_term\":2,\"old_value\":0,\"old_voters\":[2],\"read_count\":0,\"write_index\":6}\n"}
{"Time":"2026-10-03T11:45:22.912876251+08:00","Action":"output","Package":"go.etcd.io/raft/v3","Test":"TestAssuranceExploreRemovedRead/retained_role","Output":"CA_EVENT {\"case\":\"retained_role\",\"event\":\"after_read_drain\",\"new_applied\":6,\"new_role\":\"StateLeader\",\"new_term\":3,\"new_value\":1,\"old_applied\":4,\"old_commit\":4,\"old_member\":false,\"old_role\":\"StateLeader\",\"old_term\":2,\"old_value\":0,\"old_voters\":[2],\"read_context\":\"unique-read-after-write\",\"read_count\":1,\"read_index\":4,\"write_index\":6}\n"}
{"Time":"2026-10-03T11:45:22.912907926+08:00","Action":"output","Package":"go.etcd.io/raft/v3","Test":"TestAssuranceExploreRemovedRead/retained_role","Output":"--- PASS: TestAssuranceExploreRemovedRead/retained_role (0.00s)\n"}
{"Time":"2026-10-03T11:45:22.912916814+08:00","Action":"pass","Package":"go.etcd.io/raft/v3","Test":"TestAssuranceExploreRemovedRead/retained_role","Elapsed":0}
{"Time":"2026-10-03T11:45:22.91292832+08:00","Action":"run","Package":"go.etcd.io/raft/v3","Test":"TestAssuranceExploreRemovedRead/stepdown_control"}
{"Time":"2026-10-03T11:45:22.912935018+08:00","Action":"output","Package":"go.etcd.io/raft/v3","Test":"TestAssuranceExploreRemovedRead/stepdown_control","Output":"=== RUN   TestAssuranceExploreRemovedRead/stepdown_control\n"}
{"Time":"2026-10-03T11:45:22.912942024+08:00","Action":"output","Package":"go.etcd.io/raft/v3","Test":"TestAssuranceExploreRemovedRead/stepdown_control","Output":"raft2026/10/03 11:45:22 INFO: 1 switched to configuration voters=(1 2 3)\n"}
{"Time":"2026-10-03T11:45:22.912957424+08:00","Action":"output","Package":"go.etcd.io/raft/v3","Test":"TestAssuranceExploreRemovedRead/stepdown_control","Output":"raft2026/10/03 11:45:22 INFO: 1 became follower at term 1\n"}
{"Time":"2026-10-03T11:45:22.912964977+08:00","Action":"output","Package":"go.etcd.io/raft/v3","Test":"TestAssuranceExploreRemovedRead/stepdown_control","Output":"raft2026/10/03 11:45:22 INFO: newRaft 1 [peers: [1,2,3], term: 1, commit: 1, applied: 1, lastindex: 1, lastterm: 1]\n"}
{"Time":"2026-10-03T11:45:22.912971508+08:00","Action":"output","Package":"go.etcd.io/raft/v3","Test":"TestAssuranceExploreRemovedRead/stepdown_control","Output":"raft2026/10/03 11:45:22 INFO: 2 switched to configuration voters=(1 2 3)\n"}
{"Time":"2026-10-03T11:45:22.912977667+08:00","Action":"output","Package":"go.etcd.io/raft/v3","Test":"TestAssuranceExploreRemovedRead/stepdown_control","Output":"raft2026/10/03 11:45:22 INFO: 2 became follower at term 1\n"}
{"Time":"2026-10-03T11:45:22.912983963+08:00","Action":"output","Package":"go.etcd.io/raft/v3","Test":"TestAssuranceExploreRemovedRead/stepdown_control","Output":"raft2026/10/03 11:45:22 INFO: newRaft 2 [peers: [1,2,3], term: 1, commit: 1, applied: 1, lastindex: 1, lastterm: 1]\n"}
{"Time":"2026-10-03T11:45:22.912989848+08:00","Action":"output","Package":"go.etcd.io/raft/v3","Test":"TestAssuranceExploreRemovedRead/stepdown_control","Output":"raft2026/10/03 11:45:22 INFO: 3 switched to configuration voters=(1 2 3)\n"}
{"Time":"2026-10-03T11:45:22.912995555+08:00","Action":"output","Package":"go.etcd.io/raft/v3","Test":"TestAssuranceExploreRemovedRead/stepdown_control","Output":"raft2026/10/03 11:45:22 INFO: 3 became follower at term 1\n"}
{"Time":"2026-10-03T11:45:22.913002266+08:00","Action":"output","Package":"go.etcd.io/raft/v3","Test":"TestAssuranceExploreRemovedRead/stepdown_control","Output":"raft2026/10/03 11:45:22 INFO: newRaft 3 [peers: [1,2,3], term: 1, commit: 1, applied: 1, lastindex: 1, lastterm: 1]\n"}
{"Time":"2026-10-03T11:45:22.913008815+08:00","Action":"output","Package":"go.etcd.io/raft/v3","Test":"TestAssuranceExploreRemovedRead/stepdown_control","Output":"raft2026/10/03 11:45:22 INFO: 1 is starting a new election at term 1\n"}
{"Time":"2026-10-03T11:45:22.913014562+08:00","Action":"output","Package":"go.etcd.io/raft/v3","Test":"TestAssuranceExploreRemovedRead/stepdown_control","Output":"raft2026/10/03 11:45:22 INFO: 1 became candidate at term 2\n"}
{"Time":"2026-10-03T11:45:22.91302044+08:00","Action":"output","Package":"go.etcd.io/raft/v3","Test":"TestAssuranceExploreRemovedRead/stepdown_control","Output":"raft2026/10/03 11:45:22 INFO: 1 [logterm: 1, index: 1] sent MsgVote request to 2 at term 2\n"}
{"Time":"2026-10-03T11:45:22.913028102+08:00","Action":"output","Package":"go.etcd.io/raft/v3","Test":"TestAssuranceExploreRemovedRead/stepdown_control","Output":"raft2026/10/03 11:45:22 INFO: 1 [logterm: 1, index: 1] sent MsgVote request to 3 at term 2\n"}
{"Time":"2026-10-03T11:45:22.913034026+08:00","Action":"output","Package":"go.etcd.io/raft/v3","Test":"TestAssuranceExploreRemovedRead/stepdown_control","Output":"raft2026/10/03 11:45:22 INFO: 1 received MsgVoteResp from 1 at term 2\n"}
{"Time":"2026-10-03T11:45:22.913040245+08:00","Action":"output","Package":"go.etcd.io/raft/v3","Test":"TestAssuranceExploreRemovedRead/stepdown_control","Output":"raft2026/10/03 11:45:22 INFO: 1 has received 1 MsgVoteResp votes and 0 vote rejections\n"}
{"Time":"2026-10-03T11:45:22.913046431+08:00","Action":"output","Package":"go.etcd.io/raft/v3","Test":"TestAssuranceExploreRemovedRead/stepdown_control","Output":"raft2026/10/03 11:45:22 INFO: 2 [term: 1] received a MsgVote message with higher term from 1 [term: 2]\n"}
{"Time":"2026-10-03T11:45:22.91305259+08:00","Action":"output","Package":"go.etcd.io/raft/v3","Test":"TestAssuranceExploreRemovedRead/stepdown_control","Output":"raft2026/10/03 11:45:22 INFO: 2 became follower at term 2\n"}
{"Time":"2026-10-03T11:45:22.913058449+08:00","Action":"output","Package":"go.etcd.io/raft/v3","Test":"TestAssuranceExploreRemovedRead/stepdown_control","Output":"raft2026/10/03 11:45:22 INFO: 2 [logterm: 1, index: 1, vote: 0] cast MsgVote for 1 [logterm: 1, index: 1] at term 2\n"}
{"Time":"2026-10-03T11:45:22.913064708+08:00","Action":"output","Package":"go.etcd.io/raft/v3","Test":"TestAssuranceExploreRemovedRead/stepdown_control","Output":"raft2026/10/03 11:45:22 INFO: 3 [term: 1] received a MsgVote message with higher term from 1 [term: 2]\n"}
{"Time":"2026-10-03T11:45:22.913071394+08:00","Action":"output","Package":"go.etcd.io/raft/v3","Test":"TestAssuranceExploreRemovedRead/stepdown_control","Output":"raft2026/10/03 11:45:22 INFO: 3 became follower at term 2\n"}
{"Time":"2026-10-03T11:45:22.913077673+08:00","Action":"output","Package":"go.etcd.io/raft/v3","Test":"TestAssuranceExploreRemovedRead/stepdown_control","Output":"raft2026/10/03 11:45:22 INFO: 3 [logterm: 1, index: 1, vote: 0] cast MsgVote for 1 [logterm: 1, index: 1] at term 2\n"}
{"Time":"2026-10-03T11:45:22.913083926+08:00","Action":"output","Package":"go.etcd.io/raft/v3","Test":"TestAssuranceExploreRemovedRead/stepdown_control","Output":"raft2026/10/03 11:45:22 INFO: 1 received MsgVoteResp from 2 at term 2\n"}
{"Time":"2026-10-03T11:45:22.913090035+08:00","Action":"output","Package":"go.etcd.io/raft/v3","Test":"TestAssuranceExploreRemovedRead/stepdown_control","Output":"raft2026/10/03 11:45:22 INFO: 1 has received 2 MsgVoteResp votes and 0 vote rejections\n"}
{"Time":"2026-10-03T11:45:22.913096126+08:00","Action":"output","Package":"go.etcd.io/raft/v3","Test":"TestAssuranceExploreRemovedRead/stepdown_control","Output":"raft2026/10/03 11:45:22 INFO: 1 became leader at term 2\n"}
{"Time":"2026-10-03T11:45:22.913106281+08:00","Action":"output","Package":"go.etcd.io/raft/v3","Test":"TestAssuranceExploreRemovedRead/stepdown_control","Output":"raft2026/10/03 11:45:22 INFO: 1 switched to configuration voters=(2)\u0026\u0026(1 2 3) autoleave\n"}
{"Time":"2026-10-03T11:45:22.913113283+08:00","Action":"output","Package":"go.etcd.io/raft/v3","Test":"TestAssuranceExploreRemovedRead/stepdown_control","Output":"raft2026/10/03 11:45:22 INFO: initiating automatic transition out of joint configuration voters=(2)\u0026\u0026(1 2 3) autoleave\n"}
{"Time":"2026-10-03T11:45:22.913119579+08:00","Action":"output","Package":"go.etcd.io/raft/v3","Test":"TestAssuranceExploreRemovedRead/stepdown_control","Output":"raft2026/10/03 11:45:22 INFO: 2 switched to configuration voters=(2)\u0026\u0026(1 2 3) autoleave\n"}
{"Time":"2026-10-03T11:45:22.913126891+08:00","Action":"output","Package":"go.etcd.io/raft/v3","Test":"TestAssuranceExploreRemovedRead/stepdown_control","Output":"raft2026/10/03 11:45:22 INFO: 3 switched to configuration voters=(2)\u0026\u0026(1 2 3) autoleave\n"}
{"Time":"2026-10-03T11:45:22.913133303+08:00","Action":"output","Package":"go.etcd.io/raft/v3","Test":"TestAssuranceExploreRemovedRead/stepdown_control","Output":"raft2026/10/03 11:45:22 INFO: 1 switched to configuration voters=(2)\n"}
{"Time":"2026-10-03T11:45:22.91313911+08:00","Action":"output","Package":"go.etcd.io/raft/v3","Test":"TestAssuranceExploreRemovedRead/stepdown_control","Output":"raft2026/10/03 11:45:22 INFO: 1 became follower at term 2\n"}
{"Time":"2026-10-03T11:45:22.913145277+08:00","Action":"output","Package":"go.etcd.io/raft/v3","Test":"TestAssuranceExploreRemovedRead/stepdown_control","Output":"raft2026/10/03 11:45:22 INFO: 2 switched to configuration voters=(2)\n"}
{"Time":"2026-10-03T11:45:22.913150961+08:00","Action":"output","Package":"go.etcd.io/raft/v3","Test":"TestAssuranceExploreRemovedRead/stepdown_control","Output":"raft2026/10/03 11:45:22 INFO: 3 switched to configuration voters=(2)\n"}
{"Time":"2026-10-03T11:45:22.913157127+08:00","Action":"output","Package":"go.etcd.io/raft/v3","Test":"TestAssuranceExploreRemovedRead/stepdown_control","Output":"CA_EVENT {\"case\":\"stepdown_control\",\"event\":\"removed\",\"new_applied\":4,\"new_role\":\"StateFollower\",\"new_term\":2,\"new_value\":0,\"old_applied\":4,\"old_commit\":4,\"old_member\":false,\"old_role\":\"StateFollower\",\"old_term\":2,\"old_value\":0,\"old_voters\":[2],\"read_count\":0,\"write_index\":0}\n"}
{"Time":"2026-10-03T11:45:22.913165725+08:00","Action":"output","Package":"go.etcd.io/raft/v3","Test":"TestAssuranceExploreRemovedRead/stepdown_control","Output":"raft2026/10/03 11:45:22 INFO: 2 is starting a new election at term 2\n"}
{"Time":"2026-10-03T11:45:22.913171637+08:00","Action":"output","Package":"go.etcd.io/raft/v3","Test":"TestAssuranceExploreRemovedRead/stepdown_control","Output":"raft2026/10/03 11:45:22 INFO: 2 became candidate at term 3\n"}
{"Time":"2026-10-03T11:45:22.913177341+08:00","Action":"output","Package":"go.etcd.io/raft/v3","Test":"TestAssuranceExploreRemovedRead/stepdown_control","Output":"raft2026/10/03 11:45:22 INFO: 2 received MsgVoteResp from 2 at term 3\n"}
{"Time":"2026-10-03T11:45:22.913183107+08:00","Action":"output","Package":"go.etcd.io/raft/v3","Test":"TestAssuranceExploreRemovedRead/stepdown_control","Output":"raft2026/10/03 11:45:22 INFO: 2 has received 1 MsgVoteResp votes and 0 vote rejections\n"}
{"Time":"2026-10-03T11:45:22.913192628+08:00","Action":"output","Package":"go.etcd.io/raft/v3","Test":"TestAssuranceExploreRemovedRead/stepdown_control","Output":"raft2026/10/03 11:45:22 INFO: 2 became leader at term 3\n"}
{"Time":"2026-10-03T11:45:22.913199225+08:00","Action":"output","Package":"go.etcd.io/raft/v3","Test":"TestAssuranceExploreRemovedRead/stepdown_control","Output":"CA_EVENT {\"case\":\"stepdown_control\",\"event\":\"write_completed_before_read\",\"new_applied\":6,\"new_role\":\"StateLeader\",\"new_term\":3,\"new_value\":1,\"old_applied\":4,\"old_commit\":4,\"old_member\":false,\"old_role\":\"StateFollower\",\"old_term\":2,\"old_value\":0,\"old_voters\":[2],\"read_count\":0,\"write_index\":6}\n"}
{"Time":"2026-10-03T11:45:22.913208982+08:00","Action":"output","Package":"go.etcd.io/raft/v3","Test":"TestAssuranceExploreRemovedRead/stepdown_control","Output":"raft2026/10/03 11:45:22 INFO: 1 no leader at term 2; dropping index reading msg\n"}
{"Time":"2026-10-03T11:45:22.913215789+08:00","Action":"output","Package":"go.etcd.io/raft/v3","Test":"TestAssuranceExploreRemovedRead/stepdown_control","Output":"CA_EVENT {\"case\":\"stepdown_control\",\"event\":\"after_read_drain\",\"new_applied\":6,\"new_role\":\"StateLeader\",\"new_term\":3,\"new_value\":1,\"old_applied\":4,\"old_commit\":4,\"old_member\":false,\"old_role\":\"StateFollower\",\"old_term\":2,\"old_value\":0,\"old_voters\":[2],\"read_count\":0,\"write_index\":6}\n"}
{"Time":"2026-10-03T11:45:22.913226963+08:00","Action":"output","Package":"go.etcd.io/raft/v3","Test":"TestAssuranceExploreRemovedRead/stepdown_control","Output":"--- PASS: TestAssuranceExploreRemovedRead/stepdown_control (0.00s)\n"}
{"Time":"2026-10-03T11:45:22.913234063+08:00","Action":"pass","Package":"go.etcd.io/raft/v3","Test":"TestAssuranceExploreRemovedRead/stepdown_control","Elapsed":0}
{"Time":"2026-10-03T11:45:22.913242489+08:00","Action":"output","Package":"go.etcd.io/raft/v3","Test":"TestAssuranceExploreRemovedRead","Output":"--- PASS: TestAssuranceExploreRemovedRead (0.00s)\n"}
{"Time":"2026-10-03T11:45:22.913249985+08:00","Action":"pass","Package":"go.etcd.io/raft/v3","Test":"TestAssuranceExploreRemovedRead","Elapsed":0}
{"Time":"2026-10-03T11:45:22.913260012+08:00","Action":"output","Package":"go.etcd.io/raft/v3","Output":"PASS\n"}
{"Time":"2026-10-03T11:45:22.916090147+08:00","Action":"output","Package":"go.etcd.io/raft/v3","Output":"ok  \tgo.etcd.io/raft/v3\t0.024s\n"}
{"Time":"2026-10-03T11:45:22.916128171+08:00","Action":"pass","Package":"go.etcd.io/raft/v3","Elapsed":0.024}
