{
  "requests": [
    {
      "file": "run.go",
      "start_line": 23,
      "end_line": 103,
      "reason": "Establish actual protocol assembly, configuration arguments, participant registration and initial authority assignment before attributing behavior to the Paxos implementation."
    },
    {
      "file": "paxos/paxos.go",
      "start_line": 24,
      "end_line": 163,
      "reason": "Recover instance and authority representations, initialization, persistence helpers and the authority-change entry point. Examine A2 and A6 boundaries without assuming that stored metadata supports restart recovery."
    },
    {
      "file": "master/master.go",
      "start_line": 187,
      "end_line": 300,
      "reason": "Inspect registration, participant-list publication and leader discovery to identify A4 configuration responsibilities and their handoffs to replicas and clients. Do not infer static membership from the catalogue."
    },
    {
      "file": "replica/replica.go",
      "start_line": 81,
      "end_line": 136,
      "reason": "Complete the cached constructor and inspect concrete stable-store initialization, execution settings and quorum-size interfaces. Identify configuration-dependent A1, A3, A5 and A6 prerequisites."
    },
    {
      "file": "paxos/paxos.go",
      "start_line": 398,
      "end_line": 538,
      "reason": "Recover prepare, accept and both commit consumers, including state replacement, persistence and missing-command handling. Identify the facts these handlers establish and their instance/context ownership."
    },
    {
      "file": "paxos/paxos.go",
      "start_line": 539,
      "end_line": 666,
      "reason": "Inspect support consumption and decision advancement through prepare and accept replies. Determine actual reply correlation, counting, value selection and completion behavior before proposing A1 obligations."
    },
    {
      "file": "paxos/paxos.go",
      "start_line": 667,
      "end_line": 736,
      "reason": "Inspect recovery and command execution together to identify A3-to-A1 and A1-to-A5 handoffs, execution ordering, retained command requirements and A7 reply timing."
    },
    {
      "file": "client/client.go",
      "start_line": 142,
      "end_line": 257,
      "reason": "Recover concrete disconnect/reconnect, proposal routing, command identity and reply-reading behavior across writes, reads and scans. Separate client-visible completion mechanisms from any unestablished retry or deduplication guarantee."
    }
  ],
  "rationale": "Prioritize assembly and distinct responsibility boundaries, then inspect decision producers and consumers. These eight ranges contain 827 uncached lines, avoid all supplied cached intervals and remain within the available chunk allowance. Estimated acquisition is approximately 35000 characters; exact normalized character cost is unavailable from the catalogue, so the framework must preflight against the 66127-character allowance and defer lower-priority ranges if necessary. The README supplies descriptive claims, while the requested code supplies behavior observations; neither protocol naming nor function names establish applicable guarantees.",
  "related_ids": [],
  "gap": "No Paxos implementation bodies are currently supplied. All seven responsibility classifications remain unresolved. This batch leaves proposal admission, event-loop scheduling, broadcast selection, master-driven authority transitions, transport delivery behavior, configuration parsing, state-machine execution internals and buffered-client reply correlation for follow-up. Restart replay, persistence-error handling, permitted fault assumptions and normative completion guarantees require explicit evidence; a function named recover does not establish crash-restart support. No obligation, correctness conclusion or confirmed defect is justified yet."
}
