{
  "obligation": null,
  "bindings": [],
  "dependencies": [],
  "context_claims": [],
  "audit_question": {
    "disposition": null,
    "preferred_check": "source_review",
    "requests": [
      {
        "file": "snapshot.go",
        "start_line": 1,
        "end_line": 100,
        "reason": "Inspect snapshot interface contracts for what List availability and successful snapshot publication promise, keeping interface expectations distinct from file-store behavior."
      },
      {
        "file": "api.go",
        "start_line": 600,
        "end_line": 760,
        "reason": "Inspect the startup snapshot restoration consumer and surrounding initialization to establish fallback handling when a listed snapshot fails Open and locate any remaining recovery dependency."
      },
      {
        "file": "file_snapshot.go",
        "start_line": 1,
        "end_line": 159,
        "reason": "Inspect file-store retention documentation, constructor constraints and configuration boundaries for an applicable retention guarantee and storage assumptions."
      }
    ],
    "question": "When reclamation consumes file_snapshot_metadata_eligible, does the applicable retention or recovery contract require preserving an openable fallback if a higher-ranked eligible entry fails Open? The observed reaper permits displacement without state validation; the remaining discriminator is whether that scenario lies within a claimed recovery guarantee and permitted fault context.",
    "importance": "An unusable retained prefix could cause deletion of an older readable snapshot and reduce startup recovery options. Actual recovery failure depends on the restoration consumer, remaining recovery evidence and applicable storage fault assumptions; none is established by the observed retention behavior alone.",
    "source_ids": [
      "file_snapshot.go:160:396",
      "file_snapshot.go:397:500"
    ],
    "participants": [
      "Caller executing FileSnapshotStore.ReapSnapshots",
      "Caller executing FileSnapshotSink.Close",
      "Caller executing FileSnapshotStore.Open"
    ],
    "objects": [
      "Snapshot metadata",
      "Snapshot state files",
      "Retention ordering",
      "Snapshot directories"
    ],
    "contexts": [
      "FileSnapshotStore retention reclamation",
      "First Close reaching reclamation",
      "A higher-ranked metadata-eligible entry whose state fails Open; legal reachability and fault applicability remain unresolved"
    ],
    "event_paths": [
      "getSnapshots -> ReapSnapshots -> removal beyond retained prefix",
      "FileSnapshotSink.Close -> finalize -> writeMeta -> Rename -> conditional parent Sync -> ReapSnapshots",
      "FileSnapshotStore.Open -> state read -> CRC comparison -> rewind"
    ],
    "activity_classes": [
      "A6",
      "A3"
    ],
    "behavior_ids": [
      "file_snapshot_discover",
      "file_snapshot_reap",
      "file_snapshot_open",
      "file_snapshot_close_first"
    ],
    "fact_ids": [
      "file_snapshot_metadata_eligible"
    ],
    "obligation_relation_kind": "consumption",
    "counterevidence": [
      "getSnapshots excludes temporary directories and skips metadata decoding failures and unsupported versions.",
      "The first Close reaches automatic reclamation only after finalize, writeMeta and Rename succeed, and after parent-directory Sync succeeds when enabled on non-Windows platforms.",
      "finalize checks buffered Flush, enabled state Sync, file Close and Stat before recording size and CRC; errors prevent that Close invocation from reaching reclamation.",
      "Open independently reads the state file, rejects CRC disagreement and requires a successful rewind before returning its reader. This protects that read boundary but is not invoked by retention selection.",
      "Normal publication includes protections against exposing unfinished construction. The supplied source does not establish a permitted execution that defeats those protections and leaves every retained replacement unusable."
    ],
    "unknowns": [
      "Whether the snapshot interfaces or file-store documentation promise an openable retained fallback under state corruption, read failures or partial persistence.",
      "Which permitted fault or interference history can produce a higher-ranked metadata-eligible entry that fails Open while an older entry remains readable.",
      "Which caller serialization and storage assumptions apply to explicit ReapSnapshots calls and automatic reclamation.",
      "Whether startup tries other listed snapshots after Open failure, and whether remaining logs or other recovery mechanisms can compensate.",
      "The implementation of writeMeta is not attached; its successful return cannot yet be interpreted as a verified metadata durability guarantee.",
      "The configured retention count, synchronization setting and platform for a concrete check remain unspecified."
    ],
    "priority": 3,
    "trigger_rationale": "Cross-path review resolves the implementation discriminator: discovery reads metadata only, reclamation deletes beyond its ordered prefix without Open, and Open performs separate state validation. Given an unusable entry in that prefix, reclamation does not distinguish it from a usable one. Publication protections materially constrain how that state could arise, so contract and recovery-consumer evidence are needed before deriving an obligation."
  },
  "selection_rationale": "Continue the same Fact and consumption lifecycle. The attached source establishes metadata-only retention selection and guarded automatic publication, but neither establishes an applicable requirement to tolerate an unusable retained entry. The requested interface, constructor and startup ranges target that semantic gap and the recovery consequence. No obligation or defect judgment is justified yet. The reviewed behavior matches the accepted inventory; no source-grounded descriptive correction is identified.",
  "reading_requests": [
    {
      "file": "snapshot.go",
      "start_line": 1,
      "end_line": 100,
      "reason": "Inspect snapshot interface contracts for what List availability and successful snapshot publication promise, keeping interface expectations distinct from file-store behavior."
    },
    {
      "file": "api.go",
      "start_line": 600,
      "end_line": 760,
      "reason": "Inspect the startup snapshot restoration consumer and surrounding initialization to establish fallback handling when a listed snapshot fails Open and locate any remaining recovery dependency."
    },
    {
      "file": "file_snapshot.go",
      "start_line": 1,
      "end_line": 159,
      "reason": "Inspect file-store retention documentation, constructor constraints and configuration boundaries for an applicable retention guarantee and storage assumptions."
    }
  ],
  "descriptive_issues": []
}
