{
  "draft_patch": null,
  "binding_splits": [],
  "replacements": [
    {
      "path": "/resolutions",
      "value_json": "[]"
    },
    {
      "path": "/resolves_issue_ids",
      "value_json": "[]"
    }
  ],
  "requests": [
    {
      "file": "raft.go",
      "start_line": 450,
      "end_line": 880,
      "reason": "Inspect the actual leader notification consumer, committed-index bound, inflight selection and processLogs invocation cited by both proposed resolutions."
    },
    {
      "file": "raft.go",
      "start_line": 1180,
      "end_line": 1439,
      "reason": "Inspect processLogs command selection, index-to-future association and tuple delivery before classifying the original handoff condition as resolved."
    },
    {
      "file": "fsm.go",
      "start_line": 1,
      "end_line": 285,
      "reason": "Inspect tuple consumption, application closures and the receive loop to assess command identity preservation and the remaining handoff question."
    }
  ],
  "change_request": "",
  "rationale": "Retain both issues unresolved. The diagnosed resolution does not separately classify the original concluding condition: \"The implementing handoff required by this review therefore remains unresolved; the relation should remain unconfirmed.\" Moreover, the implementation ranges cited to resolve that condition and the second issue are absent from the supplied materials. Candidate explanations are evidence history, not substitutes for those sources. Removing the proposed resolutions preserves the original disputes and leaves the relation unconfirmed; it does not change claims, dependency meaning or scope. The requested readings support a subsequent issue-specific assessment of every original condition."
}
