{"Time":"2026-09-27T13:32:22.009093763+08:00","Action":"start","Package":"github.com/hashicorp/raft"}
{"Time":"2026-09-27T13:32:22.019225134+08:00","Action":"run","Package":"github.com/hashicorp/raft","Test":"TestAssuranceContactTimeoutExploration"}
{"Time":"2026-09-27T13:32:22.019251049+08:00","Action":"output","Package":"github.com/hashicorp/raft","Test":"TestAssuranceContactTimeoutExploration","Output":"=== RUN   TestAssuranceContactTimeoutExploration\n"}
{"Time":"2026-09-27T13:32:22.019304293+08:00","Action":"run","Package":"github.com/hashicorp/raft","Test":"TestAssuranceContactTimeoutExploration/pipeline_timeout"}
{"Time":"2026-09-27T13:32:22.019310147+08:00","Action":"output","Package":"github.com/hashicorp/raft","Test":"TestAssuranceContactTimeoutExploration/pipeline_timeout","Output":"=== RUN   TestAssuranceContactTimeoutExploration/pipeline_timeout\n"}
{"Time":"2026-09-27T13:32:22.019317782+08:00","Action":"output","Package":"github.com/hashicorp/raft","Test":"TestAssuranceContactTimeoutExploration/pipeline_timeout","Output":"CA_EVENT {\"contact_ns\":1790487138018839221,\"event\":\"local_prefix\",\"initialization\":\"constructed local state; no election; no remote Raft worker\",\"lease_ns\":2000000000,\"operation\":\"pipeline_timeout\",\"state\":\"Leader\"}\n"}
{"Time":"2026-09-27T13:32:22.06092541+08:00","Action":"output","Package":"github.com/hashicorp/raft","Test":"TestAssuranceContactTimeoutExploration/pipeline_timeout","Output":"CA_EVENT {\"contact_ns\":1790487138018839221,\"error\":\"command timed out\",\"event\":\"transport_completion\",\"operation\":\"pipeline_timeout\",\"same_request\":true}\n"}
{"Time":"2026-09-27T13:32:22.061065524+08:00","Action":"output","Package":"github.com/hashicorp/raft","Test":"TestAssuranceContactTimeoutExploration/pipeline_timeout","Output":"CA_EVENT {\"contact_after_ns\":1790487142060927253,\"contact_age_ns\":17430,\"contact_before_ns\":1790487138018839221,\"contact_changed\":true,\"event\":\"consumer_completion\",\"operation\":\"pipeline_timeout\",\"pipeline_error\":\"command timed out\",\"request_term\":1}\n"}
{"Time":"2026-09-27T13:32:22.06119048+08:00","Action":"output","Package":"github.com/hashicorp/raft","Test":"TestAssuranceContactTimeoutExploration/pipeline_timeout","Output":"CA_EVENT {\"contact_ns\":1790487142060927253,\"event\":\"lease_result\",\"operation\":\"pipeline_timeout\",\"state\":\"Leader\"}\n"}
{"Time":"2026-09-27T13:32:22.061239297+08:00","Action":"output","Package":"github.com/hashicorp/raft","Test":"TestAssuranceContactTimeoutExploration/pipeline_timeout","Output":"--- PASS: TestAssuranceContactTimeoutExploration/pipeline_timeout (0.04s)\n"}
{"Time":"2026-09-27T13:32:22.061389091+08:00","Action":"pass","Package":"github.com/hashicorp/raft","Test":"TestAssuranceContactTimeoutExploration/pipeline_timeout","Elapsed":0.04}
{"Time":"2026-09-27T13:32:22.061796775+08:00","Action":"run","Package":"github.com/hashicorp/raft","Test":"TestAssuranceContactTimeoutExploration/ordinary_timeout"}
{"Time":"2026-09-27T13:32:22.061826344+08:00","Action":"output","Package":"github.com/hashicorp/raft","Test":"TestAssuranceContactTimeoutExploration/ordinary_timeout","Output":"=== RUN   TestAssuranceContactTimeoutExploration/ordinary_timeout\n"}
{"Time":"2026-09-27T13:32:22.061843363+08:00","Action":"output","Package":"github.com/hashicorp/raft","Test":"TestAssuranceContactTimeoutExploration/ordinary_timeout","Output":"CA_EVENT {\"contact_ns\":1790487138061641129,\"event\":\"local_prefix\",\"initialization\":\"constructed local state; no election; no remote Raft worker\",\"lease_ns\":2000000000,\"operation\":\"ordinary_timeout\",\"state\":\"Leader\"}\n"}
{"Time":"2026-09-27T13:32:22.103138342+08:00","Action":"output","Package":"github.com/hashicorp/raft","Test":"TestAssuranceContactTimeoutExploration/ordinary_timeout","Output":"CA_EVENT {\"event\":\"replication_completion\",\"failures\":1,\"operation\":\"ordinary_timeout\",\"should_stop\":false}\n"}
{"Time":"2026-09-27T13:32:22.10324169+08:00","Action":"output","Package":"github.com/hashicorp/raft","Test":"TestAssuranceContactTimeoutExploration/ordinary_timeout","Output":"CA_EVENT {\"contact_after_ns\":1790487138061641129,\"contact_age_ns\":4041202904,\"contact_before_ns\":1790487138061641129,\"contact_changed\":false,\"event\":\"consumer_completion\",\"operation\":\"ordinary_timeout\",\"pipeline_error\":\"\",\"request_term\":1}\n"}
{"Time":"2026-09-27T13:32:22.103287062+08:00","Action":"output","Package":"github.com/hashicorp/raft","Test":"TestAssuranceContactTimeoutExploration/ordinary_timeout","Output":"CA_EVENT {\"contact_ns\":1790487138061641129,\"event\":\"lease_result\",\"operation\":\"ordinary_timeout\",\"state\":\"Follower\"}\n"}
{"Time":"2026-09-27T13:32:22.103345388+08:00","Action":"output","Package":"github.com/hashicorp/raft","Test":"TestAssuranceContactTimeoutExploration/ordinary_timeout","Output":"--- PASS: TestAssuranceContactTimeoutExploration/ordinary_timeout (0.04s)\n"}
{"Time":"2026-09-27T13:32:22.103367209+08:00","Action":"pass","Package":"github.com/hashicorp/raft","Test":"TestAssuranceContactTimeoutExploration/ordinary_timeout","Elapsed":0.04}
{"Time":"2026-09-27T13:32:22.103399469+08:00","Action":"output","Package":"github.com/hashicorp/raft","Test":"TestAssuranceContactTimeoutExploration","Output":"--- PASS: TestAssuranceContactTimeoutExploration (0.08s)\n"}
{"Time":"2026-09-27T13:32:22.103429143+08:00","Action":"pass","Package":"github.com/hashicorp/raft","Test":"TestAssuranceContactTimeoutExploration","Elapsed":0.08}
{"Time":"2026-09-27T13:32:22.103500034+08:00","Action":"output","Package":"github.com/hashicorp/raft","Output":"PASS\n"}
{"Time":"2026-09-27T13:32:22.107010223+08:00","Action":"output","Package":"github.com/hashicorp/raft","Output":"ok  \tgithub.com/hashicorp/raft\t0.097s\n"}
{"Time":"2026-09-27T13:32:22.107145266+08:00","Action":"pass","Package":"github.com/hashicorp/raft","Elapsed":0.098}
