{"Time":"2026-10-03T13:50:37.811931392+08:00","Action":"start","Package":"go.etcd.io/raft/v3"}
{"Time":"2026-10-03T13:50:37.828557959+08:00","Action":"run","Package":"go.etcd.io/raft/v3","Test":"TestAssuranceAutoLeaveTransferExploration"}
{"Time":"2026-10-03T13:50:37.82859745+08:00","Action":"output","Package":"go.etcd.io/raft/v3","Test":"TestAssuranceAutoLeaveTransferExploration","Output":"=== RUN   TestAssuranceAutoLeaveTransferExploration\n"}
{"Time":"2026-10-03T13:50:37.829375784+08:00","Action":"run","Package":"go.etcd.io/raft/v3","Test":"TestAssuranceAutoLeaveTransferExploration/no_transfer"}
{"Time":"2026-10-03T13:50:37.829395705+08:00","Action":"output","Package":"go.etcd.io/raft/v3","Test":"TestAssuranceAutoLeaveTransferExploration/no_transfer","Output":"=== RUN   TestAssuranceAutoLeaveTransferExploration/no_transfer\n"}
{"Time":"2026-10-03T13:50:37.829402792+08:00","Action":"output","Package":"go.etcd.io/raft/v3","Test":"TestAssuranceAutoLeaveTransferExploration/no_transfer","Output":"raft2026/10/03 13:50:37 INFO: 1 switched to configuration voters=(1 2 3)\n"}
{"Time":"2026-10-03T13:50:37.829407853+08:00","Action":"output","Package":"go.etcd.io/raft/v3","Test":"TestAssuranceAutoLeaveTransferExploration/no_transfer","Output":"raft2026/10/03 13:50:37 INFO: 1 became follower at term 1\n"}
{"Time":"2026-10-03T13:50:37.829411178+08:00","Action":"output","Package":"go.etcd.io/raft/v3","Test":"TestAssuranceAutoLeaveTransferExploration/no_transfer","Output":"raft2026/10/03 13:50:37 INFO: newRaft 1 [peers: [1,2,3], term: 1, commit: 1, applied: 1, lastindex: 1, lastterm: 1]\n"}
{"Time":"2026-10-03T13:50:37.829415016+08:00","Action":"output","Package":"go.etcd.io/raft/v3","Test":"TestAssuranceAutoLeaveTransferExploration/no_transfer","Output":"raft2026/10/03 13:50:37 INFO: 2 switched to configuration voters=(1 2 3)\n"}
{"Time":"2026-10-03T13:50:37.829417949+08:00","Action":"output","Package":"go.etcd.io/raft/v3","Test":"TestAssuranceAutoLeaveTransferExploration/no_transfer","Output":"raft2026/10/03 13:50:37 INFO: 2 became follower at term 1\n"}
{"Time":"2026-10-03T13:50:37.82942095+08:00","Action":"output","Package":"go.etcd.io/raft/v3","Test":"TestAssuranceAutoLeaveTransferExploration/no_transfer","Output":"raft2026/10/03 13:50:37 INFO: newRaft 2 [peers: [1,2,3], term: 1, commit: 1, applied: 1, lastindex: 1, lastterm: 1]\n"}
{"Time":"2026-10-03T13:50:37.829424288+08:00","Action":"output","Package":"go.etcd.io/raft/v3","Test":"TestAssuranceAutoLeaveTransferExploration/no_transfer","Output":"raft2026/10/03 13:50:37 INFO: 3 switched to configuration voters=(1 2 3)\n"}
{"Time":"2026-10-03T13:50:37.829427226+08:00","Action":"output","Package":"go.etcd.io/raft/v3","Test":"TestAssuranceAutoLeaveTransferExploration/no_transfer","Output":"raft2026/10/03 13:50:37 INFO: 3 became follower at term 1\n"}
{"Time":"2026-10-03T13:50:37.829430185+08:00","Action":"output","Package":"go.etcd.io/raft/v3","Test":"TestAssuranceAutoLeaveTransferExploration/no_transfer","Output":"raft2026/10/03 13:50:37 INFO: newRaft 3 [peers: [1,2,3], term: 1, commit: 1, applied: 1, lastindex: 1, lastterm: 1]\n"}
{"Time":"2026-10-03T13:50:37.829433151+08:00","Action":"output","Package":"go.etcd.io/raft/v3","Test":"TestAssuranceAutoLeaveTransferExploration/no_transfer","Output":"raft2026/10/03 13:50:37 INFO: 1 is starting a new election at term 1\n"}
{"Time":"2026-10-03T13:50:37.829439763+08:00","Action":"output","Package":"go.etcd.io/raft/v3","Test":"TestAssuranceAutoLeaveTransferExploration/no_transfer","Output":"raft2026/10/03 13:50:37 INFO: 1 became candidate at term 2\n"}
{"Time":"2026-10-03T13:50:37.829443385+08:00","Action":"output","Package":"go.etcd.io/raft/v3","Test":"TestAssuranceAutoLeaveTransferExploration/no_transfer","Output":"raft2026/10/03 13:50:37 INFO: 1 [logterm: 1, index: 1] sent MsgVote request to 2 at term 2\n"}
{"Time":"2026-10-03T13:50:37.829447002+08:00","Action":"output","Package":"go.etcd.io/raft/v3","Test":"TestAssuranceAutoLeaveTransferExploration/no_transfer","Output":"raft2026/10/03 13:50:37 INFO: 1 [logterm: 1, index: 1] sent MsgVote request to 3 at term 2\n"}
{"Time":"2026-10-03T13:50:37.829450835+08:00","Action":"output","Package":"go.etcd.io/raft/v3","Test":"TestAssuranceAutoLeaveTransferExploration/no_transfer","Output":"raft2026/10/03 13:50:37 INFO: 1 received MsgVoteResp from 1 at term 2\n"}
{"Time":"2026-10-03T13:50:37.829454059+08:00","Action":"output","Package":"go.etcd.io/raft/v3","Test":"TestAssuranceAutoLeaveTransferExploration/no_transfer","Output":"raft2026/10/03 13:50:37 INFO: 1 has received 1 MsgVoteResp votes and 0 vote rejections\n"}
{"Time":"2026-10-03T13:50:37.829461749+08:00","Action":"output","Package":"go.etcd.io/raft/v3","Test":"TestAssuranceAutoLeaveTransferExploration/no_transfer","Output":"raft2026/10/03 13:50:37 INFO: 2 [term: 1] received a MsgVote message with higher term from 1 [term: 2]\n"}
{"Time":"2026-10-03T13:50:37.829465741+08:00","Action":"output","Package":"go.etcd.io/raft/v3","Test":"TestAssuranceAutoLeaveTransferExploration/no_transfer","Output":"raft2026/10/03 13:50:37 INFO: 2 became follower at term 2\n"}
{"Time":"2026-10-03T13:50:37.829469097+08:00","Action":"output","Package":"go.etcd.io/raft/v3","Test":"TestAssuranceAutoLeaveTransferExploration/no_transfer","Output":"raft2026/10/03 13:50:37 INFO: 2 [logterm: 1, index: 1, vote: 0] cast MsgVote for 1 [logterm: 1, index: 1] at term 2\n"}
{"Time":"2026-10-03T13:50:37.829472609+08:00","Action":"output","Package":"go.etcd.io/raft/v3","Test":"TestAssuranceAutoLeaveTransferExploration/no_transfer","Output":"raft2026/10/03 13:50:37 INFO: 3 [term: 1] received a MsgVote message with higher term from 1 [term: 2]\n"}
{"Time":"2026-10-03T13:50:37.829484296+08:00","Action":"output","Package":"go.etcd.io/raft/v3","Test":"TestAssuranceAutoLeaveTransferExploration/no_transfer","Output":"raft2026/10/03 13:50:37 INFO: 3 became follower at term 2\n"}
{"Time":"2026-10-03T13:50:37.829487991+08:00","Action":"output","Package":"go.etcd.io/raft/v3","Test":"TestAssuranceAutoLeaveTransferExploration/no_transfer","Output":"raft2026/10/03 13:50:37 INFO: 3 [logterm: 1, index: 1, vote: 0] cast MsgVote for 1 [logterm: 1, index: 1] at term 2\n"}
{"Time":"2026-10-03T13:50:37.829498857+08:00","Action":"output","Package":"go.etcd.io/raft/v3","Test":"TestAssuranceAutoLeaveTransferExploration/no_transfer","Output":"raft2026/10/03 13:50:37 INFO: 1 received MsgVoteResp from 2 at term 2\n"}
{"Time":"2026-10-03T13:50:37.829502646+08:00","Action":"output","Package":"go.etcd.io/raft/v3","Test":"TestAssuranceAutoLeaveTransferExploration/no_transfer","Output":"raft2026/10/03 13:50:37 INFO: 1 has received 2 MsgVoteResp votes and 0 vote rejections\n"}
{"Time":"2026-10-03T13:50:37.829506028+08:00","Action":"output","Package":"go.etcd.io/raft/v3","Test":"TestAssuranceAutoLeaveTransferExploration/no_transfer","Output":"raft2026/10/03 13:50:37 INFO: 1 became leader at term 2\n"}
{"Time":"2026-10-03T13:50:37.829514767+08:00","Action":"output","Package":"go.etcd.io/raft/v3","Test":"TestAssuranceAutoLeaveTransferExploration/no_transfer","Output":"raft2026/10/03 13:50:37 INFO: 1 switched to configuration voters=(1 2)\u0026\u0026(1 2 3) learners_next=(3) autoleave\n"}
{"Time":"2026-10-03T13:50:37.829604253+08:00","Action":"output","Package":"go.etcd.io/raft/v3","Test":"TestAssuranceAutoLeaveTransferExploration/no_transfer","Output":"CA_EVENT {\"auto_leave\":true,\"event\":\"configuration_applied\",\"incoming\":[1,2],\"index\":3,\"learners\":null,\"node\":1,\"outgoing\":[1,2,3],\"scenario\":\"no_transfer\"}\n"}
{"Time":"2026-10-03T13:50:37.829619291+08:00","Action":"output","Package":"go.etcd.io/raft/v3","Test":"TestAssuranceAutoLeaveTransferExploration/no_transfer","Output":"raft2026/10/03 13:50:37 INFO: initiating automatic transition out of joint configuration voters=(1 2)\u0026\u0026(1 2 3) learners_next=(3) autoleave\n"}
{"Time":"2026-10-03T13:50:37.829802372+08:00","Action":"output","Package":"go.etcd.io/raft/v3","Test":"TestAssuranceAutoLeaveTransferExploration/no_transfer","Output":"raft2026/10/03 13:50:37 INFO: 2 switched to configuration voters=(1 2)\u0026\u0026(1 2 3) learners_next=(3) autoleave\n"}
{"Time":"2026-10-03T13:50:37.829826168+08:00","Action":"output","Package":"go.etcd.io/raft/v3","Test":"TestAssuranceAutoLeaveTransferExploration/no_transfer","Output":"CA_EVENT {\"auto_leave\":true,\"event\":\"configuration_applied\",\"incoming\":[1,2],\"index\":3,\"learners\":null,\"node\":2,\"outgoing\":[1,2,3],\"scenario\":\"no_transfer\"}\n"}
{"Time":"2026-10-03T13:50:37.829832605+08:00","Action":"output","Package":"go.etcd.io/raft/v3","Test":"TestAssuranceAutoLeaveTransferExploration/no_transfer","Output":"raft2026/10/03 13:50:37 INFO: 1 switched to configuration voters=(1 2) learners=(3)\n"}
{"Time":"2026-10-03T13:50:37.829838815+08:00","Action":"output","Package":"go.etcd.io/raft/v3","Test":"TestAssuranceAutoLeaveTransferExploration/no_transfer","Output":"CA_EVENT {\"auto_leave\":false,\"event\":\"configuration_applied\",\"incoming\":[1,2],\"index\":4,\"learners\":[3],\"node\":1,\"outgoing\":null,\"scenario\":\"no_transfer\"}\n"}
{"Time":"2026-10-03T13:50:37.829842816+08:00","Action":"output","Package":"go.etcd.io/raft/v3","Test":"TestAssuranceAutoLeaveTransferExploration/no_transfer","Output":"raft2026/10/03 13:50:37 INFO: 2 switched to configuration voters=(1 2) learners=(3)\n"}
{"Time":"2026-10-03T13:50:37.829845949+08:00","Action":"output","Package":"go.etcd.io/raft/v3","Test":"TestAssuranceAutoLeaveTransferExploration/no_transfer","Output":"CA_EVENT {\"auto_leave\":false,\"event\":\"configuration_applied\",\"incoming\":[1,2],\"index\":4,\"learners\":[3],\"node\":2,\"outgoing\":null,\"scenario\":\"no_transfer\"}\n"}
{"Time":"2026-10-03T13:50:37.829849404+08:00","Action":"output","Package":"go.etcd.io/raft/v3","Test":"TestAssuranceAutoLeaveTransferExploration/no_transfer","Output":"CA_EVENT {\"applied\":4,\"auto_leave\":false,\"commit\":4,\"event\":\"state_observed\",\"incoming\":[1,2],\"last_index\":4,\"node\":1,\"outgoing\":null,\"role\":\"StateLeader\",\"scenario\":\"no_transfer\",\"stage\":\"after_joint_application_and_drain\",\"target\":0,\"term\":2}\n"}
{"Time":"2026-10-03T13:50:37.830064978+08:00","Action":"output","Package":"go.etcd.io/raft/v3","Test":"TestAssuranceAutoLeaveTransferExploration/no_transfer","Output":"CA_EVENT {\"applied\":4,\"auto_leave\":false,\"commit\":4,\"event\":\"state_observed\",\"incoming\":[1,2],\"last_index\":4,\"node\":1,\"outgoing\":null,\"role\":\"StateLeader\",\"scenario\":\"no_transfer\",\"stage\":\"after_10_ticks\",\"target\":0,\"term\":2}\n"}
{"Time":"2026-10-03T13:50:37.830076037+08:00","Action":"output","Package":"go.etcd.io/raft/v3","Test":"TestAssuranceAutoLeaveTransferExploration/no_transfer","Output":"CA_EVENT {\"applied\":4,\"auto_leave\":false,\"commit\":4,\"event\":\"state_observed\",\"incoming\":[1,2],\"last_index\":4,\"node\":1,\"outgoing\":null,\"role\":\"StateLeader\",\"scenario\":\"no_transfer\",\"stage\":\"after_30_ticks\",\"target\":0,\"term\":2}\n"}
{"Time":"2026-10-03T13:50:37.830080779+08:00","Action":"output","Package":"go.etcd.io/raft/v3","Test":"TestAssuranceAutoLeaveTransferExploration/no_transfer","Output":"CA_EVENT {\"applied\":5,\"auto_leave\":false,\"commit\":5,\"event\":\"state_observed\",\"incoming\":[1,2],\"last_index\":5,\"node\":1,\"outgoing\":null,\"role\":\"StateLeader\",\"scenario\":\"no_transfer\",\"stage\":\"after_new_application\",\"target\":0,\"term\":2}\n"}
{"Time":"2026-10-03T13:50:37.830089244+08:00","Action":"output","Package":"go.etcd.io/raft/v3","Test":"TestAssuranceAutoLeaveTransferExploration/no_transfer","Output":"--- PASS: TestAssuranceAutoLeaveTransferExploration/no_transfer (0.00s)\n"}
{"Time":"2026-10-03T13:50:37.83009309+08:00","Action":"pass","Package":"go.etcd.io/raft/v3","Test":"TestAssuranceAutoLeaveTransferExploration/no_transfer","Elapsed":0}
{"Time":"2026-10-03T13:50:37.830099187+08:00","Action":"run","Package":"go.etcd.io/raft/v3","Test":"TestAssuranceAutoLeaveTransferExploration/transfer_overlap"}
{"Time":"2026-10-03T13:50:37.830102772+08:00","Action":"output","Package":"go.etcd.io/raft/v3","Test":"TestAssuranceAutoLeaveTransferExploration/transfer_overlap","Output":"=== RUN   TestAssuranceAutoLeaveTransferExploration/transfer_overlap\n"}
{"Time":"2026-10-03T13:50:37.830107768+08:00","Action":"output","Package":"go.etcd.io/raft/v3","Test":"TestAssuranceAutoLeaveTransferExploration/transfer_overlap","Output":"raft2026/10/03 13:50:37 INFO: 1 switched to configuration voters=(1 2 3)\n"}
{"Time":"2026-10-03T13:50:37.830117591+08:00","Action":"output","Package":"go.etcd.io/raft/v3","Test":"TestAssuranceAutoLeaveTransferExploration/transfer_overlap","Output":"raft2026/10/03 13:50:37 INFO: 1 became follower at term 1\n"}
{"Time":"2026-10-03T13:50:37.830136076+08:00","Action":"output","Package":"go.etcd.io/raft/v3","Test":"TestAssuranceAutoLeaveTransferExploration/transfer_overlap","Output":"raft2026/10/03 13:50:37 INFO: newRaft 1 [peers: [1,2,3], term: 1, commit: 1, applied: 1, lastindex: 1, lastterm: 1]\n"}
{"Time":"2026-10-03T13:50:37.830140809+08:00","Action":"output","Package":"go.etcd.io/raft/v3","Test":"TestAssuranceAutoLeaveTransferExploration/transfer_overlap","Output":"raft2026/10/03 13:50:37 INFO: 2 switched to configuration voters=(1 2 3)\n"}
{"Time":"2026-10-03T13:50:37.830144523+08:00","Action":"output","Package":"go.etcd.io/raft/v3","Test":"TestAssuranceAutoLeaveTransferExploration/transfer_overlap","Output":"raft2026/10/03 13:50:37 INFO: 2 became follower at term 1\n"}
{"Time":"2026-10-03T13:50:37.830150116+08:00","Action":"output","Package":"go.etcd.io/raft/v3","Test":"TestAssuranceAutoLeaveTransferExploration/transfer_overlap","Output":"raft2026/10/03 13:50:37 INFO: newRaft 2 [peers: [1,2,3], term: 1, commit: 1, applied: 1, lastindex: 1, lastterm: 1]\n"}
{"Time":"2026-10-03T13:50:37.830153659+08:00","Action":"output","Package":"go.etcd.io/raft/v3","Test":"TestAssuranceAutoLeaveTransferExploration/transfer_overlap","Output":"raft2026/10/03 13:50:37 INFO: 3 switched to configuration voters=(1 2 3)\n"}
{"Time":"2026-10-03T13:50:37.830156539+08:00","Action":"output","Package":"go.etcd.io/raft/v3","Test":"TestAssuranceAutoLeaveTransferExploration/transfer_overlap","Output":"raft2026/10/03 13:50:37 INFO: 3 became follower at term 1\n"}
{"Time":"2026-10-03T13:50:37.830161664+08:00","Action":"output","Package":"go.etcd.io/raft/v3","Test":"TestAssuranceAutoLeaveTransferExploration/transfer_overlap","Output":"raft2026/10/03 13:50:37 INFO: newRaft 3 [peers: [1,2,3], term: 1, commit: 1, applied: 1, lastindex: 1, lastterm: 1]\n"}
{"Time":"2026-10-03T13:50:37.830167385+08:00","Action":"output","Package":"go.etcd.io/raft/v3","Test":"TestAssuranceAutoLeaveTransferExploration/transfer_overlap","Output":"raft2026/10/03 13:50:37 INFO: 1 is starting a new election at term 1\n"}
{"Time":"2026-10-03T13:50:37.830170326+08:00","Action":"output","Package":"go.etcd.io/raft/v3","Test":"TestAssuranceAutoLeaveTransferExploration/transfer_overlap","Output":"raft2026/10/03 13:50:37 INFO: 1 became candidate at term 2\n"}
{"Time":"2026-10-03T13:50:37.830174587+08:00","Action":"output","Package":"go.etcd.io/raft/v3","Test":"TestAssuranceAutoLeaveTransferExploration/transfer_overlap","Output":"raft2026/10/03 13:50:37 INFO: 1 [logterm: 1, index: 1] sent MsgVote request to 2 at term 2\n"}
{"Time":"2026-10-03T13:50:37.830177902+08:00","Action":"output","Package":"go.etcd.io/raft/v3","Test":"TestAssuranceAutoLeaveTransferExploration/transfer_overlap","Output":"raft2026/10/03 13:50:37 INFO: 1 [logterm: 1, index: 1] sent MsgVote request to 3 at term 2\n"}
{"Time":"2026-10-03T13:50:37.830182229+08:00","Action":"output","Package":"go.etcd.io/raft/v3","Test":"TestAssuranceAutoLeaveTransferExploration/transfer_overlap","Output":"raft2026/10/03 13:50:37 INFO: 1 received MsgVoteResp from 1 at term 2\n"}
{"Time":"2026-10-03T13:50:37.83018679+08:00","Action":"output","Package":"go.etcd.io/raft/v3","Test":"TestAssuranceAutoLeaveTransferExploration/transfer_overlap","Output":"raft2026/10/03 13:50:37 INFO: 1 has received 1 MsgVoteResp votes and 0 vote rejections\n"}
{"Time":"2026-10-03T13:50:37.830191248+08:00","Action":"output","Package":"go.etcd.io/raft/v3","Test":"TestAssuranceAutoLeaveTransferExploration/transfer_overlap","Output":"raft2026/10/03 13:50:37 INFO: 2 [term: 1] received a MsgVote message with higher term from 1 [term: 2]\n"}
{"Time":"2026-10-03T13:50:37.830195441+08:00","Action":"output","Package":"go.etcd.io/raft/v3","Test":"TestAssuranceAutoLeaveTransferExploration/transfer_overlap","Output":"raft2026/10/03 13:50:37 INFO: 2 became follower at term 2\n"}
{"Time":"2026-10-03T13:50:37.830199866+08:00","Action":"output","Package":"go.etcd.io/raft/v3","Test":"TestAssuranceAutoLeaveTransferExploration/transfer_overlap","Output":"raft2026/10/03 13:50:37 INFO: 2 [logterm: 1, index: 1, vote: 0] cast MsgVote for 1 [logterm: 1, index: 1] at term 2\n"}
{"Time":"2026-10-03T13:50:37.830204189+08:00","Action":"output","Package":"go.etcd.io/raft/v3","Test":"TestAssuranceAutoLeaveTransferExploration/transfer_overlap","Output":"raft2026/10/03 13:50:37 INFO: 3 [term: 1] received a MsgVote message with higher term from 1 [term: 2]\n"}
{"Time":"2026-10-03T13:50:37.830226693+08:00","Action":"output","Package":"go.etcd.io/raft/v3","Test":"TestAssuranceAutoLeaveTransferExploration/transfer_overlap","Output":"raft2026/10/03 13:50:37 INFO: 3 became follower at term 2\n"}
{"Time":"2026-10-03T13:50:37.830231167+08:00","Action":"output","Package":"go.etcd.io/raft/v3","Test":"TestAssuranceAutoLeaveTransferExploration/transfer_overlap","Output":"raft2026/10/03 13:50:37 INFO: 3 [logterm: 1, index: 1, vote: 0] cast MsgVote for 1 [logterm: 1, index: 1] at term 2\n"}
{"Time":"2026-10-03T13:50:37.830238782+08:00","Action":"output","Package":"go.etcd.io/raft/v3","Test":"TestAssuranceAutoLeaveTransferExploration/transfer_overlap","Output":"raft2026/10/03 13:50:37 INFO: 1 received MsgVoteResp from 2 at term 2\n"}
{"Time":"2026-10-03T13:50:37.830243365+08:00","Action":"output","Package":"go.etcd.io/raft/v3","Test":"TestAssuranceAutoLeaveTransferExploration/transfer_overlap","Output":"raft2026/10/03 13:50:37 INFO: 1 has received 2 MsgVoteResp votes and 0 vote rejections\n"}
{"Time":"2026-10-03T13:50:37.830372535+08:00","Action":"output","Package":"go.etcd.io/raft/v3","Test":"TestAssuranceAutoLeaveTransferExploration/transfer_overlap","Output":"raft2026/10/03 13:50:37 INFO: 1 became leader at term 2\n"}
{"Time":"2026-10-03T13:50:37.830382425+08:00","Action":"output","Package":"go.etcd.io/raft/v3","Test":"TestAssuranceAutoLeaveTransferExploration/transfer_overlap","Output":"raft2026/10/03 13:50:37 INFO: 1 switched to configuration voters=(1 2)\u0026\u0026(1 2 3) learners_next=(3) autoleave\n"}
{"Time":"2026-10-03T13:50:37.830386755+08:00","Action":"output","Package":"go.etcd.io/raft/v3","Test":"TestAssuranceAutoLeaveTransferExploration/transfer_overlap","Output":"CA_EVENT {\"auto_leave\":true,\"event\":\"configuration_applied\",\"incoming\":[1,2],\"index\":3,\"learners\":null,\"node\":1,\"outgoing\":[1,2,3],\"scenario\":\"transfer_overlap\"}\n"}
{"Time":"2026-10-03T13:50:37.830393396+08:00","Action":"output","Package":"go.etcd.io/raft/v3","Test":"TestAssuranceAutoLeaveTransferExploration/transfer_overlap","Output":"raft2026/10/03 13:50:37 INFO: 1 [term 2] starts to transfer leadership to 3\n"}
{"Time":"2026-10-03T13:50:37.830399129+08:00","Action":"output","Package":"go.etcd.io/raft/v3","Test":"TestAssuranceAutoLeaveTransferExploration/transfer_overlap","Output":"CA_EVENT {\"configuration_index\":3,\"event\":\"transfer_requested_before_advance\",\"node\":1,\"role\":\"StateLeader\",\"scenario\":\"transfer_overlap\",\"target\":3}\n"}
{"Time":"2026-10-03T13:50:37.830489764+08:00","Action":"output","Package":"go.etcd.io/raft/v3","Test":"TestAssuranceAutoLeaveTransferExploration/transfer_overlap","Output":"raft2026/10/03 13:50:37 INFO: 2 switched to configuration voters=(1 2)\u0026\u0026(1 2 3) learners_next=(3) autoleave\n"}
{"Time":"2026-10-03T13:50:37.830495977+08:00","Action":"output","Package":"go.etcd.io/raft/v3","Test":"TestAssuranceAutoLeaveTransferExploration/transfer_overlap","Output":"CA_EVENT {\"auto_leave\":true,\"event\":\"configuration_applied\",\"incoming\":[1,2],\"index\":3,\"learners\":null,\"node\":2,\"outgoing\":[1,2,3],\"scenario\":\"transfer_overlap\"}\n"}
{"Time":"2026-10-03T13:50:37.830500634+08:00","Action":"output","Package":"go.etcd.io/raft/v3","Test":"TestAssuranceAutoLeaveTransferExploration/transfer_overlap","Output":"CA_EVENT {\"applied\":3,\"auto_leave\":false,\"commit\":3,\"event\":\"state_observed\",\"incoming\":[1,2],\"last_index\":3,\"node\":1,\"outgoing\":[1,2,3],\"role\":\"StateLeader\",\"scenario\":\"transfer_overlap\",\"stage\":\"after_joint_application_and_drain\",\"target\":3,\"term\":2}\n"}
{"Time":"2026-10-03T13:50:37.830506844+08:00","Action":"output","Package":"go.etcd.io/raft/v3","Test":"TestAssuranceAutoLeaveTransferExploration/transfer_overlap","Output":"CA_EVENT {\"applied\":3,\"auto_leave\":false,\"commit\":3,\"event\":\"state_observed\",\"incoming\":[1,2],\"last_index\":3,\"node\":1,\"outgoing\":[1,2,3],\"role\":\"StateLeader\",\"scenario\":\"transfer_overlap\",\"stage\":\"after_10_ticks\",\"target\":0,\"term\":2}\n"}
{"Time":"2026-10-03T13:50:37.830602975+08:00","Action":"output","Package":"go.etcd.io/raft/v3","Test":"TestAssuranceAutoLeaveTransferExploration/transfer_overlap","Output":"CA_EVENT {\"applied\":3,\"auto_leave\":false,\"commit\":3,\"event\":\"state_observed\",\"incoming\":[1,2],\"last_index\":3,\"node\":1,\"outgoing\":[1,2,3],\"role\":\"StateLeader\",\"scenario\":\"transfer_overlap\",\"stage\":\"after_30_ticks\",\"target\":0,\"term\":2}\n"}
{"Time":"2026-10-03T13:50:37.830613926+08:00","Action":"output","Package":"go.etcd.io/raft/v3","Test":"TestAssuranceAutoLeaveTransferExploration/transfer_overlap","Output":"raft2026/10/03 13:50:37 INFO: initiating automatic transition out of joint configuration voters=(1 2)\u0026\u0026(1 2 3) learners_next=(3) autoleave\n"}
{"Time":"2026-10-03T13:50:37.830623595+08:00","Action":"output","Package":"go.etcd.io/raft/v3","Test":"TestAssuranceAutoLeaveTransferExploration/transfer_overlap","Output":"raft2026/10/03 13:50:37 INFO: 1 switched to configuration voters=(1 2) learners=(3)\n"}
{"Time":"2026-10-03T13:50:37.830640646+08:00","Action":"output","Package":"go.etcd.io/raft/v3","Test":"TestAssuranceAutoLeaveTransferExploration/transfer_overlap","Output":"CA_EVENT {\"auto_leave\":false,\"event\":\"configuration_applied\",\"incoming\":[1,2],\"index\":5,\"learners\":[3],\"node\":1,\"outgoing\":null,\"scenario\":\"transfer_overlap\"}\n"}
{"Time":"2026-10-03T13:50:37.830651131+08:00","Action":"output","Package":"go.etcd.io/raft/v3","Test":"TestAssuranceAutoLeaveTransferExploration/transfer_overlap","Output":"raft2026/10/03 13:50:37 INFO: 2 switched to configuration voters=(1 2) learners=(3)\n"}
{"Time":"2026-10-03T13:50:37.830661731+08:00","Action":"output","Package":"go.etcd.io/raft/v3","Test":"TestAssuranceAutoLeaveTransferExploration/transfer_overlap","Output":"CA_EVENT {\"auto_leave\":false,\"event\":\"configuration_applied\",\"incoming\":[1,2],\"index\":5,\"learners\":[3],\"node\":2,\"outgoing\":null,\"scenario\":\"transfer_overlap\"}\n"}
{"Time":"2026-10-03T13:50:37.830889209+08:00","Action":"output","Package":"go.etcd.io/raft/v3","Test":"TestAssuranceAutoLeaveTransferExploration/transfer_overlap","Output":"CA_EVENT {\"applied\":5,\"auto_leave\":false,\"commit\":5,\"event\":\"state_observed\",\"incoming\":[1,2],\"last_index\":5,\"node\":1,\"outgoing\":null,\"role\":\"StateLeader\",\"scenario\":\"transfer_overlap\",\"stage\":\"after_new_application\",\"target\":0,\"term\":2}\n"}
{"Time":"2026-10-03T13:50:37.830938488+08:00","Action":"output","Package":"go.etcd.io/raft/v3","Test":"TestAssuranceAutoLeaveTransferExploration/transfer_overlap","Output":"--- PASS: TestAssuranceAutoLeaveTransferExploration/transfer_overlap (0.00s)\n"}
{"Time":"2026-10-03T13:50:37.830951383+08:00","Action":"pass","Package":"go.etcd.io/raft/v3","Test":"TestAssuranceAutoLeaveTransferExploration/transfer_overlap","Elapsed":0}
{"Time":"2026-10-03T13:50:37.830966691+08:00","Action":"output","Package":"go.etcd.io/raft/v3","Test":"TestAssuranceAutoLeaveTransferExploration","Output":"--- PASS: TestAssuranceAutoLeaveTransferExploration (0.00s)\n"}
{"Time":"2026-10-03T13:50:37.830975726+08:00","Action":"pass","Package":"go.etcd.io/raft/v3","Test":"TestAssuranceAutoLeaveTransferExploration","Elapsed":0}
{"Time":"2026-10-03T13:50:37.830982783+08:00","Action":"output","Package":"go.etcd.io/raft/v3","Output":"PASS\n"}
{"Time":"2026-10-03T13:50:37.833196322+08:00","Action":"output","Package":"go.etcd.io/raft/v3","Output":"ok  \tgo.etcd.io/raft/v3\t0.020s\n"}
{"Time":"2026-10-03T13:50:37.833212373+08:00","Action":"pass","Package":"go.etcd.io/raft/v3","Elapsed":0.021}
