{"Time":"2026-10-03T13:31:48.255056166+08:00","Action":"start","Package":"go.etcd.io/raft/v3"}
{"Time":"2026-10-03T13:31:48.263980083+08:00","Action":"run","Package":"go.etcd.io/raft/v3","Test":"TestAssuranceAdvanceCampaignExploration"}
{"Time":"2026-10-03T13:31:48.264049065+08:00","Action":"output","Package":"go.etcd.io/raft/v3","Test":"TestAssuranceAdvanceCampaignExploration","Output":"=== RUN   TestAssuranceAdvanceCampaignExploration\n"}
{"Time":"2026-10-03T13:31:48.264109807+08:00","Action":"run","Package":"go.etcd.io/raft/v3","Test":"TestAssuranceAdvanceCampaignExploration/configuration_before_advance"}
{"Time":"2026-10-03T13:31:48.264118037+08:00","Action":"output","Package":"go.etcd.io/raft/v3","Test":"TestAssuranceAdvanceCampaignExploration/configuration_before_advance","Output":"=== RUN   TestAssuranceAdvanceCampaignExploration/configuration_before_advance\n"}
{"Time":"2026-10-03T13:31:48.264130614+08:00","Action":"output","Package":"go.etcd.io/raft/v3","Test":"TestAssuranceAdvanceCampaignExploration/configuration_before_advance","Output":"raft2026/10/03 13:31:48 INFO: 2 switched to configuration voters=(1 2 3)\n"}
{"Time":"2026-10-03T13:31:48.264137942+08:00","Action":"output","Package":"go.etcd.io/raft/v3","Test":"TestAssuranceAdvanceCampaignExploration/configuration_before_advance","Output":"raft2026/10/03 13:31:48 INFO: 2 became follower at term 1\n"}
{"Time":"2026-10-03T13:31:48.264145408+08:00","Action":"output","Package":"go.etcd.io/raft/v3","Test":"TestAssuranceAdvanceCampaignExploration/configuration_before_advance","Output":"raft2026/10/03 13:31:48 INFO: newRaft 2 [peers: [1,2,3], term: 1, commit: 2, applied: 1, lastindex: 2, lastterm: 1]\n"}
{"Time":"2026-10-03T13:31:48.264157682+08:00","Action":"output","Package":"go.etcd.io/raft/v3","Test":"TestAssuranceAdvanceCampaignExploration/configuration_before_advance","Output":"CA_EVENT {\"applied\":1,\"commit\":2,\"node\":2,\"scenario\":\"configuration_before_advance\",\"self_voter\":true,\"stage\":\"ready_received_persisted\",\"state\":\"StateFollower\",\"term\":1}\n"}
{"Time":"2026-10-03T13:31:48.264166831+08:00","Action":"output","Package":"go.etcd.io/raft/v3","Test":"TestAssuranceAdvanceCampaignExploration/configuration_before_advance","Output":"raft2026/10/03 13:31:48 WARN: 2 cannot campaign at term 1 since there are still pending configuration changes to apply\n"}
{"Time":"2026-10-03T13:31:48.26417852+08:00","Action":"output","Package":"go.etcd.io/raft/v3","Test":"TestAssuranceAdvanceCampaignExploration/configuration_before_advance","Output":"CA_EVENT {\"applied\":1,\"commit\":2,\"node\":2,\"scenario\":\"configuration_before_advance\",\"self_voter\":true,\"stage\":\"campaign_before_application_accounting\",\"state\":\"StateFollower\",\"term\":1}\n"}
{"Time":"2026-10-03T13:31:48.264199429+08:00","Action":"output","Package":"go.etcd.io/raft/v3","Test":"TestAssuranceAdvanceCampaignExploration/configuration_before_advance","Output":"raft2026/10/03 13:31:48 INFO: 2 switched to configuration voters=(1 3)\n"}
{"Time":"2026-10-03T13:31:48.264206773+08:00","Action":"output","Package":"go.etcd.io/raft/v3","Test":"TestAssuranceAdvanceCampaignExploration/configuration_before_advance","Output":"CA_EVENT {\"applied\":2,\"commit\":2,\"node\":2,\"scenario\":\"configuration_before_advance\",\"self_voter\":false,\"stage\":\"advance_completed\",\"state\":\"StateFollower\",\"term\":1}\n"}
{"Time":"2026-10-03T13:31:48.264213901+08:00","Action":"output","Package":"go.etcd.io/raft/v3","Test":"TestAssuranceAdvanceCampaignExploration/configuration_before_advance","Output":"raft2026/10/03 13:31:48 WARN: 2 is unpromotable and can not campaign\n"}
{"Time":"2026-10-03T13:31:48.264222866+08:00","Action":"output","Package":"go.etcd.io/raft/v3","Test":"TestAssuranceAdvanceCampaignExploration/configuration_before_advance","Output":"CA_EVENT {\"applied\":2,\"commit\":2,\"node\":2,\"scenario\":\"configuration_before_advance\",\"self_voter\":false,\"stage\":\"campaign_after_advance\",\"state\":\"StateFollower\",\"term\":1}\n"}
{"Time":"2026-10-03T13:31:48.264231853+08:00","Action":"output","Package":"go.etcd.io/raft/v3","Test":"TestAssuranceAdvanceCampaignExploration/configuration_before_advance","Output":"CA_EVENT {\"applied\":2,\"commit\":2,\"node\":2,\"scenario\":\"configuration_before_advance\",\"self_voter\":false,\"stage\":\"configuration_callback_completed\",\"state\":\"StateFollower\",\"term\":1}\n"}
{"Time":"2026-10-03T13:31:48.264245377+08:00","Action":"output","Package":"go.etcd.io/raft/v3","Test":"TestAssuranceAdvanceCampaignExploration/configuration_before_advance","Output":"--- PASS: TestAssuranceAdvanceCampaignExploration/configuration_before_advance (0.00s)\n"}
{"Time":"2026-10-03T13:31:48.264254356+08:00","Action":"pass","Package":"go.etcd.io/raft/v3","Test":"TestAssuranceAdvanceCampaignExploration/configuration_before_advance","Elapsed":0}
{"Time":"2026-10-03T13:31:48.264270448+08:00","Action":"run","Package":"go.etcd.io/raft/v3","Test":"TestAssuranceAdvanceCampaignExploration/advance_before_configuration"}
{"Time":"2026-10-03T13:31:48.264282182+08:00","Action":"output","Package":"go.etcd.io/raft/v3","Test":"TestAssuranceAdvanceCampaignExploration/advance_before_configuration","Output":"=== RUN   TestAssuranceAdvanceCampaignExploration/advance_before_configuration\n"}
{"Time":"2026-10-03T13:31:48.264288797+08:00","Action":"output","Package":"go.etcd.io/raft/v3","Test":"TestAssuranceAdvanceCampaignExploration/advance_before_configuration","Output":"raft2026/10/03 13:31:48 INFO: 2 switched to configuration voters=(1 2 3)\n"}
{"Time":"2026-10-03T13:31:48.264297189+08:00","Action":"output","Package":"go.etcd.io/raft/v3","Test":"TestAssuranceAdvanceCampaignExploration/advance_before_configuration","Output":"raft2026/10/03 13:31:48 INFO: 2 became follower at term 1\n"}
{"Time":"2026-10-03T13:31:48.264303062+08:00","Action":"output","Package":"go.etcd.io/raft/v3","Test":"TestAssuranceAdvanceCampaignExploration/advance_before_configuration","Output":"raft2026/10/03 13:31:48 INFO: newRaft 2 [peers: [1,2,3], term: 1, commit: 2, applied: 1, lastindex: 2, lastterm: 1]\n"}
{"Time":"2026-10-03T13:31:48.264311768+08:00","Action":"output","Package":"go.etcd.io/raft/v3","Test":"TestAssuranceAdvanceCampaignExploration/advance_before_configuration","Output":"CA_EVENT {\"applied\":1,\"commit\":2,\"node\":2,\"scenario\":\"advance_before_configuration\",\"self_voter\":true,\"stage\":\"ready_received_persisted\",\"state\":\"StateFollower\",\"term\":1}\n"}
{"Time":"2026-10-03T13:31:48.264318109+08:00","Action":"output","Package":"go.etcd.io/raft/v3","Test":"TestAssuranceAdvanceCampaignExploration/advance_before_configuration","Output":"raft2026/10/03 13:31:48 WARN: 2 cannot campaign at term 1 since there are still pending configuration changes to apply\n"}
{"Time":"2026-10-03T13:31:48.26432361+08:00","Action":"output","Package":"go.etcd.io/raft/v3","Test":"TestAssuranceAdvanceCampaignExploration/advance_before_configuration","Output":"CA_EVENT {\"applied\":1,\"commit\":2,\"node\":2,\"scenario\":\"advance_before_configuration\",\"self_voter\":true,\"stage\":\"campaign_before_application_accounting\",\"state\":\"StateFollower\",\"term\":1}\n"}
{"Time":"2026-10-03T13:31:48.264329851+08:00","Action":"output","Package":"go.etcd.io/raft/v3","Test":"TestAssuranceAdvanceCampaignExploration/advance_before_configuration","Output":"CA_EVENT {\"applied\":2,\"commit\":2,\"node\":2,\"scenario\":\"advance_before_configuration\",\"self_voter\":true,\"stage\":\"advance_completed\",\"state\":\"StateFollower\",\"term\":1}\n"}
{"Time":"2026-10-03T13:31:48.264335532+08:00","Action":"output","Package":"go.etcd.io/raft/v3","Test":"TestAssuranceAdvanceCampaignExploration/advance_before_configuration","Output":"raft2026/10/03 13:31:48 INFO: 2 is starting a new election at term 1\n"}
{"Time":"2026-10-03T13:31:48.264362141+08:00","Action":"output","Package":"go.etcd.io/raft/v3","Test":"TestAssuranceAdvanceCampaignExploration/advance_before_configuration","Output":"raft2026/10/03 13:31:48 INFO: 2 became candidate at term 2\n"}
{"Time":"2026-10-03T13:31:48.264367641+08:00","Action":"output","Package":"go.etcd.io/raft/v3","Test":"TestAssuranceAdvanceCampaignExploration/advance_before_configuration","Output":"raft2026/10/03 13:31:48 INFO: 2 [logterm: 1, index: 2] sent MsgVote request to 1 at term 2\n"}
{"Time":"2026-10-03T13:31:48.264372834+08:00","Action":"output","Package":"go.etcd.io/raft/v3","Test":"TestAssuranceAdvanceCampaignExploration/advance_before_configuration","Output":"raft2026/10/03 13:31:48 INFO: 2 [logterm: 1, index: 2] sent MsgVote request to 3 at term 2\n"}
{"Time":"2026-10-03T13:31:48.264378068+08:00","Action":"output","Package":"go.etcd.io/raft/v3","Test":"TestAssuranceAdvanceCampaignExploration/advance_before_configuration","Output":"CA_EVENT {\"applied\":2,\"commit\":2,\"node\":2,\"scenario\":\"advance_before_configuration\",\"self_voter\":true,\"stage\":\"campaign_after_advance\",\"state\":\"StateCandidate\",\"term\":2}\n"}
{"Time":"2026-10-03T13:31:48.26438882+08:00","Action":"output","Package":"go.etcd.io/raft/v3","Test":"TestAssuranceAdvanceCampaignExploration/advance_before_configuration","Output":"raft2026/10/03 13:31:48 INFO: 2 switched to configuration voters=(1 3)\n"}
{"Time":"2026-10-03T13:31:48.264400344+08:00","Action":"output","Package":"go.etcd.io/raft/v3","Test":"TestAssuranceAdvanceCampaignExploration/advance_before_configuration","Output":"CA_EVENT {\"applied\":2,\"commit\":2,\"node\":2,\"scenario\":\"advance_before_configuration\",\"self_voter\":false,\"stage\":\"configuration_callback_completed\",\"state\":\"StateCandidate\",\"term\":2}\n"}
{"Time":"2026-10-03T13:31:48.264408572+08:00","Action":"output","Package":"go.etcd.io/raft/v3","Test":"TestAssuranceAdvanceCampaignExploration/advance_before_configuration","Output":"--- PASS: TestAssuranceAdvanceCampaignExploration/advance_before_configuration (0.00s)\n"}
{"Time":"2026-10-03T13:31:48.26441469+08:00","Action":"pass","Package":"go.etcd.io/raft/v3","Test":"TestAssuranceAdvanceCampaignExploration/advance_before_configuration","Elapsed":0}
{"Time":"2026-10-03T13:31:48.264421304+08:00","Action":"output","Package":"go.etcd.io/raft/v3","Test":"TestAssuranceAdvanceCampaignExploration","Output":"--- PASS: TestAssuranceAdvanceCampaignExploration (0.00s)\n"}
{"Time":"2026-10-03T13:31:48.264427591+08:00","Action":"pass","Package":"go.etcd.io/raft/v3","Test":"TestAssuranceAdvanceCampaignExploration","Elapsed":0}
{"Time":"2026-10-03T13:31:48.264436369+08:00","Action":"output","Package":"go.etcd.io/raft/v3","Output":"PASS\n"}
{"Time":"2026-10-03T13:31:48.265253783+08:00","Action":"output","Package":"go.etcd.io/raft/v3","Output":"ok  \tgo.etcd.io/raft/v3\t0.010s\n"}
{"Time":"2026-10-03T13:31:48.265283057+08:00","Action":"pass","Package":"go.etcd.io/raft/v3","Elapsed":0.01}
