{"Time":"2026-09-22T21:34:00.254743771+08:00","Action":"start","Package":"github.com/hashicorp/raft"}
{"Time":"2026-09-22T21:34:00.268307735+08:00","Action":"run","Package":"github.com/hashicorp/raft","Test":"TestAssurancePipelineResponseValidity"}
{"Time":"2026-09-22T21:34:00.2683533+08:00","Action":"output","Package":"github.com/hashicorp/raft","Test":"TestAssurancePipelineResponseValidity","Output":"=== RUN   TestAssurancePipelineResponseValidity\n"}
{"Time":"2026-09-22T21:34:00.268419491+08:00","Action":"run","Package":"github.com/hashicorp/raft","Test":"TestAssurancePipelineResponseValidity/successful_completion"}
{"Time":"2026-09-22T21:34:00.268430655+08:00","Action":"output","Package":"github.com/hashicorp/raft","Test":"TestAssurancePipelineResponseValidity/successful_completion","Output":"=== RUN   TestAssurancePipelineResponseValidity/successful_completion\n"}
{"Time":"2026-09-22T21:34:00.268837585+08:00","Action":"output","Package":"github.com/hashicorp/raft","Test":"TestAssurancePipelineResponseValidity/successful_completion","Output":"CA_EVENT {\"event\":\"completed_input\",\"failed\":false,\"initial_match\":0,\"operation_id\":\"successful_completion\",\"request_index\":1,\"response_success\":true}\n"}
{"Time":"2026-09-22T21:34:00.269038068+08:00","Action":"output","Package":"github.com/hashicorp/raft","Test":"TestAssurancePipelineResponseValidity/successful_completion","Output":"CA_EVENT {\"error_returned\":false,\"event\":\"response_access\",\"failed\":false,\"operation_id\":\"successful_completion\"}\n"}
{"Time":"2026-09-22T21:34:00.269060675+08:00","Action":"output","Package":"github.com/hashicorp/raft","Test":"TestAssurancePipelineResponseValidity/successful_completion","Output":"CA_EVENT {\"error_returned\":false,\"event\":\"decoder_result\",\"failed\":false,\"match_index\":1,\"operation_id\":\"successful_completion\"}\n"}
{"Time":"2026-09-22T21:34:00.269087282+08:00","Action":"output","Package":"github.com/hashicorp/raft","Test":"TestAssurancePipelineResponseValidity/successful_completion","Output":"--- PASS: TestAssurancePipelineResponseValidity/successful_completion (0.00s)\n"}
{"Time":"2026-09-22T21:34:00.269103462+08:00","Action":"pass","Package":"github.com/hashicorp/raft","Test":"TestAssurancePipelineResponseValidity/successful_completion","Elapsed":0}
{"Time":"2026-09-22T21:34:00.269118706+08:00","Action":"run","Package":"github.com/hashicorp/raft","Test":"TestAssurancePipelineResponseValidity/failed_completion_false_response"}
{"Time":"2026-09-22T21:34:00.269125692+08:00","Action":"output","Package":"github.com/hashicorp/raft","Test":"TestAssurancePipelineResponseValidity/failed_completion_false_response","Output":"=== RUN   TestAssurancePipelineResponseValidity/failed_completion_false_response\n"}
{"Time":"2026-09-22T21:34:00.26920462+08:00","Action":"output","Package":"github.com/hashicorp/raft","Test":"TestAssurancePipelineResponseValidity/failed_completion_false_response","Output":"CA_EVENT {\"event\":\"completed_input\",\"failed\":true,\"initial_match\":0,\"operation_id\":\"failed_completion_false_response\",\"request_index\":1,\"response_success\":false}\n"}
{"Time":"2026-09-22T21:34:00.269422516+08:00","Action":"output","Package":"github.com/hashicorp/raft","Test":"TestAssurancePipelineResponseValidity/failed_completion_false_response","Output":"CA_EVENT {\"error_returned\":false,\"event\":\"response_access\",\"failed\":true,\"operation_id\":\"failed_completion_false_response\"}\n"}
{"Time":"2026-09-22T21:34:00.269447035+08:00","Action":"output","Package":"github.com/hashicorp/raft","Test":"TestAssurancePipelineResponseValidity/failed_completion_false_response","Output":"CA_EVENT {\"error_returned\":false,\"event\":\"decoder_result\",\"failed\":true,\"match_index\":0,\"operation_id\":\"failed_completion_false_response\"}\n"}
{"Time":"2026-09-22T21:34:00.269462416+08:00","Action":"output","Package":"github.com/hashicorp/raft","Test":"TestAssurancePipelineResponseValidity/failed_completion_false_response","Output":"--- PASS: TestAssurancePipelineResponseValidity/failed_completion_false_response (0.00s)\n"}
{"Time":"2026-09-22T21:34:00.269475365+08:00","Action":"pass","Package":"github.com/hashicorp/raft","Test":"TestAssurancePipelineResponseValidity/failed_completion_false_response","Elapsed":0}
{"Time":"2026-09-22T21:34:00.269492322+08:00","Action":"run","Package":"github.com/hashicorp/raft","Test":"TestAssurancePipelineResponseValidity/failed_completion_true_response"}
{"Time":"2026-09-22T21:34:00.26950139+08:00","Action":"output","Package":"github.com/hashicorp/raft","Test":"TestAssurancePipelineResponseValidity/failed_completion_true_response","Output":"=== RUN   TestAssurancePipelineResponseValidity/failed_completion_true_response\n"}
{"Time":"2026-09-22T21:34:00.269597837+08:00","Action":"output","Package":"github.com/hashicorp/raft","Test":"TestAssurancePipelineResponseValidity/failed_completion_true_response","Output":"CA_EVENT {\"event\":\"completed_input\",\"failed\":true,\"initial_match\":0,\"operation_id\":\"failed_completion_true_response\",\"request_index\":1,\"response_success\":true}\n"}
{"Time":"2026-09-22T21:34:00.269674076+08:00","Action":"output","Package":"github.com/hashicorp/raft","Test":"TestAssurancePipelineResponseValidity/failed_completion_true_response","Output":"CA_EVENT {\"error_returned\":false,\"event\":\"response_access\",\"failed\":true,\"operation_id\":\"failed_completion_true_response\"}\n"}
{"Time":"2026-09-22T21:34:00.269695614+08:00","Action":"output","Package":"github.com/hashicorp/raft","Test":"TestAssurancePipelineResponseValidity/failed_completion_true_response","Output":"CA_EVENT {\"error_returned\":false,\"event\":\"decoder_result\",\"failed\":true,\"match_index\":1,\"operation_id\":\"failed_completion_true_response\"}\n"}
{"Time":"2026-09-22T21:34:00.269718089+08:00","Action":"output","Package":"github.com/hashicorp/raft","Test":"TestAssurancePipelineResponseValidity/failed_completion_true_response","Output":"--- PASS: TestAssurancePipelineResponseValidity/failed_completion_true_response (0.00s)\n"}
{"Time":"2026-09-22T21:34:00.269730154+08:00","Action":"pass","Package":"github.com/hashicorp/raft","Test":"TestAssurancePipelineResponseValidity/failed_completion_true_response","Elapsed":0}
{"Time":"2026-09-22T21:34:00.269741098+08:00","Action":"output","Package":"github.com/hashicorp/raft","Test":"TestAssurancePipelineResponseValidity","Output":"--- PASS: TestAssurancePipelineResponseValidity (0.00s)\n"}
{"Time":"2026-09-22T21:34:00.269799614+08:00","Action":"pass","Package":"github.com/hashicorp/raft","Test":"TestAssurancePipelineResponseValidity","Elapsed":0}
{"Time":"2026-09-22T21:34:00.270030799+08:00","Action":"output","Package":"github.com/hashicorp/raft","Output":"PASS\n"}
{"Time":"2026-09-22T21:34:00.271149638+08:00","Action":"output","Package":"github.com/hashicorp/raft","Output":"ok  \tgithub.com/hashicorp/raft\t0.016s\n"}
{"Time":"2026-09-22T21:34:00.271233003+08:00","Action":"pass","Package":"github.com/hashicorp/raft","Elapsed":0.016}
