{"Time":"2026-10-07T13:22:13.476240318+08:00","Action":"start","Package":"github.com/hashicorp/raft"}
{"Time":"2026-10-07T13:22:13.496944897+08:00","Action":"run","Package":"github.com/hashicorp/raft","Test":"TestAssuranceVerifyLeaderTwoNonvoters"}
{"Time":"2026-10-07T13:22:13.497042297+08:00","Action":"output","Package":"github.com/hashicorp/raft","Test":"TestAssuranceVerifyLeaderTwoNonvoters","Output":"=== RUN   TestAssuranceVerifyLeaderTwoNonvoters\n"}
{"Time":"2026-10-07T13:22:14.12579229+08:00","Action":"output","Package":"github.com/hashicorp/raft","Test":"TestAssuranceVerifyLeaderTwoNonvoters","Output":"CA_EVENT {\"cluster\":\"c1\",\"event\":\"verification_setup\",\"leader_state\":\"Leader\",\"node\":\"n2\",\"non_voters\":\"n4,n5\",\"nonvoters\":2,\"op\":\"verify-leader-two-nonvoters\",\"quorum_size\":2,\"term\":2,\"voters\":3}\n"}
{"Time":"2026-10-07T13:22:14.159012846+08:00","Action":"output","Package":"github.com/hashicorp/raft","Test":"TestAssuranceVerifyLeaderTwoNonvoters","Output":"2026-10-07T13:22:14.157+0800 [ERROR] raft: failed to heartbeat to: peer=n1 backoff time=10ms error=\"failed to connect to peer: n1\"\n"}
{"Time":"2026-10-07T13:22:14.168885571+08:00","Action":"output","Package":"github.com/hashicorp/raft","Test":"TestAssuranceVerifyLeaderTwoNonvoters","Output":"2026-10-07T13:22:14.168+0800 [ERROR] raft: failed to heartbeat to: peer=n3 backoff time=10ms error=\"failed to connect to peer: n3\"\n"}
{"Time":"2026-10-07T13:22:14.202724149+08:00","Action":"output","Package":"github.com/hashicorp/raft","Test":"TestAssuranceVerifyLeaderTwoNonvoters","Output":"2026-10-07T13:22:14.202+0800 [ERROR] raft: failed to pipeline appendEntries: peer=\"{Voter n3 n3}\" error=\"append pipeline closed\"\n"}
{"Time":"2026-10-07T13:22:14.215975884+08:00","Action":"output","Package":"github.com/hashicorp/raft","Test":"TestAssuranceVerifyLeaderTwoNonvoters","Output":"2026-10-07T13:22:14.215+0800 [ERROR] raft: failed to pipeline appendEntries: peer=\"{Voter n1 n1}\" error=\"append pipeline closed\"\n"}
{"Time":"2026-10-07T13:22:14.258774575+08:00","Action":"output","Package":"github.com/hashicorp/raft","Test":"TestAssuranceVerifyLeaderTwoNonvoters","Output":"2026-10-07T13:22:14.258+0800 [ERROR] raft: failed to heartbeat to: peer=n1 backoff time=10ms error=\"failed to connect to peer: n1\"\n"}
{"Time":"2026-10-07T13:22:14.271301883+08:00","Action":"output","Package":"github.com/hashicorp/raft","Test":"TestAssuranceVerifyLeaderTwoNonvoters","Output":"2026-10-07T13:22:14.270+0800 [ERROR] raft: failed to heartbeat to: peer=n3 backoff time=10ms error=\"failed to connect to peer: n3\"\n"}
{"Time":"2026-10-07T13:22:14.285203275+08:00","Action":"output","Package":"github.com/hashicorp/raft","Test":"TestAssuranceVerifyLeaderTwoNonvoters","Output":"2026-10-07T13:22:14.284+0800 [ERROR] raft: failed to appendEntries to: peer=\"{Voter n3 n3}\" error=\"failed to connect to peer: n3\"\n"}
{"Time":"2026-10-07T13:22:14.308309792+08:00","Action":"output","Package":"github.com/hashicorp/raft","Test":"TestAssuranceVerifyLeaderTwoNonvoters","Output":"2026-10-07T13:22:14.307+0800 [ERROR] raft: failed to appendEntries to: peer=\"{Voter n1 n1}\" error=\"failed to connect to peer: n1\"\n"}
{"Time":"2026-10-07T13:22:14.326006702+08:00","Action":"output","Package":"github.com/hashicorp/raft","Test":"TestAssuranceVerifyLeaderTwoNonvoters","Output":"2026-10-07T13:22:14.325+0800 [ERROR] raft: failed to heartbeat to: peer=n3 backoff time=10ms error=\"failed to connect to peer: n3\"\n"}
{"Time":"2026-10-07T13:22:14.32607104+08:00","Action":"output","Package":"github.com/hashicorp/raft","Test":"TestAssuranceVerifyLeaderTwoNonvoters","Output":"2026-10-07T13:22:14.325+0800 [ERROR] raft: failed to heartbeat to: peer=n1 backoff time=10ms error=\"failed to connect to peer: n1\"\n"}
{"Time":"2026-10-07T13:22:14.326305237+08:00","Action":"output","Package":"github.com/hashicorp/raft","Test":"TestAssuranceVerifyLeaderTwoNonvoters","Output":"CA_EVENT {\"cluster\":\"c1\",\"event\":\"verification_observed\",\"leader_state\":\"Leader\",\"leader_stats_state\":\"Leader\",\"node\":\"n2\",\"non_voters\":\"n4,n5\",\"nonvoters\":2,\"op\":\"verify-leader-two-nonvoters\",\"other_voter_reachable\":false,\"quorum_size\":2,\"verification_error\":\"\",\"verification_result\":\"success\",\"voters\":3}\n"}
{"Time":"2026-10-07T13:22:14.327118081+08:00","Action":"output","Package":"github.com/hashicorp/raft","Test":"TestAssuranceVerifyLeaderTwoNonvoters","Output":"--- PASS: TestAssuranceVerifyLeaderTwoNonvoters (0.83s)\n"}
{"Time":"2026-10-07T13:22:14.327219829+08:00","Action":"pass","Package":"github.com/hashicorp/raft","Test":"TestAssuranceVerifyLeaderTwoNonvoters","Elapsed":0.83}
{"Time":"2026-10-07T13:22:14.32865884+08:00","Action":"output","Package":"github.com/hashicorp/raft","Output":"PASS\n"}
{"Time":"2026-10-07T13:22:14.330118555+08:00","Action":"output","Package":"github.com/hashicorp/raft","Output":"ok  \tgithub.com/hashicorp/raft\t0.853s\n"}
{"Time":"2026-10-07T13:22:14.330199065+08:00","Action":"pass","Package":"github.com/hashicorp/raft","Elapsed":0.854}
