{
  "candidate_id": "a34f3a570a1448af9c2b1deee126a545",
  "obligation": null,
  "bindings": [],
  "dependencies": [],
  "context_claims": [],
  "audit_question": {
    "disposition": "needs_specific_evidence",
    "preferred_check": "source_review",
    "requests": [],
    "question": "When the leader consumes F_commit_threshold to advance decisions, what establishes that the voter reports supporting that threshold refer to replicated entries in the same leader tenure, and which guards prevent stale or unsuccessful replication work from supplying stronger evidence?",
    "importance": "Unusable replication responses counted as voter support could permit commitment and application without the required replicated entries. This consequence remains hypothetical. The immediate unresolved relation is whether pipeline delivery establishes the successful completion needed to report matching stored entries.",
    "source_ids": [
      "commitment.go:1:104",
      "raft.go:442:680",
      "raft.go:681:725",
      "replication.go:1:330",
      "replication.go:331:540",
      "replication.go:541:599",
      "replication.go:600:665"
    ],
    "participants": [
      "Leader protocol owner",
      "Replication goroutines",
      "Pipeline transport implementation",
      "Voting replicas"
    ],
    "objects": [
      "Leader-tenure commitment object",
      "Per-voter match reports",
      "Replication requests and responses",
      "Completed pipeline futures",
      "Leader commit index"
    ],
    "contexts": [
      "One leader tenure",
      "Delayed replication responses",
      "Replication rejection or transport failure",
      "Authority transition while replication work is outstanding",
      "Standard replication and pipeline replication",
      "Snapshot-based catch-up"
    ],
    "event_paths": [
      "Replication response handling -> commitment.match -> threshold recalculation -> leader commitment consumption",
      "AppendPipeline.Consumer -> pipelineDecode -> updateLastAppended -> commitment.match"
    ],
    "activity_classes": [
      "A1",
      "A2"
    ],
    "behavior_ids": [
      "B_match_report",
      "B_local_log_store"
    ],
    "fact_ids": [
      "F_commit_threshold"
    ],
    "obligation_relation_kind": "consumption",
    "counterevidence": [
      "commitment.go:1:104 documents matching stored entries as the match caller's responsibility. Aggregation uses mutex serialization, voter filtering, increasing reports and the startIndex threshold.",
      "raft.go:442:680 creates a fresh commitment object and notification channel for each leader setup. Replication state captures that commitment pointer, current term and stepDown channel. Cleanup stops replication and clears leader-state references.",
      "replication.go:1:330 checks standard AppendEntries transport errors, rejects higher response terms and reports progress only on response success.",
      "replication.go:331:540 checks snapshot transport errors, higher response terms and success before reporting the snapshot index.",
      "replication.go:541:599 rejects higher response terms and unsuccessful pipeline responses before updating replication progress. Consumer delivery might provide an additional completion guarantee; its contract is unavailable.",
      "replication.go:541:599 and replication.go:600:665 construct requests using the captured currentTerm and loaded log entries. updateLastAppended reports only the last index of a nonempty request through the captured commitment object. Advancing the pipeline send cursor does not itself report match progress.",
      "replication.go:331:540 signals pipeline decoder shutdown and waits for completion unless Raft shutdown occurs. A ready response may still be consumed before stop, but any report targets the captured commitment object.",
      "raft.go:442:680 preserves server ID when updating an existing replication state's peer address. The observed differing peer reads do not establish identity reassignment.",
      "raft.go:681:725 conditions leaderLoop on Leader state and handles stepDown by requesting Follower state. The commitment-consumption branch remains unavailable.",
      "raft.go:442:680 gates configuration-change admission on the latest configuration being committed and commitment reaching this leader's startIndex."
    ],
    "unknowns": [
      "The deferred transport.go:81:141 interface contract is needed to determine whether Consumer delivery guarantees successful transport completion and whether Request and Response are valid when a future reports an error.",
      "Built-in pipeline implementations, request-response correlation and publication after partial decoding or transport failure remain unread. Their responsibilities are not externalized merely because transport selection is injected.",
      "The commitment notification consumer and its advancement guards remain unread. The earlier raft.go:681:800 request was satisfied only through line 725; lines 726:800 remain deferred.",
      "Complete authority-transition ordering relative to commitment consumption remains unresolved. Captured commitment pointers establish object separation, not every same-tenure consumption condition.",
      "Follower storage and snapshot acknowledgment semantics remain unresolved.",
      "Configuration and transport contracts governing endpoint identity during address changes remain unread.",
      "The match interface supplies a stored-entry expectation, but the applicable pipeline completion contract is missing. An error-check asymmetry alone does not establish that pipelineDecode consumes invalid evidence.",
      "Legal-history reachability and broader commitment or application consequences remain unresolved independently of the local interface question.",
      "Only 167 unique source characters remain. The deferred interface request requires 2349 characters. No adequate acquisition for the discriminator is supported within this allowance; the deferred receipts must remain retained."
    ],
    "priority": 1,
    "trigger_rationale": "The requested decisive interface evidence was deferred, so this continuation establishes no new semantic result. Retain the candidate as evidence-blocked without repeating the same unaffordable request. Neither the existing guards nor the missing explicit future-error check resolves the pipeline completion contract."
  },
  "selection_rationale": "Continue the existing candidate without selecting another hypothesis. Factoring the question identifies a local boundary: pipeline completion consumed as permission to report stored matching entries. The match contract supplies the downstream expectation, but the missing pipeline contract prevents attributing the proposed error-handling requirement to this consumer. Injecting an error-bearing future with successful response fields would not resolve applicability unless that combination is permitted by the interface. Consequently, no child obligation is justified from the observed asymmetry. This block concerns local applicability as well as missing legal-history and broader-consequence evidence. The exact next source remains transport.go:81:141, followed by the relevant concrete producer if necessary, but its acquisition was explicitly deferred beyond the remaining allowance. Preserve those unmet reads and stop this bounded episode; this is neither an explained hypothesis nor selection exhaustion.",
  "reading_requests": [],
  "descriptive_issues": [],
  "fork_from_candidate_id": null,
  "fork_reason": ""
}
