{
  "understanding": "The attached source supports a focused decomposition of three synchronous helpers: vote-record writes, persistence before delegating a current-term update, and leader clearing before delegating a state update. It does not establish election-result production, candidate-loop behavior, concrete storage durability, or the implementations of delegated state and observer operations.",
  "requests": [],
  "delta": {
    "target_profile": null,
    "activities": [],
    "behaviors": [
      {
        "id": "persist_vote_record",
        "primary_activity": "A6",
        "execution_owner": "Caller executing Raft.persistVote synchronously; caller scheduling is unresolved.",
        "protocol_context": "A supplied vote term and candidate byte sequence for one Raft instance.",
        "trigger": "Invocation of persistVote(term, candidate).",
        "legal_preconditions": [],
        "implementation_guards": [
          "Proceed to the candidate write only when the term write returns nil."
        ],
        "reads": [
          "Supplied term and candidate.",
          "r.stable."
        ],
        "writes": [
          "Calls stable.SetUint64(keyLastVoteTerm, term).",
          "After success, calls stable.Set(keyLastVoteCand, candidate)."
        ],
        "durable_effects": [
          "Requests two separate storage writes; actual persistence and failure semantics depend on the unread storage implementation."
        ],
        "external_effects": [
          "Returns the first encountered storage error, or nil after both calls return nil."
        ],
        "important_branches": [
          "Term-write error returns without attempting the candidate write.",
          "Candidate-write error returns after the term write reported success; this helper performs no rollback.",
          "Both writes reporting success results in a nil return."
        ],
        "async_boundaries": [],
        "produces_fact_ids": [
          "vote_record_writes_reported_success"
        ],
        "consumes_fact_ids": [],
        "cross_activity_effects": [],
        "existing_protections": [
          "Checks each storage return value.",
          "Does not report helper success before both writes report success."
        ],
        "source_ids": [
          "raft.go:2130:2165"
        ],
        "unknowns": [
          "Caller ownership, input validation, concurrency and response handling are not established.",
          "Storage durability, atomicity and effects of failed writes are unread.",
          "Recovery interpretation of a partially updated vote record is unresolved."
        ]
      },
      {
        "id": "persist_then_delegate_current_term",
        "primary_activity": "A2",
        "execution_owner": "Caller executing Raft.setCurrentTerm synchronously; caller scheduling is unresolved.",
        "protocol_context": "A requested current term for one Raft instance.",
        "trigger": "Invocation of setCurrentTerm(t).",
        "legal_preconditions": [],
        "implementation_guards": [
          "Delegate the in-memory term update only after the storage call returns nil."
        ],
        "reads": [
          "Supplied t.",
          "r.stable."
        ],
        "writes": [
          "Calls stable.SetUint64(keyCurrentTerm, t).",
          "On storage success, calls r.raftState.setCurrentTerm(t)."
        ],
        "durable_effects": [
          "Requests storage of keyCurrentTerm before invoking the state setter; concrete durability is unresolved."
        ],
        "external_effects": [
          "Panics with a wrapped error when the storage call fails."
        ],
        "important_branches": [
          "Storage error causes panic before the delegated term setter is invoked.",
          "Storage success permits the delegated term setter invocation."
        ],
        "async_boundaries": [],
        "produces_fact_ids": [],
        "consumes_fact_ids": [],
        "cross_activity_effects": [
          {
            "key": "A6",
            "value": "Requests a current-term storage write before delegating the runtime term update."
          }
        ],
        "existing_protections": [
          "Explicit persistence-call ordering before the runtime update.",
          "Storage failure interrupts this helper instead of continuing to the delegated setter."
        ],
        "source_ids": [
          "raft.go:2130:2165"
        ],
        "unknowns": [
          "The delegated setter implementation and concrete memory effect are unread.",
          "No monotonicity check appears in this helper; caller restrictions are unresolved.",
          "Storage failure effects, durability and panic recovery are unresolved."
        ]
      },
      {
        "id": "clear_leader_then_delegate_state",
        "primary_activity": "A2",
        "execution_owner": "Caller executing Raft.setState synchronously; caller scheduling is unresolved.",
        "protocol_context": "A requested RaftState for one Raft instance.",
        "trigger": "Invocation of setState(state).",
        "legal_preconditions": [],
        "implementation_guards": [
          "Invoke observe(state) only when the sampled old state differs from the requested state."
        ],
        "reads": [
          "Supplied state.",
          "Old state returned by r.raftState.getState(), sampled after the setLeader call."
        ],
        "writes": [
          "Calls r.setLeader(\"\", \"\") unconditionally.",
          "Calls r.raftState.setState(state)."
        ],
        "durable_effects": [],
        "external_effects": [
          "Calls r.observe(state) after the state setter returns when oldState != state."
        ],
        "important_branches": [
          "Same-state requests still invoke leader clearing and the state setter but skip observe.",
          "Different-state requests additionally invoke observe after the delegated setter."
        ],
        "async_boundaries": [],
        "produces_fact_ids": [],
        "consumes_fact_ids": [],
        "cross_activity_effects": [],
        "existing_protections": [
          "Orders the leader-clearing call before the state-setting call.",
          "Suppresses this helper's state observation call for an unchanged sampled state."
        ],
        "source_ids": [
          "raft.go:2130:2165"
        ],
        "unknowns": [
          "Concrete leader clearing and state mutation depend on unread callees.",
          "Observer delivery, blocking and asynchronous behavior are unresolved.",
          "Caller serialization and legal role-transition prehistory are unresolved.",
          "The helper alone does not establish acquisition or loss of protocol authority."
        ]
      }
    ],
    "facts": [
      {
        "id": "vote_record_writes_reported_success",
        "meaning": "For a persistVote invocation returning nil, the term write and subsequent candidate write both returned nil. This establishes storage-call success, without asserting atomic or crash-durable persistence of the pair.",
        "identity": [
          {
            "key": "instance",
            "value": "The receiving Raft instance and its selected stable store."
          },
          {
            "key": "invocation",
            "value": "One persistVote call with its supplied term and candidate bytes."
          }
        ],
        "validity_context": "Historical assertion about the two storage return values at successful completion of that invocation; not an assertion about later stored contents.",
        "representation": [
          "A nil return from persistVote after both checked storage calls."
        ],
        "invalidators": [],
        "reinterpreters": [],
        "durability": "No durability of this completion assertion or atomic durability of the record is established.",
        "recovery": "Recovery consumers and reconstruction are unread.",
        "source_ids": [
          "raft.go:2130:2165"
        ],
        "unknowns": [
          "Actual consumers and the guarantees they infer from helper success are unresolved.",
          "The selected storage variant and its success contract are unresolved."
        ]
      }
    ],
    "surfaces": [
      {
        "entry_point": "persistVote / setCurrentTerm / setState",
        "disposition": "mapped",
        "behavior_ids": [
          "persist_vote_record",
          "persist_then_delegate_current_term",
          "clear_leader_then_delegate_state"
        ],
        "reason": "Attached helper bodies establish call ordering and local error branches. Mapping does not resolve delegated implementations or caller responsibilities.",
        "source_ids": [
          "raft.go:2130:2165"
        ],
        "high_consequence": true
      },
      {
        "entry_point": "runCandidate / preElectSelf / electSelf / delegated term and state operations",
        "disposition": "deferred",
        "behavior_ids": [],
        "reason": "Candidate-loop source previously cited by the inventory is not attached here. Election-result establishment, voter identity, callers of the mapped helpers, delegated state and leader operations, and observation delivery remain unresolved.",
        "source_ids": [
          "raft.go:285:441",
          "raft.go:2130:2165"
        ],
        "high_consequence": true
      }
    ],
    "remove_behavior_ids": [],
    "remove_fact_ids": [],
    "remove_surface_entry_points": [
      "runCandidate / preElectSelf / electSelf / term and state setters"
    ],
    "rationale": "Split the composite frontier into sourced helper behavior and an explicit deferred remainder. The only added Fact records the weakest established success assertion. No election outcome, completed authority transition or crash-durability guarantee is inferred from unread callees. Global Activities and TargetProfile remain unchanged."
  },
  "limitations": [
    "Only raft.go:2130:2165 supplies attached implementation evidence for this refinement.",
    "The remaining breadth allowance is 263 characters and one agent call; substantive dependency expansion remains deferred.",
    "Separate vote writes and their partial-error branch are descriptive observations, not an established contract violation.",
    "No normative obligation, execution result or correctness conclusion is established."
  ]
}
