{
  "obligation": null,
  "bindings": [],
  "dependencies": [],
  "context_claims": [],
  "audit_question": {
    "disposition": "concrete_suspicion",
    "preferred_check": "source_review",
    "requests": [
      {
        "file": "replication.go",
        "start_line": 1,
        "end_line": 400,
        "reason": "Locate and inspect snapshot-send selection and its replication-loop context: what permits sending a snapshot, which snapshot is chosen, and whether outstanding append or snapshot requests can reach a recipient after it has applied beyond that snapshot. Sender declarations and control flow are not yet acquired."
      },
      {
        "file": "fsm.go",
        "start_line": 246,
        "end_line": 285,
        "reason": "Complete the FSM mutation-channel dispatch and inspect any restore helper present in the remaining file, resolving whether the observed restore closure is invoked directly or subject to an additional freshness check."
      }
    ],
    "question": "When establishing F9, can a legally generated, term-admissible InstallSnapshot request arrive after the recipient has applied beyond LastLogIndex and successfully replace its FSM with older state? The inspected handler and restore closure contain no comparison against existing applied progress; the remaining discriminator is sender-side exclusion, dispatch validation, or an applicable reconstruction guarantee.",
    "importance": "Replacing already applied state with an older snapshot could discard application effects until replay reconstructs them. The handler also replaces configuration metadata and may remove all old logs for a monotonic store, making legal reachability and available reconstruction evidence consequential. These observations do not establish a service violation.",
    "source_ids": [
      "docs/README.md:1:80",
      "raft.go:1814:1953",
      "fsm.go:188:214",
      "fsm.go:86:245",
      "fsm.go:1:80",
      "raft.go:1203:1361",
      "snapshot.go:125:278",
      "transport.go:1:80"
    ],
    "participants": [
      "Snapshot sender",
      "Recipient RPC processing owner",
      "Recipient FSM worker"
    ],
    "objects": [
      "InstallSnapshot request",
      "Recipient applied progress",
      "Stored snapshot",
      "Restore future",
      "InstallSnapshot response",
      "Retained replay logs"
    ],
    "contexts": [
      "Recipient has actually completed application beyond the incoming snapshot index; queued progress alone is insufficient",
      "Incoming request passes applicable term and snapshot-version admission",
      "Remote snapshot installation, distinct from explicit client-requested Restore",
      "Sender and transport ordering constraints remain unresolved",
      "Monotonic-store removal and ordinary trailing-log compaction are distinct cleanup branches"
    ],
    "event_paths": [
      "Existing completed application -> legally generated older snapshot arrives -> version and term admission -> snapshot storage -> FSM restore -> progress/configuration replacement -> cleanup attempt -> success response"
    ],
    "activity_classes": [
      "A3",
      "A5",
      "A6"
    ],
    "behavior_ids": [
      "B9",
      "B10"
    ],
    "fact_ids": [
      "F9"
    ],
    "obligation_relation_kind": "establishment",
    "counterevidence": [
      "Source inspection confirms the previously provisional protections: version and term checks, exact stream-size validation, successful sink Close, and waiting for restore-future success before publishing Success=true.",
      "The restore closure returns errors from snapshot Open and the restore helper; it adopts metadata index and term only after helper success. These checks establish completion conditions but do not compare snapshot progress with existing worker progress.",
      "FSM.Restore explicitly requires discarding previous state and prohibits concurrent commands. This permits replacement at the callback boundary; it does not establish the admission contract for an older remote snapshot.",
      "processLogs rejects indexes at or below its current lastApplied and schedules later entries in order. However, installSnapshot explicitly replaces lastApplied with the incoming index, so this guard alone does not exclude the proposed transition.",
      "A sender-side restriction, serialized request handling, or subsequent replay may exclude or explain the transition. None is yet established for this scenario.",
      "Ordinary compaction retains logs beyond the snapshot index, offering a possible replay mechanism; the separate monotonic-store branch attempts removal of all old logs. Neither branch establishes eventual reconstruction in the acquired evidence."
    ],
    "unknowns": [
      "The recipient-handler freshness question is resolved locally: the complete inspected handler has no applied-index or committed-index comparison. Upstream admission remains unread.",
      "The restore-closure freshness question is resolved locally: it unconditionally adopts opened metadata after helper success. Dispatch and helper behavior remain incompletely inspected.",
      "Whether an older snapshot can reach this handler in a legal execution under actual sender selection, outstanding replication work, and transport ordering.",
      "Whether retained or subsequently fetched history reconstructs all previously applied effects, and when the recipient may serve observations or acquire authority relative to that reconstruction.",
      "What applicable contract governs temporary state replacement and subsequent replay during remote snapshot installation.",
      "Future completion correlation and snapshot-adapter metadata/content correspondence remain unverified.",
      "The main-thread lastApplied value can represent scheduled work; a discriminating execution must separately establish completed FSM application."
    ],
    "priority": 1,
    "trigger_rationale": "The completed cached reads resolve the two immediate freshness checks without closing the candidate: neither inspected location rejects older progress. F9 establishment remains the focus; sender control flow and final FSM dispatch are the next bounded causal dependencies."
  },
  "selection_rationale": "Continue the same F9 establishment candidate. The receipt contains two completed cached acquisitions and no deferred ranges. Actual source supports a conditional rollback path, while the FSM interface explicitly allows state replacement and the supplied documentation does not establish a prohibition on temporary follower rollback. Deriving a monotonic-application obligation now would assume the disputed contract. Sender selection and ordering provide a concrete next discriminator before any model or violation claim is justified.",
  "reading_requests": [
    {
      "file": "replication.go",
      "start_line": 1,
      "end_line": 400,
      "reason": "Locate and inspect snapshot-send selection and its replication-loop context: what permits sending a snapshot, which snapshot is chosen, and whether outstanding append or snapshot requests can reach a recipient after it has applied beyond that snapshot. Sender declarations and control flow are not yet acquired."
    },
    {
      "file": "fsm.go",
      "start_line": 246,
      "end_line": 285,
      "reason": "Complete the FSM mutation-channel dispatch and inspect any restore helper present in the remaining file, resolving whether the observed restore closure is invoked directly or subject to an additional freshness check."
    }
  ],
  "descriptive_issues": []
}
