{"Time":"2026-10-10T13:44:57.187709777+08:00","Action":"start","Package":"github.com/lni/dragonboat/v3/internal/raft"}
{"Time":"2026-10-10T13:44:57.195676036+08:00","Action":"run","Package":"github.com/lni/dragonboat/v3/internal/raft","Test":"TestAssuranceForwardedReadBatchIdentity"}
{"Time":"2026-10-10T13:44:57.195704099+08:00","Action":"output","Package":"github.com/lni/dragonboat/v3/internal/raft","Test":"TestAssuranceForwardedReadBatchIdentity","Output":"=== RUN   TestAssuranceForwardedReadBatchIdentity\n"}
{"Time":"2026-10-10T13:44:57.195889132+08:00","Action":"output","Package":"github.com/lni/dragonboat/v3/internal/raft","Test":"TestAssuranceForwardedReadBatchIdentity","Output":"2026-10-10 13:44:57.195685 I | raft: [00001:00001] created, initial: true, new: true\n"}
{"Time":"2026-10-10T13:44:57.195926067+08:00","Action":"output","Package":"github.com/lni/dragonboat/v3/internal/raft","Test":"TestAssuranceForwardedReadBatchIdentity","Output":"2026-10-10 13:44:57.195833 I | raft: [00001:00001] raft log rate limit enabled: false, 0\n"}
{"Time":"2026-10-10T13:44:57.195940162+08:00","Action":"output","Package":"github.com/lni/dragonboat/v3/internal/raft","Test":"TestAssuranceForwardedReadBatchIdentity","Output":"2026-10-10 13:44:57.195845 I | raft: [f:1,l:0,t:0,c:0,a:0] [00001:00001] t0 became follower\n"}
{"Time":"2026-10-10T13:44:57.195952324+08:00","Action":"output","Package":"github.com/lni/dragonboat/v3/internal/raft","Test":"TestAssuranceForwardedReadBatchIdentity","Output":"2026-10-10 13:44:57.195864 I | raft: [f:1,l:0,t:0,c:0,a:0] [00001:00001] t1 became follower\n"}
{"Time":"2026-10-10T13:44:57.195963071+08:00","Action":"output","Package":"github.com/lni/dragonboat/v3/internal/raft","Test":"TestAssuranceForwardedReadBatchIdentity","Output":"2026-10-10 13:44:57.195872 I | raft: [f:1,l:0,t:0,c:0,a:0] [00001:00001] t1 added bootstrap ConfigChangeAddNode, 1, n1\n"}
{"Time":"2026-10-10T13:44:57.19597595+08:00","Action":"output","Package":"github.com/lni/dragonboat/v3/internal/raft","Test":"TestAssuranceForwardedReadBatchIdentity","Output":"2026-10-10 13:44:57.195878 I | raft: [f:1,l:0,t:0,c:0,a:0] [00001:00001] t1 added bootstrap ConfigChangeAddNode, 2, n2\n"}
{"Time":"2026-10-10T13:44:57.19598836+08:00","Action":"output","Package":"github.com/lni/dragonboat/v3/internal/raft","Test":"TestAssuranceForwardedReadBatchIdentity","Output":"2026-10-10 13:44:57.195882 I | raft: [f:1,l:0,t:0,c:0,a:0] [00001:00001] t1 added bootstrap ConfigChangeAddNode, 3, n3\n"}
{"Time":"2026-10-10T13:44:57.195996599+08:00","Action":"output","Package":"github.com/lni/dragonboat/v3/internal/raft","Test":"TestAssuranceForwardedReadBatchIdentity","Output":"2026-10-10 13:44:57.195896 I | raft: [00001:00002] created, initial: true, new: true\n"}
{"Time":"2026-10-10T13:44:57.195999116+08:00","Action":"output","Package":"github.com/lni/dragonboat/v3/internal/raft","Test":"TestAssuranceForwardedReadBatchIdentity","Output":"2026-10-10 13:44:57.195901 I | raft: [00001:00002] raft log rate limit enabled: false, 0\n"}
{"Time":"2026-10-10T13:44:57.196001354+08:00","Action":"output","Package":"github.com/lni/dragonboat/v3/internal/raft","Test":"TestAssuranceForwardedReadBatchIdentity","Output":"2026-10-10 13:44:57.195906 I | raft: [f:1,l:0,t:0,c:0,a:0] [00001:00002] t0 became follower\n"}
{"Time":"2026-10-10T13:44:57.196003561+08:00","Action":"output","Package":"github.com/lni/dragonboat/v3/internal/raft","Test":"TestAssuranceForwardedReadBatchIdentity","Output":"2026-10-10 13:44:57.195914 I | raft: [f:1,l:0,t:0,c:0,a:0] [00001:00002] t1 became follower\n"}
{"Time":"2026-10-10T13:44:57.196030699+08:00","Action":"output","Package":"github.com/lni/dragonboat/v3/internal/raft","Test":"TestAssuranceForwardedReadBatchIdentity","Output":"2026-10-10 13:44:57.195919 I | raft: [f:1,l:0,t:0,c:0,a:0] [00001:00002] t1 added bootstrap ConfigChangeAddNode, 1, n1\n"}
{"Time":"2026-10-10T13:44:57.196046956+08:00","Action":"output","Package":"github.com/lni/dragonboat/v3/internal/raft","Test":"TestAssuranceForwardedReadBatchIdentity","Output":"2026-10-10 13:44:57.195923 I | raft: [f:1,l:0,t:0,c:0,a:0] [00001:00002] t1 added bootstrap ConfigChangeAddNode, 2, n2\n"}
{"Time":"2026-10-10T13:44:57.19605048+08:00","Action":"output","Package":"github.com/lni/dragonboat/v3/internal/raft","Test":"TestAssuranceForwardedReadBatchIdentity","Output":"2026-10-10 13:44:57.195928 I | raft: [f:1,l:0,t:0,c:0,a:0] [00001:00002] t1 added bootstrap ConfigChangeAddNode, 3, n3\n"}
{"Time":"2026-10-10T13:44:57.196053873+08:00","Action":"output","Package":"github.com/lni/dragonboat/v3/internal/raft","Test":"TestAssuranceForwardedReadBatchIdentity","Output":"2026-10-10 13:44:57.195937 I | raft: [00001:00003] created, initial: true, new: true\n"}
{"Time":"2026-10-10T13:44:57.196057064+08:00","Action":"output","Package":"github.com/lni/dragonboat/v3/internal/raft","Test":"TestAssuranceForwardedReadBatchIdentity","Output":"2026-10-10 13:44:57.195942 I | raft: [00001:00003] raft log rate limit enabled: false, 0\n"}
{"Time":"2026-10-10T13:44:57.196059206+08:00","Action":"output","Package":"github.com/lni/dragonboat/v3/internal/raft","Test":"TestAssuranceForwardedReadBatchIdentity","Output":"2026-10-10 13:44:57.195951 I | raft: [f:1,l:0,t:0,c:0,a:0] [00001:00003] t0 became follower\n"}
{"Time":"2026-10-10T13:44:57.196061334+08:00","Action":"output","Package":"github.com/lni/dragonboat/v3/internal/raft","Test":"TestAssuranceForwardedReadBatchIdentity","Output":"2026-10-10 13:44:57.195977 I | raft: [f:1,l:0,t:0,c:0,a:0] [00001:00003] t1 became follower\n"}
{"Time":"2026-10-10T13:44:57.19606358+08:00","Action":"output","Package":"github.com/lni/dragonboat/v3/internal/raft","Test":"TestAssuranceForwardedReadBatchIdentity","Output":"2026-10-10 13:44:57.195984 I | raft: [f:1,l:0,t:0,c:0,a:0] [00001:00003] t1 added bootstrap ConfigChangeAddNode, 1, n1\n"}
{"Time":"2026-10-10T13:44:57.196065667+08:00","Action":"output","Package":"github.com/lni/dragonboat/v3/internal/raft","Test":"TestAssuranceForwardedReadBatchIdentity","Output":"2026-10-10 13:44:57.195988 I | raft: [f:1,l:0,t:0,c:0,a:0] [00001:00003] t1 added bootstrap ConfigChangeAddNode, 2, n2\n"}
{"Time":"2026-10-10T13:44:57.196072309+08:00","Action":"output","Package":"github.com/lni/dragonboat/v3/internal/raft","Test":"TestAssuranceForwardedReadBatchIdentity","Output":"2026-10-10 13:44:57.195993 I | raft: [f:1,l:0,t:0,c:0,a:0] [00001:00003] t1 added bootstrap ConfigChangeAddNode, 3, n3\n"}
{"Time":"2026-10-10T13:44:57.196074765+08:00","Action":"output","Package":"github.com/lni/dragonboat/v3/internal/raft","Test":"TestAssuranceForwardedReadBatchIdentity","Output":"2026-10-10 13:44:57.196036 W | raft: [f:1,l:3,t:1,c:3,a:3] [00001:00001] t2 became candidate\n"}
{"Time":"2026-10-10T13:44:57.196077858+08:00","Action":"output","Package":"github.com/lni/dragonboat/v3/internal/raft","Test":"TestAssuranceForwardedReadBatchIdentity","Output":"2026-10-10 13:44:57.196043 W | raft: [f:1,l:3,t:1,c:3,a:3] [00001:00001] t2 received RequestVoteResp from n00001\n"}
{"Time":"2026-10-10T13:44:57.196079895+08:00","Action":"output","Package":"github.com/lni/dragonboat/v3/internal/raft","Test":"TestAssuranceForwardedReadBatchIdentity","Output":"2026-10-10 13:44:57.196051 W | raft: [f:1,l:3,t:1,c:3,a:3] [00001:00001] t2 sent RequestVote to n00002\n"}
{"Time":"2026-10-10T13:44:57.196082266+08:00","Action":"output","Package":"github.com/lni/dragonboat/v3/internal/raft","Test":"TestAssuranceForwardedReadBatchIdentity","Output":"2026-10-10 13:44:57.196056 W | raft: [f:1,l:3,t:1,c:3,a:3] [00001:00001] t2 sent RequestVote to n00003\n"}
{"Time":"2026-10-10T13:44:57.196088625+08:00","Action":"output","Package":"github.com/lni/dragonboat/v3/internal/raft","Test":"TestAssuranceForwardedReadBatchIdentity","Output":"2026-10-10 13:44:57.196077 W | raft: [f:1,l:3,t:1,c:3,a:3] [00001:00002] t1 received RequestVote with higher term (2) from n00001\n"}
{"Time":"2026-10-10T13:44:57.196091067+08:00","Action":"output","Package":"github.com/lni/dragonboat/v3/internal/raft","Test":"TestAssuranceForwardedReadBatchIdentity","Output":"2026-10-10 13:44:57.196084 W | raft: [f:1,l:3,t:1,c:3,a:3] [00001:00002] t1 become followerKE after receiving higher term from n00001\n"}
{"Time":"2026-10-10T13:44:57.196096229+08:00","Action":"output","Package":"github.com/lni/dragonboat/v3/internal/raft","Test":"TestAssuranceForwardedReadBatchIdentity","Output":"2026-10-10 13:44:57.196090 I | raft: [f:1,l:3,t:1,c:3,a:3] [00001:00002] t2 became follower\n"}
{"Time":"2026-10-10T13:44:57.196103372+08:00","Action":"output","Package":"github.com/lni/dragonboat/v3/internal/raft","Test":"TestAssuranceForwardedReadBatchIdentity","Output":"2026-10-10 13:44:57.196097 W | raft: [f:1,l:3,t:1,c:3,a:3] [00001:00002] t2 cast vote from n00001 index 3 term 2, log term: 1\n"}
{"Time":"2026-10-10T13:44:57.196139552+08:00","Action":"output","Package":"github.com/lni/dragonboat/v3/internal/raft","Test":"TestAssuranceForwardedReadBatchIdentity","Output":"2026-10-10 13:44:57.196114 W | raft: [f:1,l:3,t:1,c:3,a:3] [00001:00003] t1 received RequestVote with higher term (2) from n00001\n"}
{"Time":"2026-10-10T13:44:57.1962113+08:00","Action":"output","Package":"github.com/lni/dragonboat/v3/internal/raft","Test":"TestAssuranceForwardedReadBatchIdentity","Output":"2026-10-10 13:44:57.196121 W | raft: [f:1,l:3,t:1,c:3,a:3] [00001:00003] t1 become followerKE after receiving higher term from n00001\n"}
{"Time":"2026-10-10T13:44:57.196283072+08:00","Action":"output","Package":"github.com/lni/dragonboat/v3/internal/raft","Test":"TestAssuranceForwardedReadBatchIdentity","Output":"2026-10-10 13:44:57.196126 I | raft: [f:1,l:3,t:1,c:3,a:3] [00001:00003] t2 became follower\n"}
{"Time":"2026-10-10T13:44:57.19628743+08:00","Action":"output","Package":"github.com/lni/dragonboat/v3/internal/raft","Test":"TestAssuranceForwardedReadBatchIdentity","Output":"2026-10-10 13:44:57.196154 W | raft: [f:1,l:3,t:1,c:3,a:3] [00001:00003] t2 cast vote from n00001 index 3 term 2, log term: 1\n"}
{"Time":"2026-10-10T13:44:57.196290065+08:00","Action":"output","Package":"github.com/lni/dragonboat/v3/internal/raft","Test":"TestAssuranceForwardedReadBatchIdentity","Output":"2026-10-10 13:44:57.196165 W | raft: [f:1,l:3,t:1,c:3,a:3] [00001:00001] t2 received RequestVoteResp from n00002\n"}
{"Time":"2026-10-10T13:44:57.196292496+08:00","Action":"output","Package":"github.com/lni/dragonboat/v3/internal/raft","Test":"TestAssuranceForwardedReadBatchIdentity","Output":"2026-10-10 13:44:57.196171 W | raft: [f:1,l:3,t:1,c:3,a:3] [00001:00001] t2 received 2 votes and 0 rejections, quorum is 2\n"}
{"Time":"2026-10-10T13:44:57.196295717+08:00","Action":"output","Package":"github.com/lni/dragonboat/v3/internal/raft","Test":"TestAssuranceForwardedReadBatchIdentity","Output":"2026-10-10 13:44:57.196182 I | raft: [f:1,l:4,t:2,c:3,a:3] [00001:00001] t2 became leader\n"}
{"Time":"2026-10-10T13:44:57.196299742+08:00","Action":"output","Package":"github.com/lni/dragonboat/v3/internal/raft","Test":"TestAssuranceForwardedReadBatchIdentity","Output":"CA_EVENT {\"commit\":4,\"event\":\"prefix\",\"follower_applied\":4,\"follower_leader\":1,\"leader_ready\":true,\"origin\":2,\"scenario\":\"forwarded_batch\",\"term\":2}\n"}
{"Time":"2026-10-10T13:44:57.196304453+08:00","Action":"output","Package":"github.com/lni/dragonboat/v3/internal/raft","Test":"TestAssuranceForwardedReadBatchIdentity","Output":"CA_EVENT {\"commit\":4,\"event\":\"prefix\",\"follower_applied\":4,\"follower_leader\":1,\"leader_ready\":true,\"origin\":3,\"scenario\":\"forwarded_batch\",\"term\":2}\n"}
{"Time":"2026-10-10T13:44:57.196326219+08:00","Action":"output","Package":"github.com/lni/dragonboat/v3/internal/raft","Test":"TestAssuranceForwardedReadBatchIdentity","Output":"CA_EVENT {\"event\":\"invoke\",\"high\":30,\"low\":101,\"operation\":\"first\",\"origin\":2,\"scenario\":\"forwarded_batch\"}\n"}
{"Time":"2026-10-10T13:44:57.196555528+08:00","Action":"output","Package":"github.com/lni/dragonboat/v3/internal/raft","Test":"TestAssuranceForwardedReadBatchIdentity","Output":"CA_EVENT {\"event\":\"delivered\",\"from\":2,\"high\":30,\"index\":0,\"low\":101,\"scenario\":\"forwarded_batch\",\"term\":0,\"to\":1,\"type\":\"ReadIndex\"}\n"}
{"Time":"2026-10-10T13:44:57.196562994+08:00","Action":"output","Package":"github.com/lni/dragonboat/v3/internal/raft","Test":"TestAssuranceForwardedReadBatchIdentity","Output":"CA_EVENT {\"ctx\":\"101/30\",\"event\":\"admitted\",\"index\":4,\"leader\":1,\"origin\":2,\"scenario\":\"forwarded_batch\"}\n"}
{"Time":"2026-10-10T13:44:57.196566389+08:00","Action":"output","Package":"github.com/lni/dragonboat/v3/internal/raft","Test":"TestAssuranceForwardedReadBatchIdentity","Output":"CA_EVENT {\"event\":\"dropped_heartbeat\",\"from\":1,\"high\":30,\"low\":101,\"scenario\":\"forwarded_batch\",\"to\":2}\n"}
{"Time":"2026-10-10T13:44:57.19656954+08:00","Action":"output","Package":"github.com/lni/dragonboat/v3/internal/raft","Test":"TestAssuranceForwardedReadBatchIdentity","Output":"CA_EVENT {\"event\":\"dropped_heartbeat\",\"from\":1,\"high\":30,\"low\":101,\"scenario\":\"forwarded_batch\",\"to\":3}\n"}
{"Time":"2026-10-10T13:44:57.196578074+08:00","Action":"output","Package":"github.com/lni/dragonboat/v3/internal/raft","Test":"TestAssuranceForwardedReadBatchIdentity","Output":"CA_EVENT {\"event\":\"first_pending\",\"high\":30,\"index\":4,\"low\":101,\"origin\":2,\"scenario\":\"forwarded_batch\"}\n"}
{"Time":"2026-10-10T13:44:57.19658246+08:00","Action":"output","Package":"github.com/lni/dragonboat/v3/internal/raft","Test":"TestAssuranceForwardedReadBatchIdentity","Output":"CA_EVENT {\"event\":\"invoke\",\"high\":30,\"low\":202,\"operation\":\"second\",\"origin\":3,\"scenario\":\"forwarded_batch\"}\n"}
{"Time":"2026-10-10T13:44:57.19658628+08:00","Action":"output","Package":"github.com/lni/dragonboat/v3/internal/raft","Test":"TestAssuranceForwardedReadBatchIdentity","Output":"CA_EVENT {\"event\":\"delivered\",\"from\":3,\"high\":30,\"index\":0,\"low\":202,\"scenario\":\"forwarded_batch\",\"term\":0,\"to\":1,\"type\":\"ReadIndex\"}\n"}
{"Time":"2026-10-10T13:44:57.196589005+08:00","Action":"output","Package":"github.com/lni/dragonboat/v3/internal/raft","Test":"TestAssuranceForwardedReadBatchIdentity","Output":"CA_EVENT {\"ctx\":\"202/30\",\"event\":\"admitted\",\"index\":4,\"leader\":1,\"origin\":3,\"scenario\":\"forwarded_batch\"}\n"}
{"Time":"2026-10-10T13:44:57.196597315+08:00","Action":"output","Package":"github.com/lni/dragonboat/v3/internal/raft","Test":"TestAssuranceForwardedReadBatchIdentity","Output":"CA_EVENT {\"event\":\"delivered\",\"from\":2,\"high\":30,\"index\":0,\"low\":202,\"scenario\":\"forwarded_batch\",\"term\":2,\"to\":1,\"type\":\"HeartbeatResp\"}\n"}
{"Time":"2026-10-10T13:44:57.196638062+08:00","Action":"output","Package":"github.com/lni/dragonboat/v3/internal/raft","Test":"TestAssuranceForwardedReadBatchIdentity","Output":"CA_EVENT {\"event\":\"delivered\",\"from\":3,\"high\":30,\"index\":0,\"low\":202,\"scenario\":\"forwarded_batch\",\"term\":2,\"to\":1,\"type\":\"HeartbeatResp\"}\n"}
{"Time":"2026-10-10T13:44:57.196657624+08:00","Action":"output","Package":"github.com/lni/dragonboat/v3/internal/raft","Test":"TestAssuranceForwardedReadBatchIdentity","Output":"CA_EVENT {\"event\":\"delivered\",\"from\":1,\"high\":30,\"index\":4,\"low\":202,\"scenario\":\"forwarded_batch\",\"term\":2,\"to\":2,\"type\":\"ReadIndexResp\"}\n"}
{"Time":"2026-10-10T13:44:57.196663144+08:00","Action":"output","Package":"github.com/lni/dragonboat/v3/internal/raft","Test":"TestAssuranceForwardedReadBatchIdentity","Output":"CA_EVENT {\"ctx\":\"202/30\",\"event\":\"ready_result\",\"index\":4,\"origin\":2,\"scenario\":\"forwarded_batch\"}\n"}
{"Time":"2026-10-10T13:44:57.196667804+08:00","Action":"output","Package":"github.com/lni/dragonboat/v3/internal/raft","Test":"TestAssuranceForwardedReadBatchIdentity","Output":"CA_EVENT {\"event\":\"delivered\",\"from\":1,\"high\":30,\"index\":4,\"low\":202,\"scenario\":\"forwarded_batch\",\"term\":2,\"to\":3,\"type\":\"ReadIndexResp\"}\n"}
{"Time":"2026-10-10T13:44:57.196670379+08:00","Action":"output","Package":"github.com/lni/dragonboat/v3/internal/raft","Test":"TestAssuranceForwardedReadBatchIdentity","Output":"CA_EVENT {\"ctx\":\"202/30\",\"event\":\"ready_result\",\"index\":4,\"origin\":3,\"scenario\":\"forwarded_batch\"}\n"}
{"Time":"2026-10-10T13:44:57.196751104+08:00","Action":"output","Package":"github.com/lni/dragonboat/v3/internal/raft","Test":"TestAssuranceForwardedReadBatchIdentity","Output":"CA_EVENT {\"applied\":4,\"event\":\"endpoint\",\"leader\":1,\"node\":1,\"pending\":0,\"ready\":null,\"scenario\":\"forwarded_batch\",\"term\":2}\n"}
{"Time":"2026-10-10T13:44:57.196757937+08:00","Action":"output","Package":"github.com/lni/dragonboat/v3/internal/raft","Test":"TestAssuranceForwardedReadBatchIdentity","Output":"CA_EVENT {\"applied\":4,\"event\":\"endpoint\",\"leader\":1,\"node\":2,\"pending\":0,\"ready\":[{\"Index\":4,\"SystemCtx\":{\"Low\":202,\"High\":30}}],\"scenario\":\"forwarded_batch\",\"term\":2}\n"}
{"Time":"2026-10-10T13:44:57.196763562+08:00","Action":"output","Package":"github.com/lni/dragonboat/v3/internal/raft","Test":"TestAssuranceForwardedReadBatchIdentity","Output":"CA_EVENT {\"applied\":4,\"event\":\"endpoint\",\"leader\":1,\"node\":3,\"pending\":0,\"ready\":[{\"Index\":4,\"SystemCtx\":{\"Low\":202,\"High\":30}}],\"scenario\":\"forwarded_batch\",\"term\":2}\n"}
{"Time":"2026-10-10T13:44:57.196774988+08:00","Action":"output","Package":"github.com/lni/dragonboat/v3/internal/raft","Test":"TestAssuranceForwardedReadBatchIdentity","Output":"--- PASS: TestAssuranceForwardedReadBatchIdentity (0.00s)\n"}
{"Time":"2026-10-10T13:44:57.19682311+08:00","Action":"pass","Package":"github.com/lni/dragonboat/v3/internal/raft","Test":"TestAssuranceForwardedReadBatchIdentity","Elapsed":0}
{"Time":"2026-10-10T13:44:57.19734388+08:00","Action":"output","Package":"github.com/lni/dragonboat/v3/internal/raft","Output":"PASS\n"}
{"Time":"2026-10-10T13:44:57.198087976+08:00","Action":"output","Package":"github.com/lni/dragonboat/v3/internal/raft","Output":"ok  \tgithub.com/lni/dragonboat/v3/internal/raft\t0.010s\n"}
{"Time":"2026-10-10T13:44:57.198121602+08:00","Action":"pass","Package":"github.com/lni/dragonboat/v3/internal/raft","Elapsed":0.01}
