{"Time":"2026-10-07T09:15:15.320873298+08:00","Action":"start","Package":"go.etcd.io/raft/v3"}
{"Time":"2026-10-07T09:15:15.326702541+08:00","Action":"run","Package":"go.etcd.io/raft/v3","Test":"TestAssuranceStatusAutoLeaveFidelity"}
{"Time":"2026-10-07T09:15:15.326720366+08:00","Action":"output","Package":"go.etcd.io/raft/v3","Test":"TestAssuranceStatusAutoLeaveFidelity","Output":"=== RUN   TestAssuranceStatusAutoLeaveFidelity\n"}
{"Time":"2026-10-07T09:15:15.326745231+08:00","Action":"output","Package":"go.etcd.io/raft/v3","Test":"TestAssuranceStatusAutoLeaveFidelity","Output":"raft2026/10/07 09:15:15 INFO: 1 switched to configuration voters=(1)\n"}
{"Time":"2026-10-07T09:15:15.326748863+08:00","Action":"output","Package":"go.etcd.io/raft/v3","Test":"TestAssuranceStatusAutoLeaveFidelity","Output":"raft2026/10/07 09:15:15 INFO: 1 became follower at term 1\n"}
{"Time":"2026-10-07T09:15:15.326750496+08:00","Action":"output","Package":"go.etcd.io/raft/v3","Test":"TestAssuranceStatusAutoLeaveFidelity","Output":"raft2026/10/07 09:15:15 INFO: newRaft 1 [peers: [1], term: 1, commit: 1, applied: 1, lastindex: 1, lastterm: 1]\n"}
{"Time":"2026-10-07T09:15:15.326755247+08:00","Action":"output","Package":"go.etcd.io/raft/v3","Test":"TestAssuranceStatusAutoLeaveFidelity","Output":"raft2026/10/07 09:15:15 INFO: 1 is starting a new election at term 1\n"}
{"Time":"2026-10-07T09:15:15.326756825+08:00","Action":"output","Package":"go.etcd.io/raft/v3","Test":"TestAssuranceStatusAutoLeaveFidelity","Output":"raft2026/10/07 09:15:15 INFO: 1 became candidate at term 2\n"}
{"Time":"2026-10-07T09:15:15.326758332+08:00","Action":"output","Package":"go.etcd.io/raft/v3","Test":"TestAssuranceStatusAutoLeaveFidelity","Output":"raft2026/10/07 09:15:15 INFO: 1 received MsgVoteResp from 1 at term 2\n"}
{"Time":"2026-10-07T09:15:15.326760569+08:00","Action":"output","Package":"go.etcd.io/raft/v3","Test":"TestAssuranceStatusAutoLeaveFidelity","Output":"raft2026/10/07 09:15:15 INFO: 1 has received 1 MsgVoteResp votes and 0 vote rejections\n"}
{"Time":"2026-10-07T09:15:15.326763001+08:00","Action":"output","Package":"go.etcd.io/raft/v3","Test":"TestAssuranceStatusAutoLeaveFidelity","Output":"raft2026/10/07 09:15:15 INFO: 1 became leader at term 2\n"}
{"Time":"2026-10-07T09:15:15.326764479+08:00","Action":"output","Package":"go.etcd.io/raft/v3","Test":"TestAssuranceStatusAutoLeaveFidelity","Output":"raft2026/10/07 09:15:15 INFO: 1 switched to configuration voters=(1)\u0026\u0026(1) learners=(2) autoleave\n"}
{"Time":"2026-10-07T09:15:15.326765981+08:00","Action":"output","Package":"go.etcd.io/raft/v3","Test":"TestAssuranceStatusAutoLeaveFidelity","Output":"CA_EVENT {\"entry_index\":3,\"event\":\"installed\",\"expected_auto_leave\":true,\"implicit\":true,\"node\":1,\"scenario\":\"implicit_status_copy\"}\n"}
{"Time":"2026-10-07T09:15:15.326769013+08:00","Action":"output","Package":"go.etcd.io/raft/v3","Test":"TestAssuranceStatusAutoLeaveFidelity","Output":"CA_EVENT {\"entry_index\":3,\"event\":\"status_result\",\"live_auto_leave\":true,\"node\":1,\"observed_auto_leave\":false,\"outgoing_count\":1,\"scenario\":\"implicit_status_copy\"}\n"}
{"Time":"2026-10-07T09:15:15.326772034+08:00","Action":"output","Package":"go.etcd.io/raft/v3","Test":"TestAssuranceStatusAutoLeaveFidelity","Output":"raft2026/10/07 09:15:15 INFO: initiating automatic transition out of joint configuration voters=(1)\u0026\u0026(1) learners=(2) autoleave\n"}
{"Time":"2026-10-07T09:15:15.32677357+08:00","Action":"output","Package":"go.etcd.io/raft/v3","Test":"TestAssuranceStatusAutoLeaveFidelity","Output":"raft2026/10/07 09:15:15 INFO: 1 switched to configuration voters=(1) learners=(2)\n"}
{"Time":"2026-10-07T09:15:15.326775554+08:00","Action":"output","Package":"go.etcd.io/raft/v3","Test":"TestAssuranceStatusAutoLeaveFidelity","Output":"CA_EVENT {\"applied\":4,\"commit\":4,\"event\":\"cleanup\",\"has_ready\":false,\"live_auto_leave\":false,\"node\":1,\"scenario\":\"implicit_status_copy\"}\n"}
{"Time":"2026-10-07T09:15:15.326781341+08:00","Action":"output","Package":"go.etcd.io/raft/v3","Test":"TestAssuranceStatusAutoLeaveFidelity","Output":"--- PASS: TestAssuranceStatusAutoLeaveFidelity (0.00s)\n"}
{"Time":"2026-10-07T09:15:15.326783206+08:00","Action":"pass","Package":"go.etcd.io/raft/v3","Test":"TestAssuranceStatusAutoLeaveFidelity","Elapsed":0}
{"Time":"2026-10-07T09:15:15.326788088+08:00","Action":"output","Package":"go.etcd.io/raft/v3","Output":"PASS\n"}
{"Time":"2026-10-07T09:15:15.32714308+08:00","Action":"output","Package":"go.etcd.io/raft/v3","Output":"ok  \tgo.etcd.io/raft/v3\t0.006s\n"}
{"Time":"2026-10-07T09:15:15.327160886+08:00","Action":"pass","Package":"go.etcd.io/raft/v3","Elapsed":0.006}
