=== RUN   TestAssuranceExploreProducedVoteHistory
=== RUN   TestAssuranceExploreProducedVoteHistory/false
2026-10-04T11:46:44.994+0800 [INFO]  raft: initial configuration: index=1 servers="[{Suffrage:Voter ID:v Address:v} {Suffrage:Voter ID:a Address:a} {Suffrage:Voter ID:b Address:b}]"
2026-10-04T11:46:44.994+0800 [INFO]  raft: initial configuration: index=0 servers=[]
2026-10-04T11:46:44.994+0800 [INFO]  raft: initial configuration: index=0 servers=[]
2026-10-04T11:46:44.994+0800 [INFO]  raft: entering follower state: follower="Node at v [Follower]" leader-address= leader-id=
2026-10-04T11:46:45.000+0800 [WARN]  raft: heartbeat timeout reached, starting election: last-leader-addr= last-leader-id=
2026-10-04T11:46:45.000+0800 [DEBUG] raft: voting for self: term=2 id=v
2026-10-04T11:46:45.000+0800 [DEBUG] raft: asking for vote: term=2 from=a address=a
2026-10-04T11:46:45.000+0800 [DEBUG] raft: asking for vote: term=2 from=b address=b
2026-10-04T11:46:45.000+0800 [DEBUG] raft: lost leadership because received a requestVote with a newer term
2026-10-04T11:46:45.000+0800 [DEBUG] raft: lost leadership because received a requestVote with a newer term
CA_EVENT {"case_id":"false","event":"produced_campaign","grants":3,"last_index":1,"last_log_term":1,"node":"v","term":2}
2026-10-04T11:46:45.000+0800 [INFO]  raft: initial configuration: index=1 servers="[{Suffrage:Voter ID:v Address:v} {Suffrage:Voter ID:a Address:a} {Suffrage:Voter ID:b Address:b}]"
2026-10-04T11:46:45.000+0800 [INFO]  raft: initial configuration: index=1 servers="[{Suffrage:Voter ID:v Address:v} {Suffrage:Voter ID:a Address:a} {Suffrage:Voter ID:b Address:b}]"
2026-10-04T11:46:45.000+0800 [INFO]  raft: entering follower state: follower="Node at a [Follower]" leader-address=v leader-id=v
2026-10-04T11:46:45.009+0800 [WARN]  raft: heartbeat timeout reached, starting election: last-leader-addr=v last-leader-id=v
2026-10-04T11:46:45.009+0800 [DEBUG] raft: asking for vote: term=3 from=v address=v
2026-10-04T11:46:45.009+0800 [DEBUG] raft: voting for self: term=3 id=a
2026-10-04T11:46:45.009+0800 [DEBUG] raft: asking for vote: term=3 from=b address=b
2026-10-04T11:46:45.009+0800 [DEBUG] raft: lost leadership because received a requestVote with a newer term
2026-10-04T11:46:45.009+0800 [DEBUG] raft: lost leadership because received a requestVote with a newer term
CA_EVENT {"case_id":"false","event":"produced_campaign","grants":3,"last_index":2,"last_log_term":2,"node":"a","term":3}
2026-10-04T11:46:45.010+0800 [INFO]  raft: initial configuration: index=1 servers="[{Suffrage:Voter ID:v Address:v} {Suffrage:Voter ID:a Address:a} {Suffrage:Voter ID:b Address:b}]"
2026-10-04T11:46:45.010+0800 [INFO]  raft: entering follower state: follower="Node at b [Follower]" leader-address= leader-id=
2026-10-04T11:46:45.017+0800 [WARN]  raft: heartbeat timeout reached, starting election: last-leader-addr= last-leader-id=
2026-10-04T11:46:45.017+0800 [DEBUG] raft: asking for vote: term=4 from=v address=v
2026-10-04T11:46:45.017+0800 [DEBUG] raft: asking for vote: term=4 from=a address=a
2026-10-04T11:46:45.017+0800 [DEBUG] raft: voting for self: term=4 id=b
2026-10-04T11:46:45.017+0800 [DEBUG] raft: lost leadership because received a requestVote with a newer term
2026-10-04T11:46:45.017+0800 [ERROR] raft: failed to make requestVote RPC: target="{Voter v v}" error="scheduled vote RPC loss" term=4
CA_EVENT {"case_id":"false","event":"produced_campaign","grants":2,"last_index":2,"last_log_term":2,"node":"b","term":4}
2026-10-04T11:46:45.018+0800 [INFO]  raft: initial configuration: index=1 servers="[{Suffrage:Voter ID:v Address:v} {Suffrage:Voter ID:a Address:a} {Suffrage:Voter ID:b Address:b}]"
2026-10-04T11:46:45.018+0800 [INFO]  raft: entering follower state: follower="Node at b [Follower]" leader-address= leader-id=
2026-10-04T11:46:45.024+0800 [WARN]  raft: heartbeat timeout reached, starting election: last-leader-addr= last-leader-id=
2026-10-04T11:46:45.024+0800 [DEBUG] raft: asking for vote: term=5 from=v address=v
2026-10-04T11:46:45.024+0800 [DEBUG] raft: asking for vote: term=5 from=a address=a
2026-10-04T11:46:45.024+0800 [DEBUG] raft: voting for self: term=5 id=b
2026-10-04T11:46:45.024+0800 [ERROR] raft: failed to make requestVote RPC: target="{Voter a a}" error="scheduled vote RPC loss" term=5
2026-10-04T11:46:45.024+0800 [DEBUG] raft: lost leadership because received a requestVote with a newer term
CA_EVENT {"case_id":"false","event":"produced_campaign","grants":2,"last_index":3,"last_log_term":4,"node":"b","term":5}
CA_EVENT {"b_term5_grants":2,"case_id":"false","event":"produced_failure_prefix","injected_failures":0,"local_index":3,"local_log_term":4,"prior_candidate":"a","prior_vote_term":3,"stored_candidate":"b","stored_vote_term":5}
2026-10-04T11:46:45.024+0800 [INFO]  raft: entering follower state: follower="Node at a [Follower]" leader-address= leader-id=
2026-10-04T11:46:45.032+0800 [WARN]  raft: heartbeat timeout reached, starting election: last-leader-addr= last-leader-id=
2026-10-04T11:46:45.032+0800 [DEBUG] raft: asking for vote: term=5 from=v address=v
2026-10-04T11:46:45.032+0800 [DEBUG] raft: voting for self: term=5 id=a
2026-10-04T11:46:45.032+0800 [DEBUG] raft: asking for vote: term=5 from=b address=b
2026-10-04T11:46:45.032+0800 [WARN]  raft: rejecting vote request since we have a leader: from=a leader=b leader-id=b
2026-10-04T11:46:45.032+0800 [INFO]  raft: duplicate requestVote for same term: term=5
CA_EVENT {"case_id":"false","event":"produced_campaign","grants":1,"last_index":2,"last_log_term":2,"node":"a","term":5}
CA_EVENT {"a_term5_grants":1,"candidate":"a","candidate_last_index":2,"candidate_last_term":2,"case_id":"false","event":"produced_stale_vote","granted":false,"injected_failures":0,"local_index":3,"local_log_term":4,"request_term":5,"response_term":5}
=== RUN   TestAssuranceExploreProducedVoteHistory/true
2026-10-04T11:46:45.032+0800 [INFO]  raft: initial configuration: index=1 servers="[{Suffrage:Voter ID:v Address:v} {Suffrage:Voter ID:a Address:a} {Suffrage:Voter ID:b Address:b}]"
2026-10-04T11:46:45.032+0800 [INFO]  raft: initial configuration: index=0 servers=[]
2026-10-04T11:46:45.032+0800 [INFO]  raft: initial configuration: index=0 servers=[]
2026-10-04T11:46:45.032+0800 [INFO]  raft: entering follower state: follower="Node at v [Follower]" leader-address= leader-id=
2026-10-04T11:46:45.041+0800 [WARN]  raft: heartbeat timeout reached, starting election: last-leader-addr= last-leader-id=
2026-10-04T11:46:45.042+0800 [DEBUG] raft: voting for self: term=2 id=v
2026-10-04T11:46:45.042+0800 [DEBUG] raft: asking for vote: term=2 from=a address=a
2026-10-04T11:46:45.042+0800 [DEBUG] raft: asking for vote: term=2 from=b address=b
2026-10-04T11:46:45.042+0800 [DEBUG] raft: lost leadership because received a requestVote with a newer term
2026-10-04T11:46:45.042+0800 [DEBUG] raft: lost leadership because received a requestVote with a newer term
CA_EVENT {"case_id":"true","event":"produced_campaign","grants":3,"last_index":1,"last_log_term":1,"node":"v","term":2}
2026-10-04T11:46:45.042+0800 [INFO]  raft: initial configuration: index=1 servers="[{Suffrage:Voter ID:v Address:v} {Suffrage:Voter ID:a Address:a} {Suffrage:Voter ID:b Address:b}]"
2026-10-04T11:46:45.042+0800 [INFO]  raft: initial configuration: index=1 servers="[{Suffrage:Voter ID:v Address:v} {Suffrage:Voter ID:a Address:a} {Suffrage:Voter ID:b Address:b}]"
2026-10-04T11:46:45.042+0800 [INFO]  raft: entering follower state: follower="Node at a [Follower]" leader-address=v leader-id=v
2026-10-04T11:46:45.052+0800 [WARN]  raft: heartbeat timeout reached, starting election: last-leader-addr=v last-leader-id=v
2026-10-04T11:46:45.052+0800 [DEBUG] raft: asking for vote: term=3 from=v address=v
2026-10-04T11:46:45.052+0800 [DEBUG] raft: voting for self: term=3 id=a
2026-10-04T11:46:45.052+0800 [DEBUG] raft: asking for vote: term=3 from=b address=b
2026-10-04T11:46:45.052+0800 [DEBUG] raft: lost leadership because received a requestVote with a newer term
2026-10-04T11:46:45.052+0800 [DEBUG] raft: lost leadership because received a requestVote with a newer term
CA_EVENT {"case_id":"true","event":"produced_campaign","grants":3,"last_index":2,"last_log_term":2,"node":"a","term":3}
2026-10-04T11:46:45.053+0800 [INFO]  raft: initial configuration: index=1 servers="[{Suffrage:Voter ID:v Address:v} {Suffrage:Voter ID:a Address:a} {Suffrage:Voter ID:b Address:b}]"
2026-10-04T11:46:45.053+0800 [INFO]  raft: entering follower state: follower="Node at b [Follower]" leader-address= leader-id=
2026-10-04T11:46:45.063+0800 [WARN]  raft: heartbeat timeout reached, starting election: last-leader-addr= last-leader-id=
2026-10-04T11:46:45.063+0800 [DEBUG] raft: asking for vote: term=4 from=v address=v
2026-10-04T11:46:45.063+0800 [DEBUG] raft: asking for vote: term=4 from=a address=a
2026-10-04T11:46:45.063+0800 [DEBUG] raft: voting for self: term=4 id=b
2026-10-04T11:46:45.064+0800 [DEBUG] raft: lost leadership because received a requestVote with a newer term
2026-10-04T11:46:45.064+0800 [ERROR] raft: failed to make requestVote RPC: target="{Voter v v}" error="scheduled vote RPC loss" term=4
CA_EVENT {"case_id":"true","event":"produced_campaign","grants":2,"last_index":2,"last_log_term":2,"node":"b","term":4}
2026-10-04T11:46:45.065+0800 [INFO]  raft: initial configuration: index=1 servers="[{Suffrage:Voter ID:v Address:v} {Suffrage:Voter ID:a Address:a} {Suffrage:Voter ID:b Address:b}]"
2026-10-04T11:46:45.065+0800 [INFO]  raft: entering follower state: follower="Node at b [Follower]" leader-address= leader-id=
2026-10-04T11:46:45.074+0800 [WARN]  raft: heartbeat timeout reached, starting election: last-leader-addr= last-leader-id=
2026-10-04T11:46:45.074+0800 [DEBUG] raft: asking for vote: term=5 from=v address=v
2026-10-04T11:46:45.075+0800 [DEBUG] raft: asking for vote: term=5 from=a address=a
2026-10-04T11:46:45.075+0800 [DEBUG] raft: voting for self: term=5 id=b
2026-10-04T11:46:45.075+0800 [ERROR] raft: failed to make requestVote RPC: target="{Voter a a}" error="scheduled vote RPC loss" term=5
2026-10-04T11:46:45.075+0800 [DEBUG] raft: lost leadership because received a requestVote with a newer term
2026-10-04T11:46:45.075+0800 [ERROR] raft: failed to persist vote: error="injected candidate-key write failure; previous value retained"
CA_EVENT {"case_id":"true","event":"produced_campaign","grants":1,"last_index":3,"last_log_term":4,"node":"b","term":5}
CA_EVENT {"b_term5_grants":1,"case_id":"true","event":"produced_failure_prefix","injected_failures":1,"local_index":3,"local_log_term":4,"prior_candidate":"a","prior_vote_term":3,"stored_candidate":"a","stored_vote_term":5}
2026-10-04T11:46:45.075+0800 [INFO]  raft: entering follower state: follower="Node at a [Follower]" leader-address= leader-id=
2026-10-04T11:46:45.083+0800 [WARN]  raft: heartbeat timeout reached, starting election: last-leader-addr= last-leader-id=
2026-10-04T11:46:45.083+0800 [DEBUG] raft: asking for vote: term=5 from=v address=v
2026-10-04T11:46:45.083+0800 [DEBUG] raft: voting for self: term=5 id=a
2026-10-04T11:46:45.083+0800 [DEBUG] raft: asking for vote: term=5 from=b address=b
2026-10-04T11:46:45.084+0800 [INFO]  raft: duplicate requestVote for same term: term=5
2026-10-04T11:46:45.084+0800 [INFO]  raft: duplicate requestVote for same term: term=5
2026-10-04T11:46:45.084+0800 [WARN]  raft: duplicate requestVote from: candidate=a
CA_EVENT {"case_id":"true","event":"produced_campaign","grants":2,"last_index":2,"last_log_term":2,"node":"a","term":5}
CA_EVENT {"a_term5_grants":2,"candidate":"a","candidate_last_index":2,"candidate_last_term":2,"case_id":"true","event":"produced_stale_vote","granted":true,"injected_failures":1,"local_index":3,"local_log_term":4,"request_term":5,"response_term":5}
--- PASS: TestAssuranceExploreProducedVoteHistory (0.09s)
    --- PASS: TestAssuranceExploreProducedVoteHistory/false (0.04s)
    --- PASS: TestAssuranceExploreProducedVoteHistory/true (0.05s)
PASS
ok  	github.com/hashicorp/raft	0.099s
