{"Time":"2026-10-02T11:06:28.535890526+08:00","Action":"start","Package":"go.etcd.io/raft/v3"}
{"Time":"2026-10-02T11:06:28.546490812+08:00","Action":"run","Package":"go.etcd.io/raft/v3","Test":"TestAssuranceFirstCommitReadRelease"}
{"Time":"2026-10-02T11:06:28.546542267+08:00","Action":"output","Package":"go.etcd.io/raft/v3","Test":"TestAssuranceFirstCommitReadRelease","Output":"=== RUN   TestAssuranceFirstCommitReadRelease\n"}
{"Time":"2026-10-02T11:06:28.546665737+08:00","Action":"run","Package":"go.etcd.io/raft/v3","Test":"TestAssuranceFirstCommitReadRelease/config_activation_first"}
{"Time":"2026-10-02T11:06:28.546679191+08:00","Action":"output","Package":"go.etcd.io/raft/v3","Test":"TestAssuranceFirstCommitReadRelease/config_activation_first","Output":"=== RUN   TestAssuranceFirstCommitReadRelease/config_activation_first\n"}
{"Time":"2026-10-02T11:06:28.546691994+08:00","Action":"output","Package":"go.etcd.io/raft/v3","Test":"TestAssuranceFirstCommitReadRelease/config_activation_first","Output":"raft2026/10/02 11:06:28 INFO: 1 switched to configuration voters=()\n"}
{"Time":"2026-10-02T11:06:28.546702411+08:00","Action":"output","Package":"go.etcd.io/raft/v3","Test":"TestAssuranceFirstCommitReadRelease/config_activation_first","Output":"raft2026/10/02 11:06:28 INFO: 1 became follower at term 0\n"}
{"Time":"2026-10-02T11:06:28.546712873+08:00","Action":"output","Package":"go.etcd.io/raft/v3","Test":"TestAssuranceFirstCommitReadRelease/config_activation_first","Output":"raft2026/10/02 11:06:28 INFO: newRaft 1 [peers: [], term: 0, commit: 0, applied: 0, lastindex: 0, lastterm: 0]\n"}
{"Time":"2026-10-02T11:06:28.546723084+08:00","Action":"output","Package":"go.etcd.io/raft/v3","Test":"TestAssuranceFirstCommitReadRelease/config_activation_first","Output":"raft2026/10/02 11:06:28 INFO: 1 became follower at term 1\n"}
{"Time":"2026-10-02T11:06:28.546731416+08:00","Action":"output","Package":"go.etcd.io/raft/v3","Test":"TestAssuranceFirstCommitReadRelease/config_activation_first","Output":"raft2026/10/02 11:06:28 INFO: 1 switched to configuration voters=(1)\n"}
{"Time":"2026-10-02T11:06:28.546739476+08:00","Action":"output","Package":"go.etcd.io/raft/v3","Test":"TestAssuranceFirstCommitReadRelease/config_activation_first","Output":"raft2026/10/02 11:06:28 INFO: 1 switched to configuration voters=(1 2)\n"}
{"Time":"2026-10-02T11:06:28.546747642+08:00","Action":"output","Package":"go.etcd.io/raft/v3","Test":"TestAssuranceFirstCommitReadRelease/config_activation_first","Output":"raft2026/10/02 11:06:28 INFO: 1 switched to configuration voters=(1 2 3)\n"}
{"Time":"2026-10-02T11:06:28.546765059+08:00","Action":"output","Package":"go.etcd.io/raft/v3","Test":"TestAssuranceFirstCommitReadRelease/config_activation_first","Output":"raft2026/10/02 11:06:28 INFO: 1 switched to configuration voters=(1 2 3 4)\n"}
{"Time":"2026-10-02T11:06:28.546773926+08:00","Action":"output","Package":"go.etcd.io/raft/v3","Test":"TestAssuranceFirstCommitReadRelease/config_activation_first","Output":"raft2026/10/02 11:06:28 INFO: 2 switched to configuration voters=()\n"}
{"Time":"2026-10-02T11:06:28.546781779+08:00","Action":"output","Package":"go.etcd.io/raft/v3","Test":"TestAssuranceFirstCommitReadRelease/config_activation_first","Output":"raft2026/10/02 11:06:28 INFO: 2 became follower at term 0\n"}
{"Time":"2026-10-02T11:06:28.546789529+08:00","Action":"output","Package":"go.etcd.io/raft/v3","Test":"TestAssuranceFirstCommitReadRelease/config_activation_first","Output":"raft2026/10/02 11:06:28 INFO: newRaft 2 [peers: [], term: 0, commit: 0, applied: 0, lastindex: 0, lastterm: 0]\n"}
{"Time":"2026-10-02T11:06:28.546798186+08:00","Action":"output","Package":"go.etcd.io/raft/v3","Test":"TestAssuranceFirstCommitReadRelease/config_activation_first","Output":"raft2026/10/02 11:06:28 INFO: 2 became follower at term 1\n"}
{"Time":"2026-10-02T11:06:28.546806407+08:00","Action":"output","Package":"go.etcd.io/raft/v3","Test":"TestAssuranceFirstCommitReadRelease/config_activation_first","Output":"raft2026/10/02 11:06:28 INFO: 2 switched to configuration voters=(1)\n"}
{"Time":"2026-10-02T11:06:28.546814432+08:00","Action":"output","Package":"go.etcd.io/raft/v3","Test":"TestAssuranceFirstCommitReadRelease/config_activation_first","Output":"raft2026/10/02 11:06:28 INFO: 2 switched to configuration voters=(1 2)\n"}
{"Time":"2026-10-02T11:06:28.546826078+08:00","Action":"output","Package":"go.etcd.io/raft/v3","Test":"TestAssuranceFirstCommitReadRelease/config_activation_first","Output":"raft2026/10/02 11:06:28 INFO: 2 switched to configuration voters=(1 2 3)\n"}
{"Time":"2026-10-02T11:06:28.546834606+08:00","Action":"output","Package":"go.etcd.io/raft/v3","Test":"TestAssuranceFirstCommitReadRelease/config_activation_first","Output":"raft2026/10/02 11:06:28 INFO: 2 switched to configuration voters=(1 2 3 4)\n"}
{"Time":"2026-10-02T11:06:28.546850537+08:00","Action":"output","Package":"go.etcd.io/raft/v3","Test":"TestAssuranceFirstCommitReadRelease/config_activation_first","Output":"raft2026/10/02 11:06:28 INFO: 3 switched to configuration voters=()\n"}
{"Time":"2026-10-02T11:06:28.546859243+08:00","Action":"output","Package":"go.etcd.io/raft/v3","Test":"TestAssuranceFirstCommitReadRelease/config_activation_first","Output":"raft2026/10/02 11:06:28 INFO: 3 became follower at term 0\n"}
{"Time":"2026-10-02T11:06:28.546867409+08:00","Action":"output","Package":"go.etcd.io/raft/v3","Test":"TestAssuranceFirstCommitReadRelease/config_activation_first","Output":"raft2026/10/02 11:06:28 INFO: newRaft 3 [peers: [], term: 0, commit: 0, applied: 0, lastindex: 0, lastterm: 0]\n"}
{"Time":"2026-10-02T11:06:28.546875742+08:00","Action":"output","Package":"go.etcd.io/raft/v3","Test":"TestAssuranceFirstCommitReadRelease/config_activation_first","Output":"raft2026/10/02 11:06:28 INFO: 3 became follower at term 1\n"}
{"Time":"2026-10-02T11:06:28.546883249+08:00","Action":"output","Package":"go.etcd.io/raft/v3","Test":"TestAssuranceFirstCommitReadRelease/config_activation_first","Output":"raft2026/10/02 11:06:28 INFO: 3 switched to configuration voters=(1)\n"}
{"Time":"2026-10-02T11:06:28.546891334+08:00","Action":"output","Package":"go.etcd.io/raft/v3","Test":"TestAssuranceFirstCommitReadRelease/config_activation_first","Output":"raft2026/10/02 11:06:28 INFO: 3 switched to configuration voters=(1 2)\n"}
{"Time":"2026-10-02T11:06:28.546898895+08:00","Action":"output","Package":"go.etcd.io/raft/v3","Test":"TestAssuranceFirstCommitReadRelease/config_activation_first","Output":"raft2026/10/02 11:06:28 INFO: 3 switched to configuration voters=(1 2 3)\n"}
{"Time":"2026-10-02T11:06:28.546906885+08:00","Action":"output","Package":"go.etcd.io/raft/v3","Test":"TestAssuranceFirstCommitReadRelease/config_activation_first","Output":"raft2026/10/02 11:06:28 INFO: 3 switched to configuration voters=(1 2 3 4)\n"}
{"Time":"2026-10-02T11:06:28.546915067+08:00","Action":"output","Package":"go.etcd.io/raft/v3","Test":"TestAssuranceFirstCommitReadRelease/config_activation_first","Output":"raft2026/10/02 11:06:28 INFO: 4 switched to configuration voters=()\n"}
{"Time":"2026-10-02T11:06:28.54692271+08:00","Action":"output","Package":"go.etcd.io/raft/v3","Test":"TestAssuranceFirstCommitReadRelease/config_activation_first","Output":"raft2026/10/02 11:06:28 INFO: 4 became follower at term 0\n"}
{"Time":"2026-10-02T11:06:28.546930891+08:00","Action":"output","Package":"go.etcd.io/raft/v3","Test":"TestAssuranceFirstCommitReadRelease/config_activation_first","Output":"raft2026/10/02 11:06:28 INFO: newRaft 4 [peers: [], term: 0, commit: 0, applied: 0, lastindex: 0, lastterm: 0]\n"}
{"Time":"2026-10-02T11:06:28.546944638+08:00","Action":"output","Package":"go.etcd.io/raft/v3","Test":"TestAssuranceFirstCommitReadRelease/config_activation_first","Output":"raft2026/10/02 11:06:28 INFO: 4 became follower at term 1\n"}
{"Time":"2026-10-02T11:06:28.54695246+08:00","Action":"output","Package":"go.etcd.io/raft/v3","Test":"TestAssuranceFirstCommitReadRelease/config_activation_first","Output":"raft2026/10/02 11:06:28 INFO: 4 switched to configuration voters=(1)\n"}
{"Time":"2026-10-02T11:06:28.54696032+08:00","Action":"output","Package":"go.etcd.io/raft/v3","Test":"TestAssuranceFirstCommitReadRelease/config_activation_first","Output":"raft2026/10/02 11:06:28 INFO: 4 switched to configuration voters=(1 2)\n"}
{"Time":"2026-10-02T11:06:28.546973706+08:00","Action":"output","Package":"go.etcd.io/raft/v3","Test":"TestAssuranceFirstCommitReadRelease/config_activation_first","Output":"raft2026/10/02 11:06:28 INFO: 4 switched to configuration voters=(1 2 3)\n"}
{"Time":"2026-10-02T11:06:28.546981751+08:00","Action":"output","Package":"go.etcd.io/raft/v3","Test":"TestAssuranceFirstCommitReadRelease/config_activation_first","Output":"raft2026/10/02 11:06:28 INFO: 4 switched to configuration voters=(1 2 3 4)\n"}
{"Time":"2026-10-02T11:06:28.547021176+08:00","Action":"output","Package":"go.etcd.io/raft/v3","Test":"TestAssuranceFirstCommitReadRelease/config_activation_first","Output":"raft2026/10/02 11:06:28 INFO: 1 switched to configuration voters=(1 2 3 4)\n"}
{"Time":"2026-10-02T11:06:28.547114014+08:00","Action":"output","Package":"go.etcd.io/raft/v3","Test":"TestAssuranceFirstCommitReadRelease/config_activation_first","Output":"CA_EVENT {\"conf\":{\"voters\":[1,2,3,4],\"auto_leave\":false},\"event\":\"config_applied\",\"index\":1,\"node\":1}\n"}
{"Time":"2026-10-02T11:06:28.54713047+08:00","Action":"output","Package":"go.etcd.io/raft/v3","Test":"TestAssuranceFirstCommitReadRelease/config_activation_first","Output":"raft2026/10/02 11:06:28 INFO: 1 switched to configuration voters=(1 2 3 4)\n"}
{"Time":"2026-10-02T11:06:28.547143859+08:00","Action":"output","Package":"go.etcd.io/raft/v3","Test":"TestAssuranceFirstCommitReadRelease/config_activation_first","Output":"CA_EVENT {\"conf\":{\"voters\":[1,2,3,4],\"auto_leave\":false},\"event\":\"config_applied\",\"index\":2,\"node\":1}\n"}
{"Time":"2026-10-02T11:06:28.547153976+08:00","Action":"output","Package":"go.etcd.io/raft/v3","Test":"TestAssuranceFirstCommitReadRelease/config_activation_first","Output":"raft2026/10/02 11:06:28 INFO: 1 switched to configuration voters=(1 2 3 4)\n"}
{"Time":"2026-10-02T11:06:28.5471659+08:00","Action":"output","Package":"go.etcd.io/raft/v3","Test":"TestAssuranceFirstCommitReadRelease/config_activation_first","Output":"CA_EVENT {\"conf\":{\"voters\":[1,2,3,4],\"auto_leave\":false},\"event\":\"config_applied\",\"index\":3,\"node\":1}\n"}
{"Time":"2026-10-02T11:06:28.547178603+08:00","Action":"output","Package":"go.etcd.io/raft/v3","Test":"TestAssuranceFirstCommitReadRelease/config_activation_first","Output":"raft2026/10/02 11:06:28 INFO: 1 switched to configuration voters=(1 2 3 4)\n"}
{"Time":"2026-10-02T11:06:28.547464038+08:00","Action":"output","Package":"go.etcd.io/raft/v3","Test":"TestAssuranceFirstCommitReadRelease/config_activation_first","Output":"CA_EVENT {\"conf\":{\"voters\":[1,2,3,4],\"auto_leave\":false},\"event\":\"config_applied\",\"index\":4,\"node\":1}\n"}
{"Time":"2026-10-02T11:06:28.547474654+08:00","Action":"output","Package":"go.etcd.io/raft/v3","Test":"TestAssuranceFirstCommitReadRelease/config_activation_first","Output":"raft2026/10/02 11:06:28 INFO: 2 switched to configuration voters=(1 2 3 4)\n"}
{"Time":"2026-10-02T11:06:28.547486545+08:00","Action":"output","Package":"go.etcd.io/raft/v3","Test":"TestAssuranceFirstCommitReadRelease/config_activation_first","Output":"CA_EVENT {\"conf\":{\"voters\":[1,2,3,4],\"auto_leave\":false},\"event\":\"config_applied\",\"index\":1,\"node\":2}\n"}
{"Time":"2026-10-02T11:06:28.547496313+08:00","Action":"output","Package":"go.etcd.io/raft/v3","Test":"TestAssuranceFirstCommitReadRelease/config_activation_first","Output":"raft2026/10/02 11:06:28 INFO: 2 switched to configuration voters=(1 2 3 4)\n"}
{"Time":"2026-10-02T11:06:28.547505077+08:00","Action":"output","Package":"go.etcd.io/raft/v3","Test":"TestAssuranceFirstCommitReadRelease/config_activation_first","Output":"CA_EVENT {\"conf\":{\"voters\":[1,2,3,4],\"auto_leave\":false},\"event\":\"config_applied\",\"index\":2,\"node\":2}\n"}
{"Time":"2026-10-02T11:06:28.547514084+08:00","Action":"output","Package":"go.etcd.io/raft/v3","Test":"TestAssuranceFirstCommitReadRelease/config_activation_first","Output":"raft2026/10/02 11:06:28 INFO: 2 switched to configuration voters=(1 2 3 4)\n"}
{"Time":"2026-10-02T11:06:28.54752547+08:00","Action":"output","Package":"go.etcd.io/raft/v3","Test":"TestAssuranceFirstCommitReadRelease/config_activation_first","Output":"CA_EVENT {\"conf\":{\"voters\":[1,2,3,4],\"auto_leave\":false},\"event\":\"config_applied\",\"index\":3,\"node\":2}\n"}
{"Time":"2026-10-02T11:06:28.547585786+08:00","Action":"output","Package":"go.etcd.io/raft/v3","Test":"TestAssuranceFirstCommitReadRelease/config_activation_first","Output":"raft2026/10/02 11:06:28 INFO: 2 switched to configuration voters=(1 2 3 4)\n"}
{"Time":"2026-10-02T11:06:28.547595536+08:00","Action":"output","Package":"go.etcd.io/raft/v3","Test":"TestAssuranceFirstCommitReadRelease/config_activation_first","Output":"CA_EVENT {\"conf\":{\"voters\":[1,2,3,4],\"auto_leave\":false},\"event\":\"config_applied\",\"index\":4,\"node\":2}\n"}
{"Time":"2026-10-02T11:06:28.547607348+08:00","Action":"output","Package":"go.etcd.io/raft/v3","Test":"TestAssuranceFirstCommitReadRelease/config_activation_first","Output":"raft2026/10/02 11:06:28 INFO: 3 switched to configuration voters=(1 2 3 4)\n"}
{"Time":"2026-10-02T11:06:28.547615434+08:00","Action":"output","Package":"go.etcd.io/raft/v3","Test":"TestAssuranceFirstCommitReadRelease/config_activation_first","Output":"CA_EVENT {\"conf\":{\"voters\":[1,2,3,4],\"auto_leave\":false},\"event\":\"config_applied\",\"index\":1,\"node\":3}\n"}
{"Time":"2026-10-02T11:06:28.547626637+08:00","Action":"output","Package":"go.etcd.io/raft/v3","Test":"TestAssuranceFirstCommitReadRelease/config_activation_first","Output":"raft2026/10/02 11:06:28 INFO: 3 switched to configuration voters=(1 2 3 4)\n"}
{"Time":"2026-10-02T11:06:28.547635818+08:00","Action":"output","Package":"go.etcd.io/raft/v3","Test":"TestAssuranceFirstCommitReadRelease/config_activation_first","Output":"CA_EVENT {\"conf\":{\"voters\":[1,2,3,4],\"auto_leave\":false},\"event\":\"config_applied\",\"index\":2,\"node\":3}\n"}
{"Time":"2026-10-02T11:06:28.547655602+08:00","Action":"output","Package":"go.etcd.io/raft/v3","Test":"TestAssuranceFirstCommitReadRelease/config_activation_first","Output":"raft2026/10/02 11:06:28 INFO: 3 switched to configuration voters=(1 2 3 4)\n"}
{"Time":"2026-10-02T11:06:28.547665159+08:00","Action":"output","Package":"go.etcd.io/raft/v3","Test":"TestAssuranceFirstCommitReadRelease/config_activation_first","Output":"CA_EVENT {\"conf\":{\"voters\":[1,2,3,4],\"auto_leave\":false},\"event\":\"config_applied\",\"index\":3,\"node\":3}\n"}
{"Time":"2026-10-02T11:06:28.547673302+08:00","Action":"output","Package":"go.etcd.io/raft/v3","Test":"TestAssuranceFirstCommitReadRelease/config_activation_first","Output":"raft2026/10/02 11:06:28 INFO: 3 switched to configuration voters=(1 2 3 4)\n"}
{"Time":"2026-10-02T11:06:28.547681336+08:00","Action":"output","Package":"go.etcd.io/raft/v3","Test":"TestAssuranceFirstCommitReadRelease/config_activation_first","Output":"CA_EVENT {\"conf\":{\"voters\":[1,2,3,4],\"auto_leave\":false},\"event\":\"config_applied\",\"index\":4,\"node\":3}\n"}
{"Time":"2026-10-02T11:06:28.547689999+08:00","Action":"output","Package":"go.etcd.io/raft/v3","Test":"TestAssuranceFirstCommitReadRelease/config_activation_first","Output":"raft2026/10/02 11:06:28 INFO: 4 switched to configuration voters=(1 2 3 4)\n"}
{"Time":"2026-10-02T11:06:28.547697913+08:00","Action":"output","Package":"go.etcd.io/raft/v3","Test":"TestAssuranceFirstCommitReadRelease/config_activation_first","Output":"CA_EVENT {\"conf\":{\"voters\":[1,2,3,4],\"auto_leave\":false},\"event\":\"config_applied\",\"index\":1,\"node\":4}\n"}
{"Time":"2026-10-02T11:06:28.547706343+08:00","Action":"output","Package":"go.etcd.io/raft/v3","Test":"TestAssuranceFirstCommitReadRelease/config_activation_first","Output":"raft2026/10/02 11:06:28 INFO: 4 switched to configuration voters=(1 2 3 4)\n"}
{"Time":"2026-10-02T11:06:28.547714202+08:00","Action":"output","Package":"go.etcd.io/raft/v3","Test":"TestAssuranceFirstCommitReadRelease/config_activation_first","Output":"CA_EVENT {\"conf\":{\"voters\":[1,2,3,4],\"auto_leave\":false},\"event\":\"config_applied\",\"index\":2,\"node\":4}\n"}
{"Time":"2026-10-02T11:06:28.547723161+08:00","Action":"output","Package":"go.etcd.io/raft/v3","Test":"TestAssuranceFirstCommitReadRelease/config_activation_first","Output":"raft2026/10/02 11:06:28 INFO: 4 switched to configuration voters=(1 2 3 4)\n"}
{"Time":"2026-10-02T11:06:28.547731144+08:00","Action":"output","Package":"go.etcd.io/raft/v3","Test":"TestAssuranceFirstCommitReadRelease/config_activation_first","Output":"CA_EVENT {\"conf\":{\"voters\":[1,2,3,4],\"auto_leave\":false},\"event\":\"config_applied\",\"index\":3,\"node\":4}\n"}
{"Time":"2026-10-02T11:06:28.547749029+08:00","Action":"output","Package":"go.etcd.io/raft/v3","Test":"TestAssuranceFirstCommitReadRelease/config_activation_first","Output":"raft2026/10/02 11:06:28 INFO: 4 switched to configuration voters=(1 2 3 4)\n"}
{"Time":"2026-10-02T11:06:28.547757784+08:00","Action":"output","Package":"go.etcd.io/raft/v3","Test":"TestAssuranceFirstCommitReadRelease/config_activation_first","Output":"CA_EVENT {\"conf\":{\"voters\":[1,2,3,4],\"auto_leave\":false},\"event\":\"config_applied\",\"index\":4,\"node\":4}\n"}
{"Time":"2026-10-02T11:06:28.569824046+08:00","Action":"output","Package":"go.etcd.io/raft/v3","Test":"TestAssuranceFirstCommitReadRelease/config_activation_first","Output":"raft2026/10/02 11:06:28 INFO: 1 is starting a new election at term 1\n"}
{"Time":"2026-10-02T11:06:28.569887487+08:00","Action":"output","Package":"go.etcd.io/raft/v3","Test":"TestAssuranceFirstCommitReadRelease/config_activation_first","Output":"raft2026/10/02 11:06:28 INFO: 1 became candidate at term 2\n"}
{"Time":"2026-10-02T11:06:28.569912648+08:00","Action":"output","Package":"go.etcd.io/raft/v3","Test":"TestAssuranceFirstCommitReadRelease/config_activation_first","Output":"raft2026/10/02 11:06:28 INFO: 1 [logterm: 1, index: 4] sent MsgVote request to 2 at term 2\n"}
{"Time":"2026-10-02T11:06:28.569925283+08:00","Action":"output","Package":"go.etcd.io/raft/v3","Test":"TestAssuranceFirstCommitReadRelease/config_activation_first","Output":"raft2026/10/02 11:06:28 INFO: 1 [logterm: 1, index: 4] sent MsgVote request to 3 at term 2\n"}
{"Time":"2026-10-02T11:06:28.569935146+08:00","Action":"output","Package":"go.etcd.io/raft/v3","Test":"TestAssuranceFirstCommitReadRelease/config_activation_first","Output":"raft2026/10/02 11:06:28 INFO: 1 [logterm: 1, index: 4] sent MsgVote request to 4 at term 2\n"}
{"Time":"2026-10-02T11:06:28.569943581+08:00","Action":"output","Package":"go.etcd.io/raft/v3","Test":"TestAssuranceFirstCommitReadRelease/config_activation_first","Output":"raft2026/10/02 11:06:28 INFO: 1 received MsgVoteResp from 1 at term 2\n"}
{"Time":"2026-10-02T11:06:28.56995255+08:00","Action":"output","Package":"go.etcd.io/raft/v3","Test":"TestAssuranceFirstCommitReadRelease/config_activation_first","Output":"raft2026/10/02 11:06:28 INFO: 1 has received 1 MsgVoteResp votes and 0 vote rejections\n"}
{"Time":"2026-10-02T11:06:28.586735086+08:00","Action":"output","Package":"go.etcd.io/raft/v3","Test":"TestAssuranceFirstCommitReadRelease/config_activation_first","Output":"raft2026/10/02 11:06:28 INFO: 2 [term: 1] received a MsgVote message with higher term from 1 [term: 2]\n"}
{"Time":"2026-10-02T11:06:28.586799762+08:00","Action":"output","Package":"go.etcd.io/raft/v3","Test":"TestAssuranceFirstCommitReadRelease/config_activation_first","Output":"raft2026/10/02 11:06:28 INFO: 2 became follower at term 2\n"}
{"Time":"2026-10-02T11:06:28.586815786+08:00","Action":"output","Package":"go.etcd.io/raft/v3","Test":"TestAssuranceFirstCommitReadRelease/config_activation_first","Output":"raft2026/10/02 11:06:28 INFO: 2 [logterm: 1, index: 4, vote: 0] cast MsgVote for 1 [logterm: 1, index: 4] at term 2\n"}
{"Time":"2026-10-02T11:06:28.586850012+08:00","Action":"output","Package":"go.etcd.io/raft/v3","Test":"TestAssuranceFirstCommitReadRelease/config_activation_first","Output":"raft2026/10/02 11:06:28 INFO: 3 [term: 1] received a MsgVote message with higher term from 1 [term: 2]\n"}
{"Time":"2026-10-02T11:06:28.586862725+08:00","Action":"output","Package":"go.etcd.io/raft/v3","Test":"TestAssuranceFirstCommitReadRelease/config_activation_first","Output":"raft2026/10/02 11:06:28 INFO: 3 became follower at term 2\n"}
{"Time":"2026-10-02T11:06:28.586872504+08:00","Action":"output","Package":"go.etcd.io/raft/v3","Test":"TestAssuranceFirstCommitReadRelease/config_activation_first","Output":"raft2026/10/02 11:06:28 INFO: 3 [logterm: 1, index: 4, vote: 0] cast MsgVote for 1 [logterm: 1, index: 4] at term 2\n"}
{"Time":"2026-10-02T11:06:28.586884588+08:00","Action":"output","Package":"go.etcd.io/raft/v3","Test":"TestAssuranceFirstCommitReadRelease/config_activation_first","Output":"raft2026/10/02 11:06:28 INFO: 4 [term: 1] received a MsgVote message with higher term from 1 [term: 2]\n"}
{"Time":"2026-10-02T11:06:28.586895005+08:00","Action":"output","Package":"go.etcd.io/raft/v3","Test":"TestAssuranceFirstCommitReadRelease/config_activation_first","Output":"raft2026/10/02 11:06:28 INFO: 4 became follower at term 2\n"}
{"Time":"2026-10-02T11:06:28.586906568+08:00","Action":"output","Package":"go.etcd.io/raft/v3","Test":"TestAssuranceFirstCommitReadRelease/config_activation_first","Output":"raft2026/10/02 11:06:28 INFO: 4 [logterm: 1, index: 4, vote: 0] cast MsgVote for 1 [logterm: 1, index: 4] at term 2\n"}
{"Time":"2026-10-02T11:06:28.593129091+08:00","Action":"output","Package":"go.etcd.io/raft/v3","Test":"TestAssuranceFirstCommitReadRelease/config_activation_first","Output":"raft2026/10/02 11:06:28 INFO: 1 received MsgVoteResp from 2 at term 2\n"}
{"Time":"2026-10-02T11:06:28.593166001+08:00","Action":"output","Package":"go.etcd.io/raft/v3","Test":"TestAssuranceFirstCommitReadRelease/config_activation_first","Output":"raft2026/10/02 11:06:28 INFO: 1 has received 2 MsgVoteResp votes and 0 vote rejections\n"}
{"Time":"2026-10-02T11:06:28.593173666+08:00","Action":"output","Package":"go.etcd.io/raft/v3","Test":"TestAssuranceFirstCommitReadRelease/config_activation_first","Output":"raft2026/10/02 11:06:28 INFO: 1 received MsgVoteResp from 3 at term 2\n"}
{"Time":"2026-10-02T11:06:28.593179099+08:00","Action":"output","Package":"go.etcd.io/raft/v3","Test":"TestAssuranceFirstCommitReadRelease/config_activation_first","Output":"raft2026/10/02 11:06:28 INFO: 1 has received 3 MsgVoteResp votes and 0 vote rejections\n"}
{"Time":"2026-10-02T11:06:28.59318345+08:00","Action":"output","Package":"go.etcd.io/raft/v3","Test":"TestAssuranceFirstCommitReadRelease/config_activation_first","Output":"raft2026/10/02 11:06:28 INFO: 1 became leader at term 2\n"}
{"Time":"2026-10-02T11:06:28.593193577+08:00","Action":"output","Package":"go.etcd.io/raft/v3","Test":"TestAssuranceFirstCommitReadRelease/config_activation_first","Output":"raft2026/10/02 11:06:28 INFO: raft.node: 1 elected leader 1 at term 2\n"}
{"Time":"2026-10-02T11:06:28.613032576+08:00","Action":"output","Package":"go.etcd.io/raft/v3","Test":"TestAssuranceFirstCommitReadRelease/config_activation_first","Output":"raft2026/10/02 11:06:28 INFO: raft.node: 2 elected leader 1 at term 2\n"}
{"Time":"2026-10-02T11:06:28.613124821+08:00","Action":"output","Package":"go.etcd.io/raft/v3","Test":"TestAssuranceFirstCommitReadRelease/config_activation_first","Output":"raft2026/10/02 11:06:28 INFO: raft.node: 3 elected leader 1 at term 2\n"}
{"Time":"2026-10-02T11:06:28.613151481+08:00","Action":"output","Package":"go.etcd.io/raft/v3","Test":"TestAssuranceFirstCommitReadRelease/config_activation_first","Output":"raft2026/10/02 11:06:28 INFO: raft.node: 4 elected leader 1 at term 2\n"}
{"Time":"2026-10-02T11:06:28.687095127+08:00","Action":"output","Package":"go.etcd.io/raft/v3","Test":"TestAssuranceFirstCommitReadRelease/config_activation_first","Output":"raft2026/10/02 11:06:28 INFO: 1 switched to configuration voters=(1 2 3)\n"}
{"Time":"2026-10-02T11:06:28.687157054+08:00","Action":"output","Package":"go.etcd.io/raft/v3","Test":"TestAssuranceFirstCommitReadRelease/config_activation_first","Output":"CA_EVENT {\"conf\":{\"voters\":[1,2,3],\"auto_leave\":false},\"event\":\"config_applied\",\"index\":6,\"node\":1}\n"}
{"Time":"2026-10-02T11:06:28.710478459+08:00","Action":"output","Package":"go.etcd.io/raft/v3","Test":"TestAssuranceFirstCommitReadRelease/config_activation_first","Output":"raft2026/10/02 11:06:28 INFO: 3 switched to configuration voters=(1 2 3)\n"}
{"Time":"2026-10-02T11:06:28.710548803+08:00","Action":"output","Package":"go.etcd.io/raft/v3","Test":"TestAssuranceFirstCommitReadRelease/config_activation_first","Output":"CA_EVENT {\"conf\":{\"voters\":[1,2,3],\"auto_leave\":false},\"event\":\"config_applied\",\"index\":6,\"node\":3}\n"}
{"Time":"2026-10-02T11:06:28.710569542+08:00","Action":"output","Package":"go.etcd.io/raft/v3","Test":"TestAssuranceFirstCommitReadRelease/config_activation_first","Output":"raft2026/10/02 11:06:28 INFO: 4 switched to configuration voters=(1 2 3)\n"}
{"Time":"2026-10-02T11:06:28.710779304+08:00","Action":"output","Package":"go.etcd.io/raft/v3","Test":"TestAssuranceFirstCommitReadRelease/config_activation_first","Output":"CA_EVENT {\"conf\":{\"voters\":[1,2,3],\"auto_leave\":false},\"event\":\"config_applied\",\"index\":6,\"node\":4}\n"}
{"Time":"2026-10-02T11:06:28.734981726+08:00","Action":"output","Package":"go.etcd.io/raft/v3","Test":"TestAssuranceFirstCommitReadRelease/config_activation_first","Output":"raft2026/10/02 11:06:28 INFO: 2 is starting a new election at term 2\n"}
{"Time":"2026-10-02T11:06:28.735030142+08:00","Action":"output","Package":"go.etcd.io/raft/v3","Test":"TestAssuranceFirstCommitReadRelease/config_activation_first","Output":"raft2026/10/02 11:06:28 INFO: 2 became candidate at term 3\n"}
{"Time":"2026-10-02T11:06:28.735049067+08:00","Action":"output","Package":"go.etcd.io/raft/v3","Test":"TestAssuranceFirstCommitReadRelease/config_activation_first","Output":"raft2026/10/02 11:06:28 INFO: 2 [logterm: 2, index: 6] sent MsgVote request to 1 at term 3\n"}
{"Time":"2026-10-02T11:06:28.735062084+08:00","Action":"output","Package":"go.etcd.io/raft/v3","Test":"TestAssuranceFirstCommitReadRelease/config_activation_first","Output":"raft2026/10/02 11:06:28 INFO: 2 [logterm: 2, index: 6] sent MsgVote request to 3 at term 3\n"}
{"Time":"2026-10-02T11:06:28.735068265+08:00","Action":"output","Package":"go.etcd.io/raft/v3","Test":"TestAssuranceFirstCommitReadRelease/config_activation_first","Output":"raft2026/10/02 11:06:28 INFO: 2 [logterm: 2, index: 6] sent MsgVote request to 4 at term 3\n"}
{"Time":"2026-10-02T11:06:28.735074047+08:00","Action":"output","Package":"go.etcd.io/raft/v3","Test":"TestAssuranceFirstCommitReadRelease/config_activation_first","Output":"raft2026/10/02 11:06:28 INFO: raft.node: 2 lost leader 1 at term 3\n"}
{"Time":"2026-10-02T11:06:28.740633682+08:00","Action":"output","Package":"go.etcd.io/raft/v3","Test":"TestAssuranceFirstCommitReadRelease/config_activation_first","Output":"raft2026/10/02 11:06:28 INFO: 2 received MsgVoteResp from 2 at term 3\n"}
{"Time":"2026-10-02T11:06:28.740666814+08:00","Action":"output","Package":"go.etcd.io/raft/v3","Test":"TestAssuranceFirstCommitReadRelease/config_activation_first","Output":"raft2026/10/02 11:06:28 INFO: 2 has received 1 MsgVoteResp votes and 0 vote rejections\n"}
{"Time":"2026-10-02T11:06:28.751835991+08:00","Action":"output","Package":"go.etcd.io/raft/v3","Test":"TestAssuranceFirstCommitReadRelease/config_activation_first","Output":"raft2026/10/02 11:06:28 INFO: 1 [term: 2] received a MsgVote message with higher term from 2 [term: 3]\n"}
{"Time":"2026-10-02T11:06:28.751925374+08:00","Action":"output","Package":"go.etcd.io/raft/v3","Test":"TestAssuranceFirstCommitReadRelease/config_activation_first","Output":"raft2026/10/02 11:06:28 INFO: 1 became follower at term 3\n"}
{"Time":"2026-10-02T11:06:28.751949735+08:00","Action":"output","Package":"go.etcd.io/raft/v3","Test":"TestAssuranceFirstCommitReadRelease/config_activation_first","Output":"raft2026/10/02 11:06:28 INFO: 1 [logterm: 2, index: 6, vote: 0] cast MsgVote for 2 [logterm: 2, index: 6] at term 3\n"}
{"Time":"2026-10-02T11:06:28.751968747+08:00","Action":"output","Package":"go.etcd.io/raft/v3","Test":"TestAssuranceFirstCommitReadRelease/config_activation_first","Output":"raft2026/10/02 11:06:28 INFO: raft.node: 1 lost leader 1 at term 3\n"}
{"Time":"2026-10-02T11:06:28.751985634+08:00","Action":"output","Package":"go.etcd.io/raft/v3","Test":"TestAssuranceFirstCommitReadRelease/config_activation_first","Output":"raft2026/10/02 11:06:28 INFO: 3 [term: 2] received a MsgVote message with higher term from 2 [term: 3]\n"}
{"Time":"2026-10-02T11:06:28.752001026+08:00","Action":"output","Package":"go.etcd.io/raft/v3","Test":"TestAssuranceFirstCommitReadRelease/config_activation_first","Output":"raft2026/10/02 11:06:28 INFO: 3 became follower at term 3\n"}
{"Time":"2026-10-02T11:06:28.752015963+08:00","Action":"output","Package":"go.etcd.io/raft/v3","Test":"TestAssuranceFirstCommitReadRelease/config_activation_first","Output":"raft2026/10/02 11:06:28 INFO: 3 [logterm: 2, index: 6, vote: 0] cast MsgVote for 2 [logterm: 2, index: 6] at term 3\n"}
{"Time":"2026-10-02T11:06:28.752029349+08:00","Action":"output","Package":"go.etcd.io/raft/v3","Test":"TestAssuranceFirstCommitReadRelease/config_activation_first","Output":"raft2026/10/02 11:06:28 INFO: raft.node: 3 lost leader 1 at term 3\n"}
{"Time":"2026-10-02T11:06:28.752042423+08:00","Action":"output","Package":"go.etcd.io/raft/v3","Test":"TestAssuranceFirstCommitReadRelease/config_activation_first","Output":"raft2026/10/02 11:06:28 INFO: 4 [term: 2] received a MsgVote message with higher term from 2 [term: 3]\n"}
{"Time":"2026-10-02T11:06:28.752055768+08:00","Action":"output","Package":"go.etcd.io/raft/v3","Test":"TestAssuranceFirstCommitReadRelease/config_activation_first","Output":"raft2026/10/02 11:06:28 INFO: 4 became follower at term 3\n"}
{"Time":"2026-10-02T11:06:28.752082685+08:00","Action":"output","Package":"go.etcd.io/raft/v3","Test":"TestAssuranceFirstCommitReadRelease/config_activation_first","Output":"raft2026/10/02 11:06:28 INFO: 4 [logterm: 2, index: 6, vote: 0] cast MsgVote for 2 [logterm: 2, index: 6] at term 3\n"}
{"Time":"2026-10-02T11:06:28.752097958+08:00","Action":"output","Package":"go.etcd.io/raft/v3","Test":"TestAssuranceFirstCommitReadRelease/config_activation_first","Output":"raft2026/10/02 11:06:28 INFO: raft.node: 4 lost leader 1 at term 3\n"}
{"Time":"2026-10-02T11:06:28.758183217+08:00","Action":"output","Package":"go.etcd.io/raft/v3","Test":"TestAssuranceFirstCommitReadRelease/config_activation_first","Output":"raft2026/10/02 11:06:28 INFO: 2 received MsgVoteResp from 1 at term 3\n"}
{"Time":"2026-10-02T11:06:28.758322769+08:00","Action":"output","Package":"go.etcd.io/raft/v3","Test":"TestAssuranceFirstCommitReadRelease/config_activation_first","Output":"raft2026/10/02 11:06:28 INFO: 2 has received 2 MsgVoteResp votes and 0 vote rejections\n"}
{"Time":"2026-10-02T11:06:28.75835975+08:00","Action":"output","Package":"go.etcd.io/raft/v3","Test":"TestAssuranceFirstCommitReadRelease/config_activation_first","Output":"raft2026/10/02 11:06:28 INFO: 2 received MsgVoteResp from 3 at term 3\n"}
{"Time":"2026-10-02T11:06:28.758377967+08:00","Action":"output","Package":"go.etcd.io/raft/v3","Test":"TestAssuranceFirstCommitReadRelease/config_activation_first","Output":"raft2026/10/02 11:06:28 INFO: 2 has received 3 MsgVoteResp votes and 0 vote rejections\n"}
{"Time":"2026-10-02T11:06:28.758393567+08:00","Action":"output","Package":"go.etcd.io/raft/v3","Test":"TestAssuranceFirstCommitReadRelease/config_activation_first","Output":"raft2026/10/02 11:06:28 INFO: 2 became leader at term 3\n"}
{"Time":"2026-10-02T11:06:28.758462198+08:00","Action":"output","Package":"go.etcd.io/raft/v3","Test":"TestAssuranceFirstCommitReadRelease/config_activation_first","Output":"raft2026/10/02 11:06:28 INFO: raft.node: 2 elected leader 2 at term 3\n"}
{"Time":"2026-10-02T11:06:28.776784558+08:00","Action":"output","Package":"go.etcd.io/raft/v3","Test":"TestAssuranceFirstCommitReadRelease/config_activation_first","Output":"raft2026/10/02 11:06:28 INFO: raft.node: 3 elected leader 2 at term 3\n"}
{"Time":"2026-10-02T11:06:28.818073448+08:00","Action":"output","Package":"go.etcd.io/raft/v3","Test":"TestAssuranceFirstCommitReadRelease/config_activation_first","Output":"CA_EVENT {\"commit_before\":6,\"commit_term_before\":2,\"current_term_committed_before\":false,\"event\":\"read_admitted\",\"leader\":2,\"leader_state\":\"StateLeader\",\"leader_term\":3,\"operation_id\":\"config_activation_first\",\"read_call_returned\":true,\"request\":\"assurance/first-commit/config_activation_first\",\"voter_count_before\":4}\n"}
{"Time":"2026-10-02T11:06:28.841655597+08:00","Action":"output","Package":"go.etcd.io/raft/v3","Test":"TestAssuranceFirstCommitReadRelease/config_activation_first","Output":"raft2026/10/02 11:06:28 INFO: 2 switched to configuration voters=(1 2 3)\n"}
{"Time":"2026-10-02T11:06:28.842083865+08:00","Action":"output","Package":"go.etcd.io/raft/v3","Test":"TestAssuranceFirstCommitReadRelease/config_activation_first","Output":"CA_EVENT {\"conf\":{\"voters\":[1,2,3],\"auto_leave\":false},\"event\":\"config_applied\",\"index\":6,\"node\":2}\n"}
{"Time":"2026-10-02T11:06:28.842591197+08:00","Action":"output","Package":"go.etcd.io/raft/v3","Test":"TestAssuranceFirstCommitReadRelease/config_activation_first","Output":"CA_EVENT {\"commit_after\":7,\"commit_term_after\":3,\"current_term_committed\":true,\"deferred_batches\":0,\"event\":\"release_observed\",\"held_messages\":2,\"leader\":2,\"leader_state\":\"StateLeader\",\"leader_term\":3,\"operation_id\":\"config_activation_first\",\"pending_contexts\":[\"assurance/first-commit/config_activation_first\"],\"reported_applied\":6,\"request\":\"assurance/first-commit/config_activation_first\",\"transition_returned\":true,\"voter_count_after\":3,\"waiting_for_first_commit\":true}\n"}
{"Time":"2026-10-02T11:06:28.842715833+08:00","Action":"output","Package":"go.etcd.io/raft/v3","Test":"TestAssuranceFirstCommitReadRelease/config_activation_first","Output":"--- PASS: TestAssuranceFirstCommitReadRelease/config_activation_first (0.30s)\n"}
{"Time":"2026-10-02T11:06:28.842770129+08:00","Action":"pass","Package":"go.etcd.io/raft/v3","Test":"TestAssuranceFirstCommitReadRelease/config_activation_first","Elapsed":0.3}
{"Time":"2026-10-02T11:06:28.842832918+08:00","Action":"run","Package":"go.etcd.io/raft/v3","Test":"TestAssuranceFirstCommitReadRelease/append_reply_first"}
{"Time":"2026-10-02T11:06:28.84288191+08:00","Action":"output","Package":"go.etcd.io/raft/v3","Test":"TestAssuranceFirstCommitReadRelease/append_reply_first","Output":"=== RUN   TestAssuranceFirstCommitReadRelease/append_reply_first\n"}
{"Time":"2026-10-02T11:06:28.842935197+08:00","Action":"output","Package":"go.etcd.io/raft/v3","Test":"TestAssuranceFirstCommitReadRelease/append_reply_first","Output":"raft2026/10/02 11:06:28 INFO: 1 switched to configuration voters=()\n"}
{"Time":"2026-10-02T11:06:28.842982003+08:00","Action":"output","Package":"go.etcd.io/raft/v3","Test":"TestAssuranceFirstCommitReadRelease/append_reply_first","Output":"raft2026/10/02 11:06:28 INFO: 1 became follower at term 0\n"}
{"Time":"2026-10-02T11:06:28.842996655+08:00","Action":"output","Package":"go.etcd.io/raft/v3","Test":"TestAssuranceFirstCommitReadRelease/append_reply_first","Output":"raft2026/10/02 11:06:28 INFO: newRaft 1 [peers: [], term: 0, commit: 0, applied: 0, lastindex: 0, lastterm: 0]\n"}
{"Time":"2026-10-02T11:06:28.843008427+08:00","Action":"output","Package":"go.etcd.io/raft/v3","Test":"TestAssuranceFirstCommitReadRelease/append_reply_first","Output":"raft2026/10/02 11:06:28 INFO: 1 became follower at term 1\n"}
{"Time":"2026-10-02T11:06:28.843023491+08:00","Action":"output","Package":"go.etcd.io/raft/v3","Test":"TestAssuranceFirstCommitReadRelease/append_reply_first","Output":"raft2026/10/02 11:06:28 INFO: 1 switched to configuration voters=(1)\n"}
{"Time":"2026-10-02T11:06:28.8431374+08:00","Action":"output","Package":"go.etcd.io/raft/v3","Test":"TestAssuranceFirstCommitReadRelease/append_reply_first","Output":"raft2026/10/02 11:06:28 INFO: 1 switched to configuration voters=(1 2)\n"}
{"Time":"2026-10-02T11:06:28.84315283+08:00","Action":"output","Package":"go.etcd.io/raft/v3","Test":"TestAssuranceFirstCommitReadRelease/append_reply_first","Output":"raft2026/10/02 11:06:28 INFO: 1 switched to configuration voters=(1 2 3)\n"}
{"Time":"2026-10-02T11:06:28.84316768+08:00","Action":"output","Package":"go.etcd.io/raft/v3","Test":"TestAssuranceFirstCommitReadRelease/append_reply_first","Output":"raft2026/10/02 11:06:28 INFO: 1 switched to configuration voters=(1 2 3 4)\n"}
{"Time":"2026-10-02T11:06:28.843374184+08:00","Action":"output","Package":"go.etcd.io/raft/v3","Test":"TestAssuranceFirstCommitReadRelease/append_reply_first","Output":"raft2026/10/02 11:06:28 INFO: 2 switched to configuration voters=()\n"}
{"Time":"2026-10-02T11:06:28.843397432+08:00","Action":"output","Package":"go.etcd.io/raft/v3","Test":"TestAssuranceFirstCommitReadRelease/append_reply_first","Output":"raft2026/10/02 11:06:28 INFO: 2 became follower at term 0\n"}
{"Time":"2026-10-02T11:06:28.843406529+08:00","Action":"output","Package":"go.etcd.io/raft/v3","Test":"TestAssuranceFirstCommitReadRelease/append_reply_first","Output":"raft2026/10/02 11:06:28 INFO: newRaft 2 [peers: [], term: 0, commit: 0, applied: 0, lastindex: 0, lastterm: 0]\n"}
{"Time":"2026-10-02T11:06:28.843414764+08:00","Action":"output","Package":"go.etcd.io/raft/v3","Test":"TestAssuranceFirstCommitReadRelease/append_reply_first","Output":"raft2026/10/02 11:06:28 INFO: 2 became follower at term 1\n"}
{"Time":"2026-10-02T11:06:28.843426704+08:00","Action":"output","Package":"go.etcd.io/raft/v3","Test":"TestAssuranceFirstCommitReadRelease/append_reply_first","Output":"raft2026/10/02 11:06:28 INFO: 2 switched to configuration voters=(1)\n"}
{"Time":"2026-10-02T11:06:28.843438311+08:00","Action":"output","Package":"go.etcd.io/raft/v3","Test":"TestAssuranceFirstCommitReadRelease/append_reply_first","Output":"raft2026/10/02 11:06:28 INFO: 2 switched to configuration voters=(1 2)\n"}
{"Time":"2026-10-02T11:06:28.843450369+08:00","Action":"output","Package":"go.etcd.io/raft/v3","Test":"TestAssuranceFirstCommitReadRelease/append_reply_first","Output":"raft2026/10/02 11:06:28 INFO: 2 switched to configuration voters=(1 2 3)\n"}
{"Time":"2026-10-02T11:06:28.843478523+08:00","Action":"output","Package":"go.etcd.io/raft/v3","Test":"TestAssuranceFirstCommitReadRelease/append_reply_first","Output":"raft2026/10/02 11:06:28 INFO: 2 switched to configuration voters=(1 2 3 4)\n"}
{"Time":"2026-10-02T11:06:28.843510306+08:00","Action":"output","Package":"go.etcd.io/raft/v3","Test":"TestAssuranceFirstCommitReadRelease/append_reply_first","Output":"raft2026/10/02 11:06:28 INFO: 3 switched to configuration voters=()\n"}
{"Time":"2026-10-02T11:06:28.843607587+08:00","Action":"output","Package":"go.etcd.io/raft/v3","Test":"TestAssuranceFirstCommitReadRelease/append_reply_first","Output":"raft2026/10/02 11:06:28 INFO: 3 became follower at term 0\n"}
{"Time":"2026-10-02T11:06:28.843649444+08:00","Action":"output","Package":"go.etcd.io/raft/v3","Test":"TestAssuranceFirstCommitReadRelease/append_reply_first","Output":"raft2026/10/02 11:06:28 INFO: newRaft 3 [peers: [], term: 0, commit: 0, applied: 0, lastindex: 0, lastterm: 0]\n"}
{"Time":"2026-10-02T11:06:28.843685924+08:00","Action":"output","Package":"go.etcd.io/raft/v3","Test":"TestAssuranceFirstCommitReadRelease/append_reply_first","Output":"raft2026/10/02 11:06:28 INFO: 3 became follower at term 1\n"}
{"Time":"2026-10-02T11:06:28.843724571+08:00","Action":"output","Package":"go.etcd.io/raft/v3","Test":"TestAssuranceFirstCommitReadRelease/append_reply_first","Output":"raft2026/10/02 11:06:28 INFO: 3 switched to configuration voters=(1)\n"}
{"Time":"2026-10-02T11:06:28.843760993+08:00","Action":"output","Package":"go.etcd.io/raft/v3","Test":"TestAssuranceFirstCommitReadRelease/append_reply_first","Output":"raft2026/10/02 11:06:28 INFO: 3 switched to configuration voters=(1 2)\n"}
{"Time":"2026-10-02T11:06:28.843793812+08:00","Action":"output","Package":"go.etcd.io/raft/v3","Test":"TestAssuranceFirstCommitReadRelease/append_reply_first","Output":"raft2026/10/02 11:06:28 INFO: 3 switched to configuration voters=(1 2 3)\n"}
{"Time":"2026-10-02T11:06:28.843803326+08:00","Action":"output","Package":"go.etcd.io/raft/v3","Test":"TestAssuranceFirstCommitReadRelease/append_reply_first","Output":"raft2026/10/02 11:06:28 INFO: 3 switched to configuration voters=(1 2 3 4)\n"}
{"Time":"2026-10-02T11:06:28.84381439+08:00","Action":"output","Package":"go.etcd.io/raft/v3","Test":"TestAssuranceFirstCommitReadRelease/append_reply_first","Output":"raft2026/10/02 11:06:28 INFO: 4 switched to configuration voters=()\n"}
{"Time":"2026-10-02T11:06:28.843821551+08:00","Action":"output","Package":"go.etcd.io/raft/v3","Test":"TestAssuranceFirstCommitReadRelease/append_reply_first","Output":"raft2026/10/02 11:06:28 INFO: 4 became follower at term 0\n"}
{"Time":"2026-10-02T11:06:28.843828542+08:00","Action":"output","Package":"go.etcd.io/raft/v3","Test":"TestAssuranceFirstCommitReadRelease/append_reply_first","Output":"raft2026/10/02 11:06:28 INFO: newRaft 4 [peers: [], term: 0, commit: 0, applied: 0, lastindex: 0, lastterm: 0]\n"}
{"Time":"2026-10-02T11:06:28.843834981+08:00","Action":"output","Package":"go.etcd.io/raft/v3","Test":"TestAssuranceFirstCommitReadRelease/append_reply_first","Output":"raft2026/10/02 11:06:28 INFO: 4 became follower at term 1\n"}
{"Time":"2026-10-02T11:06:28.843844794+08:00","Action":"output","Package":"go.etcd.io/raft/v3","Test":"TestAssuranceFirstCommitReadRelease/append_reply_first","Output":"raft2026/10/02 11:06:28 INFO: 4 switched to configuration voters=(1)\n"}
{"Time":"2026-10-02T11:06:28.843854379+08:00","Action":"output","Package":"go.etcd.io/raft/v3","Test":"TestAssuranceFirstCommitReadRelease/append_reply_first","Output":"raft2026/10/02 11:06:28 INFO: 4 switched to configuration voters=(1 2)\n"}
{"Time":"2026-10-02T11:06:28.843914185+08:00","Action":"output","Package":"go.etcd.io/raft/v3","Test":"TestAssuranceFirstCommitReadRelease/append_reply_first","Output":"raft2026/10/02 11:06:28 INFO: 4 switched to configuration voters=(1 2 3)\n"}
{"Time":"2026-10-02T11:06:28.843947129+08:00","Action":"output","Package":"go.etcd.io/raft/v3","Test":"TestAssuranceFirstCommitReadRelease/append_reply_first","Output":"raft2026/10/02 11:06:28 INFO: 4 switched to configuration voters=(1 2 3 4)\n"}
{"Time":"2026-10-02T11:06:28.844260563+08:00","Action":"output","Package":"go.etcd.io/raft/v3","Test":"TestAssuranceFirstCommitReadRelease/append_reply_first","Output":"raft2026/10/02 11:06:28 INFO: 1 switched to configuration voters=(1 2 3 4)\n"}
{"Time":"2026-10-02T11:06:28.844347658+08:00","Action":"output","Package":"go.etcd.io/raft/v3","Test":"TestAssuranceFirstCommitReadRelease/append_reply_first","Output":"CA_EVENT {\"conf\":{\"voters\":[1,2,3,4],\"auto_leave\":false},\"event\":\"config_applied\",\"index\":1,\"node\":1}\n"}
{"Time":"2026-10-02T11:06:28.844361958+08:00","Action":"output","Package":"go.etcd.io/raft/v3","Test":"TestAssuranceFirstCommitReadRelease/append_reply_first","Output":"raft2026/10/02 11:06:28 INFO: 1 switched to configuration voters=(1 2 3 4)\n"}
{"Time":"2026-10-02T11:06:28.844370518+08:00","Action":"output","Package":"go.etcd.io/raft/v3","Test":"TestAssuranceFirstCommitReadRelease/append_reply_first","Output":"CA_EVENT {\"conf\":{\"voters\":[1,2,3,4],\"auto_leave\":false},\"event\":\"config_applied\",\"index\":2,\"node\":1}\n"}
{"Time":"2026-10-02T11:06:28.844390219+08:00","Action":"output","Package":"go.etcd.io/raft/v3","Test":"TestAssuranceFirstCommitReadRelease/append_reply_first","Output":"raft2026/10/02 11:06:28 INFO: 1 switched to configuration voters=(1 2 3 4)\n"}
{"Time":"2026-10-02T11:06:28.84439791+08:00","Action":"output","Package":"go.etcd.io/raft/v3","Test":"TestAssuranceFirstCommitReadRelease/append_reply_first","Output":"CA_EVENT {\"conf\":{\"voters\":[1,2,3,4],\"auto_leave\":false},\"event\":\"config_applied\",\"index\":3,\"node\":1}\n"}
{"Time":"2026-10-02T11:06:28.844405532+08:00","Action":"output","Package":"go.etcd.io/raft/v3","Test":"TestAssuranceFirstCommitReadRelease/append_reply_first","Output":"raft2026/10/02 11:06:28 INFO: 1 switched to configuration voters=(1 2 3 4)\n"}
{"Time":"2026-10-02T11:06:28.844412082+08:00","Action":"output","Package":"go.etcd.io/raft/v3","Test":"TestAssuranceFirstCommitReadRelease/append_reply_first","Output":"CA_EVENT {\"conf\":{\"voters\":[1,2,3,4],\"auto_leave\":false},\"event\":\"config_applied\",\"index\":4,\"node\":1}\n"}
{"Time":"2026-10-02T11:06:28.844768272+08:00","Action":"output","Package":"go.etcd.io/raft/v3","Test":"TestAssuranceFirstCommitReadRelease/append_reply_first","Output":"raft2026/10/02 11:06:28 INFO: 2 switched to configuration voters=(1 2 3 4)\n"}
{"Time":"2026-10-02T11:06:28.844787368+08:00","Action":"output","Package":"go.etcd.io/raft/v3","Test":"TestAssuranceFirstCommitReadRelease/append_reply_first","Output":"CA_EVENT {\"conf\":{\"voters\":[1,2,3,4],\"auto_leave\":false},\"event\":\"config_applied\",\"index\":1,\"node\":2}\n"}
{"Time":"2026-10-02T11:06:28.844797793+08:00","Action":"output","Package":"go.etcd.io/raft/v3","Test":"TestAssuranceFirstCommitReadRelease/append_reply_first","Output":"raft2026/10/02 11:06:28 INFO: 2 switched to configuration voters=(1 2 3 4)\n"}
{"Time":"2026-10-02T11:06:28.844805814+08:00","Action":"output","Package":"go.etcd.io/raft/v3","Test":"TestAssuranceFirstCommitReadRelease/append_reply_first","Output":"CA_EVENT {\"conf\":{\"voters\":[1,2,3,4],\"auto_leave\":false},\"event\":\"config_applied\",\"index\":2,\"node\":2}\n"}
{"Time":"2026-10-02T11:06:28.844814043+08:00","Action":"output","Package":"go.etcd.io/raft/v3","Test":"TestAssuranceFirstCommitReadRelease/append_reply_first","Output":"raft2026/10/02 11:06:28 INFO: 2 switched to configuration voters=(1 2 3 4)\n"}
{"Time":"2026-10-02T11:06:28.84482039+08:00","Action":"output","Package":"go.etcd.io/raft/v3","Test":"TestAssuranceFirstCommitReadRelease/append_reply_first","Output":"CA_EVENT {\"conf\":{\"voters\":[1,2,3,4],\"auto_leave\":false},\"event\":\"config_applied\",\"index\":3,\"node\":2}\n"}
{"Time":"2026-10-02T11:06:28.844837703+08:00","Action":"output","Package":"go.etcd.io/raft/v3","Test":"TestAssuranceFirstCommitReadRelease/append_reply_first","Output":"raft2026/10/02 11:06:28 INFO: 2 switched to configuration voters=(1 2 3 4)\n"}
{"Time":"2026-10-02T11:06:28.844858056+08:00","Action":"output","Package":"go.etcd.io/raft/v3","Test":"TestAssuranceFirstCommitReadRelease/append_reply_first","Output":"CA_EVENT {\"conf\":{\"voters\":[1,2,3,4],\"auto_leave\":false},\"event\":\"config_applied\",\"index\":4,\"node\":2}\n"}
{"Time":"2026-10-02T11:06:28.845336228+08:00","Action":"output","Package":"go.etcd.io/raft/v3","Test":"TestAssuranceFirstCommitReadRelease/append_reply_first","Output":"raft2026/10/02 11:06:28 INFO: 3 switched to configuration voters=(1 2 3 4)\n"}
{"Time":"2026-10-02T11:06:28.845414837+08:00","Action":"output","Package":"go.etcd.io/raft/v3","Test":"TestAssuranceFirstCommitReadRelease/append_reply_first","Output":"CA_EVENT {\"conf\":{\"voters\":[1,2,3,4],\"auto_leave\":false},\"event\":\"config_applied\",\"index\":1,\"node\":3}\n"}
{"Time":"2026-10-02T11:06:28.845457389+08:00","Action":"output","Package":"go.etcd.io/raft/v3","Test":"TestAssuranceFirstCommitReadRelease/append_reply_first","Output":"raft2026/10/02 11:06:28 INFO: 3 switched to configuration voters=(1 2 3 4)\n"}
{"Time":"2026-10-02T11:06:28.845470129+08:00","Action":"output","Package":"go.etcd.io/raft/v3","Test":"TestAssuranceFirstCommitReadRelease/append_reply_first","Output":"CA_EVENT {\"conf\":{\"voters\":[1,2,3,4],\"auto_leave\":false},\"event\":\"config_applied\",\"index\":2,\"node\":3}\n"}
{"Time":"2026-10-02T11:06:28.845479092+08:00","Action":"output","Package":"go.etcd.io/raft/v3","Test":"TestAssuranceFirstCommitReadRelease/append_reply_first","Output":"raft2026/10/02 11:06:28 INFO: 3 switched to configuration voters=(1 2 3 4)\n"}
{"Time":"2026-10-02T11:06:28.845486926+08:00","Action":"output","Package":"go.etcd.io/raft/v3","Test":"TestAssuranceFirstCommitReadRelease/append_reply_first","Output":"CA_EVENT {\"conf\":{\"voters\":[1,2,3,4],\"auto_leave\":false},\"event\":\"config_applied\",\"index\":3,\"node\":3}\n"}
{"Time":"2026-10-02T11:06:28.845494197+08:00","Action":"output","Package":"go.etcd.io/raft/v3","Test":"TestAssuranceFirstCommitReadRelease/append_reply_first","Output":"raft2026/10/02 11:06:28 INFO: 3 switched to configuration voters=(1 2 3 4)\n"}
{"Time":"2026-10-02T11:06:28.845500318+08:00","Action":"output","Package":"go.etcd.io/raft/v3","Test":"TestAssuranceFirstCommitReadRelease/append_reply_first","Output":"CA_EVENT {\"conf\":{\"voters\":[1,2,3,4],\"auto_leave\":false},\"event\":\"config_applied\",\"index\":4,\"node\":3}\n"}
{"Time":"2026-10-02T11:06:28.845512504+08:00","Action":"output","Package":"go.etcd.io/raft/v3","Test":"TestAssuranceFirstCommitReadRelease/append_reply_first","Output":"raft2026/10/02 11:06:28 INFO: 4 switched to configuration voters=(1 2 3 4)\n"}
{"Time":"2026-10-02T11:06:28.845519116+08:00","Action":"output","Package":"go.etcd.io/raft/v3","Test":"TestAssuranceFirstCommitReadRelease/append_reply_first","Output":"CA_EVENT {\"conf\":{\"voters\":[1,2,3,4],\"auto_leave\":false},\"event\":\"config_applied\",\"index\":1,\"node\":4}\n"}
{"Time":"2026-10-02T11:06:28.845526171+08:00","Action":"output","Package":"go.etcd.io/raft/v3","Test":"TestAssuranceFirstCommitReadRelease/append_reply_first","Output":"raft2026/10/02 11:06:28 INFO: 4 switched to configuration voters=(1 2 3 4)\n"}
{"Time":"2026-10-02T11:06:28.84553248+08:00","Action":"output","Package":"go.etcd.io/raft/v3","Test":"TestAssuranceFirstCommitReadRelease/append_reply_first","Output":"CA_EVENT {\"conf\":{\"voters\":[1,2,3,4],\"auto_leave\":false},\"event\":\"config_applied\",\"index\":2,\"node\":4}\n"}
{"Time":"2026-10-02T11:06:28.845540036+08:00","Action":"output","Package":"go.etcd.io/raft/v3","Test":"TestAssuranceFirstCommitReadRelease/append_reply_first","Output":"raft2026/10/02 11:06:28 INFO: 4 switched to configuration voters=(1 2 3 4)\n"}
{"Time":"2026-10-02T11:06:28.845549978+08:00","Action":"output","Package":"go.etcd.io/raft/v3","Test":"TestAssuranceFirstCommitReadRelease/append_reply_first","Output":"CA_EVENT {\"conf\":{\"voters\":[1,2,3,4],\"auto_leave\":false},\"event\":\"config_applied\",\"index\":3,\"node\":4}\n"}
{"Time":"2026-10-02T11:06:28.84559096+08:00","Action":"output","Package":"go.etcd.io/raft/v3","Test":"TestAssuranceFirstCommitReadRelease/append_reply_first","Output":"raft2026/10/02 11:06:28 INFO: 4 switched to configuration voters=(1 2 3 4)\n"}
{"Time":"2026-10-02T11:06:28.845700168+08:00","Action":"output","Package":"go.etcd.io/raft/v3","Test":"TestAssuranceFirstCommitReadRelease/append_reply_first","Output":"CA_EVENT {\"conf\":{\"voters\":[1,2,3,4],\"auto_leave\":false},\"event\":\"config_applied\",\"index\":4,\"node\":4}\n"}
{"Time":"2026-10-02T11:06:28.868507251+08:00","Action":"output","Package":"go.etcd.io/raft/v3","Test":"TestAssuranceFirstCommitReadRelease/append_reply_first","Output":"raft2026/10/02 11:06:28 INFO: 1 is starting a new election at term 1\n"}
{"Time":"2026-10-02T11:06:28.868630081+08:00","Action":"output","Package":"go.etcd.io/raft/v3","Test":"TestAssuranceFirstCommitReadRelease/append_reply_first","Output":"raft2026/10/02 11:06:28 INFO: 1 became candidate at term 2\n"}
{"Time":"2026-10-02T11:06:28.868655812+08:00","Action":"output","Package":"go.etcd.io/raft/v3","Test":"TestAssuranceFirstCommitReadRelease/append_reply_first","Output":"raft2026/10/02 11:06:28 INFO: 1 [logterm: 1, index: 4] sent MsgVote request to 2 at term 2\n"}
{"Time":"2026-10-02T11:06:28.868674581+08:00","Action":"output","Package":"go.etcd.io/raft/v3","Test":"TestAssuranceFirstCommitReadRelease/append_reply_first","Output":"raft2026/10/02 11:06:28 INFO: 1 [logterm: 1, index: 4] sent MsgVote request to 3 at term 2\n"}
{"Time":"2026-10-02T11:06:28.868690557+08:00","Action":"output","Package":"go.etcd.io/raft/v3","Test":"TestAssuranceFirstCommitReadRelease/append_reply_first","Output":"raft2026/10/02 11:06:28 INFO: 1 [logterm: 1, index: 4] sent MsgVote request to 4 at term 2\n"}
{"Time":"2026-10-02T11:06:28.868704668+08:00","Action":"output","Package":"go.etcd.io/raft/v3","Test":"TestAssuranceFirstCommitReadRelease/append_reply_first","Output":"raft2026/10/02 11:06:28 INFO: 1 received MsgVoteResp from 1 at term 2\n"}
{"Time":"2026-10-02T11:06:28.868732136+08:00","Action":"output","Package":"go.etcd.io/raft/v3","Test":"TestAssuranceFirstCommitReadRelease/append_reply_first","Output":"raft2026/10/02 11:06:28 INFO: 1 has received 1 MsgVoteResp votes and 0 vote rejections\n"}
{"Time":"2026-10-02T11:06:28.88602585+08:00","Action":"output","Package":"go.etcd.io/raft/v3","Test":"TestAssuranceFirstCommitReadRelease/append_reply_first","Output":"raft2026/10/02 11:06:28 INFO: 2 [term: 1] received a MsgVote message with higher term from 1 [term: 2]\n"}
{"Time":"2026-10-02T11:06:28.886112998+08:00","Action":"output","Package":"go.etcd.io/raft/v3","Test":"TestAssuranceFirstCommitReadRelease/append_reply_first","Output":"raft2026/10/02 11:06:28 INFO: 2 became follower at term 2\n"}
{"Time":"2026-10-02T11:06:28.886136194+08:00","Action":"output","Package":"go.etcd.io/raft/v3","Test":"TestAssuranceFirstCommitReadRelease/append_reply_first","Output":"raft2026/10/02 11:06:28 INFO: 2 [logterm: 1, index: 4, vote: 0] cast MsgVote for 1 [logterm: 1, index: 4] at term 2\n"}
{"Time":"2026-10-02T11:06:28.886156318+08:00","Action":"output","Package":"go.etcd.io/raft/v3","Test":"TestAssuranceFirstCommitReadRelease/append_reply_first","Output":"raft2026/10/02 11:06:28 INFO: 3 [term: 1] received a MsgVote message with higher term from 1 [term: 2]\n"}
{"Time":"2026-10-02T11:06:28.886172398+08:00","Action":"output","Package":"go.etcd.io/raft/v3","Test":"TestAssuranceFirstCommitReadRelease/append_reply_first","Output":"raft2026/10/02 11:06:28 INFO: 3 became follower at term 2\n"}
{"Time":"2026-10-02T11:06:28.886298851+08:00","Action":"output","Package":"go.etcd.io/raft/v3","Test":"TestAssuranceFirstCommitReadRelease/append_reply_first","Output":"raft2026/10/02 11:06:28 INFO: 3 [logterm: 1, index: 4, vote: 0] cast MsgVote for 1 [logterm: 1, index: 4] at term 2\n"}
{"Time":"2026-10-02T11:06:28.886318332+08:00","Action":"output","Package":"go.etcd.io/raft/v3","Test":"TestAssuranceFirstCommitReadRelease/append_reply_first","Output":"raft2026/10/02 11:06:28 INFO: 4 [term: 1] received a MsgVote message with higher term from 1 [term: 2]\n"}
{"Time":"2026-10-02T11:06:28.88633414+08:00","Action":"output","Package":"go.etcd.io/raft/v3","Test":"TestAssuranceFirstCommitReadRelease/append_reply_first","Output":"raft2026/10/02 11:06:28 INFO: 4 became follower at term 2\n"}
{"Time":"2026-10-02T11:06:28.886349519+08:00","Action":"output","Package":"go.etcd.io/raft/v3","Test":"TestAssuranceFirstCommitReadRelease/append_reply_first","Output":"raft2026/10/02 11:06:28 INFO: 4 [logterm: 1, index: 4, vote: 0] cast MsgVote for 1 [logterm: 1, index: 4] at term 2\n"}
{"Time":"2026-10-02T11:06:28.891606611+08:00","Action":"output","Package":"go.etcd.io/raft/v3","Test":"TestAssuranceFirstCommitReadRelease/append_reply_first","Output":"raft2026/10/02 11:06:28 INFO: 1 received MsgVoteResp from 2 at term 2\n"}
{"Time":"2026-10-02T11:06:28.891679288+08:00","Action":"output","Package":"go.etcd.io/raft/v3","Test":"TestAssuranceFirstCommitReadRelease/append_reply_first","Output":"raft2026/10/02 11:06:28 INFO: 1 has received 2 MsgVoteResp votes and 0 vote rejections\n"}
{"Time":"2026-10-02T11:06:28.891697282+08:00","Action":"output","Package":"go.etcd.io/raft/v3","Test":"TestAssuranceFirstCommitReadRelease/append_reply_first","Output":"raft2026/10/02 11:06:28 INFO: 1 received MsgVoteResp from 3 at term 2\n"}
{"Time":"2026-10-02T11:06:28.891711207+08:00","Action":"output","Package":"go.etcd.io/raft/v3","Test":"TestAssuranceFirstCommitReadRelease/append_reply_first","Output":"raft2026/10/02 11:06:28 INFO: 1 has received 3 MsgVoteResp votes and 0 vote rejections\n"}
{"Time":"2026-10-02T11:06:28.891722997+08:00","Action":"output","Package":"go.etcd.io/raft/v3","Test":"TestAssuranceFirstCommitReadRelease/append_reply_first","Output":"raft2026/10/02 11:06:28 INFO: 1 became leader at term 2\n"}
{"Time":"2026-10-02T11:06:28.891736741+08:00","Action":"output","Package":"go.etcd.io/raft/v3","Test":"TestAssuranceFirstCommitReadRelease/append_reply_first","Output":"raft2026/10/02 11:06:28 INFO: raft.node: 1 elected leader 1 at term 2\n"}
{"Time":"2026-10-02T11:06:28.908700751+08:00","Action":"output","Package":"go.etcd.io/raft/v3","Test":"TestAssuranceFirstCommitReadRelease/append_reply_first","Output":"raft2026/10/02 11:06:28 INFO: raft.node: 2 elected leader 1 at term 2\n"}
{"Time":"2026-10-02T11:06:28.908774453+08:00","Action":"output","Package":"go.etcd.io/raft/v3","Test":"TestAssuranceFirstCommitReadRelease/append_reply_first","Output":"raft2026/10/02 11:06:28 INFO: raft.node: 3 elected leader 1 at term 2\n"}
{"Time":"2026-10-02T11:06:28.908793965+08:00","Action":"output","Package":"go.etcd.io/raft/v3","Test":"TestAssuranceFirstCommitReadRelease/append_reply_first","Output":"raft2026/10/02 11:06:28 INFO: raft.node: 4 elected leader 1 at term 2\n"}
{"Time":"2026-10-02T11:06:28.985297661+08:00","Action":"output","Package":"go.etcd.io/raft/v3","Test":"TestAssuranceFirstCommitReadRelease/append_reply_first","Output":"raft2026/10/02 11:06:28 INFO: 1 switched to configuration voters=(1 2 3)\n"}
{"Time":"2026-10-02T11:06:28.985612668+08:00","Action":"output","Package":"go.etcd.io/raft/v3","Test":"TestAssuranceFirstCommitReadRelease/append_reply_first","Output":"CA_EVENT {\"conf\":{\"voters\":[1,2,3],\"auto_leave\":false},\"event\":\"config_applied\",\"index\":6,\"node\":1}\n"}
{"Time":"2026-10-02T11:06:29.008779537+08:00","Action":"output","Package":"go.etcd.io/raft/v3","Test":"TestAssuranceFirstCommitReadRelease/append_reply_first","Output":"raft2026/10/02 11:06:29 INFO: 3 switched to configuration voters=(1 2 3)\n"}
{"Time":"2026-10-02T11:06:29.008872587+08:00","Action":"output","Package":"go.etcd.io/raft/v3","Test":"TestAssuranceFirstCommitReadRelease/append_reply_first","Output":"CA_EVENT {\"conf\":{\"voters\":[1,2,3],\"auto_leave\":false},\"event\":\"config_applied\",\"index\":6,\"node\":3}\n"}
{"Time":"2026-10-02T11:06:29.008913385+08:00","Action":"output","Package":"go.etcd.io/raft/v3","Test":"TestAssuranceFirstCommitReadRelease/append_reply_first","Output":"raft2026/10/02 11:06:29 INFO: 4 switched to configuration voters=(1 2 3)\n"}
{"Time":"2026-10-02T11:06:29.008931682+08:00","Action":"output","Package":"go.etcd.io/raft/v3","Test":"TestAssuranceFirstCommitReadRelease/append_reply_first","Output":"CA_EVENT {\"conf\":{\"voters\":[1,2,3],\"auto_leave\":false},\"event\":\"config_applied\",\"index\":6,\"node\":4}\n"}
{"Time":"2026-10-02T11:06:29.032513266+08:00","Action":"output","Package":"go.etcd.io/raft/v3","Test":"TestAssuranceFirstCommitReadRelease/append_reply_first","Output":"raft2026/10/02 11:06:29 INFO: 2 is starting a new election at term 2\n"}
{"Time":"2026-10-02T11:06:29.033094729+08:00","Action":"output","Package":"go.etcd.io/raft/v3","Test":"TestAssuranceFirstCommitReadRelease/append_reply_first","Output":"raft2026/10/02 11:06:29 INFO: 2 became candidate at term 3\n"}
{"Time":"2026-10-02T11:06:29.033143487+08:00","Action":"output","Package":"go.etcd.io/raft/v3","Test":"TestAssuranceFirstCommitReadRelease/append_reply_first","Output":"raft2026/10/02 11:06:29 INFO: 2 [logterm: 2, index: 6] sent MsgVote request to 1 at term 3\n"}
{"Time":"2026-10-02T11:06:29.03316432+08:00","Action":"output","Package":"go.etcd.io/raft/v3","Test":"TestAssuranceFirstCommitReadRelease/append_reply_first","Output":"raft2026/10/02 11:06:29 INFO: 2 [logterm: 2, index: 6] sent MsgVote request to 3 at term 3\n"}
{"Time":"2026-10-02T11:06:29.033180426+08:00","Action":"output","Package":"go.etcd.io/raft/v3","Test":"TestAssuranceFirstCommitReadRelease/append_reply_first","Output":"raft2026/10/02 11:06:29 INFO: 2 [logterm: 2, index: 6] sent MsgVote request to 4 at term 3\n"}
{"Time":"2026-10-02T11:06:29.033195549+08:00","Action":"output","Package":"go.etcd.io/raft/v3","Test":"TestAssuranceFirstCommitReadRelease/append_reply_first","Output":"raft2026/10/02 11:06:29 INFO: raft.node: 2 lost leader 1 at term 3\n"}
{"Time":"2026-10-02T11:06:29.03792009+08:00","Action":"output","Package":"go.etcd.io/raft/v3","Test":"TestAssuranceFirstCommitReadRelease/append_reply_first","Output":"raft2026/10/02 11:06:29 INFO: 2 received MsgVoteResp from 2 at term 3\n"}
{"Time":"2026-10-02T11:06:29.038032418+08:00","Action":"output","Package":"go.etcd.io/raft/v3","Test":"TestAssuranceFirstCommitReadRelease/append_reply_first","Output":"raft2026/10/02 11:06:29 INFO: 2 has received 1 MsgVoteResp votes and 0 vote rejections\n"}
{"Time":"2026-10-02T11:06:29.051862554+08:00","Action":"output","Package":"go.etcd.io/raft/v3","Test":"TestAssuranceFirstCommitReadRelease/append_reply_first","Output":"raft2026/10/02 11:06:29 INFO: 1 [term: 2] received a MsgVote message with higher term from 2 [term: 3]\n"}
{"Time":"2026-10-02T11:06:29.051965809+08:00","Action":"output","Package":"go.etcd.io/raft/v3","Test":"TestAssuranceFirstCommitReadRelease/append_reply_first","Output":"raft2026/10/02 11:06:29 INFO: 1 became follower at term 3\n"}
{"Time":"2026-10-02T11:06:29.051988549+08:00","Action":"output","Package":"go.etcd.io/raft/v3","Test":"TestAssuranceFirstCommitReadRelease/append_reply_first","Output":"raft2026/10/02 11:06:29 INFO: 1 [logterm: 2, index: 6, vote: 0] cast MsgVote for 2 [logterm: 2, index: 6] at term 3\n"}
{"Time":"2026-10-02T11:06:29.052007445+08:00","Action":"output","Package":"go.etcd.io/raft/v3","Test":"TestAssuranceFirstCommitReadRelease/append_reply_first","Output":"raft2026/10/02 11:06:29 INFO: raft.node: 1 lost leader 1 at term 3\n"}
{"Time":"2026-10-02T11:06:29.052023082+08:00","Action":"output","Package":"go.etcd.io/raft/v3","Test":"TestAssuranceFirstCommitReadRelease/append_reply_first","Output":"raft2026/10/02 11:06:29 INFO: 3 [term: 2] received a MsgVote message with higher term from 2 [term: 3]\n"}
{"Time":"2026-10-02T11:06:29.0520378+08:00","Action":"output","Package":"go.etcd.io/raft/v3","Test":"TestAssuranceFirstCommitReadRelease/append_reply_first","Output":"raft2026/10/02 11:06:29 INFO: 3 became follower at term 3\n"}
{"Time":"2026-10-02T11:06:29.052052343+08:00","Action":"output","Package":"go.etcd.io/raft/v3","Test":"TestAssuranceFirstCommitReadRelease/append_reply_first","Output":"raft2026/10/02 11:06:29 INFO: 3 [logterm: 2, index: 6, vote: 0] cast MsgVote for 2 [logterm: 2, index: 6] at term 3\n"}
{"Time":"2026-10-02T11:06:29.052118916+08:00","Action":"output","Package":"go.etcd.io/raft/v3","Test":"TestAssuranceFirstCommitReadRelease/append_reply_first","Output":"raft2026/10/02 11:06:29 INFO: raft.node: 3 lost leader 1 at term 3\n"}
{"Time":"2026-10-02T11:06:29.052161475+08:00","Action":"output","Package":"go.etcd.io/raft/v3","Test":"TestAssuranceFirstCommitReadRelease/append_reply_first","Output":"raft2026/10/02 11:06:29 INFO: 4 [term: 2] received a MsgVote message with higher term from 2 [term: 3]\n"}
{"Time":"2026-10-02T11:06:29.052177752+08:00","Action":"output","Package":"go.etcd.io/raft/v3","Test":"TestAssuranceFirstCommitReadRelease/append_reply_first","Output":"raft2026/10/02 11:06:29 INFO: 4 became follower at term 3\n"}
{"Time":"2026-10-02T11:06:29.052191895+08:00","Action":"output","Package":"go.etcd.io/raft/v3","Test":"TestAssuranceFirstCommitReadRelease/append_reply_first","Output":"raft2026/10/02 11:06:29 INFO: 4 [logterm: 2, index: 6, vote: 0] cast MsgVote for 2 [logterm: 2, index: 6] at term 3\n"}
{"Time":"2026-10-02T11:06:29.052397651+08:00","Action":"output","Package":"go.etcd.io/raft/v3","Test":"TestAssuranceFirstCommitReadRelease/append_reply_first","Output":"raft2026/10/02 11:06:29 INFO: raft.node: 4 lost leader 1 at term 3\n"}
{"Time":"2026-10-02T11:06:29.057014643+08:00","Action":"output","Package":"go.etcd.io/raft/v3","Test":"TestAssuranceFirstCommitReadRelease/append_reply_first","Output":"raft2026/10/02 11:06:29 INFO: 2 received MsgVoteResp from 1 at term 3\n"}
{"Time":"2026-10-02T11:06:29.057953056+08:00","Action":"output","Package":"go.etcd.io/raft/v3","Test":"TestAssuranceFirstCommitReadRelease/append_reply_first","Output":"raft2026/10/02 11:06:29 INFO: 2 has received 2 MsgVoteResp votes and 0 vote rejections\n"}
{"Time":"2026-10-02T11:06:29.058018093+08:00","Action":"output","Package":"go.etcd.io/raft/v3","Test":"TestAssuranceFirstCommitReadRelease/append_reply_first","Output":"raft2026/10/02 11:06:29 INFO: 2 received MsgVoteResp from 3 at term 3\n"}
{"Time":"2026-10-02T11:06:29.058044549+08:00","Action":"output","Package":"go.etcd.io/raft/v3","Test":"TestAssuranceFirstCommitReadRelease/append_reply_first","Output":"raft2026/10/02 11:06:29 INFO: 2 has received 3 MsgVoteResp votes and 0 vote rejections\n"}
{"Time":"2026-10-02T11:06:29.058062835+08:00","Action":"output","Package":"go.etcd.io/raft/v3","Test":"TestAssuranceFirstCommitReadRelease/append_reply_first","Output":"raft2026/10/02 11:06:29 INFO: 2 became leader at term 3\n"}
{"Time":"2026-10-02T11:06:29.058079755+08:00","Action":"output","Package":"go.etcd.io/raft/v3","Test":"TestAssuranceFirstCommitReadRelease/append_reply_first","Output":"raft2026/10/02 11:06:29 INFO: raft.node: 2 elected leader 2 at term 3\n"}
{"Time":"2026-10-02T11:06:29.075059205+08:00","Action":"output","Package":"go.etcd.io/raft/v3","Test":"TestAssuranceFirstCommitReadRelease/append_reply_first","Output":"raft2026/10/02 11:06:29 INFO: raft.node: 3 elected leader 2 at term 3\n"}
{"Time":"2026-10-02T11:06:29.117183122+08:00","Action":"output","Package":"go.etcd.io/raft/v3","Test":"TestAssuranceFirstCommitReadRelease/append_reply_first","Output":"CA_EVENT {\"commit_before\":6,\"commit_term_before\":2,\"current_term_committed_before\":false,\"event\":\"read_admitted\",\"leader\":2,\"leader_state\":\"StateLeader\",\"leader_term\":3,\"operation_id\":\"append_reply_first\",\"read_call_returned\":true,\"request\":\"assurance/first-commit/append_reply_first\",\"voter_count_before\":4}\n"}
{"Time":"2026-10-02T11:06:29.163609221+08:00","Action":"output","Package":"go.etcd.io/raft/v3","Test":"TestAssuranceFirstCommitReadRelease/append_reply_first","Output":"raft2026/10/02 11:06:29 INFO: raft.node: 1 elected leader 2 at term 3\n"}
{"Time":"2026-10-02T11:06:29.163701029+08:00","Action":"output","Package":"go.etcd.io/raft/v3","Test":"TestAssuranceFirstCommitReadRelease/append_reply_first","Output":"raft2026/10/02 11:06:29 INFO: raft.node: 4 elected leader 2 at term 3\n"}
{"Time":"2026-10-02T11:06:29.209757602+08:00","Action":"output","Package":"go.etcd.io/raft/v3","Test":"TestAssuranceFirstCommitReadRelease/append_reply_first","Output":"CA_EVENT {\"event\":\"read_state\",\"index\":7,\"node\":2,\"request\":\"assurance/first-commit/append_reply_first\"}\n"}
{"Time":"2026-10-02T11:06:29.244724834+08:00","Action":"output","Package":"go.etcd.io/raft/v3","Test":"TestAssuranceFirstCommitReadRelease/append_reply_first","Output":"raft2026/10/02 11:06:29 INFO: 2 switched to configuration voters=(1 2 3)\n"}
{"Time":"2026-10-02T11:06:29.245114945+08:00","Action":"output","Package":"go.etcd.io/raft/v3","Test":"TestAssuranceFirstCommitReadRelease/append_reply_first","Output":"CA_EVENT {\"conf\":{\"voters\":[1,2,3],\"auto_leave\":false},\"event\":\"config_applied\",\"index\":6,\"node\":2}\n"}
{"Time":"2026-10-02T11:06:29.245267007+08:00","Action":"output","Package":"go.etcd.io/raft/v3","Test":"TestAssuranceFirstCommitReadRelease/append_reply_first","Output":"CA_EVENT {\"commit_after\":7,\"commit_term_after\":3,\"current_term_committed\":true,\"deferred_batches\":0,\"event\":\"release_observed\",\"held_messages\":0,\"leader\":2,\"leader_state\":\"StateLeader\",\"leader_term\":3,\"operation_id\":\"append_reply_first\",\"pending_contexts\":[],\"reported_applied\":7,\"request\":\"assurance/first-commit/append_reply_first\",\"transition_returned\":true,\"voter_count_after\":3,\"waiting_for_first_commit\":false}\n"}
{"Time":"2026-10-02T11:06:29.245341099+08:00","Action":"output","Package":"go.etcd.io/raft/v3","Test":"TestAssuranceFirstCommitReadRelease/append_reply_first","Output":"--- PASS: TestAssuranceFirstCommitReadRelease/append_reply_first (0.40s)\n"}
{"Time":"2026-10-02T11:06:29.245392951+08:00","Action":"pass","Package":"go.etcd.io/raft/v3","Test":"TestAssuranceFirstCommitReadRelease/append_reply_first","Elapsed":0.4}
{"Time":"2026-10-02T11:06:29.245427328+08:00","Action":"output","Package":"go.etcd.io/raft/v3","Test":"TestAssuranceFirstCommitReadRelease","Output":"--- PASS: TestAssuranceFirstCommitReadRelease (0.70s)\n"}
{"Time":"2026-10-02T11:06:29.245580972+08:00","Action":"pass","Package":"go.etcd.io/raft/v3","Test":"TestAssuranceFirstCommitReadRelease","Elapsed":0.7}
{"Time":"2026-10-02T11:06:29.245692369+08:00","Action":"output","Package":"go.etcd.io/raft/v3","Output":"PASS\n"}
{"Time":"2026-10-02T11:06:29.248542796+08:00","Action":"output","Package":"go.etcd.io/raft/v3","Output":"ok  \tgo.etcd.io/raft/v3\t0.712s\n"}
{"Time":"2026-10-02T11:06:29.248651649+08:00","Action":"pass","Package":"go.etcd.io/raft/v3","Elapsed":0.713}
