{"Time":"2026-10-07T09:28:59.832759892+08:00","Action":"start","Package":"github.com/hashicorp/raft"}
{"Time":"2026-10-07T09:28:59.836175779+08:00","Action":"run","Package":"github.com/hashicorp/raft","Test":"TestAssuranceVerifyExplore"}
{"Time":"2026-10-07T09:28:59.836189582+08:00","Action":"output","Package":"github.com/hashicorp/raft","Test":"TestAssuranceVerifyExplore","Output":"=== RUN   TestAssuranceVerifyExplore\n"}
{"Time":"2026-10-07T09:28:59.836213243+08:00","Action":"run","Package":"github.com/hashicorp/raft","Test":"TestAssuranceVerifyExplore/connected_control"}
{"Time":"2026-10-07T09:28:59.83621604+08:00","Action":"output","Package":"github.com/hashicorp/raft","Test":"TestAssuranceVerifyExplore/connected_control","Output":"=== RUN   TestAssuranceVerifyExplore/connected_control\n"}
{"Time":"2026-10-07T09:29:00.26192337+08:00","Action":"output","Package":"github.com/hashicorp/raft","Test":"TestAssuranceVerifyExplore/connected_control","Output":"CA_EVENT {\"deny_voter_append\":false,\"dropped_before\":0,\"event\":\"admission\",\"leader\":\"node-0\",\"nonvoter_success_before\":1,\"nonvoters\":1,\"scenario\":\"connected_control\",\"term\":2,\"voter_success_before\":1,\"voters\":3}\n"}
{"Time":"2026-10-07T09:29:00.261954423+08:00","Action":"output","Package":"github.com/hashicorp/raft","Test":"TestAssuranceVerifyExplore/connected_control","Output":"CA_EVENT {\"admission_term\":2,\"current_term\":2,\"dropped_total\":0,\"error\":\"\",\"event\":\"result\",\"leader\":\"node-0\",\"nonvoter_success_total\":2,\"scenario\":\"connected_control\",\"state\":\"Leader\",\"success\":true,\"voter_success_total\":2}\n"}
{"Time":"2026-10-07T09:29:00.362142124+08:00","Action":"output","Package":"github.com/hashicorp/raft","Test":"TestAssuranceVerifyExplore/connected_control","Output":"CA_EVENT {\"event\":\"cleanup\",\"nodes\":4,\"scenario\":\"connected_control\"}\n"}
{"Time":"2026-10-07T09:29:00.362289132+08:00","Action":"output","Package":"github.com/hashicorp/raft","Test":"TestAssuranceVerifyExplore/connected_control","Output":"--- PASS: TestAssuranceVerifyExplore/connected_control (0.53s)\n"}
{"Time":"2026-10-07T09:29:00.3623026+08:00","Action":"pass","Package":"github.com/hashicorp/raft","Test":"TestAssuranceVerifyExplore/connected_control","Elapsed":0.53}
{"Time":"2026-10-07T09:29:00.362331225+08:00","Action":"run","Package":"github.com/hashicorp/raft","Test":"TestAssuranceVerifyExplore/voter_append_loss"}
{"Time":"2026-10-07T09:29:00.362333665+08:00","Action":"output","Package":"github.com/hashicorp/raft","Test":"TestAssuranceVerifyExplore/voter_append_loss","Output":"=== RUN   TestAssuranceVerifyExplore/voter_append_loss\n"}
{"Time":"2026-10-07T09:29:00.683502937+08:00","Action":"output","Package":"github.com/hashicorp/raft","Test":"TestAssuranceVerifyExplore/voter_append_loss","Output":"CA_EVENT {\"deny_voter_append\":true,\"dropped_before\":2,\"event\":\"admission\",\"leader\":\"node-1\",\"nonvoter_success_before\":1,\"nonvoters\":1,\"scenario\":\"voter_append_loss\",\"term\":2,\"voter_success_before\":0,\"voters\":3}\n"}
{"Time":"2026-10-07T09:29:00.683529411+08:00","Action":"output","Package":"github.com/hashicorp/raft","Test":"TestAssuranceVerifyExplore/voter_append_loss","Output":"CA_EVENT {\"admission_term\":2,\"current_term\":2,\"dropped_total\":2,\"error\":\"\",\"event\":\"result\",\"leader\":\"node-1\",\"nonvoter_success_total\":2,\"scenario\":\"voter_append_loss\",\"state\":\"Leader\",\"success\":true,\"voter_success_total\":0}\n"}
{"Time":"2026-10-07T09:29:00.6835334+08:00","Action":"output","Package":"github.com/hashicorp/raft","Test":"TestAssuranceVerifyExplore/voter_append_loss","Output":"CA_EVENT {\"event\":\"cleanup\",\"nodes\":4,\"scenario\":\"voter_append_loss\"}\n"}
{"Time":"2026-10-07T09:29:00.683540843+08:00","Action":"output","Package":"github.com/hashicorp/raft","Test":"TestAssuranceVerifyExplore/voter_append_loss","Output":"--- PASS: TestAssuranceVerifyExplore/voter_append_loss (0.32s)\n"}
{"Time":"2026-10-07T09:29:00.683544434+08:00","Action":"pass","Package":"github.com/hashicorp/raft","Test":"TestAssuranceVerifyExplore/voter_append_loss","Elapsed":0.32}
{"Time":"2026-10-07T09:29:00.683552064+08:00","Action":"output","Package":"github.com/hashicorp/raft","Test":"TestAssuranceVerifyExplore","Output":"--- PASS: TestAssuranceVerifyExplore (0.85s)\n"}
{"Time":"2026-10-07T09:29:00.683557902+08:00","Action":"pass","Package":"github.com/hashicorp/raft","Test":"TestAssuranceVerifyExplore","Elapsed":0.85}
{"Time":"2026-10-07T09:29:00.683560645+08:00","Action":"output","Package":"github.com/hashicorp/raft","Output":"PASS\n"}
{"Time":"2026-10-07T09:29:00.68412599+08:00","Action":"output","Package":"github.com/hashicorp/raft","Output":"ok  \tgithub.com/hashicorp/raft\t0.851s\n"}
{"Time":"2026-10-07T09:29:00.684134199+08:00","Action":"pass","Package":"github.com/hashicorp/raft","Elapsed":0.851}
