{
  "reading_purpose": "dependency",
  "encoding_revision": null,
  "plan": null,
  "gap": "The supplied reattachments resolve the Raft fields, transport interface, response capture, getRPCHeader, setLeader, and log declarations. Executable fixture construction still requires the actual Raft.config implementation and configuration initialization convention, Raft.setLastContact implementation, and AppendEntries request/response declarations. The Raft declaration header described in the previous reply is also absent from this packet. These dependencies must be supplied before using their internal APIs.",
  "partial_design": "Preserve O_append_predecessor_retention and both selected bindings. Construct a package raft TestAssurance test with actual InmemStore entries (1,1) and (2,2), matching cached metadata, current term 3, and zero commitment and snapshot boundaries. A wrapper delegates DeleteRange to InmemStore and records its actual result; the subsequent StoreLogs returns an explicitly injected error without writing. Call actual appendEntries synchronously with predecessor (1,1) and replacement LogNoop (2,3), capturing its deferred response through a buffered RPCResponse channel. After completion, inspect retained storage and cache, then call the same receiver with term 3, predecessor (2,2), no entries, and no commitment advancement. Independently inspect GetLog and snapshot identity at the second response. Emit measured initialization, deletion, injected failure, first completion, second input, and second-result events, correlated by fixture and operation identifiers independent of predecessor values. Encode causal prerequisite references explicitly. The event assertion requires Success=false only when independent storage inspection establishes that the requested predecessor is absent and the snapshot does not represent it; Success must never select applicability. Include a separate retained-predecessor control and record its completion and response without treating permitted success as required by this safety obligation. Synchronous calls and buffered response capture control the receiver-local sequence without sleeps or asynchronous schedule assumptions. A transport address-codec substitute would replace only encoding/decoding, with its adaptation disclosed. Preserve all existing scope assumptions and exclusions, including unresolved production fault applicability, legal sender history, actor dispatch, remote interpretation, and broader consequences. Requested helpers support fixture assembly rather than adding a producer or filter obligation.",
  "requests": [
    {
      "file": "api.go",
      "start_line": 1,
      "end_line": 80,
      "reason": "Supply the actual Raft declaration header and embedded state declaration. Use focused symbol lookup to locate Raft.config and the constructor code initializing conf; return their verified implementation ranges as additional dependency material. The previously returned api.go:81:250 shows conf but does not establish the concrete value stored in it."
    },
    {
      "file": "raft.go",
      "start_line": 2100,
      "end_line": 2241,
      "reason": "Use focused symbol lookup for Raft.setLastContact and return its verified implementation range, including any required initialization dependencies. This terminal range was previously reported insufficient; reattaching it alone does not satisfy the request. Do not infer the helper implementation from its name or fields."
    },
    {
      "file": "commands.go",
      "start_line": 1,
      "end_line": 120,
      "reason": "Request a focused ReadingPlan for the unlisted path or symbols RPCHeader, AppendEntriesRequest, and AppendEntriesResponse. Verify the actual declaration locations and file bounds before acquisition; commands.go is a lookup hint, not an established source location. Supply the exact declarations needed to construct requests and inspect responses."
    }
  ],
  "fallback": "none"
}
