{
  "reading_purpose": "dependency",
  "encoding_revision": null,
  "plan": null,
  "gap": "The reattachments resolve the Raft fields, getRPCHeader, setLeader, RPC response channel, and LogStore declarations. They still do not supply Raft.config, the constructor statement initializing conf, or Raft.setLastContact. The current packet also lacks the Raft declaration header and concrete AppendEntries request/response declarations referenced in previous_reply. A grounded executable fixture requires these exact dependencies; repeating the supplied api.go:81:250 range alone will not resolve them.",
  "partial_design": "Continue O_append_predecessor_retention with BIND_append_predecessor_retention and BIND_last_entry_retention. Construct a package raft TestAssurance test with actual InmemStore entries (index 1, term 1) and (index 2, term 2), matching cached metadata, current term 3, and zero commitment and snapshot boundaries. A LogStore wrapper delegates DeleteRange to actual InmemStore and records its outcome, then injects a StoreLogs error without writing. Invoke actual appendEntries synchronously with predecessor (1,1) and replacement LogNoop (2,3), capturing the deferred response through a buffered RPC response channel. After completion, independently inspect retained storage and cache. Invoke the same receiver with term 3, predecessor (2,2), no entries, and no commitment advancement. Observe its actual response and final GetLog and snapshot state. Correlate initialization, successful deletion, injected storage failure, first completion, second admitted input, and independent result by stable fixture and operation identifiers with explicit predecessor references. Assert Success=false only when independent retained-history observations establish that the requested predecessor is absent and has no snapshot representation. Success must not be an applicability filter. Include a separate retained-predecessor control and record its actual completion and response without strengthening this safety implication into a success requirement. Synchronous handler calls and buffered response capture control only receiver-local invocation order and completion. Disclose direct handler invocation, explicit fixture initialization, the fault wrapper, and any transport address-codec substitute. Preserve limits concerning legal sender history, full actor dispatch, production adapter semantics, remote interpretation, and broader consensus consequences. Missing reads are fixture dependencies within the existing scope, not additional protocol producers or filters.",
  "requests": [
    {
      "file": "api.go",
      "start_line": 1,
      "end_line": 80,
      "reason": "Supply the Raft declaration header and relevant error declarations omitted from this packet. In addition, perform focused symbol lookup for Raft.config and the constructor statement that initializes Raft.conf; return their verified complete implementation ranges. The requested symbols are lookup targets, not claims that they occur in lines 1:80."
    },
    {
      "file": "raft.go",
      "start_line": 1440,
      "end_line": 1584,
      "reason": "Use the supplied appendEntries call site to resolve Raft.setLastContact and return its verified complete implementation range. The call-site range is already available; reattaching it without the callee does not satisfy this dependency request. Identify any required initialization dependency exposed by the callee."
    },
    {
      "file": "transport.go",
      "start_line": 1,
      "end_line": 80,
      "reason": "Perform focused declaration lookup for RPCHeader, AppendEntriesRequest, and AppendEntriesResponse and supply their verified complete source ranges. These are symbol lookup requests; the supplied transport range establishes their use but does not contain their declarations."
    }
  ],
  "fallback": "none"
}
