{
  "reading_purpose": "context",
  "plan": null,
  "gap": "The Response precondition provides an independent oracle, but the supplied excerpts do not establish how to initialize Raft and followerReplication safely or observe progress after pipelineDecode completes. These definitions are needed to construct an executable harness with successful and failed completed futures, record Error-return ordering at Response access, and inspect resulting replication bookkeeping without changing protocol logic. The controlled AppendPipeline can deliver individual futures through Consumer; no asynchronous network schedule control is required or established.",
  "requests": [
    {
      "file": "replication.go",
      "start_line": 1,
      "end_line": 201,
      "reason": "Acquire followerReplication fields, initialization requirements, and notification/contact helpers needed to invoke actual pipelineDecode safely with one controlled future per case."
    },
    {
      "file": "commitment.go",
      "start_line": 1,
      "end_line": 104,
      "reason": "Acquire the actual commitment constructor and match bookkeeping to initialize replication state and identify a synchronized observation of progress reporting without claiming downstream commitment consequences."
    },
    {
      "file": "api.go",
      "start_line": 1,
      "end_line": 240,
      "reason": "Acquire the Raft declaration and relevant logger and telemetry field types needed for a minimal initialized decoder fixture. If the declaration lies elsewhere, return its focused source range."
    }
  ],
  "fallback": "none"
}
