{
  "obligation": null,
  "bindings": [],
  "dependencies": [],
  "context_claims": [],
  "audit_question": {
    "disposition": "needs_specific_evidence",
    "preferred_check": "source_review",
    "requests": [
      {
        "file": "commitment.go",
        "start_line": 1,
        "end_line": 104,
        "reason": "Verify the selected fact's producers, quorum calculation, leader-start threshold, and report retention during voter-map replacement before attributing any guarantee."
      },
      {
        "file": "membership.md",
        "start_line": 1,
        "end_line": 83,
        "reason": "Identify the documented membership-transition rules that might justify consuming retained reports under a replacement voter set; distinguish stated guarantees from implementation descriptions."
      }
    ],
    "question": "When F_commit_index_advanced is consumed after voter-map replacement, what establishes that the retained reports justify treating the newly advanced prefix as committed under the applicable membership-transition rules, especially if replacement permits advancement without a new replication report?",
    "importance": "An unjustified commitment advancement could permit application or client completion for a prefix lacking the replication support required by the applicable configuration. The developer documentation connects commitment to safe application and persisted majority replication; whether that expectation applies to this transition remains to be established.",
    "source_ids": [
      "docs/README.md:1:80"
    ],
    "participants": [
      "Leader-side commitment bookkeeping",
      "Configuration-change caller",
      "Commit-index consumer"
    ],
    "objects": [
      "commitment object",
      "Current voter report map",
      "Replacement configuration",
      "Retained log prefix"
    ],
    "contexts": [
      "One leader tenure",
      "Voter-map replacement retaining reports for surviving server IDs",
      "Potential advancement during replacement before another match report"
    ],
    "event_paths": [
      "Replication reports populate the commitment map -> configuration replacement retains surviving reports -> recalculation potentially advances commitIndex -> an unresolved consumer interprets advancement as commitment"
    ],
    "activity_classes": [
      "A1",
      "A4"
    ],
    "behavior_ids": [
      "B_commit_report",
      "B_commit_configuration"
    ],
    "fact_ids": [
      "F_commit_index_advanced"
    ],
    "obligation_relation_kind": "consumption",
    "counterevidence": [
      "The provisional inventory records mutex serialization, voter-only report selection, monotonic reports, and a leader-start threshold. These protections require source verification and may explain the suspected interpretation gap.",
      "The accepted fact describes a historical advancement under one voter map; it does not claim validity under every later configuration.",
      "Membership-transition admission or activation rules may justify using retained reports without new acknowledgements. Their applicability is unresolved."
    ],
    "unknowns": [
      "The implementation text supporting the commitment inventory is not attached in the current packet.",
      "The membership-transition rule governing voter-map replacement and its activation point is unresolved.",
      "Actual configuration callers and commit-index consumers have not been located in supplied source.",
      "Persistence and leader-tenure provenance of retained reports remain unresolved; this question does not assume their correctness.",
      "No execution evidence establishes that the proposed sequence is reachable."
    ],
    "priority": 1,
    "trigger_rationale": "The accepted inventory identifies configuration replacement as a separate producer of the same advancement fact and describes preservation of surviving reports. This suggests a concrete consumption discriminator distinct from the previously disposed snapshot and batch-response questions."
  },
  "selection_rationale": "Select F_commit_index_advanced consumption as a new bounded candidate. First verify its producer implementation and the repository's stated membership semantics; those reads determine which caller or consumer must be inspected next. The current documentation supplies a reason to investigate safe commitment, but inventory and declaration metadata do not establish implementation behavior or transition applicability. No obligation is justified yet, and needs_specific_evidence denotes an active initial reading request rather than an evidence-blocked disposition.",
  "reading_requests": [
    {
      "file": "commitment.go",
      "start_line": 1,
      "end_line": 104,
      "reason": "Verify the selected fact's producers, quorum calculation, leader-start threshold, and report retention during voter-map replacement before attributing any guarantee."
    },
    {
      "file": "membership.md",
      "start_line": 1,
      "end_line": 83,
      "reason": "Identify the documented membership-transition rules that might justify consuming retained reports under a replacement voter set; distinguish stated guarantees from implementation descriptions."
    }
  ],
  "descriptive_issues": []
}
