{"Time":"2026-10-03T11:29:36.300585732+08:00","Action":"start","Package":"go.etcd.io/raft/v3"}
{"Time":"2026-10-03T11:29:36.311693615+08:00","Action":"run","Package":"go.etcd.io/raft/v3","Test":"TestAssuranceExploreAutoLeaveTransfer"}
{"Time":"2026-10-03T11:29:36.311743711+08:00","Action":"output","Package":"go.etcd.io/raft/v3","Test":"TestAssuranceExploreAutoLeaveTransfer","Output":"=== RUN   TestAssuranceExploreAutoLeaveTransfer\n"}
{"Time":"2026-10-03T11:29:36.311833718+08:00","Action":"run","Package":"go.etcd.io/raft/v3","Test":"TestAssuranceExploreAutoLeaveTransfer/control"}
{"Time":"2026-10-03T11:29:36.311847992+08:00","Action":"output","Package":"go.etcd.io/raft/v3","Test":"TestAssuranceExploreAutoLeaveTransfer/control","Output":"=== RUN   TestAssuranceExploreAutoLeaveTransfer/control\n"}
{"Time":"2026-10-03T11:29:36.311867972+08:00","Action":"output","Package":"go.etcd.io/raft/v3","Test":"TestAssuranceExploreAutoLeaveTransfer/control","Output":"raft2026/10/03 11:29:36 INFO: 1 switched to configuration voters=(1 2 3)\n"}
{"Time":"2026-10-03T11:29:36.311878068+08:00","Action":"output","Package":"go.etcd.io/raft/v3","Test":"TestAssuranceExploreAutoLeaveTransfer/control","Output":"raft2026/10/03 11:29:36 INFO: 1 became follower at term 1\n"}
{"Time":"2026-10-03T11:29:36.311887183+08:00","Action":"output","Package":"go.etcd.io/raft/v3","Test":"TestAssuranceExploreAutoLeaveTransfer/control","Output":"raft2026/10/03 11:29:36 INFO: newRaft 1 [peers: [1,2,3], term: 1, commit: 1, applied: 1, lastindex: 1, lastterm: 1]\n"}
{"Time":"2026-10-03T11:29:36.311897739+08:00","Action":"output","Package":"go.etcd.io/raft/v3","Test":"TestAssuranceExploreAutoLeaveTransfer/control","Output":"raft2026/10/03 11:29:36 INFO: 2 switched to configuration voters=(1 2 3)\n"}
{"Time":"2026-10-03T11:29:36.311906233+08:00","Action":"output","Package":"go.etcd.io/raft/v3","Test":"TestAssuranceExploreAutoLeaveTransfer/control","Output":"raft2026/10/03 11:29:36 INFO: 2 became follower at term 1\n"}
{"Time":"2026-10-03T11:29:36.311914001+08:00","Action":"output","Package":"go.etcd.io/raft/v3","Test":"TestAssuranceExploreAutoLeaveTransfer/control","Output":"raft2026/10/03 11:29:36 INFO: newRaft 2 [peers: [1,2,3], term: 1, commit: 1, applied: 1, lastindex: 1, lastterm: 1]\n"}
{"Time":"2026-10-03T11:29:36.311921924+08:00","Action":"output","Package":"go.etcd.io/raft/v3","Test":"TestAssuranceExploreAutoLeaveTransfer/control","Output":"raft2026/10/03 11:29:36 INFO: 3 switched to configuration voters=(1 2 3)\n"}
{"Time":"2026-10-03T11:29:36.311930005+08:00","Action":"output","Package":"go.etcd.io/raft/v3","Test":"TestAssuranceExploreAutoLeaveTransfer/control","Output":"raft2026/10/03 11:29:36 INFO: 3 became follower at term 1\n"}
{"Time":"2026-10-03T11:29:36.311936198+08:00","Action":"output","Package":"go.etcd.io/raft/v3","Test":"TestAssuranceExploreAutoLeaveTransfer/control","Output":"raft2026/10/03 11:29:36 INFO: newRaft 3 [peers: [1,2,3], term: 1, commit: 1, applied: 1, lastindex: 1, lastterm: 1]\n"}
{"Time":"2026-10-03T11:29:36.311942368+08:00","Action":"output","Package":"go.etcd.io/raft/v3","Test":"TestAssuranceExploreAutoLeaveTransfer/control","Output":"raft2026/10/03 11:29:36 INFO: 1 is starting a new election at term 1\n"}
{"Time":"2026-10-03T11:29:36.311948228+08:00","Action":"output","Package":"go.etcd.io/raft/v3","Test":"TestAssuranceExploreAutoLeaveTransfer/control","Output":"raft2026/10/03 11:29:36 INFO: 1 became candidate at term 2\n"}
{"Time":"2026-10-03T11:29:36.311954098+08:00","Action":"output","Package":"go.etcd.io/raft/v3","Test":"TestAssuranceExploreAutoLeaveTransfer/control","Output":"raft2026/10/03 11:29:36 INFO: 1 [logterm: 1, index: 1] sent MsgVote request to 2 at term 2\n"}
{"Time":"2026-10-03T11:29:36.311960164+08:00","Action":"output","Package":"go.etcd.io/raft/v3","Test":"TestAssuranceExploreAutoLeaveTransfer/control","Output":"raft2026/10/03 11:29:36 INFO: 1 [logterm: 1, index: 1] sent MsgVote request to 3 at term 2\n"}
{"Time":"2026-10-03T11:29:36.311973522+08:00","Action":"output","Package":"go.etcd.io/raft/v3","Test":"TestAssuranceExploreAutoLeaveTransfer/control","Output":"raft2026/10/03 11:29:36 INFO: 1 received MsgVoteResp from 1 at term 2\n"}
{"Time":"2026-10-03T11:29:36.31198273+08:00","Action":"output","Package":"go.etcd.io/raft/v3","Test":"TestAssuranceExploreAutoLeaveTransfer/control","Output":"raft2026/10/03 11:29:36 INFO: 1 has received 1 MsgVoteResp votes and 0 vote rejections\n"}
{"Time":"2026-10-03T11:29:36.311989826+08:00","Action":"output","Package":"go.etcd.io/raft/v3","Test":"TestAssuranceExploreAutoLeaveTransfer/control","Output":"raft2026/10/03 11:29:36 INFO: 2 [term: 1] received a MsgVote message with higher term from 1 [term: 2]\n"}
{"Time":"2026-10-03T11:29:36.311996746+08:00","Action":"output","Package":"go.etcd.io/raft/v3","Test":"TestAssuranceExploreAutoLeaveTransfer/control","Output":"raft2026/10/03 11:29:36 INFO: 2 became follower at term 2\n"}
{"Time":"2026-10-03T11:29:36.312002926+08:00","Action":"output","Package":"go.etcd.io/raft/v3","Test":"TestAssuranceExploreAutoLeaveTransfer/control","Output":"raft2026/10/03 11:29:36 INFO: 2 [logterm: 1, index: 1, vote: 0] cast MsgVote for 1 [logterm: 1, index: 1] at term 2\n"}
{"Time":"2026-10-03T11:29:36.312009519+08:00","Action":"output","Package":"go.etcd.io/raft/v3","Test":"TestAssuranceExploreAutoLeaveTransfer/control","Output":"raft2026/10/03 11:29:36 INFO: 3 [term: 1] received a MsgVote message with higher term from 1 [term: 2]\n"}
{"Time":"2026-10-03T11:29:36.312015935+08:00","Action":"output","Package":"go.etcd.io/raft/v3","Test":"TestAssuranceExploreAutoLeaveTransfer/control","Output":"raft2026/10/03 11:29:36 INFO: 3 became follower at term 2\n"}
{"Time":"2026-10-03T11:29:36.312021855+08:00","Action":"output","Package":"go.etcd.io/raft/v3","Test":"TestAssuranceExploreAutoLeaveTransfer/control","Output":"raft2026/10/03 11:29:36 INFO: 3 [logterm: 1, index: 1, vote: 0] cast MsgVote for 1 [logterm: 1, index: 1] at term 2\n"}
{"Time":"2026-10-03T11:29:36.312028396+08:00","Action":"output","Package":"go.etcd.io/raft/v3","Test":"TestAssuranceExploreAutoLeaveTransfer/control","Output":"raft2026/10/03 11:29:36 INFO: 1 received MsgVoteResp from 2 at term 2\n"}
{"Time":"2026-10-03T11:29:36.312034405+08:00","Action":"output","Package":"go.etcd.io/raft/v3","Test":"TestAssuranceExploreAutoLeaveTransfer/control","Output":"raft2026/10/03 11:29:36 INFO: 1 has received 2 MsgVoteResp votes and 0 vote rejections\n"}
{"Time":"2026-10-03T11:29:36.312044482+08:00","Action":"output","Package":"go.etcd.io/raft/v3","Test":"TestAssuranceExploreAutoLeaveTransfer/control","Output":"raft2026/10/03 11:29:36 INFO: 1 became leader at term 2\n"}
{"Time":"2026-10-03T11:29:36.31206099+08:00","Action":"output","Package":"go.etcd.io/raft/v3","Test":"TestAssuranceExploreAutoLeaveTransfer/control","Output":"CA_EVENT {\"applied\":2,\"auto_leave\":false,\"case\":\"control\",\"commit\":2,\"last\":2,\"outgoing\":0,\"role\":\"StateLeader\",\"stage\":\"elected\",\"term\":2,\"transferee\":0}\n"}
{"Time":"2026-10-03T11:29:36.312073133+08:00","Action":"output","Package":"go.etcd.io/raft/v3","Test":"TestAssuranceExploreAutoLeaveTransfer/control","Output":"raft2026/10/03 11:29:36 INFO: 1 switched to configuration voters=(1 2)\u0026\u0026(1 2 3) autoleave\n"}
{"Time":"2026-10-03T11:29:36.312080881+08:00","Action":"output","Package":"go.etcd.io/raft/v3","Test":"TestAssuranceExploreAutoLeaveTransfer/control","Output":"CA_EVENT {\"applied\":2,\"auto_leave\":true,\"case\":\"control\",\"commit\":3,\"last\":3,\"outgoing\":3,\"role\":\"StateLeader\",\"stage\":\"joint_installed_before_advance\",\"term\":2,\"transferee\":0}\n"}
{"Time":"2026-10-03T11:29:36.312091296+08:00","Action":"output","Package":"go.etcd.io/raft/v3","Test":"TestAssuranceExploreAutoLeaveTransfer/control","Output":"raft2026/10/03 11:29:36 INFO: initiating automatic transition out of joint configuration voters=(1 2)\u0026\u0026(1 2 3) autoleave\n"}
{"Time":"2026-10-03T11:29:36.312099368+08:00","Action":"output","Package":"go.etcd.io/raft/v3","Test":"TestAssuranceExploreAutoLeaveTransfer/control","Output":"raft2026/10/03 11:29:36 INFO: 2 switched to configuration voters=(1 2)\u0026\u0026(1 2 3) autoleave\n"}
{"Time":"2026-10-03T11:29:36.312112897+08:00","Action":"output","Package":"go.etcd.io/raft/v3","Test":"TestAssuranceExploreAutoLeaveTransfer/control","Output":"raft2026/10/03 11:29:36 INFO: 3 switched to configuration voters=(1 2)\u0026\u0026(1 2 3) autoleave\n"}
{"Time":"2026-10-03T11:29:36.312119963+08:00","Action":"output","Package":"go.etcd.io/raft/v3","Test":"TestAssuranceExploreAutoLeaveTransfer/control","Output":"raft2026/10/03 11:29:36 INFO: 1 switched to configuration voters=(1 2)\n"}
{"Time":"2026-10-03T11:29:36.312125939+08:00","Action":"output","Package":"go.etcd.io/raft/v3","Test":"TestAssuranceExploreAutoLeaveTransfer/control","Output":"raft2026/10/03 11:29:36 INFO: 2 switched to configuration voters=(1 2)\n"}
{"Time":"2026-10-03T11:29:36.312132261+08:00","Action":"output","Package":"go.etcd.io/raft/v3","Test":"TestAssuranceExploreAutoLeaveTransfer/control","Output":"raft2026/10/03 11:29:36 INFO: 3 switched to configuration voters=(1 2)\n"}
{"Time":"2026-10-03T11:29:36.312141591+08:00","Action":"output","Package":"go.etcd.io/raft/v3","Test":"TestAssuranceExploreAutoLeaveTransfer/control","Output":"CA_EVENT {\"applied\":4,\"auto_leave\":false,\"case\":\"control\",\"commit\":4,\"last\":4,\"outgoing\":0,\"role\":\"StateLeader\",\"stage\":\"after_joint_completion\",\"term\":2,\"transferee\":0}\n"}
{"Time":"2026-10-03T11:29:36.31221666+08:00","Action":"output","Package":"go.etcd.io/raft/v3","Test":"TestAssuranceExploreAutoLeaveTransfer/control","Output":"CA_EVENT {\"applied\":4,\"auto_leave\":false,\"case\":\"control\",\"commit\":4,\"last\":4,\"outgoing\":0,\"role\":\"StateLeader\",\"stage\":\"after_tick_10\",\"term\":2,\"transferee\":0}\n"}
{"Time":"2026-10-03T11:29:36.312226174+08:00","Action":"output","Package":"go.etcd.io/raft/v3","Test":"TestAssuranceExploreAutoLeaveTransfer/control","Output":"CA_EVENT {\"applied\":4,\"auto_leave\":false,\"case\":\"control\",\"commit\":4,\"last\":4,\"outgoing\":0,\"role\":\"StateLeader\",\"stage\":\"after_tick_20\",\"term\":2,\"transferee\":0}\n"}
{"Time":"2026-10-03T11:29:36.312236589+08:00","Action":"output","Package":"go.etcd.io/raft/v3","Test":"TestAssuranceExploreAutoLeaveTransfer/control","Output":"CA_EVENT {\"applied\":4,\"auto_leave\":false,\"case\":\"control\",\"commit\":4,\"last\":4,\"outgoing\":0,\"role\":\"StateLeader\",\"stage\":\"after_tick_40\",\"term\":2,\"transferee\":0}\n"}
{"Time":"2026-10-03T11:29:36.312243867+08:00","Action":"output","Package":"go.etcd.io/raft/v3","Test":"TestAssuranceExploreAutoLeaveTransfer/control","Output":"CA_EVENT {\"case\":\"control\",\"stage\":\"driver_summary\",\"dropped_timeout_now\":0}\n"}
{"Time":"2026-10-03T11:29:36.312276958+08:00","Action":"output","Package":"go.etcd.io/raft/v3","Test":"TestAssuranceExploreAutoLeaveTransfer/control","Output":"CA_EVENT {\"applied\":5,\"auto_leave\":false,\"case\":\"control\",\"commit\":5,\"last\":5,\"outgoing\":0,\"role\":\"StateLeader\",\"stage\":\"after_rescue_proposal\",\"term\":2,\"transferee\":0}\n"}
{"Time":"2026-10-03T11:29:36.312291186+08:00","Action":"output","Package":"go.etcd.io/raft/v3","Test":"TestAssuranceExploreAutoLeaveTransfer/control","Output":"--- PASS: TestAssuranceExploreAutoLeaveTransfer/control (0.00s)\n"}
{"Time":"2026-10-03T11:29:36.312299354+08:00","Action":"pass","Package":"go.etcd.io/raft/v3","Test":"TestAssuranceExploreAutoLeaveTransfer/control","Elapsed":0}
{"Time":"2026-10-03T11:29:36.312311542+08:00","Action":"run","Package":"go.etcd.io/raft/v3","Test":"TestAssuranceExploreAutoLeaveTransfer/transfer_timeout"}
{"Time":"2026-10-03T11:29:36.312317914+08:00","Action":"output","Package":"go.etcd.io/raft/v3","Test":"TestAssuranceExploreAutoLeaveTransfer/transfer_timeout","Output":"=== RUN   TestAssuranceExploreAutoLeaveTransfer/transfer_timeout\n"}
{"Time":"2026-10-03T11:29:36.312328037+08:00","Action":"output","Package":"go.etcd.io/raft/v3","Test":"TestAssuranceExploreAutoLeaveTransfer/transfer_timeout","Output":"raft2026/10/03 11:29:36 INFO: 1 switched to configuration voters=(1 2 3)\n"}
{"Time":"2026-10-03T11:29:36.31233591+08:00","Action":"output","Package":"go.etcd.io/raft/v3","Test":"TestAssuranceExploreAutoLeaveTransfer/transfer_timeout","Output":"raft2026/10/03 11:29:36 INFO: 1 became follower at term 1\n"}
{"Time":"2026-10-03T11:29:36.31236146+08:00","Action":"output","Package":"go.etcd.io/raft/v3","Test":"TestAssuranceExploreAutoLeaveTransfer/transfer_timeout","Output":"raft2026/10/03 11:29:36 INFO: newRaft 1 [peers: [1,2,3], term: 1, commit: 1, applied: 1, lastindex: 1, lastterm: 1]\n"}
{"Time":"2026-10-03T11:29:36.312369202+08:00","Action":"output","Package":"go.etcd.io/raft/v3","Test":"TestAssuranceExploreAutoLeaveTransfer/transfer_timeout","Output":"raft2026/10/03 11:29:36 INFO: 2 switched to configuration voters=(1 2 3)\n"}
{"Time":"2026-10-03T11:29:36.312376189+08:00","Action":"output","Package":"go.etcd.io/raft/v3","Test":"TestAssuranceExploreAutoLeaveTransfer/transfer_timeout","Output":"raft2026/10/03 11:29:36 INFO: 2 became follower at term 1\n"}
{"Time":"2026-10-03T11:29:36.31238257+08:00","Action":"output","Package":"go.etcd.io/raft/v3","Test":"TestAssuranceExploreAutoLeaveTransfer/transfer_timeout","Output":"raft2026/10/03 11:29:36 INFO: newRaft 2 [peers: [1,2,3], term: 1, commit: 1, applied: 1, lastindex: 1, lastterm: 1]\n"}
{"Time":"2026-10-03T11:29:36.312389068+08:00","Action":"output","Package":"go.etcd.io/raft/v3","Test":"TestAssuranceExploreAutoLeaveTransfer/transfer_timeout","Output":"raft2026/10/03 11:29:36 INFO: 3 switched to configuration voters=(1 2 3)\n"}
{"Time":"2026-10-03T11:29:36.312399292+08:00","Action":"output","Package":"go.etcd.io/raft/v3","Test":"TestAssuranceExploreAutoLeaveTransfer/transfer_timeout","Output":"raft2026/10/03 11:29:36 INFO: 3 became follower at term 1\n"}
{"Time":"2026-10-03T11:29:36.312405552+08:00","Action":"output","Package":"go.etcd.io/raft/v3","Test":"TestAssuranceExploreAutoLeaveTransfer/transfer_timeout","Output":"raft2026/10/03 11:29:36 INFO: newRaft 3 [peers: [1,2,3], term: 1, commit: 1, applied: 1, lastindex: 1, lastterm: 1]\n"}
{"Time":"2026-10-03T11:29:36.312422504+08:00","Action":"output","Package":"go.etcd.io/raft/v3","Test":"TestAssuranceExploreAutoLeaveTransfer/transfer_timeout","Output":"raft2026/10/03 11:29:36 INFO: 1 is starting a new election at term 1\n"}
{"Time":"2026-10-03T11:29:36.312429005+08:00","Action":"output","Package":"go.etcd.io/raft/v3","Test":"TestAssuranceExploreAutoLeaveTransfer/transfer_timeout","Output":"raft2026/10/03 11:29:36 INFO: 1 became candidate at term 2\n"}
{"Time":"2026-10-03T11:29:36.312434951+08:00","Action":"output","Package":"go.etcd.io/raft/v3","Test":"TestAssuranceExploreAutoLeaveTransfer/transfer_timeout","Output":"raft2026/10/03 11:29:36 INFO: 1 [logterm: 1, index: 1] sent MsgVote request to 2 at term 2\n"}
{"Time":"2026-10-03T11:29:36.312441039+08:00","Action":"output","Package":"go.etcd.io/raft/v3","Test":"TestAssuranceExploreAutoLeaveTransfer/transfer_timeout","Output":"raft2026/10/03 11:29:36 INFO: 1 [logterm: 1, index: 1] sent MsgVote request to 3 at term 2\n"}
{"Time":"2026-10-03T11:29:36.312448461+08:00","Action":"output","Package":"go.etcd.io/raft/v3","Test":"TestAssuranceExploreAutoLeaveTransfer/transfer_timeout","Output":"raft2026/10/03 11:29:36 INFO: 1 received MsgVoteResp from 1 at term 2\n"}
{"Time":"2026-10-03T11:29:36.312455232+08:00","Action":"output","Package":"go.etcd.io/raft/v3","Test":"TestAssuranceExploreAutoLeaveTransfer/transfer_timeout","Output":"raft2026/10/03 11:29:36 INFO: 1 has received 1 MsgVoteResp votes and 0 vote rejections\n"}
{"Time":"2026-10-03T11:29:36.312461964+08:00","Action":"output","Package":"go.etcd.io/raft/v3","Test":"TestAssuranceExploreAutoLeaveTransfer/transfer_timeout","Output":"raft2026/10/03 11:29:36 INFO: 2 [term: 1] received a MsgVote message with higher term from 1 [term: 2]\n"}
{"Time":"2026-10-03T11:29:36.312469088+08:00","Action":"output","Package":"go.etcd.io/raft/v3","Test":"TestAssuranceExploreAutoLeaveTransfer/transfer_timeout","Output":"raft2026/10/03 11:29:36 INFO: 2 became follower at term 2\n"}
{"Time":"2026-10-03T11:29:36.312477153+08:00","Action":"output","Package":"go.etcd.io/raft/v3","Test":"TestAssuranceExploreAutoLeaveTransfer/transfer_timeout","Output":"raft2026/10/03 11:29:36 INFO: 2 [logterm: 1, index: 1, vote: 0] cast MsgVote for 1 [logterm: 1, index: 1] at term 2\n"}
{"Time":"2026-10-03T11:29:36.312484563+08:00","Action":"output","Package":"go.etcd.io/raft/v3","Test":"TestAssuranceExploreAutoLeaveTransfer/transfer_timeout","Output":"raft2026/10/03 11:29:36 INFO: 3 [term: 1] received a MsgVote message with higher term from 1 [term: 2]\n"}
{"Time":"2026-10-03T11:29:36.312491262+08:00","Action":"output","Package":"go.etcd.io/raft/v3","Test":"TestAssuranceExploreAutoLeaveTransfer/transfer_timeout","Output":"raft2026/10/03 11:29:36 INFO: 3 became follower at term 2\n"}
{"Time":"2026-10-03T11:29:36.312505311+08:00","Action":"output","Package":"go.etcd.io/raft/v3","Test":"TestAssuranceExploreAutoLeaveTransfer/transfer_timeout","Output":"raft2026/10/03 11:29:36 INFO: 3 [logterm: 1, index: 1, vote: 0] cast MsgVote for 1 [logterm: 1, index: 1] at term 2\n"}
{"Time":"2026-10-03T11:29:36.312512382+08:00","Action":"output","Package":"go.etcd.io/raft/v3","Test":"TestAssuranceExploreAutoLeaveTransfer/transfer_timeout","Output":"raft2026/10/03 11:29:36 INFO: 1 received MsgVoteResp from 2 at term 2\n"}
{"Time":"2026-10-03T11:29:36.312518457+08:00","Action":"output","Package":"go.etcd.io/raft/v3","Test":"TestAssuranceExploreAutoLeaveTransfer/transfer_timeout","Output":"raft2026/10/03 11:29:36 INFO: 1 has received 2 MsgVoteResp votes and 0 vote rejections\n"}
{"Time":"2026-10-03T11:29:36.312524347+08:00","Action":"output","Package":"go.etcd.io/raft/v3","Test":"TestAssuranceExploreAutoLeaveTransfer/transfer_timeout","Output":"raft2026/10/03 11:29:36 INFO: 1 became leader at term 2\n"}
{"Time":"2026-10-03T11:29:36.312530389+08:00","Action":"output","Package":"go.etcd.io/raft/v3","Test":"TestAssuranceExploreAutoLeaveTransfer/transfer_timeout","Output":"CA_EVENT {\"applied\":2,\"auto_leave\":false,\"case\":\"transfer_timeout\",\"commit\":2,\"last\":2,\"outgoing\":0,\"role\":\"StateLeader\",\"stage\":\"elected\",\"term\":2,\"transferee\":0}\n"}
{"Time":"2026-10-03T11:29:36.312537845+08:00","Action":"output","Package":"go.etcd.io/raft/v3","Test":"TestAssuranceExploreAutoLeaveTransfer/transfer_timeout","Output":"raft2026/10/03 11:29:36 INFO: 1 switched to configuration voters=(1 2)\u0026\u0026(1 2 3) autoleave\n"}
{"Time":"2026-10-03T11:29:36.31254479+08:00","Action":"output","Package":"go.etcd.io/raft/v3","Test":"TestAssuranceExploreAutoLeaveTransfer/transfer_timeout","Output":"CA_EVENT {\"applied\":2,\"auto_leave\":true,\"case\":\"transfer_timeout\",\"commit\":3,\"last\":3,\"outgoing\":3,\"role\":\"StateLeader\",\"stage\":\"joint_installed_before_advance\",\"term\":2,\"transferee\":0}\n"}
{"Time":"2026-10-03T11:29:36.312552512+08:00","Action":"output","Package":"go.etcd.io/raft/v3","Test":"TestAssuranceExploreAutoLeaveTransfer/transfer_timeout","Output":"raft2026/10/03 11:29:36 INFO: 1 [term 2] starts to transfer leadership to 2\n"}
{"Time":"2026-10-03T11:29:36.312558908+08:00","Action":"output","Package":"go.etcd.io/raft/v3","Test":"TestAssuranceExploreAutoLeaveTransfer/transfer_timeout","Output":"raft2026/10/03 11:29:36 INFO: 1 sends MsgTimeoutNow to 2 immediately as 2 already has up-to-date log\n"}
{"Time":"2026-10-03T11:29:36.312565328+08:00","Action":"output","Package":"go.etcd.io/raft/v3","Test":"TestAssuranceExploreAutoLeaveTransfer/transfer_timeout","Output":"CA_EVENT {\"applied\":2,\"auto_leave\":true,\"case\":\"transfer_timeout\",\"commit\":3,\"last\":3,\"outgoing\":3,\"role\":\"StateLeader\",\"stage\":\"transfer_started_before_advance\",\"term\":2,\"transferee\":2}\n"}
{"Time":"2026-10-03T11:29:36.312574985+08:00","Action":"output","Package":"go.etcd.io/raft/v3","Test":"TestAssuranceExploreAutoLeaveTransfer/transfer_timeout","Output":"raft2026/10/03 11:29:36 INFO: 2 switched to configuration voters=(1 2)\u0026\u0026(1 2 3) autoleave\n"}
{"Time":"2026-10-03T11:29:36.312583291+08:00","Action":"output","Package":"go.etcd.io/raft/v3","Test":"TestAssuranceExploreAutoLeaveTransfer/transfer_timeout","Output":"raft2026/10/03 11:29:36 INFO: 3 switched to configuration voters=(1 2)\u0026\u0026(1 2 3) autoleave\n"}
{"Time":"2026-10-03T11:29:36.31259307+08:00","Action":"output","Package":"go.etcd.io/raft/v3","Test":"TestAssuranceExploreAutoLeaveTransfer/transfer_timeout","Output":"CA_EVENT {\"applied\":3,\"auto_leave\":true,\"case\":\"transfer_timeout\",\"commit\":3,\"last\":3,\"outgoing\":3,\"role\":\"StateLeader\",\"stage\":\"after_joint_completion\",\"term\":2,\"transferee\":2}\n"}
{"Time":"2026-10-03T11:29:36.312604495+08:00","Action":"output","Package":"go.etcd.io/raft/v3","Test":"TestAssuranceExploreAutoLeaveTransfer/transfer_timeout","Output":"CA_EVENT {\"applied\":3,\"auto_leave\":true,\"case\":\"transfer_timeout\",\"commit\":3,\"last\":3,\"outgoing\":3,\"role\":\"StateLeader\",\"stage\":\"after_tick_10\",\"term\":2,\"transferee\":0}\n"}
{"Time":"2026-10-03T11:29:36.312612025+08:00","Action":"output","Package":"go.etcd.io/raft/v3","Test":"TestAssuranceExploreAutoLeaveTransfer/transfer_timeout","Output":"CA_EVENT {\"applied\":3,\"auto_leave\":true,\"case\":\"transfer_timeout\",\"commit\":3,\"last\":3,\"outgoing\":3,\"role\":\"StateLeader\",\"stage\":\"after_tick_20\",\"term\":2,\"transferee\":0}\n"}
{"Time":"2026-10-03T11:29:36.312622748+08:00","Action":"output","Package":"go.etcd.io/raft/v3","Test":"TestAssuranceExploreAutoLeaveTransfer/transfer_timeout","Output":"CA_EVENT {\"applied\":3,\"auto_leave\":true,\"case\":\"transfer_timeout\",\"commit\":3,\"last\":3,\"outgoing\":3,\"role\":\"StateLeader\",\"stage\":\"after_tick_40\",\"term\":2,\"transferee\":0}\n"}
{"Time":"2026-10-03T11:29:36.312629791+08:00","Action":"output","Package":"go.etcd.io/raft/v3","Test":"TestAssuranceExploreAutoLeaveTransfer/transfer_timeout","Output":"CA_EVENT {\"case\":\"transfer_timeout\",\"stage\":\"driver_summary\",\"dropped_timeout_now\":1}\n"}
{"Time":"2026-10-03T11:29:36.312639733+08:00","Action":"output","Package":"go.etcd.io/raft/v3","Test":"TestAssuranceExploreAutoLeaveTransfer/transfer_timeout","Output":"raft2026/10/03 11:29:36 INFO: initiating automatic transition out of joint configuration voters=(1 2)\u0026\u0026(1 2 3) autoleave\n"}
{"Time":"2026-10-03T11:29:36.312646237+08:00","Action":"output","Package":"go.etcd.io/raft/v3","Test":"TestAssuranceExploreAutoLeaveTransfer/transfer_timeout","Output":"raft2026/10/03 11:29:36 INFO: 1 switched to configuration voters=(1 2)\n"}
{"Time":"2026-10-03T11:29:36.312655347+08:00","Action":"output","Package":"go.etcd.io/raft/v3","Test":"TestAssuranceExploreAutoLeaveTransfer/transfer_timeout","Output":"raft2026/10/03 11:29:36 INFO: 2 switched to configuration voters=(1 2)\n"}
{"Time":"2026-10-03T11:29:36.31266138+08:00","Action":"output","Package":"go.etcd.io/raft/v3","Test":"TestAssuranceExploreAutoLeaveTransfer/transfer_timeout","Output":"raft2026/10/03 11:29:36 INFO: 3 switched to configuration voters=(1 2)\n"}
{"Time":"2026-10-03T11:29:36.312710543+08:00","Action":"output","Package":"go.etcd.io/raft/v3","Test":"TestAssuranceExploreAutoLeaveTransfer/transfer_timeout","Output":"CA_EVENT {\"applied\":5,\"auto_leave\":false,\"case\":\"transfer_timeout\",\"commit\":5,\"last\":5,\"outgoing\":0,\"role\":\"StateLeader\",\"stage\":\"after_rescue_proposal\",\"term\":2,\"transferee\":0}\n"}
{"Time":"2026-10-03T11:29:36.312922909+08:00","Action":"output","Package":"go.etcd.io/raft/v3","Test":"TestAssuranceExploreAutoLeaveTransfer/transfer_timeout","Output":"--- PASS: TestAssuranceExploreAutoLeaveTransfer/transfer_timeout (0.00s)\n"}
{"Time":"2026-10-03T11:29:36.312931337+08:00","Action":"pass","Package":"go.etcd.io/raft/v3","Test":"TestAssuranceExploreAutoLeaveTransfer/transfer_timeout","Elapsed":0}
{"Time":"2026-10-03T11:29:36.312943742+08:00","Action":"output","Package":"go.etcd.io/raft/v3","Test":"TestAssuranceExploreAutoLeaveTransfer","Output":"--- PASS: TestAssuranceExploreAutoLeaveTransfer (0.00s)\n"}
{"Time":"2026-10-03T11:29:36.312951081+08:00","Action":"pass","Package":"go.etcd.io/raft/v3","Test":"TestAssuranceExploreAutoLeaveTransfer","Elapsed":0}
{"Time":"2026-10-03T11:29:36.312957926+08:00","Action":"output","Package":"go.etcd.io/raft/v3","Output":"PASS\n"}
{"Time":"2026-10-03T11:29:36.314865255+08:00","Action":"output","Package":"go.etcd.io/raft/v3","Output":"ok  \tgo.etcd.io/raft/v3\t0.014s\n"}
{"Time":"2026-10-03T11:29:36.314945639+08:00","Action":"pass","Package":"go.etcd.io/raft/v3","Elapsed":0.014}
