{
  "understanding": "Attached implementation source establishes that the independent heartbeat worker refreshes shared contact time after any transport-successful reply and submits the reply's Success flag to pending verification futures. The leader lease consumer counts recent contact timestamps for latest-configuration voters. These observations establish contact bookkeeping, not current-term authority or completed verification. The rejected surface removals are not repeated; both existing composite frontiers remain available for further refinement.",
  "requests": [],
  "delta": {
    "target_profile": null,
    "activities": [],
    "behaviors": [
      {
        "id": "heartbeat_response_processing",
        "primary_activity": "A2",
        "execution_owner": "Per-follower heartbeat goroutine launched by Raft.replicate",
        "protocol_context": "One followerReplication instance with a captured request term and shared contact and verification bookkeeping",
        "trigger": "Worker notifyCh notification or randomized HeartbeatTimeout/10 timer",
        "legal_preconditions": [],
        "implementation_guards": [
          "Transport errors bypass contact refresh and verification notification.",
          "The worker selects its stop channel while awaiting a trigger and during error backoff."
        ],
        "reads": [
          "s.currentTerm when constructing the request",
          "s.peer under peerLock before each RPC",
          "AppendEntriesResponse.Success",
          "HeartbeatTimeout"
        ],
        "writes": [
          "s.lastContact under lastContactLock",
          "Heartbeat-local failure counter"
        ],
        "durable_effects": [],
        "external_effects": [
          "Sends AppendEntries with no entries, predecessor identity, or commit index populated.",
          "Invokes s.notifyAll(resp.Success) after a transport-successful reply.",
          "Emits failed or resumed heartbeat observations."
        ],
        "important_branches": [
          "A transport-successful reply refreshes contact regardless of Success.",
          "This path does not inspect resp.Term or call handleStaleTerm.",
          "By comparison, synchronous append and snapshot response processing reject a higher response term before refreshing contact.",
          "The heartbeat request is constructed once; the destination peer is reread for each RPC.",
          "Closing the heartbeat stop channel does not itself join or cancel an outstanding RPC."
        ],
        "async_boundaries": [
          "Runs independently of synchronous replication and pipeline decoding.",
          "Blocking transport RPC",
          "Timer and stop-channel selection",
          "Shared contact and notification locks"
        ],
        "produces_fact_ids": [
          "heartbeat_contact_refresh"
        ],
        "consumes_fact_ids": [],
        "cross_activity_effects": [
          {
            "key": "A7",
            "value": "Supplies the response Success boolean to notification processing for verification futures registered on this worker."
          }
        ],
        "existing_protections": [
          "Transport errors prevent contact refresh and verification notification.",
          "Peer reads and contact writes use their respective locks.",
          "Independent heartbeats can proceed while ordinary replication is blocked."
        ],
        "source_ids": [
          "replication.go:1:298",
          "replication.go:299:665"
        ],
        "unknowns": [
          "Receiver response semantics and legal reachability of particular response-term combinations remain unresolved.",
          "verifyFuture.vote is needed to establish vote aggregation, synchronization, and completion semantics.",
          "Transport cancellation and observer blocking behavior are not established."
        ]
      },
      {
        "id": "worker_verification_notification",
        "primary_activity": "A7",
        "execution_owner": "Replication, pipeline-decoder, or heartbeat goroutine invoking followerReplication.notifyAll",
        "protocol_context": "Pending verifyFuture registrations on one followerReplication instance",
        "trigger": "notifyAll(leader) invocation",
        "legal_preconditions": [],
        "implementation_guards": [
          "notifyLock protects detachment and replacement of the pending map."
        ],
        "reads": [
          "Pending verification map",
          "Caller-supplied leader boolean"
        ],
        "writes": [
          "Replaces s.notify with a new empty map"
        ],
        "durable_effects": [],
        "external_effects": [
          "Invokes v.vote(leader) for each future in the detached map."
        ],
        "important_branches": [
          "Vote calls occur after releasing notifyLock.",
          "Later registrations remain in the replacement map for a subsequent notification.",
          "cleanNotify removes entries from the current map and cannot recall an already detached registration.",
          "The helper does not inspect response term, peer suffrage, or RPC identity."
        ],
        "async_boundaries": [
          "Concurrent notification producers serialize map detachment.",
          "Calls into the unread vote implementation occur outside notifyLock."
        ],
        "produces_fact_ids": [],
        "consumes_fact_ids": [],
        "cross_activity_effects": [],
        "existing_protections": [
          "Map detachment prevents concurrent invocations from taking the same registration from the same map.",
          "Registration and cleanNotify use the same notification lock."
        ],
        "source_ids": [
          "replication.go:1:201",
          "replication.go:534:665",
          "raft.go:827:1100"
        ],
        "unknowns": [
          "A vote submission is not an established quorum or completion fact.",
          "The vote implementation's handling of negative votes, duplicate submissions, and completed futures is not attached.",
          "The helper does not establish that the response belongs to an RPC issued after verification registration."
        ]
      },
      {
        "id": "leader_lease_contact_check",
        "primary_activity": "A2",
        "execution_owner": "Raft main goroutine executing checkLeaderLease",
        "protocol_context": "Current leader loop, latest configuration, and its replication-worker map",
        "trigger": "Leader-loop lease timer fires",
        "legal_preconditions": [
          "checkLeaderLease is documented to require main-thread execution."
        ],
        "implementation_guards": [
          "Counts only latest-configuration Voter entries.",
          "Counts a remote voter when its contact age is at most LeaderLeaseTimeout."
        ],
        "reads": [
          "configurations.latest",
          "leaderState.replState",
          "Remote voter LastContact timestamps",
          "LeaderLeaseTimeout",
          "Current time"
        ],
        "writes": [],
        "durable_effects": [],
        "external_effects": [
          "Calls r.setState(Follower) when contacted voters are below quorumSize()."
        ],
        "important_branches": [
          "The local server counts when encountered as a Voter.",
          "The consumer reads timestamp recency without examining the response Success or term that preceded a refresh.",
          "Worker construction initializes lastContact to time.Now(), independently of any response.",
          "maxDiff includes only remote voters counted within the timeout.",
          "The caller schedules the next check using LeaderLeaseTimeout minus maxDiff, bounded below by minCheckInterval."
        ],
        "async_boundaries": [
          "Lease timer",
          "Concurrent contact updates accessed through lastContactLock"
        ],
        "produces_fact_ids": [],
        "consumes_fact_ids": [
          "heartbeat_contact_refresh"
        ],
        "cross_activity_effects": [],
        "existing_protections": [
          "Latest-configuration voter filtering",
          "One captured time and timeout per check",
          "Synchronized timestamp reads"
        ],
        "source_ids": [
          "raft.go:455:666",
          "raft.go:827:1100",
          "replication.go:1:201",
          "replication.go:299:665"
        ],
        "unknowns": [
          "The heartbeat fact is consumed only while its timestamp remains the value read; the consumer cannot identify its producer.",
          "Worker initialization, ordinary append, snapshot, and pipeline paths also supply contact timestamps and are not separately modeled here.",
          "Raft.setState wrapper effects are not established by the attached raftState atomic setter.",
          "Election, pre-vote, follower timeout, and receiver handling remain unresolved."
        ]
      }
    ],
    "facts": [
      {
        "id": "heartbeat_contact_refresh",
        "meaning": "A heartbeat RPC returned no transport error and its worker assigned the current local time to the shared lastContact field.",
        "identity": [
          {
            "key": "worker",
            "value": "Specific followerReplication instance"
          },
          {
            "key": "event",
            "value": "Specific heartbeat RPC return and subsequent timestamp assignment"
          },
          {
            "key": "request_term",
            "value": "Captured s.currentTerm used in the heartbeat request"
          }
        ],
        "validity_context": "The historical refresh event remains established. Its timestamp represents the current shared contact value only until another assignment. It establishes neither response Success nor response-term compatibility; the lease consumer may read this value without retaining its provenance.",
        "representation": [
          "s.lastContact protected by lastContactLock"
        ],
        "invalidators": [],
        "reinterpreters": [],
        "durability": "Volatile worker bookkeeping.",
        "recovery": "Worker construction initializes a new timestamp without requiring a heartbeat response.",
        "source_ids": [
          "replication.go:1:201",
          "replication.go:299:665",
          "raft.go:455:666",
          "raft.go:827:1100"
        ],
        "unknowns": [
          "The timestamp stores neither the producing path nor response identity.",
          "Other timestamp writers are visible in source but are not separate behaviors in this focused delta.",
          "No authority, quorum-support, or read-safety guarantee is inferred."
        ]
      }
    ],
    "surfaces": [],
    "remove_behavior_ids": [],
    "remove_fact_ids": [],
    "remove_surface_entry_points": [],
    "rationale": "Add narrowly sourced heartbeat, notification, and lease-consumption descriptions against audit_spec version 6. Preserve both existing deferred surfaces because the supplied diagnostics reject their removal under the recorded focus. No replacement surface partition, global activity revision, or target-profile change is proposed. The missing vote aggregator remains an explicit establishment boundary; the response-term asymmetry is descriptive and does not establish a defect."
  },
  "limitations": [
    "This delta partially recovers the targeted neighborhood; it does not complete either composite surface.",
    "Verification registration and completion are visible, but vote aggregation, public future consumption, and heartbeat receiver handling remain unmapped.",
    "No normative obligation, legal failure history, test result, or correctness conclusion is established."
  ]
}
