{
  "candidate_id": "f3dff48136764256b41405a834bd5385",
  "obligation": null,
  "bindings": [],
  "dependencies": [],
  "context_claims": [],
  "audit_question": {
    "disposition": "concrete_suspicion",
    "preferred_check": "source_review",
    "requests": [
      {
        "file": "testing.go",
        "start_line": 261,
        "end_line": 550,
        "reason": "Inspect repository cluster construction following the acquired cluster declaration. Determine whether and how MockFSM, FileSnapshotStore and real Raft instances are connected, and identify an existing execution context for the child result without assuming production deployment or legal fault reachability."
      },
      {
        "file": "api.go",
        "start_line": 950,
        "end_line": 1150,
        "reason": "Locate the public snapshot request and completion contract and its connection to runSnapshots. Determine whether caller-visible success supplies a separately attributable expectation for publication. If the relevant declaration is outside this range, return its location for a focused follow-up."
      }
    ],
    "question": "When takeSnapshot consumes a successful FileSnapshotSink.Close result, do the applicable sink and FSMSnapshot.Persist contracts ensure that the snapshot has completed the publication steps needed before snapshot metadata advances and logs are compacted, including legally reachable repeated-close and prior-error paths?",
    "importance": "Accepting incomplete publication before reclaiming logs could remove recovery evidence. The checked child establishes only a bounded callback completion mismatch; caller-visible success, actual compaction and recovery loss remain separate consequences.",
    "source_ids": [
      "fsm.go:1:80",
      "snapshot.go:1:125",
      "snapshot.go:125:278",
      "file_snapshot.go:1:396",
      "file_snapshot.go:397:551",
      "testing.go:1:260",
      "file_snapshot_test.go:1:346"
    ],
    "participants": [
      "Raft.takeSnapshot caller",
      "Raft.runSnapshots goroutine",
      "Application FSMSnapshot.Persist implementation",
      "Repository MockSnapshot.Persist implementation",
      "FileSnapshotSink",
      "Snapshot API caller"
    ],
    "objects": [
      "Snapshot sink",
      "Published snapshot",
      "Last-snapshot metadata",
      "Compacted log prefix",
      "Snapshot completion future"
    ],
    "contexts": [
      "Repository-owned file snapshot adapter",
      "Local snapshot persistence and publication",
      "Fresh versus repeated sink completion",
      "Persistence or publication errors",
      "Repository middleware-testing snapshot implementation; deployment applicability unresolved"
    ],
    "event_paths": [
      "FSM snapshot capture -> FSMSnapshot.Persist -> sink Close -> last-snapshot update -> log compaction",
      "MockSnapshot.Persist encoding succeeds -> initial sink.Close result discarded -> Persist returns nil -> takeSnapshot calls Close again",
      "User snapshot request -> runSnapshots -> takeSnapshot -> future completion and snapshot opener"
    ],
    "activity_classes": [
      "A6"
    ],
    "behavior_ids": [
      "B_file_sink_close",
      "B_take_snapshot"
    ],
    "fact_ids": [
      "F_file_snapshot_fresh_close"
    ],
    "obligation_relation_kind": "consumption",
    "counterevidence": [
      "takeSnapshot checks Persist and its subsequent Close before advancing metadata or compacting logs. Propagating the initial Close error through Persist prevents the suspected continuation.",
      "FSMSnapshot.Persist and SnapshotSink document completion through Close and cancellation on error, but do not explicitly specify repeated Close results after failure or propagation of every completion error.",
      "Fresh FileSnapshotSink.Close checks finalization, metadata writing, rename, applicable parent-directory synchronization and reaping. Failures after rename need not imply immediate unavailability.",
      "FileSnapshotStore.List excludes temporary directories. Open reads metadata and state under the supplied ID and verifies the state CRC. These provide publication observations, not a general crash-durability oracle.",
      "FileSnapshotSink.ID documents use with Open after finalization; this condition does not independently establish that a repeated Close finalized the snapshot.",
      "Fresh-success and cancellation tests cover their respective ordinary paths, not repeated completion after failed publication.",
      "MockSnapshot is exposed for middleware testing and is not a stable API. Its behavior does not establish arbitrary application callback compliance or production selection.",
      "Compaction retains the configured trailing range and never removes entries beyond the snapshot index.",
      "Child 06fb5e6dea6a4787841ff49622044656 has a supplied confirmed, bounded violated result for O_mock_persist_publication_result, associated with evidence 258ac287021a48c8b13627ff39293dc0. Its controlled metadata-directory obstruction and immediate callback/store observations do not establish a legal distributed history, repeated-Close guarantees, actual compaction or recovery loss."
    ],
    "unknowns": [
      "Whether the applicable contract requires Persist to propagate every sink completion error.",
      "Whether repeated Close after failed Close has an independently supported success meaning beyond a tolerated repeated resource operation.",
      "Whether a contract-compliant Persist can return nil after incomplete publication, including prior failed Close or cancellation.",
      "Whether fresh-success publication expectations apply to repeated completion after failure.",
      "Which application Persist implementation and snapshot adapter are selected in an actual deployment.",
      "Whether repository cluster construction connects the tested callback and file adapter to actual Raft snapshot orchestration.",
      "What the public snapshot API promises when its completion future succeeds and whether that expectation applies independently of callback contract compliance.",
      "Which publication guarantees apply under noSync and operating-system variants; crash durability remains unestablished.",
      "Whether the controlled pre-publication failure is reachable within the parent's applicable legal history and fault contract.",
      "Whether any completion mismatch causes actual log reclamation or loss of recovery evidence.",
      "How concurrent retention or later removal affects availability beyond the child's immediate observation."
    ],
    "priority": 1,
    "trigger_rationale": "The supplied child result resolves the bounded question of MockSnapshot.Persist reporting success despite an observed pre-publication failure and unavailable snapshot ID. The attached source separately shows takeSnapshot calling Close again and runSnapshots installing an opener after takeSnapshot succeeds. This supports continuing the parent, but does not promote the child result to an orchestration or recovery violation. The next reads target actual repository wiring and the public completion expectation; they can distinguish a separately checkable consumer responsibility from a path whose applicability still depends on an unsupported callback assumption."
  },
  "selection_rationale": "Continue the existing parent after consuming the checked child's result and explicit boundaries; do not recreate the completed local obligation. File-store source now supplies the construction and availability mechanisms, and the child result addresses its controlled failure discriminator. The remaining useful discriminator is whether an actual repository integration and public completion contract support checking the consumer beyond the callback boundary. This reading serves the original endpoint while preserving unresolved callback compliance, legal-history and recovery questions.",
  "reading_requests": [
    {
      "file": "testing.go",
      "start_line": 261,
      "end_line": 550,
      "reason": "Inspect repository cluster construction for actual MockFSM, FileSnapshotStore and Raft wiring, retaining deployment and legal-fault reachability as separate questions."
    },
    {
      "file": "api.go",
      "start_line": 950,
      "end_line": 1150,
      "reason": "Locate the public snapshot request/completion contract and connection to runSnapshots to assess a separately attributable consumer expectation; return navigation if the declaration lies elsewhere."
    }
  ],
  "descriptive_issues": [],
  "fork_from_candidate_id": null,
  "fork_reason": ""
}
