{"Time":"2026-10-05T09:13:09.657866744+08:00","Action":"start","Package":"github.com/lni/dragonboat/v3/internal/raft"}
{"Time":"2026-10-05T09:13:09.661580297+08:00","Action":"run","Package":"github.com/lni/dragonboat/v3/internal/raft","Test":"TestAssuranceRemoteReadContext"}
{"Time":"2026-10-05T09:13:09.661598928+08:00","Action":"output","Package":"github.com/lni/dragonboat/v3/internal/raft","Test":"TestAssuranceRemoteReadContext","Output":"=== RUN   TestAssuranceRemoteReadContext\n"}
{"Time":"2026-10-05T09:13:09.661654049+08:00","Action":"output","Package":"github.com/lni/dragonboat/v3/internal/raft","Test":"TestAssuranceRemoteReadContext","Output":"2026-10-05 09:13:09.661602 I | raft: [00001:00001] created, initial: true, new: true\n"}
{"Time":"2026-10-05T09:13:09.66166191+08:00","Action":"output","Package":"github.com/lni/dragonboat/v3/internal/raft","Test":"TestAssuranceRemoteReadContext","Output":"2026-10-05 09:13:09.661655 I | raft: [00001:00001] raft log rate limit enabled: false, 0\n"}
{"Time":"2026-10-05T09:13:09.66169403+08:00","Action":"output","Package":"github.com/lni/dragonboat/v3/internal/raft","Test":"TestAssuranceRemoteReadContext","Output":"2026-10-05 09:13:09.661674 I | raft: [f:1,l:0,t:0,c:0,a:0] [00001:00001] t0 became follower\n"}
{"Time":"2026-10-05T09:13:09.661697541+08:00","Action":"output","Package":"github.com/lni/dragonboat/v3/internal/raft","Test":"TestAssuranceRemoteReadContext","Output":"2026-10-05 09:13:09.661682 I | raft: [f:1,l:0,t:0,c:0,a:0] [00001:00001] t1 became follower\n"}
{"Time":"2026-10-05T09:13:09.661699218+08:00","Action":"output","Package":"github.com/lni/dragonboat/v3/internal/raft","Test":"TestAssuranceRemoteReadContext","Output":"2026-10-05 09:13:09.661686 I | raft: [f:1,l:0,t:0,c:0,a:0] [00001:00001] t1 added bootstrap ConfigChangeAddNode, 1, n1:1234\n"}
{"Time":"2026-10-05T09:13:09.661701215+08:00","Action":"output","Package":"github.com/lni/dragonboat/v3/internal/raft","Test":"TestAssuranceRemoteReadContext","Output":"2026-10-05 09:13:09.661689 I | raft: [f:1,l:0,t:0,c:0,a:0] [00001:00001] t1 added bootstrap ConfigChangeAddNode, 2, n2:1234\n"}
{"Time":"2026-10-05T09:13:09.661703043+08:00","Action":"output","Package":"github.com/lni/dragonboat/v3/internal/raft","Test":"TestAssuranceRemoteReadContext","Output":"2026-10-05 09:13:09.661690 I | raft: [f:1,l:0,t:0,c:0,a:0] [00001:00001] t1 added bootstrap ConfigChangeAddNode, 3, n3:1234\n"}
{"Time":"2026-10-05T09:13:09.66170597+08:00","Action":"output","Package":"github.com/lni/dragonboat/v3/internal/raft","Test":"TestAssuranceRemoteReadContext","Output":"2026-10-05 09:13:09.661695 I | raft: [00001:00002] created, initial: true, new: true\n"}
{"Time":"2026-10-05T09:13:09.661708285+08:00","Action":"output","Package":"github.com/lni/dragonboat/v3/internal/raft","Test":"TestAssuranceRemoteReadContext","Output":"2026-10-05 09:13:09.661697 I | raft: [00001:00002] raft log rate limit enabled: false, 0\n"}
{"Time":"2026-10-05T09:13:09.661709803+08:00","Action":"output","Package":"github.com/lni/dragonboat/v3/internal/raft","Test":"TestAssuranceRemoteReadContext","Output":"2026-10-05 09:13:09.661699 I | raft: [f:1,l:0,t:0,c:0,a:0] [00001:00002] t0 became follower\n"}
{"Time":"2026-10-05T09:13:09.661711154+08:00","Action":"output","Package":"github.com/lni/dragonboat/v3/internal/raft","Test":"TestAssuranceRemoteReadContext","Output":"2026-10-05 09:13:09.661702 I | raft: [f:1,l:0,t:0,c:0,a:0] [00001:00002] t1 became follower\n"}
{"Time":"2026-10-05T09:13:09.66171257+08:00","Action":"output","Package":"github.com/lni/dragonboat/v3/internal/raft","Test":"TestAssuranceRemoteReadContext","Output":"2026-10-05 09:13:09.661704 I | raft: [f:1,l:0,t:0,c:0,a:0] [00001:00002] t1 added bootstrap ConfigChangeAddNode, 1, n1:1234\n"}
{"Time":"2026-10-05T09:13:09.661715708+08:00","Action":"output","Package":"github.com/lni/dragonboat/v3/internal/raft","Test":"TestAssuranceRemoteReadContext","Output":"2026-10-05 09:13:09.661705 I | raft: [f:1,l:0,t:0,c:0,a:0] [00001:00002] t1 added bootstrap ConfigChangeAddNode, 2, n2:1234\n"}
{"Time":"2026-10-05T09:13:09.661717215+08:00","Action":"output","Package":"github.com/lni/dragonboat/v3/internal/raft","Test":"TestAssuranceRemoteReadContext","Output":"2026-10-05 09:13:09.661707 I | raft: [f:1,l:0,t:0,c:0,a:0] [00001:00002] t1 added bootstrap ConfigChangeAddNode, 3, n3:1234\n"}
{"Time":"2026-10-05T09:13:09.661720508+08:00","Action":"output","Package":"github.com/lni/dragonboat/v3/internal/raft","Test":"TestAssuranceRemoteReadContext","Output":"2026-10-05 09:13:09.661710 I | raft: [00001:00003] created, initial: true, new: true\n"}
{"Time":"2026-10-05T09:13:09.661722252+08:00","Action":"output","Package":"github.com/lni/dragonboat/v3/internal/raft","Test":"TestAssuranceRemoteReadContext","Output":"2026-10-05 09:13:09.661712 I | raft: [00001:00003] raft log rate limit enabled: false, 0\n"}
{"Time":"2026-10-05T09:13:09.66172468+08:00","Action":"output","Package":"github.com/lni/dragonboat/v3/internal/raft","Test":"TestAssuranceRemoteReadContext","Output":"2026-10-05 09:13:09.661715 I | raft: [f:1,l:0,t:0,c:0,a:0] [00001:00003] t0 became follower\n"}
{"Time":"2026-10-05T09:13:09.661744718+08:00","Action":"output","Package":"github.com/lni/dragonboat/v3/internal/raft","Test":"TestAssuranceRemoteReadContext","Output":"2026-10-05 09:13:09.661725 I | raft: [f:1,l:0,t:0,c:0,a:0] [00001:00003] t1 became follower\n"}
{"Time":"2026-10-05T09:13:09.661747448+08:00","Action":"output","Package":"github.com/lni/dragonboat/v3/internal/raft","Test":"TestAssuranceRemoteReadContext","Output":"2026-10-05 09:13:09.661727 I | raft: [f:1,l:0,t:0,c:0,a:0] [00001:00003] t1 added bootstrap ConfigChangeAddNode, 1, n1:1234\n"}
{"Time":"2026-10-05T09:13:09.661749235+08:00","Action":"output","Package":"github.com/lni/dragonboat/v3/internal/raft","Test":"TestAssuranceRemoteReadContext","Output":"2026-10-05 09:13:09.661729 I | raft: [f:1,l:0,t:0,c:0,a:0] [00001:00003] t1 added bootstrap ConfigChangeAddNode, 2, n2:1234\n"}
{"Time":"2026-10-05T09:13:09.66175088+08:00","Action":"output","Package":"github.com/lni/dragonboat/v3/internal/raft","Test":"TestAssuranceRemoteReadContext","Output":"2026-10-05 09:13:09.661731 I | raft: [f:1,l:0,t:0,c:0,a:0] [00001:00003] t1 added bootstrap ConfigChangeAddNode, 3, n3:1234\n"}
{"Time":"2026-10-05T09:13:09.661755883+08:00","Action":"output","Package":"github.com/lni/dragonboat/v3/internal/raft","Test":"TestAssuranceRemoteReadContext","Output":"2026-10-05 09:13:09.661748 W | raft: [f:1,l:3,t:1,c:3,a:3] [00001:00001] t2 became candidate\n"}
{"Time":"2026-10-05T09:13:09.661757612+08:00","Action":"output","Package":"github.com/lni/dragonboat/v3/internal/raft","Test":"TestAssuranceRemoteReadContext","Output":"2026-10-05 09:13:09.661751 W | raft: [f:1,l:3,t:1,c:3,a:3] [00001:00001] t2 received RequestVoteResp from n00001\n"}
{"Time":"2026-10-05T09:13:09.661760264+08:00","Action":"output","Package":"github.com/lni/dragonboat/v3/internal/raft","Test":"TestAssuranceRemoteReadContext","Output":"2026-10-05 09:13:09.661754 W | raft: [f:1,l:3,t:1,c:3,a:3] [00001:00001] t2 sent RequestVote to n00002\n"}
{"Time":"2026-10-05T09:13:09.661762076+08:00","Action":"output","Package":"github.com/lni/dragonboat/v3/internal/raft","Test":"TestAssuranceRemoteReadContext","Output":"2026-10-05 09:13:09.661756 W | raft: [f:1,l:3,t:1,c:3,a:3] [00001:00001] t2 sent RequestVote to n00003\n"}
{"Time":"2026-10-05T09:13:09.661768052+08:00","Action":"output","Package":"github.com/lni/dragonboat/v3/internal/raft","Test":"TestAssuranceRemoteReadContext","Output":"2026-10-05 09:13:09.661764 W | raft: [f:1,l:3,t:1,c:3,a:3] [00001:00002] t1 received RequestVote with higher term (2) from n00001\n"}
{"Time":"2026-10-05T09:13:09.661771952+08:00","Action":"output","Package":"github.com/lni/dragonboat/v3/internal/raft","Test":"TestAssuranceRemoteReadContext","Output":"2026-10-05 09:13:09.661767 W | raft: [f:1,l:3,t:1,c:3,a:3] [00001:00002] t1 become followerKE after receiving higher term from n00001\n"}
{"Time":"2026-10-05T09:13:09.661774661+08:00","Action":"output","Package":"github.com/lni/dragonboat/v3/internal/raft","Test":"TestAssuranceRemoteReadContext","Output":"2026-10-05 09:13:09.661769 I | raft: [f:1,l:3,t:1,c:3,a:3] [00001:00002] t2 became follower\n"}
{"Time":"2026-10-05T09:13:09.661777073+08:00","Action":"output","Package":"github.com/lni/dragonboat/v3/internal/raft","Test":"TestAssuranceRemoteReadContext","Output":"2026-10-05 09:13:09.661772 W | raft: [f:1,l:3,t:1,c:3,a:3] [00001:00002] t2 cast vote from n00001 index 3 term 2, log term: 1\n"}
{"Time":"2026-10-05T09:13:09.661779562+08:00","Action":"output","Package":"github.com/lni/dragonboat/v3/internal/raft","Test":"TestAssuranceRemoteReadContext","Output":"2026-10-05 09:13:09.661775 W | raft: [f:1,l:3,t:1,c:3,a:3] [00001:00003] t1 received RequestVote with higher term (2) from n00001\n"}
{"Time":"2026-10-05T09:13:09.661782131+08:00","Action":"output","Package":"github.com/lni/dragonboat/v3/internal/raft","Test":"TestAssuranceRemoteReadContext","Output":"2026-10-05 09:13:09.661778 W | raft: [f:1,l:3,t:1,c:3,a:3] [00001:00003] t1 become followerKE after receiving higher term from n00001\n"}
{"Time":"2026-10-05T09:13:09.66178523+08:00","Action":"output","Package":"github.com/lni/dragonboat/v3/internal/raft","Test":"TestAssuranceRemoteReadContext","Output":"2026-10-05 09:13:09.661780 I | raft: [f:1,l:3,t:1,c:3,a:3] [00001:00003] t2 became follower\n"}
{"Time":"2026-10-05T09:13:09.661787731+08:00","Action":"output","Package":"github.com/lni/dragonboat/v3/internal/raft","Test":"TestAssuranceRemoteReadContext","Output":"2026-10-05 09:13:09.661782 W | raft: [f:1,l:3,t:1,c:3,a:3] [00001:00003] t2 cast vote from n00001 index 3 term 2, log term: 1\n"}
{"Time":"2026-10-05T09:13:09.661789432+08:00","Action":"output","Package":"github.com/lni/dragonboat/v3/internal/raft","Test":"TestAssuranceRemoteReadContext","Output":"2026-10-05 09:13:09.661785 W | raft: [f:1,l:3,t:1,c:3,a:3] [00001:00001] t2 received RequestVoteResp from n00002\n"}
{"Time":"2026-10-05T09:13:09.661791894+08:00","Action":"output","Package":"github.com/lni/dragonboat/v3/internal/raft","Test":"TestAssuranceRemoteReadContext","Output":"2026-10-05 09:13:09.661787 W | raft: [f:1,l:3,t:1,c:3,a:3] [00001:00001] t2 received 2 votes and 0 rejections, quorum is 2\n"}
{"Time":"2026-10-05T09:13:09.661794317+08:00","Action":"output","Package":"github.com/lni/dragonboat/v3/internal/raft","Test":"TestAssuranceRemoteReadContext","Output":"2026-10-05 09:13:09.661791 I | raft: [f:1,l:4,t:2,c:3,a:3] [00001:00001] t2 became leader\n"}
{"Time":"2026-10-05T09:13:09.661870064+08:00","Action":"output","Package":"github.com/lni/dragonboat/v3/internal/raft","Test":"TestAssuranceRemoteReadContext","Output":"CA_EVENT {\"context\":\"1101:30\",\"event\":\"loss\",\"from\":1,\"scenario\":\"prefix_release\",\"to\":2}\n"}
{"Time":"2026-10-05T09:13:09.661874746+08:00","Action":"output","Package":"github.com/lni/dragonboat/v3/internal/raft","Test":"TestAssuranceRemoteReadContext","Output":"CA_EVENT {\"context\":\"1101:30\",\"event\":\"loss\",\"from\":1,\"scenario\":\"prefix_release\",\"to\":3}\n"}
{"Time":"2026-10-05T09:13:09.661877209+08:00","Action":"output","Package":"github.com/lni/dragonboat/v3/internal/raft","Test":"TestAssuranceRemoteReadContext","Output":"CA_EVENT {\"current_term_committed\":true,\"event\":\"admitted\",\"expected_context\":\"1101:30\",\"first_round_drops\":2,\"leader\":1,\"origin\":2,\"pending_count\":2,\"scenario\":\"prefix_release\",\"term\":2}\n"}
{"Time":"2026-10-05T09:13:09.661883837+08:00","Action":"output","Package":"github.com/lni/dragonboat/v3/internal/raft","Test":"TestAssuranceRemoteReadContext","Output":"CA_EVENT {\"current_term_committed\":true,\"event\":\"admitted\",\"expected_context\":\"2202:30\",\"first_round_drops\":2,\"leader\":1,\"origin\":3,\"pending_count\":2,\"scenario\":\"prefix_release\",\"term\":2}\n"}
{"Time":"2026-10-05T09:13:09.661886684+08:00","Action":"output","Package":"github.com/lni/dragonboat/v3/internal/raft","Test":"TestAssuranceRemoteReadContext","Output":"CA_EVENT {\"confirming_context\":\"2202:30\",\"event\":\"released\",\"origin\":2,\"removed\":true,\"response_from\":3,\"scenario\":\"prefix_release\",\"term\":2}\n"}
{"Time":"2026-10-05T09:13:09.661891215+08:00","Action":"output","Package":"github.com/lni/dragonboat/v3/internal/raft","Test":"TestAssuranceRemoteReadContext","Output":"CA_EVENT {\"confirming_context\":\"2202:30\",\"event\":\"released\",\"origin\":3,\"removed\":true,\"response_from\":3,\"scenario\":\"prefix_release\",\"term\":2}\n"}
{"Time":"2026-10-05T09:13:09.661894489+08:00","Action":"output","Package":"github.com/lni/dragonboat/v3/internal/raft","Test":"TestAssuranceRemoteReadContext","Output":"CA_EVENT {\"context\":\"2202:30\",\"event\":\"wire\",\"from\":1,\"index\":4,\"origin\":2,\"scenario\":\"prefix_release\",\"term\":2}\n"}
{"Time":"2026-10-05T09:13:09.661896558+08:00","Action":"output","Package":"github.com/lni/dragonboat/v3/internal/raft","Test":"TestAssuranceRemoteReadContext","Output":"CA_EVENT {\"context\":\"2202:30\",\"event\":\"wire\",\"from\":1,\"index\":4,\"origin\":3,\"scenario\":\"prefix_release\",\"term\":2}\n"}
{"Time":"2026-10-05T09:13:09.661898441+08:00","Action":"output","Package":"github.com/lni/dragonboat/v3/internal/raft","Test":"TestAssuranceRemoteReadContext","Output":"CA_EVENT {\"applied\":4,\"context\":\"2202:30\",\"event\":\"ready\",\"index\":4,\"origin\":2,\"scenario\":\"prefix_release\",\"term\":2}\n"}
{"Time":"2026-10-05T09:13:09.661901332+08:00","Action":"output","Package":"github.com/lni/dragonboat/v3/internal/raft","Test":"TestAssuranceRemoteReadContext","Output":"CA_EVENT {\"applied\":4,\"context\":\"2202:30\",\"event\":\"ready\",\"index\":4,\"origin\":3,\"scenario\":\"prefix_release\",\"term\":2}\n"}
{"Time":"2026-10-05T09:13:09.66190324+08:00","Action":"output","Package":"github.com/lni/dragonboat/v3/internal/raft","Test":"TestAssuranceRemoteReadContext","Output":"CA_EVENT {\"event\":\"diagnostic\",\"leader_pending\":0,\"origin\":2,\"ready_count\":1,\"release_count\":1,\"remaining_messages\":0,\"scenario\":\"prefix_release\",\"wire_count\":1}\n"}
{"Time":"2026-10-05T09:13:09.661906658+08:00","Action":"output","Package":"github.com/lni/dragonboat/v3/internal/raft","Test":"TestAssuranceRemoteReadContext","Output":"CA_EVENT {\"event\":\"diagnostic\",\"leader_pending\":0,\"origin\":3,\"ready_count\":1,\"release_count\":1,\"remaining_messages\":0,\"scenario\":\"prefix_release\",\"wire_count\":1}\n"}
{"Time":"2026-10-05T09:13:09.661913005+08:00","Action":"output","Package":"github.com/lni/dragonboat/v3/internal/raft","Test":"TestAssuranceRemoteReadContext","Output":"--- PASS: TestAssuranceRemoteReadContext (0.00s)\n"}
{"Time":"2026-10-05T09:13:09.661916447+08:00","Action":"pass","Package":"github.com/lni/dragonboat/v3/internal/raft","Test":"TestAssuranceRemoteReadContext","Elapsed":0}
{"Time":"2026-10-05T09:13:09.662067214+08:00","Action":"output","Package":"github.com/lni/dragonboat/v3/internal/raft","Output":"PASS\n"}
{"Time":"2026-10-05T09:13:09.662489122+08:00","Action":"output","Package":"github.com/lni/dragonboat/v3/internal/raft","Output":"ok  \tgithub.com/lni/dragonboat/v3/internal/raft\t0.004s\n"}
{"Time":"2026-10-05T09:13:09.662499131+08:00","Action":"pass","Package":"github.com/lni/dragonboat/v3/internal/raft","Elapsed":0.005}
